Terminal log file
Date: 12.06.2024 - 15:17:22
-----------------------------------------------
$GPGGA,000519.00,5557.5034,N,03714.6304,E,3,,2.3,0.0,M,12.0,M,,*61
$GPGSA,A,3,,,,,,,,,,,,,2.6,2.3,1.2*34
$GPRMC,000519.00,A,5557.5034,N,03714.6304,E,0.0,0.0,010170,,,P*45
$PFLAA,0,-1631,4482,650,0,151E01!FLR_151E01,290,,354,0.0,0*56
$PFLAA,0,792,5640,650,0,151E02!FLR_151E02,250,,354,0.0,0*43
$PFLAA,0,-2893,510,530,0,151E03!FLR_151E03,178,,277,0.0,0*6D
$PFLAA,0,-1892,726,100,0,151E04!FLR_151E04,150,,282,0.0,0*6F
$PFLAU,4,1,2,1,0,159,2,100,2026,151E04*34
$GPGGA,000520.00,5557.5034,N,03714.6304,E,3,,2.3,0.0,M,12.0,M,,*6B
$GPGSA,A,3,,,,,,,,,,,,,2.6,2.3,1.2*34
$GPRMC,000520.00,A,5557.5034,N,03714.6304,E,0.0,0.0,010170,,,P*4F
$PFLAA,0,-1504,4132,700,0,151E01!FLR_151E01,290,,339,0.0,0*52
$PFLAA,0,650,5296,700,0,151E02!FLR_151E02,250,,339,0.0,0*4C
$PFLAA,0,-3431,604,570,0,151E03!FLR_151E03,178,,262,0.0,0*6E
$PFLAA,0,-2343,946,50,0,151E04!FLR_151E04,150,,267,0.0,0*5C
$PFLAU,4,1,2,1,0,158,2,50,2527,151E04*05
$GPGGA,000521.00,5557.5034,N,03714.6304,E,3,,2.3,0.0,M,12.0,M,,*6A
$GPGSA,A,3,,,,,,,,,,,,,2.6,2.3,1.2*34
$GPRMC,000521.00,A,5557.5034,N,03714.6304,E,0.0,0.0,010170,,,P*4E
$PFLAA,0,-1504,4132,700,0,151E01!FLR_151E01,290,,339,0.0,0*52
$PFLAA,0,650,5296,700,0,151E02!FLR_151E02,250,,339,0.0,0*4C
$PFLAA,0,-3431,604,570,0,151E03!FLR_151E03,178,,262,0.0,0*6E
$PFLAA,0,-2343,946,50,0,151E04!FLR_151E04,150,,267,0.0,0*5C
$PFLAU,4,1,2,1,0,158,2,50,2527,151E04*05
$GPGGA,000522.00,5557.5034,N,03714.6304,E,3,,2.3,0.0,M,12.0,M,,*69
$GPGSA,A,3,,,,,,,,,,,,,2.6,2.3,1.2*34
$GPRMC,000522.00,A,5557.5034,N,03714.6304,E,0.0,0.0,010170,,,P*4D
$PFLAA,0,-1376,3783,750,0,151E01!FLR_151E01,290,,324,0.0,0*53
$PFLAA,0,520,4951,750,0,151E02!FLR_151E02,250,,324,0.0,0*40
$PFLAA,0,-3981,630,610,0,151E03!FLR_151E03,178,,246,0.0,0*6C
$PFLAA,0,-2772,1234,50,0,151E04!FLR_151E04,150,,252,0.0,0*63
$PFLAU,4,1,2,1,0,156,2,50,3035,151E04*0C
$GPGGA,000523.00,5557.5034,N,03714.6304,E,3,,2.3,0.0,M,12.0,M,,*68
$GPGSA,A,3,,,,,,,,,,,,,2.6,2.3,1.2*34
$GPRMC,000523.00,A,5557.5034,N,03714.6304,E,0.0,0.0,010170,,,P*4C
$PFLAA,0,-1249,3433,800,0,151E01!FLR_151E01,290,,308,0.0,0*52
$PFLAA,0,322,4611,800,0,151E02!FLR_151E02,250,,308,0.0,0*4B
$PFLAA,0,-4521,716,650,0,151E03!FLR_151E03,178,,231,0.0,0*6C
$PFLAA,0,-3216,1499,100,0,151E04!FLR_151E04,150,,236,0.0,0*52
$PFLAU,4,1,2,1,0,155,2,100,3548,151E04*34
$GPGGA,000524.00,5557.5034,N,03714.6304,E,3,,2.3,0.0,M,12.0,M,,*6F
$GPGSA,A,3,,,,,,,,,,,,,2.6,2.3,1.2*34
$GPRMC,000524.00,A,5557.5034,N,03714.6304,E,0.0,0.0,010170,,,P*4B
$PFLAA,0,-1249,3433,800,0,151E01!FLR_151E01,290,,308,0.0,0*52
$PFLAA,0,322,4611,800,0,151E02!FLR_151E02,250,,308,0.0,0*4B
$PFLAA,0,-4521,716,650,0,151E03!FLR_151E03,178,,231,0.0,0*6C
$PFLAA,0,-3216,1499,100,0,151E04!FLR_151E04,150,,236,0.0,0*52
$PFLAU,4,1,2,1,0,155,2,100,3548,151E04*34
$GPGGA,000525.00,5557.5034,N,03714.6304,E,3,,2.3,0.0,M,12.0,M,,*6E
$GPGSA,A,3,,,,,,,,,,,,,2.6,2.3,1.2*34
$GPRMC,000525.00,A,5557.5034,N,03714.6304,E,0.0,0.0,010170,,,P*4A
$PFLAA,0,-1122,3084,850,0,151E01!FLR_151E01,290,,293,0.0,0*52
$PFLAA,0,223,4263,850,0,151E02!FLR_151E02,250,,293,0.0,0*4C
$PFLAA,0,-5074,713,690,0,151E03!FLR_151E03,178,,216,0.0,0*64
$PFLAA,0,-3655,1783,150,0,151E04!FLR_151E04,150,,221,0.0,0*5A
$PFLAU,4,1,2,1,0,154,2,150,4067,151E04*3F
$GPGGA,000526.00,5557.5034,N,03714.6304,E,3,,2.3,0.0,M,12.0,M,,*6D
$GPGSA,A,3,,,,,,,,,,,,,2.6,2.3,1.2*34
$GPRMC,000526.00,A,5557.5034,N,03714.6304,E,0.0,0.0,010170,,,P*49
$PFLAA,0,-1122,3084,850,0,151E01!FLR_151E01,290,,293,0.0,0*52
$PFLAA,0,223,4263,850,0,151E02!FLR_151E02,250,,293,0.0,0*4C
$PFLAA,0,-5074,713,690,0,151E03!FLR_151E03,178,,216,0.0,0*64
$PFLAA,0,-3655,1783,150,0,151E04!FLR_151E04,150,,221,0.0,0*5A
$PFLAU,4,1,2,1,0,154,2,150,4067,151E04*3F
$GPGGA,000527.00,5557.5034,N,03714.6304,E,3,,2.3,0.0,M,12.0,M,,*6C
$GPGSA,A,3,,,,,,,,,,,,,2.6,2.3,1.2*34
$GPRMC,000527.00,A,5557.5034,N,03714.6304,E,0.0,0.0,010170,,,P*48
$PFLAA,0,-995,2734,900,0,151E01!FLR_151E01,290,,277,0.0,0*64
$PFLAA,0,68,3918,900,0,151E02!FLR_151E02,250,,277,0.0,0*7F
$PFLAA,0,-4520,716,730,0,151E03!FLR_151E03,358,,200,0.0,0*68
$PFLAA,0,-3209,1496,200,0,151E04!FLR_151E04,340,,205,0.0,0*53
$PFLAU,4,1,2,1,0,155,2,200,3541,151E04*3E
$GPGGA,000528.00,5557.5034,N,03714.6304,E,3,,2.3,0.0,M,12.0,M,,*63
$GPGSA,A,3,,,,,,,,,,,,,2.6,2.3,1.2*34
$GPRMC,000528.00,A,5557.5034,N,03714.6304,E,0.0,0.0,010170,,,P*47
$PFLAA,0,-995,2734,900,0,151E01!FLR_151E01,290,,277,0.0,0*64
$PFLAA,0,68,3918,900,0,151E02!FLR_151E02,250,,277,0.0,0*7F
$PFLAA,0,-4520,716,730,0,151E03!FLR_151E03,358,,200,0.0,0*68
$PFLAA,0,-3209,1496,200,0,151E04!FLR_151E04,340,,205,0.0,0*53
$PFLAU,4,1,2,1,0,155,2,200,3541,151E04*3E
$GPGGA,000529.00,5557.5034,N,03714.6304,E,3,,2.3,0.0,M,12.0,M,,*62
$GPGSA,A,3,,,,,,,,,,,,,2.6,2.3,1.2*34
$GPRMC,000529.00,A,5557.5034,N,03714.6304,E,0.0,0.0,010170,,,P*46
$PFLAA,0,-868,2385,950,0,151E01!FLR_151E01,290,,262,0.0,0*68
$PFLAA,0,-62,3572,950,0,151E02!FLR_151E02,250,,262,0.0,0*59
$PFLAA,0,-3980,630,770,0,151E03!FLR_151E03,358,,185,0.0,0*66
$PFLAA,0,-2782,1181,250,0,151E04!FLR_151E04,340,,190,0.0,0*5D
$PFLAU,4,1,2,1,0,157,2,250,3022,151E04*39
$GPGGA,000530.00,5557.5034,N,03714.6304,E,3,,2.3,0.0,M,12.0,M,,*6A
$GPGSA,A,3,,,,,,,,,,,,,2.6,2.3,1.2*34
$GPRMC,000530.00,A,5557.5034,N,03714.6304,E,0.0,0.0,010170,,,P*4E
$PFLAA,0,-868,2385,950,0,151E01!FLR_151E01,290,,262,0.0,0*68
$PFLAA,0,-62,3572,950,0,151E02!FLR_151E02,250,,262,0.0,0*59
$PFLAA,0,-3980,630,770,0,151E03!FLR_151E03,358,,185,0.0,0*66
$PFLAA,0,-2782,1181,250,0,151E04!FLR_151E04,340,,190,0.0,0*5D
$PFLAU,4,1,2,1,0,157,2,250,3022,151E04*39
$GPGGA,000532.00,5557.5034,N,03714.6304,E,3,,2.3,0.0,M,12.0,M,,*68
$GPGSA,A,3,,,,,,,,,,,,,2.6,2.3,1.2*34
$GPRMC,000532.00,A,5557.5034,N,03714.6304,E,0.0,0.0,010170,,,P*4C
$PFLAA,0,-740,2035,1000,0,151E01!FLR_151E01,290,,246,0.0,0*5E
$PFLAA,0,-225,3225,1000,0,151E02!FLR_151E02,250,,246,0.0,0*56
$PFLAA,0,-3430,604,810,0,151E03!FLR_151E03,358,,169,0.0,0*6C
$PFLAA,0,-2329,941,300,0,151E04!FLR_151E04,340,,174,0.0,0*63
$PFLAU,4,1,2,1,0,158,2,300,2512,151E04*35
$GPGGA,000533.00,5557.5034,N,03714.6304,E,3,,2.3,0.0,M,12.0,M,,*69
$GPGSA,A,3,,,,,,,,,,,,,2.6,2.3,1.2*34
$GPRMC,000533.00,A,5557.5034,N,03714.6304,E,0.0,0.0,010170,,,P*4D
$PFLAA,0,-740,2035,1000,0,151E01!FLR_151E01,290,,246,0.0,0*5E
$PFLAA,0,-225,3225,1000,0,151E02!FLR_151E02,250,,246,0.0,0*56
$PFLAA,0,-3430,604,810,0,151E03!FLR_151E03,358,,169,0.0,0*6C
$PFLAA,0,-2329,941,300,0,151E04!FLR_151E04,340,,174,0.0,0*63
$PFLAU,4,1,2,1,0,158,2,300,2512,151E04*35
$GPGGA,000534.00,5557.5034,N,03714.6304,E,3,,2.3,0.0,M,12.0,M,,*6E
$GPGSA,A,3,,,,,,,,,,,,,2.6,2.3,1.2*34
$GPRMC,000534.00,A,5557.5034,N,03714.6304,E,0.0,0.0,010170,,,P*4A
$PFLAA,0,-613,1686,1050,0,151E01!FLR_151E01,290,,231,0.0,0*51
$PFLAA,0,-353,2880,1050,0,151E02!FLR_151E02,250,,231,0.0,0*57
$PFLAA,0,-2892,510,850,0,151E03!FLR_151E03,358,,154,0.0,0*65
$PFLAA,0,-1899,654,350,0,151E04!FLR_151E04,340,,159,0.0,0*61
$PFLAU,4,1,2,1,0,161,2,350,2009,151E04*35
$GPGGA,000535.00,5557.5034,N,03714.6304,E,3,,2.3,0.0,M,12.0,M,,*6F
$GPGSA,A,3,,,,,,,,,,,,,2.6,2.3,1.2*34
$GPRMC,000535.00,A,5557.5034,N,03714.6304,E,0.0,0.0,010170,,,P*4B
$PFLAA,0,-613,1686,1050,0,151E01!FLR_151E01,290,,231,0.0,0*51
$PFLAA,0,-353,2880,1050,0,151E02!FLR_151E02,250,,231,0.0,0*57
$PFLAA,0,-2892,510,850,0,151E03!FLR_151E03,358,,154,0.0,0*65
$PFLAA,0,-1899,654,350,0,151E04!FLR_151E04,340,,159,0.0,0*61
$PFLAU,4,1,2,1,0,161,2,350,2009,151E04*35
$GPGGA,000536.00,5557.5034,N,03714.6304,E,3,,2.3,0.0,M,12.0,M,,*6C
$GPGSA,A,3,,,,,,,,,,,,,2.6,2.3,1.2*34
$GPRMC,000536.00,A,5557.5034,N,03714.6304,E,0.0,0.0,010170,,,P*48
$PFLAA,0,-486,1336,1100,0,151E01!FLR_151E01,290,,216,0.0,0*50
$PFLAA,0,-492,2533,1100,0,151E02!FLR_151E02,250,,216,0.0,0*59
$PFLAA,0,-2347,456,890,0,151E03!FLR_151E03,358,,138,0.0,0*63
$PFLAA,0,-1455,417,400,0,151E04!FLR_151E04,340,,144,0.0,0*66
$PFLAU,4,1,2,1,0,164,2,400,1514,151E04*38
$GPGGA,000537.00,5557.5034,N,03714.6304,E,3,,2.3,0.0,M,12.0,M,,*6D
$GPGSA,A,3,,,,,,,,,,,,,2.6,2.3,1.2*34
$GPRMC,000537.00,A,5557.5034,N,03714.6304,E,0.0,0.0,010170,,,P*49
$PFLAA,0,-486,1336,1100,0,151E01!FLR_151E01,290,,216,0.0,0*50
$PFLAA,0,-492,2533,1100,0,151E02!FLR_151E02,250,,216,0.0,0*59
$PFLAA,0,-2347,456,890,0,151E03!FLR_151E03,358,,138,0.0,0*63
$PFLAA,0,-1455,417,400,0,151E04!FLR_151E04,340,,144,0.0,0*66
$PFLAU,4,1,2,1,0,164,2,400,1514,151E04*38
$GPGGA,000538.00,5557.5034,N,03714.6304,E,3,,2.3,0.0,M,12.0,M,,*62
$GPGSA,A,3,,,,,,,,,,,,,2.6,2.3,1.2*34
$GPRMC,000538.00,A,5557.5034,N,03714.6304,E,0.0,0.0,010170,,,P*46
$PFLAA,0,-359,987,1150,0,151E01!FLR_151E01,290,,200,0.0,0*66
$PFLAA,0,-627,2187,1150,0,151E02!FLR_151E02,250,,200,0.0,0*5C
$PFLAA,0,-1800,415,930,0,151E03!FLR_151E03,358,,123,0.0,0*6E
$PFLAA,0,-1011,196,450,0,151E04!FLR_151E04,340,,128,0.0,0*61
$PFLAU,4,1,2,1,0,169,2,450,1030,151E04*33
$GPGGA,000539.00,5557.5034,N,03714.6304,E,3,,2.3,0.0,M,12.0,M,,*63
$GPGSA,A,3,,,,,,,,,,,,,2.6,2.3,1.2*34
$GPRMC,000539.00,A,5557.5034,N,03714.6304,E,0.0,0.0,010170,,,P*47
$PFLAA,0,-221,641,1200,0,151E01!FLR_151E01,290,,185,0.0,0*65
$PFLAA,0,-746,1848,1200,0,151E02!FLR_151E02,250,,185,0.0,0*5B
$PFLAA,0,-1250,382,970,0,151E03!FLR_151E03,358,,108,0.0,0*65
$PFLAA,0,-570,-29,500,0,151E04!FLR_151E04,340,,113,0.0,0*46
$PFLAU,4,1,2,1,0,0,2,0,2147483647,000000*40
$GPGGA,000540.00,5557.5034,N,03714.6304,E,3,,2.3,0.0,M,12.0,M,,*6D
$GPGSA,A,3,,,,,,,,,,,,,2.6,2.3,1.2*34
$GPRMC,000540.00,A,5557.5034,N,03714.6304,E,0.0,0.0,010170,,,P*49
$PFLAA,0,-221,641,1200,0,151E01!FLR_151E01,290,,185,0.0,0*65
$PFLAA,0,-746,1848,1200,0,151E02!FLR_151E02,250,,185,0.0,0*5B
$PFLAA,0,-1250,382,970,0,151E03!FLR_151E03,358,,108,0.0,0*65
$PFLAA,0,-570,-29,500,0,151E04!FLR_151E04,340,,113,0.0,0*46
$PFLAU,4,1,2,1,0,0,2,0,2147483647,000000*40
$GPGGA,000541.00,5557.5034,N,03714.6304,E,3,,2.3,0.0,M,12.0,M,,*6C
$GPGSA,A,3,,,,,,,,,,,,,2.6,2.3,1.2*34
$GPRMC,000541.00,A,5557.5034,N,03714.6304,E,0.0,0.0,010170,,,P*48
$PFLAA,0,-89,293,1150,0,151E01!FLR_151E01,290,,169,0.0,0*5A
$PFLAA,0,-898,1495,1150,0,151E02!FLR_151E02,250,,169,0.0,0*5F
$PFLAA,0,-710,316,960,0,151E03!FLR_151E03,358,,92,0.0,0*6B
$PFLAA,0,-127,-239,550,0,151E04!FLR_151E04,340,,97,0.0,0*4B
$PFLAU,4,1,2,1,0,0,2,0,2147483647,000000*40
$GPGGA,000542.00,5557.5034,N,03714.6304,E,3,,2.3,0.0,M,12.0,M,,*6F
$GPGSA,A,3,,,,,,,,,,,,,2.6,2.3,1.2*34
$GPRMC,000542.00,A,5557.5034,N,03714.6304,E,0.0,0.0,010170,,,P*4B
$PFLAA,0,-89,293,1150,0,151E01!FLR_151E01,290,,169,0.0,0*5A
$PFLAA,0,-898,1495,1150,0,151E02!FLR_151E02,250,,169,0.0,0*5F
$PFLAA,0,-710,316,960,0,151E03!FLR_151E03,358,,92,0.0,0*6B
$PFLAA,0,-127,-239,550,0,151E04!FLR_151E04,340,,97,0.0,0*4B
$PFLAU,4,1,2,1,0,0,2,0,2147483647,000000*40
$GPGGA,000543.00,5557.5034,N,03714.6304,E,3,,2.3,0.0,M,12.0,M,,*6E
$GPGSA,A,3,,,,,,,,,,,,,2.6,2.3,1.2*34
$GPRMC,000543.00,A,5557.5034,N,03714.6304,E,0.0,0.0,010170,,,P*4A
$PFLAA,0,44,-52,1100,0,151E01!FLR_151E01,290,,154,0.0,0*6F
$PFLAA,0,-1034,1148,1100,0,151E02!FLR_151E02,250,,154,0.0,0*6E
$PFLAA,0,-162,270,920,0,151E03!FLR_151E03,358,,77,0.0,0*66
$PFLAA,0,308,-440,600,0,151E04!FLR_151E04,340,,82,0.0,0*63
$PFLAU,4,1,2,1,0,0,2,0,2147483647,000000*40
$GPGGA,000544.00,5557.5034,N,03714.6304,E,3,,2.3,0.0,M,12.0,M,,*69
$GPGSA,A,3,,,,,,,,,,,,,2.6,2.3,1.2*34
$GPRMC,000544.00,A,5557.5034,N,03714.6304,E,0.0,0.0,010170,,,P*4D
$PFLAA,0,44,-52,1100,0,151E01!FLR_151E01,290,,154,0.0,0*6F
$PFLAA,0,-1034,1148,1100,0,151E02!FLR_151E02,250,,154,0.0,0*6E
$PFLAA,0,-162,270,920,0,151E03!FLR_151E03,358,,77,0.0,0*66
$PFLAA,0,308,-440,600,0,151E04!FLR_151E04,340,,82,0.0,0*63
$PFLAU,4,1,2,1,0,0,2,0,2147483647,000000*40
$GPGGA,000545.00,5557.5034,N,03714.6304,E,3,,2.3,0.0,M,12.0,M,,*68
$GPGSA,A,3,,,,,,,,,,,,,2.6,2.3,1.2*34
$GPRMC,000545.00,A,5557.5034,N,03714.6304,E,0.0,0.0,010170,,,P*4C
$PFLAA,0,178,-399,1050,0,151E01!FLR_151E01,290,,138,0.0,0*6B
$PFLAA,0,-1162,813,1050,0,151E02!FLR_151E02,250,,138,0.0,0*54
$PFLAA,0,383,221,880,0,151E03!FLR_151E03,358,,61,0.0,0*4E
$PFLAA,0,751,-630,650,0,151E04!FLR_151E04,340,,66,0.0,0*61
$PFLAU,4,1,2,1,0,0,2,0,2147483647,000000*40
$GPGGA,000547.00,5557.5034,N,03714.6304,E,3,,2.3,0.0,M,12.0,M,,*6A
$GPGSA,A,3,,,,,,,,,,,,,2.6,2.3,1.2*34
$GPRMC,000547.00,A,5557.5034,N,03714.6304,E,0.0,0.0,010170,,,P*4E
$PFLAA,0,178,-399,1050,0,151E01!FLR_151E01,290,,138,0.0,0*6B
$PFLAA,0,-1162,813,1050,0,151E02!FLR_151E02,250,,138,0.0,0*54
$PFLAA,0,383,221,880,0,151E03!FLR_151E03,358,,61,0.0,0*4E
$PFLAA,0,751,-630,650,0,151E04!FLR_151E04,340,,66,0.0,0*61
$PFLAU,4,1,2,1,0,0,2,0,2147483647,000000*40
$GPGGA,000548.00,5557.5034,N,03714.6304,E,3,,2.3,0.0,M,12.0,M,,*65
$GPGSA,A,3,,,,,,,,,,,,,2.6,2.3,1.2*34
$GPRMC,000548.00,A,5557.5034,N,03714.6304,E,0.0,0.0,010170,,,P*41
$PFLAA,0,303,-750,1000,0,151E01!FLR_151E01,290,,123,0.0,0*6B
$PFLAA,0,-1299,473,1000,0,151E02!FLR_151E02,250,,123,0.0,0*56
$PFLAA,0,930,164,840,0,151E03!FLR_151E03,358,,46,0.0,0*47
$PFLAA,0,1196,-807,700,0,151E04!FLR_151E04,340,,51,0.0,0*57
$PFLAU,4,1,2,1,0,0,2,0,2147483647,000000*40
$GPGGA,000549.00,5557.5034,N,03714.6304,E,3,,2.3,0.0,M,12.0,M,,*64
$GPGSA,A,3,,,,,,,,,,,,,2.6,2.3,1.2*34
$GPRMC,000549.00,A,5557.5034,N,03714.6304,E,0.0,0.0,010170,,,P*40
$PFLAA,0,303,-750,1000,0,151E01!FLR_151E01,290,,123,0.0,0*6B
$PFLAA,0,-1299,473,1000,0,151E02!FLR_151E02,250,,123,0.0,0*56
$PFLAA,0,930,164,840,0,151E03!FLR_151E03,358,,46,0.0,0*47
$PFLAA,0,1196,-807,700,0,151E04!FLR_151E04,340,,51,0.0,0*57
$PFLAU,4,1,2,1,0,0,2,0,2147483647,000000*40
$GPGGA,000550.00,5557.5034,N,03714.6304,E,3,,2.3,0.0,M,12.0,M,,*6C
$GPGSA,A,3,,,,,,,,,,,,,2.6,2.3,1.2*34
$GPRMC,000550.00,A,5557.5034,N,03714.6304,E,0.0,0.0,010170,,,P*48
$PFLAA,0,442,-1095,950,0,151E01!FLR_151E01,290,,108,0.0,0*62
$PFLAA,0,-1440,126,950,0,151E02!FLR_151E02,250,,108,0.0,0*65
$PFLAA,0,1474,128,800,0,151E03!FLR_151E03,358,,30,0.0,0*76
$PFLAA,0,1635,-982,750,0,151E04!FLR_151E04,340,,36,0.0,0*51
$PFLAU,4,1,2,1,0,0,2,0,2147483647,000000*40
$GPGGA,000551.00,5557.5034,N,03714.6304,E,3,,2.3,0.0,M,12.0,M,,*6D
$GPGSA,A,3,,,,,,,,,,,,,2.6,2.3,1.2*34
$GPRMC,000551.00,A,5557.5034,N,03714.6304,E,0.0,0.0,010170,,,P*49
$PFLAA,0,442,-1095,950,0,151E01!FLR_151E01,290,,108,0.0,0*62
$PFLAA,0,-1440,126,950,0,151E02!FLR_151E02,250,,108,0.0,0*65
$PFLAA,0,1474,128,800,0,151E03!FLR_151E03,358,,30,0.0,0*76
$PFLAA,0,1635,-982,750,0,151E04!FLR_151E04,340,,36,0.0,0*51
$PFLAU,4,1,2,1,0,0,2,0,2147483647,000000*40
$GPGGA,000552.00,5557.5034,N,03714.6304,E,3,,2.3,0.0,M,12.0,M,,*6E
$GPGSA,A,3,,,,,,,,,,,,,2.6,2.3,1.2*34
$GPRMC,000552.00,A,5557.5034,N,03714.6304,E,0.0,0.0,010170,,,P*4A
$PFLAA,0,581,-1439,900,0,151E01!FLR_151E01,290,,92,0.0,0*59
$PFLAA,0,-1579,-221,900,0,151E02!FLR_151E02,250,,92,0.0,0*70
$PFLAA,0,2020,70,760,0,151E03!FLR_151E03,358,,509,0.0,0*7A
$PFLAA,0,2075,-1150,800,0,151E04!FLR_151E04,340,,20,0.0,0*6B
$PFLAU,4,1,2,1,0,0,2,0,2147483647,000000*40
$GPGGA,000553.00,5557.5034,N,03714.6304,E,3,,2.3,0.0,M,12.0,M,,*6F
$GPGSA,A,3,,,,,,,,,,,,,2.6,2.3,1.2*34
$GPRMC,000553.00,A,5557.5034,N,03714.6304,E,0.0,0.0,010170,,,P*4B
$PFLAA,0,581,-1439,900,0,151E01!FLR_151E01,290,,92,0.0,0*59
$PFLAA,0,-1579,-221,900,0,151E02!FLR_151E02,250,,92,0.0,0*70
$PFLAA,0,2020,70,760,0,151E03!FLR_151E03,358,,509,0.0,0*7A
$PFLAA,0,2075,-1150,800,0,151E04!FLR_151E04,340,,20,0.0,0*6B
$PFLAU,4,1,2,1,0,0,2,0,2147483647,000000*40
$GPGGA,000554.00,5557.5034,N,03714.6304,E,3,,2.3,0.0,M,12.0,M,,*68
$GPGSA,A,3,,,,,,,,,,,,,2.6,2.3,1.2*34
$GPRMC,000554.00,A,5557.5034,N,03714.6304,E,0.0,0.0,010170,,,P*4C
$PFLAA,0,689,-1796,850,0,151E01!FLR_151E01,290,,77,0.0,0*5B
$PFLAA,0,-1720,-559,850,0,151E02!FLR_151E02,250,,77,0.0,0*79
$PFLAA,0,2566,0,720,0,151E03!FLR_151E03,358,,493,0.0,0*4C
$PFLAA,0,2526,-1287,750,0,151E04!FLR_151E04,340,,360,0.0,0*5C
$PFLAU,4,1,2,1,0,0,2,0,2147483647,000000*40
$GPGGA,000555.00,5557.5034,N,03714.6304,E,3,,2.3,0.0,M,12.0,M,,*69
$GPGSA,A,3,,,,,,,,,,,,,2.6,2.3,1.2*34
$GPRMC,000555.00,A,5557.5034,N,03714.6304,E,0.0,0.0,010170,,,P*4D
$PFLAA,0,822,-2143,800,0,151E01!FLR_151E01,290,,61,0.0,0*5B
$PFLAA,0,-1859,-906,800,0,151E02!FLR_151E02,250,,61,0.0,0*7C
$PFLAA,0,3111,-54,680,0,151E03!FLR_151E03,358,,478,0.0,0*5B
$PFLAA,0,2963,-1445,700,0,151E04!FLR_151E04,340,,344,0.0,0*5A
$PFLAU,4,1,2,1,0,0,2,0,2147483647,000000*40
$GPGGA,000556.00,5557.5034,N,03714.6304,E,3,,2.3,0.0,M,12.0,M,,*6A
$GPGSA,A,3,,,,,,,,,,,,,2.6,2.3,1.2*34
$GPRMC,000556.00,A,5557.5034,N,03714.6304,E,0.0,0.0,010170,,,P*4E
$PFLAA,0,822,-2143,800,0,151E01!FLR_151E01,290,,61,0.0,0*5B
$PFLAA,0,-1859,-906,800,0,151E02!FLR_151E02,250,,61,0.0,0*7C
$PFLAA,0,3111,-54,680,0,151E03!FLR_151E03,358,,478,0.0,0*5B
$PFLAA,0,2963,-1445,700,0,151E04!FLR_151E04,340,,344,0.0,0*5A
$PFLAU,4,1,2,1,0,0,2,0,2147483647,000000*40
$GPGGA,000557.00,5557.5034,N,03714.6304,E,3,,2.3,0.0,M,12.0,M,,*6B
$GPGSA,A,3,,,,,,,,,,,,,2.6,2.3,1.2*34
$GPRMC,000557.00,A,5557.5034,N,03714.6304,E,0.0,0.0,010170,,,P*4F
$PFLAA,0,956,-2491,750,0,151E01!FLR_151E01,290,,46,0.0,0*5C
$PFLAA,0,-2000,-1249,750,0,151E02!FLR_151E02,250,,46,0.0,0*45
$PFLAA,0,3658,-63,640,0,151E03!FLR_151E03,358,,462,0.0,0*52
$PFLAA,0,3404,-1587,650,0,151E04!FLR_151E04,340,,329,0.0,0*57
$PFLAU,4,1,2,1,0,0,2,0,2147483647,000000*40
$GPGGA,000558.00,5557.5034,N,03714.6304,E,3,,2.3,0.0,M,12.0,M,,*64
$GPGSA,A,3,,,,,,,,,,,,,2.6,2.3,1.2*34
$GPRMC,000558.00,A,5557.5034,N,03714.6304,E,0.0,0.0,010170,,,P*40
$PFLAA,0,956,-2491,750,0,151E01!FLR_151E01,290,,46,0.0,0*5C
$PFLAA,0,-2000,-1249,750,0,151E02!FLR_151E02,250,,46,0.0,0*45
$PFLAA,0,3658,-63,640,0,151E03!FLR_151E03,358,,462,0.0,0*52
$PFLAA,0,3404,-1587,650,0,151E04!FLR_151E04,340,,329,0.0,0*57
$PFLAU,4,1,2,1,0,0,2,0,2147483647,000000*40
$GPGGA,000559.00,5557.5034,N,03714.6304,E,3,,2.3,0.0,M,12.0,M,,*65
$GPGSA,A,3,,,,,,,,,,,,,2.6,2.3,1.2*34
$GPRMC,000559.00,A,5557.5034,N,03714.6304,E,0.0,0.0,010170,,,P*41
$PFLAA,0,1089,-2838,700,0,151E01!FLR_151E01,290,,30,0.0,0*6D
$PFLAA,0,-2131,-1606,700,0,151E02!FLR_151E02,250,,30,0.0,0*4D
$PFLAA,0,4202,-146,600,0,151E03!FLR_151E03,358,,447,0.0,0*6B
$PFLAA,0,3850,-1714,600,0,151E04!FLR_151E04,340,,313,0.0,0*5E
$PFLAU,4,1,2,1,0,0,2,0,2147483647,000000*40
$GPGGA,000600.00,5557.5034,N,03714.6304,E,3,,2.3,0.0,M,12.0,M,,*6A
$GPGSA,A,3,,,,,,,,,,,,,2.6,2.3,1.2*34
$GPRMC,000600.00,A,5557.5034,N,03714.6304,E,0.0,0.0,010170,,,P*4E
$PFLAA,0,1089,-2838,700,0,151E01!FLR_151E01,290,,30,0.0,0*6D
$PFLAA,0,-2131,-1606,700,0,151E02!FLR_151E02,250,,30,0.0,0*4D
$PFLAA,0,4202,-146,600,0,151E03!FLR_151E03,358,,447,0.0,0*6B
$PFLAA,0,3850,-1714,600,0,151E04!FLR_151E04,340,,313,0.0,0*5E
$PFLAU,4,1,2,1,0,0,2,0,2147483647,000000*40
$GPGGA,000602.00,5557.5034,N,03714.6304,E,3,,2.3,0.0,M,12.0,M,,*68
$GPGSA,A,3,,,,,,,,,,,,,2.6,2.3,1.2*34
$GPRMC,000602.00,A,5557.5034,N,03714.6304,E,0.0,0.0,010170,,,P*4C
$PFLAA,0,1222,-3185,650,0,151E01!FLR_151E01,290,,524,0.0,0*54
$PFLAA,0,-2259,-1963,650,0,151E02!FLR_151E02,250,,524,0.0,0*78
$PFLAA,0,4749,-165,560,0,151E03!FLR_151E03,358,,432,0.0,0*67
$PFLAA,0,4299,-1825,550,0,151E04!FLR_151E04,340,,298,0.0,0*5F
$PFLAU,4,1,2,1,0,0,2,0,2147483647,000000*40
$GPGGA,000603.00,5557.5034,N,03714.6304,E,3,,2.3,0.0,M,12.0,M,,*69
$GPGSA,A,3,,,,,,,,,,,,,2.6,2.3,1.2*34
$GPRMC,000603.00,A,5557.5034,N,03714.6304,E,0.0,0.0,010170,,,P*4D
$PFLAA,0,1222,-3185,650,0,151E01!FLR_151E01,290,,524,0.0,0*54
$PFLAA,0,-2259,-1963,650,0,151E02!FLR_151E02,250,,524,0.0,0*78
$PFLAA,0,4749,-165,560,0,151E03!FLR_151E03,358,,432,0.0,0*67
$PFLAA,0,4299,-1825,550,0,151E04!FLR_151E04,340,,298,0.0,0*5F
$PFLAU,4,1,2,1,0,0,2,0,2147483647,000000*40
$GPGGA,000604.00,5557.5034,N,03714.6304,E,3,,2.3,0.0,M,12.0,M,,*6E
$GPGSA,A,3,,,,,,,,,,,,,2.6,2.3,1.2*34
$GPRMC,000604.00,A,5557.5034,N,03714.6304,E,0.0,0.0,010170,,,P*4A
$PFLAA,0,1355,-3532,600,0,151E01!FLR_151E01,290,,509,0.0,0*57
$PFLAA,0,-2393,-2311,600,0,151E02!FLR_151E02,250,,509,0.0,0*79
$PFLAA,0,5292,-277,520,0,151E03!FLR_151E03,358,,416,0.0,0*67
$PFLAA,0,4717,-2002,500,0,151E04!FLR_151E04,340,,282,0.0,0*5C
$PFLAU,4,1,2,1,0,0,2,0,2147483647,000000*40
$GPGGA,000605.00,5557.5034,N,03714.6304,E,3,,2.3,0.0,M,12.0,M,,*6F
$GPGSA,A,3,,,,,,,,,,,,,2.6,2.3,1.2*34
$GPRMC,000605.00,A,5557.5034,N,03714.6304,E,0.0,0.0,010170,,,P*4B
$PFLAA,0,1355,-3532,600,0,151E01!FLR_151E01,290,,509,0.0,0*57
$PFLAA,0,-2393,-2311,600,0,151E02!FLR_151E02,250,,509,0.0,0*79
$PFLAA,0,5292,-277,520,0,151E03!FLR_151E03,358,,416,0.0,0*67
$PFLAA,0,4717,-2002,500,0,151E04!FLR_151E04,340,,282,0.0,0*5C
$PFLAU,4,1,2,1,0,0,2,0,2147483647,000000*40
$GPGGA,000606.00,5557.5034,N,03714.6304,E,3,,2.3,0.0,M,12.0,M,,*6C
$GPGSA,A,3,,,,,,,,,,,,,2.6,2.3,1.2*34
$GPRMC,000606.00,A,5557.5034,N,03714.6304,E,0.0,0.0,010170,,,P*48
$PFLAA,0,1489,-3879,550,0,151E01!FLR_151E01,290,,493,0.0,0*57
$PFLAA,0,-2549,-2639,550,0,151E02!FLR_151E02,250,,493,0.0,0*73
$PFLAA,0,5292,-277,480,0,151E03!FLR_151E03,178,,401,0.0,0*6A
$PFLAA,0,4718,-2002,450,0,151E04!FLR_151E04,150,,267,0.0,0*5F
$PFLAU,4,1,2,1,0,-23,2,450,5125,151E04*20
$GPGGA,000607.00,5557.5034,N,03714.6304,E,3,,2.3,0.0,M,12.0,M,,*6D
$GPGSA,A,3,,,,,,,,,,,,,2.6,2.3,1.2*34
$GPRMC,000607.00,A,5557.5034,N,03714.6304,E,0.0,0.0,010170,,,P*49
$PFLAA,0,1489,-3879,550,0,151E01!FLR_151E01,290,,493,0.0,0*57
$PFLAA,0,-2549,-2639,550,0,151E02!FLR_151E02,250,,493,0.0,0*73
$PFLAA,0,5292,-277,480,0,151E03!FLR_151E03,178,,401,0.0,0*6A
$PFLAA,0,4718,-2002,450,0,151E04!FLR_151E04,150,,267,0.0,0*5F
$PFLAU,4,1,2,1,0,-23,2,450,5125,151E04*20
$GPGGA,000608.00,5557.5034,N,03714.6304,E,3,,2.3,0.0,M,12.0,M,,*62
$GPGSA,A,3,,,,,,,,,,,,,2.6,2.3,1.2*34
$GPRMC,000608.00,A,5557.5034,N,03714.6304,E,0.0,0.0,010170,,,P*46
$PFLAA,0,1622,-4226,500,0,151E01!FLR_151E01,290,,478,0.0,0*53
$PFLAA,0,-2687,-2984,500,0,151E02!FLR_151E02,250,,478,0.0,0*7B
$PFLAA,0,4749,-165,440,0,151E03!FLR_151E03,178,,385,0.0,0*6F
$PFLAA,0,4302,-1826,400,0,151E04!FLR_151E04,150,,252,0.0,0*5E
$PFLAU,4,1,2,1,0,-23,2,400,4673,151E04*20
$GPGGA,000609.00,5557.5034,N,03714.6304,E,3,,2.3,0.0,M,12.0,M,,*63
$GPGSA,A,3,,,,,,,,,,,,,2.6,2.3,1.2*34
$GPRMC,000609.00,A,5557.5034,N,03714.6304,E,0.0,0.0,010170,,,P*47
$PFLAA,0,1622,-4226,500,0,151E01!FLR_151E01,290,,478,0.0,0*53
$PFLAA,0,-2687,-2984,500,0,151E02!FLR_151E02,250,,478,0.0,0*7B
$PFLAA,0,4749,-165,440,0,151E03!FLR_151E03,178,,385,0.0,0*6F
$PFLAA,0,4302,-1826,400,0,151E04!FLR_151E04,150,,252,0.0,0*5E
$PFLAU,4,1,2,1,0,-23,2,400,4673,151E04*20

-----------------------------------------------
Date: 12.06.2024 - 15:18:13
End log file
