Terminal log file
Date: 12.06.2024 - 15:13:59
-----------------------------------------------
$GPGGA,000159.00,5557.5034,N,03714.6304,E,3,,2.3,0.0,M,12.0,M,,*61
$GPGSA,A,3,,,,,,,,,,,,,2.6,2.3,1.2*34
$GPRMC,000159.00,A,5557.5034,N,03714.6304,E,0.0,0.0,010170,,,P*45
$PFLAA,0,153,-399,400,0,151E01!FLR_151E01,110,,354,0.0,0*51
$PFLAA,0,2102,9106,400,0,151E02!FLR_151E02,250,,354,0.0,0*70
$PFLAA,0,2566,0,330,0,151E03!FLR_151E03,358,,324,0.0,0*42
$PFLAA,0,2529,-821,1233,0,151E1C!FLR_151E1C,0,,0,0.0,0*57
$PFLAA,0,2529,-821,400,0,151E04!FLR_151E04,340,,36,0.0,0*52
$PFLAU,5,1,2,1,0,-69,2,400,427,151E01*1D
$GPGGA,000200.00,5557.5034,N,03714.6304,E,3,,2.3,0.0,M,12.0,M,,*6E
$GPGSA,A,3,,,,,,,,,,,,,2.6,2.3,1.2*34
$GPRMC,000200.00,A,5557.5034,N,03714.6304,E,0.0,0.0,010170,,,P*4A
$PFLAA,0,153,-399,400,0,151E01!FLR_151E01,110,,354,0.0,0*51
$PFLAA,0,2102,9106,400,0,151E02!FLR_151E02,250,,354,0.0,0*70
$PFLAA,0,2566,0,330,0,151E03!FLR_151E03,358,,324,0.0,0*42
$PFLAA,0,2529,-821,1241,0,151E1C!FLR_151E1C,252,,171,0.0,0*50
$PFLAA,0,2529,-821,400,0,151E04!FLR_151E04,340,,36,0.0,0*52
$PFLAU,5,1,2,1,0,-69,2,400,427,151E01*1D
$GPGGA,000201.00,5557.5034,N,03714.6304,E,3,,2.3,0.0,M,12.0,M,,*6F
$GPGSA,A,3,,,,,,,,,,,,,2.6,2.3,1.2*34
$GPRMC,000201.00,A,5557.5034,N,03714.6304,E,0.0,0.0,010170,,,P*4B
$PFLAA,0,18,-53,450,0,151E01!FLR_151E01,110,,339,0.0,0*54
$PFLAA,0,2019,8748,450,0,151E02!FLR_151E02,250,,339,0.0,0*78
$PFLAA,0,3111,-54,370,0,151E03!FLR_151E03,358,,308,0.0,0*51
$PFLAA,0,2962,-1019,1241,0,151E1C!FLR_151E1C,252,,171,0.0,0*61
$PFLAA,0,2962,-1019,350,0,151E04!FLR_151E04,340,,20,0.0,0*66
$PFLAU,5,1,2,1,0,-71,2,450,56,151E01*23
$GPGGA,000202.00,5557.5034,N,03714.6304,E,3,,2.3,0.0,M,12.0,M,,*6C
$GPGSA,A,3,,,,,,,,,,,,,2.6,2.3,1.2*34
$GPRMC,000202.00,A,5557.5034,N,03714.6304,E,0.0,0.0,010170,,,P*48
$PFLAA,0,18,-53,450,0,151E01!FLR_151E01,110,,339,0.0,0*54
$PFLAA,0,2019,8748,450,0,151E02!FLR_151E02,250,,339,0.0,0*78
$PFLAA,0,3111,-54,370,0,151E03!FLR_151E03,358,,308,0.0,0*51
$PFLAA,0,2962,-1019,1248,0,151E1C!FLR_151E1C,251,,169,0.0,0*62
$PFLAA,0,2962,-1019,350,0,151E04!FLR_151E04,340,,20,0.0,0*66
$PFLAU,5,1,2,1,0,-71,2,450,56,151E01*23
$GPGGA,000203.00,5557.5034,N,03714.6304,E,3,,2.3,0.0,M,12.0,M,,*6D
$GPGSA,A,3,,,,,,,,,,,,,2.6,2.3,1.2*34
$GPRMC,000203.00,A,5557.5034,N,03714.6304,E,0.0,0.0,010170,,,P*49
$PFLAA,0,-113,294,500,0,151E01!FLR_151E01,110,,324,0.0,0*5F
$PFLAA,0,1937,8390,500,0,151E02!FLR_151E02,250,,324,0.0,0*77
$PFLAA,0,3658,-63,410,0,151E03!FLR_151E03,358,,293,0.0,0*5D
$PFLAA,0,3407,-1173,1248,0,151E1C!FLR_151E1C,251,,172,0.0,0*6A
$PFLAA,0,3407,-1173,300,0,151E04!FLR_151E04,340,,360,0.0,0*56
$PFLAU,5,1,2,1,0,-19,2,300,3603,151E04*2F
$GPGGA,000204.00,5557.5034,N,03714.6304,E,3,,2.3,0.0,M,12.0,M,,*6A
$GPGSA,A,3,,,,,,,,,,,,,2.6,2.3,1.2*34
$GPRMC,000204.00,A,5557.5034,N,03714.6304,E,0.0,0.0,010170,,,P*4E
$PFLAA,0,-113,294,500,0,151E01!FLR_151E01,110,,324,0.0,0*5F
$PFLAA,0,1937,8390,500,0,151E02!FLR_151E02,250,,324,0.0,0*77
$PFLAA,0,3658,-63,410,0,151E03!FLR_151E03,358,,293,0.0,0*5D
$PFLAA,0,3407,-1173,1256,0,151E1C!FLR_151E1C,251,,172,0.0,0*65
$PFLAA,0,3407,-1173,300,0,151E04!FLR_151E04,340,,360,0.0,0*56
$PFLAU,5,1,2,1,0,-19,2,300,3603,151E04*2F
$GPGGA,000205.00,5557.5034,N,03714.6304,E,3,,2.3,0.0,M,12.0,M,,*6B
$GPGSA,A,3,,,,,,,,,,,,,2.6,2.3,1.2*34
$GPRMC,000205.00,A,5557.5034,N,03714.6304,E,0.0,0.0,010170,,,P*4F
$PFLAA,0,-246,642,550,0,151E01!FLR_151E01,110,,308,0.0,0*58
$PFLAA,0,1714,8064,550,0,151E02!FLR_151E02,250,,308,0.0,0*7B
$PFLAA,0,4202,-146,450,0,151E03!FLR_151E03,358,,277,0.0,0*69
$PFLAA,0,3849,-1325,1264,0,151E1C!FLR_151E1C,251,,176,0.0,0*67
$PFLAA,0,3849,-1325,250,0,151E04!FLR_151E04,340,,344,0.0,0*53
$PFLAU,5,1,2,1,0,-19,2,250,4071,151E04*2F
$GPGGA,000207.00,5557.5034,N,03714.6304,E,3,,2.3,0.0,M,12.0,M,,*69
$GPGSA,A,3,,,,,,,,,,,,,2.6,2.3,1.2*34
$GPRMC,000207.00,A,5557.5034,N,03714.6304,E,0.0,0.0,010170,,,P*4D
$PFLAA,0,-246,642,550,0,151E01!FLR_151E01,110,,308,0.0,0*58
$PFLAA,0,1714,8064,550,0,151E02!FLR_151E02,250,,308,0.0,0*7B
$PFLAA,0,4202,-146,450,0,151E03!FLR_151E03,358,,277,0.0,0*69
$PFLAA,0,3849,-1325,1264,0,151E1C!FLR_151E1C,251,,176,0.0,0*67
$PFLAA,0,3849,-1325,250,0,151E04!FLR_151E04,340,,344,0.0,0*53
$PFLAU,5,1,2,1,0,-19,2,250,4071,151E04*2F
$GPGGA,000208.00,5557.5034,N,03714.6304,E,3,,2.3,0.0,M,12.0,M,,*66
$GPGSA,A,3,,,,,,,,,,,,,2.6,2.3,1.2*34
$GPRMC,000208.00,A,5557.5034,N,03714.6304,E,0.0,0.0,010170,,,P*42
$PFLAA,0,-379,989,600,0,151E01!FLR_151E01,110,,293,0.0,0*58
$PFLAA,0,1638,7706,600,0,151E02!FLR_151E02,250,,293,0.0,0*7D
$PFLAA,0,4749,-165,490,0,151E03!FLR_151E03,358,,262,0.0,0*6A
$PFLAA,0,4290,-1477,1271,0,151E1C!FLR_151E1C,250,,180,0.0,0*62
$PFLAA,0,4290,-1477,200,0,151E04!FLR_151E04,340,,329,0.0,0*54
$PFLAU,5,1,2,1,0,-19,2,200,4537,151E04*2D
$GPGGA,000209.00,5557.5034,N,03714.6304,E,3,,2.3,0.0,M,12.0,M,,*67
$GPGSA,A,3,,,,,,,,,,,,,2.6,2.3,1.2*34
$GPRMC,000209.00,A,5557.5034,N,03714.6304,E,0.0,0.0,010170,,,P*43
$PFLAA,0,-379,989,600,0,151E01!FLR_151E01,110,,293,0.0,0*58
$PFLAA,0,1638,7706,600,0,151E02!FLR_151E02,250,,293,0.0,0*7D
$PFLAA,0,4749,-165,490,0,151E03!FLR_151E03,358,,262,0.0,0*6A
$PFLAA,0,4290,-1477,1279,0,151E1C!FLR_151E1C,250,,177,0.0,0*62
$PFLAA,0,4290,-1477,200,0,151E04!FLR_151E04,340,,329,0.0,0*54
$PFLAU,5,1,2,1,0,-19,2,200,4537,151E04*2D
$GPGGA,000210.00,5557.5034,N,03714.6304,E,3,,2.3,0.0,M,12.0,M,,*6F
$GPGSA,A,3,,,,,,,,,,,,,2.6,2.3,1.2*34
$GPRMC,000210.00,A,5557.5034,N,03714.6304,E,0.0,0.0,010170,,,P*4B
$PFLAA,0,-513,1336,650,0,151E01!FLR_151E01,110,,277,0.0,0*62
$PFLAA,0,1433,7374,650,0,151E02!FLR_151E02,250,,277,0.0,0*7A
$PFLAA,0,5292,-277,530,0,151E03!FLR_151E03,358,,246,0.0,0*65
$PFLAA,0,4728,-1628,1294,0,151E1C!FLR_151E1C,250,,180,0.0,0*67
$PFLAA,0,4728,-1628,150,0,151E04!FLR_151E04,340,,313,0.0,0*55
$PFLAU,5,1,2,1,0,-19,2,150,5001,151E04*2A
$GPGGA,000211.00,5557.5034,N,03714.6304,E,3,,2.3,0.0,M,12.0,M,,*6E
$GPGSA,A,3,,,,,,,,,,,,,2.6,2.3,1.2*34
$GPRMC,000211.00,A,5557.5034,N,03714.6304,E,0.0,0.0,010170,,,P*4A
$PFLAA,0,-646,1683,700,0,151E01!FLR_151E01,110,,262,0.0,0*6A
$PFLAA,0,1363,7016,700,0,151E02!FLR_151E02,250,,262,0.0,0*7F
$PFLAA,0,5292,-277,570,0,151E03!FLR_151E03,178,,231,0.0,0*61
$PFLAA,0,4728,-1628,1302,0,151E1C!FLR_151E1C,250,,180,0.0,0*69
$PFLAA,0,4729,-1628,100,0,151E04!FLR_151E04,150,,298,0.0,0*50
$PFLAU,5,1,2,1,0,-19,2,100,5001,151E04*2F
$GPGGA,000212.00,5557.5034,N,03714.6304,E,3,,2.3,0.0,M,12.0,M,,*6D
$GPGSA,A,3,,,,,,,,,,,,,2.6,2.3,1.2*34
$GPRMC,000212.00,A,5557.5034,N,03714.6304,E,0.0,0.0,010170,,,P*49
$PFLAA,0,-646,1683,700,0,151E01!FLR_151E01,110,,262,0.0,0*6A
$PFLAA,0,1363,7016,700,0,151E02!FLR_151E02,250,,262,0.0,0*7F
$PFLAA,0,5292,-277,570,0,151E03!FLR_151E03,178,,231,0.0,0*61
$PFLAA,0,4729,-1628,1302,0,151E1C!FLR_151E1C,250,,180,0.0,0*68
$PFLAA,0,4729,-1628,100,0,151E04!FLR_151E04,150,,298,0.0,0*50
$PFLAU,5,1,2,1,0,-19,2,100,5001,151E04*2F
$GPGGA,000213.00,5557.5034,N,03714.6304,E,3,,2.3,0.0,M,12.0,M,,*6C
$GPGSA,A,3,,,,,,,,,,,,,2.6,2.3,1.2*34
$GPRMC,000213.00,A,5557.5034,N,03714.6304,E,0.0,0.0,010170,,,P*48
$PFLAA,0,-779,2030,750,0,151E01!FLR_151E01,110,,246,0.0,0*69
$PFLAA,0,1177,6680,750,0,151E02!FLR_151E02,250,,246,0.0,0*73
$PFLAA,0,4749,-165,610,0,151E03!FLR_151E03,178,,216,0.0,0*63
$PFLAA,0,4292,-1478,1325,0,151E1C!FLR_151E1C,250,,180,0.0,0*6F
$PFLAA,0,4292,-1478,50,0,151E04!FLR_151E04,150,,282,0.0,0*6D
$PFLAU,5,1,2,1,0,-19,2,50,4540,151E04*1A
$GPGGA,000214.00,5557.5034,N,03714.6304,E,3,,2.3,0.0,M,12.0,M,,*6B
$GPGSA,A,3,,,,,,,,,,,,,2.6,2.3,1.2*34
$GPRMC,000214.00,A,5557.5034,N,03714.6304,E,0.0,0.0,010170,,,P*4F
$PFLAA,0,-779,2030,750,0,151E01!FLR_151E01,110,,246,0.0,0*69
$PFLAA,0,1177,6680,750,0,151E02!FLR_151E02,250,,246,0.0,0*73
$PFLAA,0,4749,-165,610,0,151E03!FLR_151E03,178,,216,0.0,0*63
$PFLAA,0,4292,-1478,1325,0,151E1C!FLR_151E1C,250,,180,0.0,0*6F
$PFLAA,0,4292,-1478,50,0,151E04!FLR_151E04,150,,282,0.0,0*6D
$PFLAU,5,1,2,1,0,-19,2,50,4540,151E04*1A
$GPGGA,000215.00,5557.5034,N,03714.6304,E,3,,2.3,0.0,M,12.0,M,,*6A
$GPGSA,A,3,,,,,,,,,,,,,2.6,2.3,1.2*34
$GPRMC,000215.00,A,5557.5034,N,03714.6304,E,0.0,0.0,010170,,,P*4E
$PFLAA,0,-912,2378,800,0,151E01!FLR_151E01,110,,231,0.0,0*6F
$PFLAA,0,1004,6341,800,0,151E02!FLR_151E02,250,,231,0.0,0*74
$PFLAA,0,4202,-146,650,0,151E03!FLR_151E03,178,,200,0.0,0*6B
$PFLAA,0,3854,-1327,1332,0,151E1C!FLR_151E1C,250,,180,0.0,0*63
$PFLAA,0,3854,-1327,50,0,151E04!FLR_151E04,150,,267,0.0,0*6C
$PFLAU,5,1,2,1,0,-19,2,50,4076,151E04*1A
$GPGGA,000216.00,5557.5034,N,03714.6304,E,3,,2.3,0.0,M,12.0,M,,*69
$GPGSA,A,3,,,,,,,,,,,,,2.6,2.3,1.2*34
$GPRMC,000216.00,A,5557.5034,N,03714.6304,E,0.0,0.0,010170,,,P*4D
$PFLAA,0,-912,2378,800,0,151E01!FLR_151E01,110,,231,0.0,0*6F
$PFLAA,0,1004,6341,800,0,151E02!FLR_151E02,250,,231,0.0,0*74
$PFLAA,0,4202,-146,650,0,151E03!FLR_151E03,178,,200,0.0,0*6B
$PFLAA,0,3854,-1327,1332,0,151E1C!FLR_151E1C,250,,180,0.0,0*63
$PFLAA,0,3854,-1327,50,0,151E04!FLR_151E04,150,,267,0.0,0*6C
$PFLAU,5,1,2,1,0,-19,2,50,4076,151E04*1A
$GPGGA,000217.00,5557.5034,N,03714.6304,E,3,,2.3,0.0,M,12.0,M,,*68
$GPGSA,A,3,,,,,,,,,,,,,2.6,2.3,1.2*34
$GPRMC,000217.00,A,5557.5034,N,03714.6304,E,0.0,0.0,010170,,,P*4C
$PFLAA,0,-1046,2725,850,0,151E01!FLR_151E01,110,,216,0.0,0*5A
$PFLAA,0,947,5983,850,0,151E02!FLR_151E02,250,,216,0.0,0*4C
$PFLAA,0,3657,-63,690,0,151E03!FLR_151E03,178,,185,0.0,0*5C
$PFLAA,0,3414,-1175,1332,0,151E1C!FLR_151E1C,249,,186,0.0,0*60
$PFLAA,0,3414,-1175,100,0,151E04!FLR_151E04,150,,252,0.0,0*53
$PFLAU,5,1,2,1,0,-19,2,100,3611,151E04*2E
$GPGGA,000218.00,5557.5034,N,03714.6304,E,3,,2.3,0.0,M,12.0,M,,*67
$GPGSA,A,3,,,,,,,,,,,,,2.6,2.3,1.2*34
$GPRMC,000218.00,A,5557.5034,N,03714.6304,E,0.0,0.0,010170,,,P*43
$PFLAA,0,-1046,2725,850,0,151E01!FLR_151E01,110,,216,0.0,0*5A
$PFLAA,0,947,5983,850,0,151E02!FLR_151E02,250,,216,0.0,0*4C
$PFLAA,0,3657,-63,690,0,151E03!FLR_151E03,178,,185,0.0,0*5C
$PFLAA,0,3414,-1175,1332,0,151E1C!FLR_151E1C,249,,186,0.0,0*60
$PFLAA,0,3414,-1175,100,0,151E04!FLR_151E04,150,,252,0.0,0*53
$PFLAU,5,1,2,1,0,-19,2,100,3611,151E04*2E
$GPGGA,000219.00,5557.5034,N,03714.6304,E,3,,2.3,0.0,M,12.0,M,,*66
$GPGSA,A,3,,,,,,,,,,,,,2.6,2.3,1.2*34
$GPRMC,000219.00,A,5557.5034,N,03714.6304,E,0.0,0.0,010170,,,P*42
$PFLAA,0,-1179,3072,900,0,151E01!FLR_151E01,110,,200,0.0,0*50
$PFLAA,0,792,5640,900,0,151E02!FLR_151E02,250,,200,0.0,0*49
$PFLAA,0,3111,-54,730,0,151E03!FLR_151E03,178,,169,0.0,0*54
$PFLAA,0,2972,-1023,1370,0,151E1C!FLR_151E1C,249,,186,0.0,0*68
$PFLAA,0,2972,-1023,150,0,151E04!FLR_151E04,150,,236,0.0,0*5A
$PFLAU,5,1,2,1,0,-19,2,150,3143,151E04*2B
$GPGGA,000220.00,5557.5034,N,03714.6304,E,3,,2.3,0.0,M,12.0,M,,*6C
$GPGSA,A,3,,,,,,,,,,,,,2.6,2.3,1.2*34
$GPRMC,000220.00,A,5557.5034,N,03714.6304,E,0.0,0.0,010170,,,P*48
$PFLAA,0,-1179,3072,900,0,151E01!FLR_151E01,110,,200,0.0,0*50
$PFLAA,0,792,5640,900,0,151E02!FLR_151E02,250,,200,0.0,0*49
$PFLAA,0,3111,-54,730,0,151E03!FLR_151E03,178,,169,0.0,0*54
$PFLAA,0,2972,-1023,1370,0,151E1C!FLR_151E1C,249,,186,0.0,0*68
$PFLAA,0,2972,-1023,150,0,151E04!FLR_151E04,150,,236,0.0,0*5A
$PFLAU,5,1,2,1,0,-19,2,150,3143,151E04*2B
$GPGGA,000221.00,5557.5034,N,03714.6304,E,3,,2.3,0.0,M,12.0,M,,*6D
$GPGSA,A,3,,,,,,,,,,,,,2.6,2.3,1.2*34
$GPRMC,000221.00,A,5557.5034,N,03714.6304,E,0.0,0.0,010170,,,P*49
$PFLAA,0,-1312,3419,950,0,151E01!FLR_151E01,110,,185,0.0,0*5D
$PFLAA,0,650,5296,950,0,151E02!FLR_151E02,250,,185,0.0,0*42
$PFLAA,0,2566,0,770,0,151E03!FLR_151E03,178,,154,0.0,0*47
$PFLAA,0,2527,-870,1370,0,151E1C!FLR_151E1C,249,,186,0.0,0*5B
$PFLAA,0,2527,-870,200,0,151E04!FLR_151E04,150,,221,0.0,0*69
$PFLAU,5,1,2,1,0,-19,2,200,2673,151E04*28
$GPGGA,000223.00,5557.5034,N,03714.6304,E,3,,2.3,0.0,M,12.0,M,,*6F
$GPGSA,A,3,,,,,,,,,,,,,2.6,2.3,1.2*34
$GPRMC,000223.00,A,5557.5034,N,03714.6304,E,0.0,0.0,010170,,,P*4B
$PFLAA,0,-1312,3419,950,0,151E01!FLR_151E01,110,,185,0.0,0*5D
$PFLAA,0,650,5296,950,0,151E02!FLR_151E02,250,,185,0.0,0*42
$PFLAA,0,2566,0,770,0,151E03!FLR_151E03,178,,154,0.0,0*47
$PFLAA,0,2527,-870,1370,0,151E1C!FLR_151E1C,249,,186,0.0,0*5B
$PFLAA,0,2527,-870,200,0,151E04!FLR_151E04,150,,221,0.0,0*69
$PFLAU,5,1,2,1,0,-19,2,200,2673,151E04*28
$GPGGA,000224.00,5557.5034,N,03714.6304,E,3,,2.3,0.0,M,12.0,M,,*68
$GPGSA,A,3,,,,,,,,,,,,,2.6,2.3,1.2*34
$GPRMC,000224.00,A,5557.5034,N,03714.6304,E,0.0,0.0,010170,,,P*4C
$PFLAA,0,-1446,3767,1000,0,151E01!FLR_151E01,110,,169,0.0,0*6E
$PFLAA,0,520,4951,1000,0,151E02!FLR_151E02,250,,169,0.0,0*78
$PFLAA,0,2020,70,810,0,151E03!FLR_151E03,178,,138,0.0,0*74
$PFLAA,0,2080,-716,1393,0,151E1C!FLR_151E1C,249,,186,0.0,0*51
$PFLAA,0,2080,-716,250,0,151E04!FLR_151E04,150,,205,0.0,0*6D
$PFLAU,5,1,2,1,0,-19,2,250,2200,151E04*2D
$GPGGA,000225.00,5557.5034,N,03714.6304,E,3,,2.3,0.0,M,12.0,M,,*69
$GPGSA,A,3,,,,,,,,,,,,,2.6,2.3,1.2*34
$GPRMC,000225.00,A,5557.5034,N,03714.6304,E,0.0,0.0,010170,,,P*4D
$PFLAA,0,-1446,3767,1000,0,151E01!FLR_151E01,110,,169,0.0,0*6E
$PFLAA,0,520,4951,1000,0,151E02!FLR_151E02,250,,169,0.0,0*78
$PFLAA,0,2020,70,810,0,151E03!FLR_151E03,178,,138,0.0,0*74
$PFLAA,0,2080,-716,1393,0,151E1C!FLR_151E1C,249,,186,0.0,0*51
$PFLAA,0,2080,-716,250,0,151E04!FLR_151E04,150,,205,0.0,0*6D
$PFLAU,5,1,2,1,0,-19,2,250,2200,151E04*2D
$GPGGA,000226.00,5557.5034,N,03714.6304,E,3,,2.3,0.0,M,12.0,M,,*6A
$GPGSA,A,3,,,,,,,,,,,,,2.6,2.3,1.2*34
$GPRMC,000226.00,A,5557.5034,N,03714.6304,E,0.0,0.0,010170,,,P*4E
$PFLAA,0,-1579,4114,1050,0,151E01!FLR_151E01,110,,154,0.0,0*6D
$PFLAA,0,322,4611,1050,0,151E02!FLR_151E02,250,,154,0.0,0*7C
$PFLAA,0,1473,128,850,0,151E03!FLR_151E03,178,,123,0.0,0*47
$PFLAA,0,1641,-533,1401,0,151E1C!FLR_151E1C,249,,186,0.0,0*50
$PFLAA,0,1641,-533,300,0,151E04!FLR_151E04,150,,190,0.0,0*6B
$PFLAU,5,1,2,1,0,-18,2,300,1725,151E04*29
$GPGGA,000227.00,5557.5034,N,03714.6304,E,3,,2.3,0.0,M,12.0,M,,*6B
$GPGSA,A,3,,,,,,,,,,,,,2.6,2.3,1.2*34
$GPRMC,000227.00,A,5557.5034,N,03714.6304,E,0.0,0.0,010170,,,P*4F
$PFLAA,0,-1712,4461,1100,0,151E01!FLR_151E01,110,,138,0.0,0*6B
$PFLAA,0,223,4263,1100,0,151E02!FLR_151E02,250,,138,0.0,0*73
$PFLAA,0,930,164,890,0,151E03!FLR_151E03,178,,108,0.0,0*71
$PFLAA,0,1641,-533,1401,0,151E1C!FLR_151E1C,249,,186,0.0,0*50
$PFLAA,0,1200,-344,350,0,151E04!FLR_151E04,150,,174,0.0,0*63
$PFLAU,5,1,2,1,0,-16,2,350,1248,151E04*2C
$GPGGA,000228.00,5557.5034,N,03714.6304,E,3,,2.3,0.0,M,12.0,M,,*64
$GPGSA,A,3,,,,,,,,,,,,,2.6,2.3,1.2*34
$GPRMC,000228.00,A,5557.5034,N,03714.6304,E,0.0,0.0,010170,,,P*40
$PFLAA,0,-1712,4461,1100,0,151E01!FLR_151E01,110,,138,0.0,0*6B
$PFLAA,0,223,4263,1100,0,151E02!FLR_151E02,250,,138,0.0,0*73
$PFLAA,0,930,164,890,0,151E03!FLR_151E03,178,,108,0.0,0*71
$PFLAA,0,1200,-344,1408,0,151E1C!FLR_151E1C,249,,199,0.0,0*50
$PFLAA,0,1200,-344,350,0,151E04!FLR_151E04,150,,174,0.0,0*63
$PFLAU,5,1,2,1,0,-16,2,350,1248,151E04*2C
$GPGGA,000229.00,5557.5034,N,03714.6304,E,3,,2.3,0.0,M,12.0,M,,*65
$GPGSA,A,3,,,,,,,,,,,,,2.6,2.3,1.2*34
$GPRMC,000229.00,A,5557.5034,N,03714.6304,E,0.0,0.0,010170,,,P*41
$PFLAA,0,-1846,4809,1150,0,151E01!FLR_151E01,110,,123,0.0,0*68
$PFLAA,0,68,3918,1150,0,151E02!FLR_151E02,250,,123,0.0,0*41
$PFLAA,0,383,221,930,0,151E03!FLR_151E03,178,,92,0.0,0*48
$PFLAA,0,755,-160,1408,0,151E1C!FLR_151E1C,249,,199,0.0,0*60
$PFLAA,0,755,-160,400,0,151E04!FLR_151E04,150,,159,0.0,0*5E
$PFLAU,5,1,2,1,0,-12,2,400,772,151E04*17
$GPGGA,000230.00,5557.5034,N,03714.6304,E,3,,2.3,0.0,M,12.0,M,,*6D
$GPGSA,A,3,,,,,,,,,,,,,2.6,2.3,1.2*34
$GPRMC,000230.00,A,5557.5034,N,03714.6304,E,0.0,0.0,010170,,,P*49
$PFLAA,0,-1846,4809,1150,0,151E01!FLR_151E01,110,,123,0.0,0*68
$PFLAA,0,68,3918,1150,0,151E02!FLR_151E02,250,,123,0.0,0*41
$PFLAA,0,383,221,930,0,151E03!FLR_151E03,178,,92,0.0,0*48
$PFLAA,0,755,-160,1424,0,151E1C!FLR_151E1C,249,,202,0.0,0*6F
$PFLAA,0,755,-160,400,0,151E04!FLR_151E04,150,,159,0.0,0*5E
$PFLAU,5,1,2,1,0,-12,2,400,772,151E04*17
$GPGGA,000231.00,5557.5034,N,03714.6304,E,3,,2.3,0.0,M,12.0,M,,*6C
$GPGSA,A,3,,,,,,,,,,,,,2.6,2.3,1.2*34
$GPRMC,000231.00,A,5557.5034,N,03714.6304,E,0.0,0.0,010170,,,P*48
$PFLAA,0,-1979,5156,1200,0,151E01!FLR_151E01,110,,108,0.0,0*68
$PFLAA,0,-62,3572,1200,0,151E02!FLR_151E02,250,,108,0.0,0*69
$PFLAA,0,-162,270,970,0,151E03!FLR_151E03,178,,77,0.0,0*63
$PFLAA,0,314,44,1424,0,151E1C!FLR_151E1C,249,,202,0.0,0*74
$PFLAA,0,314,44,450,0,151E04!FLR_151E04,150,,144,0.0,0*4C
$PFLAU,5,1,2,1,0,8,2,450,318,151E04*0C
$GPGGA,000232.00,5557.5034,N,03714.6304,E,3,,2.3,0.0,M,12.0,M,,*6F
$GPGSA,A,3,,,,,,,,,,,,,2.6,2.3,1.2*34
$GPRMC,000232.00,A,5557.5034,N,03714.6304,E,0.0,0.0,010170,,,P*4B
$PFLAA,0,-1979,5156,1200,0,151E01!FLR_151E01,110,,108,0.0,0*68
$PFLAA,0,-62,3572,1200,0,151E02!FLR_151E02,250,,108,0.0,0*69
$PFLAA,0,-162,270,970,0,151E03!FLR_151E03,178,,77,0.0,0*63
$PFLAA,0,314,44,1424,0,151E1C!FLR_151E1C,249,,202,0.0,0*74
$PFLAA,0,314,44,450,0,151E04!FLR_151E04,150,,144,0.0,0*4C
$PFLAU,5,1,2,1,0,8,2,450,318,151E04*0C
$GPGGA,000233.00,5557.5034,N,03714.6304,E,3,,2.3,0.0,M,12.0,M,,*6E
$GPGSA,A,3,,,,,,,,,,,,,2.6,2.3,1.2*34
$GPRMC,000233.00,A,5557.5034,N,03714.6304,E,0.0,0.0,010170,,,P*4A
$PFLAA,0,-2112,5503,1150,0,151E01!FLR_151E01,110,,92,0.0,0*5E
$PFLAA,0,-225,3225,1150,0,151E02!FLR_151E02,250,,92,0.0,0*69
$PFLAA,0,-710,316,960,0,151E03!FLR_151E03,178,,61,0.0,0*67
$PFLAA,0,-126,259,1424,0,151E1C!FLR_151E1C,249,,202,0.0,0*64
$PFLAA,0,-126,259,500,0,151E04!FLR_151E04,150,,128,0.0,0*52
$PFLAU,5,1,2,1,0,0,2,0,2147483647,000000*41
$GPGGA,000234.00,5557.5034,N,03714.6304,E,3,,2.3,0.0,M,12.0,M,,*69
$GPGSA,A,3,,,,,,,,,,,,,2.6,2.3,1.2*34
$GPRMC,000234.00,A,5557.5034,N,03714.6304,E,0.0,0.0,010170,,,P*4D
$PFLAA,0,-2112,5503,1150,0,151E01!FLR_151E01,110,,92,0.0,0*5E
$PFLAA,0,-225,3225,1150,0,151E02!FLR_151E02,250,,92,0.0,0*69
$PFLAA,0,-710,316,960,0,151E03!FLR_151E03,178,,61,0.0,0*67
$PFLAA,0,-126,259,1424,0,151E1C!FLR_151E1C,249,,202,0.0,0*64
$PFLAA,0,-126,259,500,0,151E04!FLR_151E04,150,,128,0.0,0*52
$PFLAU,5,1,2,1,0,0,2,0,2147483647,000000*41
$GPGGA,000235.00,5557.5034,N,03714.6304,E,3,,2.3,0.0,M,12.0,M,,*68
$GPGSA,A,3,,,,,,,,,,,,,2.6,2.3,1.2*34
$GPRMC,000235.00,A,5557.5034,N,03714.6304,E,0.0,0.0,010170,,,P*4C
$PFLAA,0,-2246,5851,1100,0,151E01!FLR_151E01,110,,77,0.0,0*58
$PFLAA,0,-353,2880,1100,0,151E02!FLR_151E02,250,,77,0.0,0*63
$PFLAA,0,-1250,382,920,0,151E03!FLR_151E03,178,,46,0.0,0*5B
$PFLAA,0,-571,479,1424,0,151E1C!FLR_151E1C,249,,202,0.0,0*66
$PFLAA,0,-571,479,550,0,151E04!FLR_151E04,150,,113,0.0,0*5D
$PFLAU,5,1,2,1,0,0,2,0,2147483647,000000*41
$GPGGA,000236.00,5557.5034,N,03714.6304,E,3,,2.3,0.0,M,12.0,M,,*6B
$GPGSA,A,3,,,,,,,,,,,,,2.6,2.3,1.2*34
$GPRMC,000236.00,A,5557.5034,N,03714.6304,E,0.0,0.0,010170,,,P*4F
$PFLAA,0,-2246,5851,1100,0,151E01!FLR_151E01,110,,77,0.0,0*58
$PFLAA,0,-353,2880,1100,0,151E02!FLR_151E02,250,,77,0.0,0*63
$PFLAA,0,-1250,382,920,0,151E03!FLR_151E03,178,,46,0.0,0*5B
$PFLAA,0,-571,479,1424,0,151E1C!FLR_151E1C,249,,202,0.0,0*66
$PFLAA,0,-571,479,550,0,151E04!FLR_151E04,150,,113,0.0,0*5D
$PFLAU,5,1,2,1,0,0,2,0,2147483647,000000*41
$GPGGA,000237.00,5557.5034,N,03714.6304,E,3,,2.3,0.0,M,12.0,M,,*6A
$GPGSA,A,3,,,,,,,,,,,,,2.6,2.3,1.2*34
$GPRMC,000237.00,A,5557.5034,N,03714.6304,E,0.0,0.0,010170,,,P*4E
$PFLAA,0,-2379,6198,1050,0,151E01!FLR_151E01,110,,61,0.0,0*59
$PFLAA,0,-492,2533,1050,0,151E02!FLR_151E02,250,,61,0.0,0*6F
$PFLAA,0,-1800,415,880,0,151E03!FLR_151E03,178,,30,0.0,0*57
$PFLAA,0,-1015,710,1424,0,151E1C!FLR_151E1C,249,,202,0.0,0*5C
$PFLAA,0,-1015,710,600,0,151E04!FLR_151E04,150,,97,0.0,0*5C
$PFLAU,5,1,2,1,0,0,2,0,2147483647,000000*41
$GPGGA,000239.00,5557.5034,N,03714.6304,E,3,,2.3,0.0,M,12.0,M,,*64
$GPGSA,A,3,,,,,,,,,,,,,2.6,2.3,1.2*34
$GPRMC,000239.00,A,5557.5034,N,03714.6304,E,0.0,0.0,010170,,,P*40
$PFLAA,0,-2379,6198,1050,0,151E01!FLR_151E01,110,,61,0.0,0*59
$PFLAA,0,-492,2533,1050,0,151E02!FLR_151E02,250,,61,0.0,0*6F
$PFLAA,0,-1800,415,880,0,151E03!FLR_151E03,178,,30,0.0,0*57
$PFLAA,0,-1015,710,1424,0,151E1C!FLR_151E1C,249,,202,0.0,0*5C
$PFLAA,0,-1015,710,600,0,151E04!FLR_151E04,150,,97,0.0,0*5C
$PFLAU,5,1,2,1,0,0,2,0,2147483647,000000*41
$GPGGA,000240.00,5557.5034,N,03714.6304,E,3,,2.3,0.0,M,12.0,M,,*6A
$GPGSA,A,3,,,,,,,,,,,,,2.6,2.3,1.2*34
$GPRMC,000240.00,A,5557.5034,N,03714.6304,E,0.0,0.0,010170,,,P*4E
$PFLAA,0,-2509,6537,1000,0,151E01!FLR_151E01,110,,46,0.0,0*59
$PFLAA,0,-627,2187,1000,0,151E02!FLR_151E02,250,,46,0.0,0*68
$PFLAA,0,-2348,456,840,0,151E03!FLR_151E03,178,,509,0.0,0*67
$PFLAA,0,-1444,974,1424,0,151E1C!FLR_151E1C,249,,202,0.0,0*50
$PFLAA,0,-1444,974,650,0,151E04!FLR_151E04,150,,82,0.0,0*51
$PFLAU,5,1,2,1,0,0,2,0,2147483647,000000*41
$GPGGA,000241.00,5557.5034,N,03714.6304,E,3,,2.3,0.0,M,12.0,M,,*6B
$GPGSA,A,3,,,,,,,,,,,,,2.6,2.3,1.2*34
$GPRMC,000241.00,A,5557.5034,N,03714.6304,E,0.0,0.0,010170,,,P*4F
$PFLAA,0,-2509,6537,1000,0,151E01!FLR_151E01,110,,46,0.0,0*59
$PFLAA,0,-627,2187,1000,0,151E02!FLR_151E02,250,,46,0.0,0*68
$PFLAA,0,-2348,456,840,0,151E03!FLR_151E03,178,,509,0.0,0*67
$PFLAA,0,-1444,974,1424,0,151E1C!FLR_151E1C,249,,202,0.0,0*50
$PFLAA,0,-1444,974,650,0,151E04!FLR_151E04,150,,82,0.0,0*51
$PFLAU,5,1,2,1,0,0,2,0,2147483647,000000*41
$GPGGA,000242.00,5557.5034,N,03714.6304,E,3,,2.3,0.0,M,12.0,M,,*68
$GPGSA,A,3,,,,,,,,,,,,,2.6,2.3,1.2*34
$GPRMC,000242.00,A,5557.5034,N,03714.6304,E,0.0,0.0,010170,,,P*4C
$PFLAA,0,-2376,6189,950,0,151E01!FLR_151E01,290,,30,0.0,0*61
$PFLAA,0,-746,1848,950,0,151E02!FLR_151E02,250,,30,0.0,0*5B
$PFLAA,0,-2893,510,800,0,151E03!FLR_151E03,178,,493,0.0,0*6F
$PFLAA,0,-1890,1227,1424,0,151E1C!FLR_151E1C,249,,202,0.0,0*69
$PFLAA,0,-1890,1227,700,0,151E04!FLR_151E04,150,,66,0.0,0*66
$PFLAU,5,1,2,1,0,0,2,0,2147483647,000000*41
$GPGGA,000243.00,5557.5034,N,03714.6304,E,3,,2.3,0.0,M,12.0,M,,*69
$GPGSA,A,3,,,,,,,,,,,,,2.6,2.3,1.2*34
$GPRMC,000243.00,A,5557.5034,N,03714.6304,E,0.0,0.0,010170,,,P*4D
$PFLAA,0,-2242,5842,900,0,151E01!FLR_151E01,290,,524,0.0,0*5F
$PFLAA,0,-898,1495,900,0,151E02!FLR_151E02,250,,524,0.0,0*6E
$PFLAA,0,-3431,604,760,0,151E03!FLR_151E03,178,,478,0.0,0*60
$PFLAA,0,-1890,1227,1424,0,151E1C!FLR_151E1C,249,,202,0.0,0*69
$PFLAA,0,-2324,1509,750,0,151E04!FLR_151E04,150,,51,0.0,0*6B
$PFLAU,5,1,2,1,0,0,2,0,2147483647,000000*41
$GPGGA,000244.00,5557.5034,N,03714.6304,E,3,,2.3,0.0,M,12.0,M,,*6E
$GPGSA,A,3,,,,,,,,,,,,,2.6,2.3,1.2*34
$GPRMC,000244.00,A,5557.5034,N,03714.6304,E,0.0,0.0,010170,,,P*4A
$PFLAA,0,-2242,5842,900,0,151E01!FLR_151E01,290,,524,0.0,0*5F
$PFLAA,0,-898,1495,900,0,151E02!FLR_151E02,250,,524,0.0,0*6E
$PFLAA,0,-3431,604,760,0,151E03!FLR_151E03,178,,478,0.0,0*60
$PFLAA,0,-2324,1509,1424,0,151E1C!FLR_151E1C,249,,202,0.0,0*65
$PFLAA,0,-2324,1509,750,0,151E04!FLR_151E04,150,,51,0.0,0*6B
$PFLAU,5,1,2,1,0,0,2,0,2147483647,000000*41
$GPGGA,000245.00,5557.5034,N,03714.6304,E,3,,2.3,0.0,M,12.0,M,,*6F
$GPGSA,A,3,,,,,,,,,,,,,2.6,2.3,1.2*34
$GPRMC,000245.00,A,5557.5034,N,03714.6304,E,0.0,0.0,010170,,,P*4B
$PFLAA,0,-2109,5495,850,0,151E01!FLR_151E01,290,,509,0.0,0*5E
$PFLAA,0,-1034,1148,850,0,151E02!FLR_151E02,250,,509,0.0,0*5F
$PFLAA,0,-3981,630,720,0,151E03!FLR_151E03,178,,462,0.0,0*6E
$PFLAA,0,-2765,1795,1424,0,151E1C!FLR_151E1C,249,,202,0.0,0*63
$PFLAA,0,-2765,1795,800,0,151E04!FLR_151E04,150,,36,0.0,0*66
$PFLAU,5,1,2,1,0,0,2,0,2147483647,000000*41
$GPGGA,000246.00,5557.5034,N,03714.6304,E,3,,2.3,0.0,M,12.0,M,,*6C
$GPGSA,A,3,,,,,,,,,,,,,2.6,2.3,1.2*34
$GPRMC,000246.00,A,5557.5034,N,03714.6304,E,0.0,0.0,010170,,,P*48
$PFLAA,0,-2109,5495,850,0,151E01!FLR_151E01,290,,509,0.0,0*5E
$PFLAA,0,-1034,1148,850,0,151E02!FLR_151E02,250,,509,0.0,0*5F
$PFLAA,0,-3981,630,720,0,151E03!FLR_151E03,178,,462,0.0,0*6E
$PFLAA,0,-2765,1795,1424,0,151E1C!FLR_151E1C,249,,202,0.0,0*63
$PFLAA,0,-2765,1795,800,0,151E04!FLR_151E04,150,,36,0.0,0*66
$PFLAU,5,1,2,1,0,0,2,0,2147483647,000000*41
$GPGGA,000247.00,5557.5034,N,03714.6304,E,3,,2.3,0.0,M,12.0,M,,*6D
$GPGSA,A,3,,,,,,,,,,,,,2.6,2.3,1.2*34
$GPRMC,000247.00,A,5557.5034,N,03714.6304,E,0.0,0.0,010170,,,P*49
$PFLAA,0,-1976,5147,800,0,151E01!FLR_151E01,290,,493,0.0,0*50
$PFLAA,0,-1162,813,800,0,151E02!FLR_151E02,250,,493,0.0,0*6C
$PFLAA,0,-4521,716,680,0,151E03!FLR_151E03,178,,447,0.0,0*66
$PFLAA,0,-3211,2085,1424,0,151E1C!FLR_151E1C,249,,202,0.0,0*61
$PFLAA,0,-3211,2085,750,0,151E04!FLR_151E04,150,,20,0.0,0*69
$PFLAU,5,1,2,1,0,0,2,0,2147483647,000000*41
$GPGGA,000248.00,5557.5034,N,03714.6304,E,3,,2.3,0.0,M,12.0,M,,*62
$GPGSA,A,3,,,,,,,,,,,,,2.6,2.3,1.2*34
$GPRMC,000248.00,A,5557.5034,N,03714.6304,E,0.0,0.0,010170,,,P*46
$PFLAA,0,-1976,5147,800,0,151E01!FLR_151E01,290,,493,0.0,0*50
$PFLAA,0,-1162,813,800,0,151E02!FLR_151E02,250,,493,0.0,0*6C
$PFLAA,0,-4521,716,680,0,151E03!FLR_151E03,178,,447,0.0,0*66
$PFLAA,0,-3211,2085,1424,0,151E1C!FLR_151E1C,249,,202,0.0,0*61
$PFLAA,0,-3211,2085,750,0,151E04!FLR_151E04,150,,20,0.0,0*69
$PFLAU,5,1,2,1,0,0,2,0,2147483647,000000*41
$GPGGA,000249.00,5557.5034,N,03714.6304,E,3,,2.3,0.0,M,12.0,M,,*63
$GPGSA,A,3,,,,,,,,,,,,,2.6,2.3,1.2*34
$GPRMC,000249.00,A,5557.5034,N,03714.6304,E,0.0,0.0,010170,,,P*47
$PFLAA,0,-1758,4831,750,0,151E01!FLR_151E01,290,,478,0.0,0*54
$PFLAA,0,-1299,473,750,0,151E02!FLR_151E02,250,,478,0.0,0*6E
$PFLAA,0,-5074,713,640,0,151E03!FLR_151E03,178,,432,0.0,0*69
$PFLAA,0,-3664,2379,1424,0,151E1C!FLR_151E1C,249,,202,0.0,0*67
$PFLAA,0,-3664,2379,700,0,151E04!FLR_151E04,150,,360,0.0,0*5D
$PFLAU,5,1,2,1,0,0,2,0,2147483647,000000*41
$GPGGA,000250.00,5557.5034,N,03714.6304,E,3,,2.3,0.0,M,12.0,M,,*6B
$GPGSA,A,3,,,,,,,,,,,,,2.6,2.3,1.2*34
$GPRMC,000250.00,A,5557.5034,N,03714.6304,E,0.0,0.0,010170,,,P*4F
$PFLAA,0,-1758,4831,750,0,151E01!FLR_151E01,290,,478,0.0,0*54
$PFLAA,0,-1299,473,750,0,151E02!FLR_151E02,250,,478,0.0,0*6E
$PFLAA,0,-5074,713,640,0,151E03!FLR_151E03,178,,432,0.0,0*69
$PFLAA,0,-3664,2379,1424,0,151E1C!FLR_151E1C,249,,202,0.0,0*67
$PFLAA,0,-3664,2379,700,0,151E04!FLR_151E04,150,,360,0.0,0*5D
$PFLAU,5,1,2,1,0,0,2,0,2147483647,000000*41
$GPGGA,000251.00,5557.5034,N,03714.6304,E,3,,2.3,0.0,M,12.0,M,,*6A
$GPGSA,A,3,,,,,,,,,,,,,2.6,2.3,1.2*34
$GPRMC,000251.00,A,5557.5034,N,03714.6304,E,0.0,0.0,010170,,,P*4E
$PFLAA,0,-1631,4482,700,0,151E01!FLR_151E01,290,,462,0.0,0*50
$PFLAA,0,-1440,126,700,0,151E02!FLR_151E02,250,,462,0.0,0*67
$PFLAA,0,-4520,716,600,0,151E03!FLR_151E03,358,,416,0.0,0*6B
$PFLAA,0,-3203,2080,1424,0,151E1C!FLR_151E1C,249,,202,0.0,0*67
$PFLAA,0,-3203,2080,650,0,151E04!FLR_151E04,340,,344,0.0,0*5C
$PFLAU,5,1,2,1,0,0,2,0,2147483647,000000*41
$GPGGA,000252.00,5557.5034,N,03714.6304,E,3,,2.3,0.0,M,12.0,M,,*69
$GPGSA,A,3,,,,,,,,,,,,,2.6,2.3,1.2*34
$GPRMC,000252.00,A,5557.5034,N,03714.6304,E,0.0,0.0,010170,,,P*4D
$PFLAA,0,-1631,4482,700,0,151E01!FLR_151E01,290,,462,0.0,0*50
$PFLAA,0,-1440,126,700,0,151E02!FLR_151E02,250,,462,0.0,0*67
$PFLAA,0,-4520,716,600,0,151E03!FLR_151E03,358,,416,0.0,0*6B
$PFLAA,0,-3203,2080,1424,0,151E1C!FLR_151E1C,249,,202,0.0,0*67
$PFLAA,0,-3203,2080,650,0,151E04!FLR_151E04,340,,344,0.0,0*5C
$PFLAU,5,1,2,1,0,0,2,0,2147483647,000000*41
$GPGGA,000254.00,5557.5034,N,03714.6304,E,3,,2.3,0.0,M,12.0,M,,*6F
$GPGSA,A,3,,,,,,,,,,,,,2.6,2.3,1.2*34
$GPRMC,000254.00,A,5557.5034,N,03714.6304,E,0.0,0.0,010170,,,P*4B
$PFLAA,0,-1504,4132,650,0,151E01!FLR_151E01,290,,447,0.0,0*58
$PFLAA,0,-1579,-221,650,0,151E02!FLR_151E02,250,,447,0.0,0*46
$PFLAA,0,-3980,630,560,0,151E03!FLR_151E03,358,,401,0.0,0*6C
$PFLAA,0,-2781,1738,1424,0,151E1C!FLR_151E1C,249,,202,0.0,0*6E
$PFLAA,0,-2781,1738,600,0,151E04!FLR_151E04,340,,329,0.0,0*5B
$PFLAU,5,1,2,1,0,0,2,0,2147483647,000000*41
$GPGGA,000255.00,5557.5034,N,03714.6304,E,3,,2.3,0.0,M,12.0,M,,*6E
$GPGSA,A,3,,,,,,,,,,,,,2.6,2.3,1.2*34
$GPRMC,000255.00,A,5557.5034,N,03714.6304,E,0.0,0.0,010170,,,P*4A
$PFLAA,0,-1504,4132,650,0,151E01!FLR_151E01,290,,447,0.0,0*58
$PFLAA,0,-1579,-221,650,0,151E02!FLR_151E02,250,,447,0.0,0*46
$PFLAA,0,-3980,630,560,0,151E03!FLR_151E03,358,,401,0.0,0*6C
$PFLAA,0,-2781,1738,1424,0,151E1C!FLR_151E1C,249,,202,0.0,0*6E
$PFLAA,0,-2781,1738,600,0,151E04!FLR_151E04,340,,329,0.0,0*5B
$PFLAU,5,1,2,1,0,0,2,0,2147483647,000000*41
$GPGGA,000256.00,5557.5034,N,03714.6304,E,3,,2.3,0.0,M,12.0,M,,*6D
$GPGSA,A,3,,,,,,,,,,,,,2.6,2.3,1.2*34
$GPRMC,000256.00,A,5557.5034,N,03714.6304,E,0.0,0.0,010170,,,P*49
$PFLAA,0,-1376,3783,600,0,151E01!FLR_151E01,290,,432,0.0,0*57
$PFLAA,0,-1720,-559,600,0,151E02!FLR_151E02,250,,432,0.0,0*47
$PFLAA,0,-3430,604,520,0,151E03!FLR_151E03,358,,385,0.0,0*62
$PFLAA,0,-2330,1456,1424,0,151E1C!FLR_151E1C,249,,202,0.0,0*6B
$PFLAA,0,-2330,1456,550,0,151E04!FLR_151E04,340,,313,0.0,0*51
$PFLAU,5,1,2,1,0,0,2,0,2147483647,000000*41
$GPGGA,000257.00,5557.5034,N,03714.6304,E,3,,2.3,0.0,M,12.0,M,,*6C
$GPGSA,A,3,,,,,,,,,,,,,2.6,2.3,1.2*34
$GPRMC,000257.00,A,5557.5034,N,03714.6304,E,0.0,0.0,010170,,,P*48
$PFLAA,0,-1376,3783,600,0,151E01!FLR_151E01,290,,432,0.0,0*57
$PFLAA,0,-1720,-559,600,0,151E02!FLR_151E02,250,,432,0.0,0*47
$PFLAA,0,-3430,604,520,0,151E03!FLR_151E03,358,,385,0.0,0*62
$PFLAA,0,-2330,1456,1424,0,151E1C!FLR_151E1C,249,,202,0.0,0*6B
$PFLAA,0,-2330,1456,550,0,151E04!FLR_151E04,340,,313,0.0,0*51
$PFLAU,5,1,2,1,0,0,2,0,2147483647,000000*41
$GPGGA,000258.00,5557.5034,N,03714.6304,E,3,,2.3,0.0,M,12.0,M,,*63
$GPGSA,A,3,,,,,,,,,,,,,2.6,2.3,1.2*34
$GPRMC,000258.00,A,5557.5034,N,03714.6304,E,0.0,0.0,010170,,,P*47
$PFLAA,0,-1249,3433,550,0,151E01!FLR_151E01,290,,416,0.0,0*52
$PFLAA,0,-1859,-906,550,0,151E02!FLR_151E02,250,,416,0.0,0*40
$PFLAA,0,-2892,510,480,0,151E03!FLR_151E03,358,,370,0.0,0*60
$PFLAA,0,-1886,1178,1424,0,151E1C!FLR_151E1C,249,,202,0.0,0*67
$PFLAA,0,-1886,1178,500,0,151E04!FLR_151E04,340,,298,0.0,0*5A
$PFLAU,5,1,2,1,0,170,2,480,2937,151E03*3D
$GPGGA,000259.00,5557.5034,N,03714.6304,E,3,,2.3,0.0,M,12.0,M,,*62
$GPGSA,A,3,,,,,,,,,,,,,2.6,2.3,1.2*34
$GPRMC,000259.00,A,5557.5034,N,03714.6304,E,0.0,0.0,010170,,,P*46
$PFLAA,0,-1122,3084,500,0,151E01!FLR_151E01,290,,401,0.0,0*57
$PFLAA,0,-2000,-1249,500,0,151E02!FLR_151E02,250,,401,0.0,0*75
$PFLAA,0,-2347,456,440,0,151E03!FLR_151E03,358,,354,0.0,0*6A
$PFLAA,0,-1886,1178,1424,0,151E1C!FLR_151E1C,249,,202,0.0,0*67
$PFLAA,0,-1448,904,450,0,151E04!FLR_151E04,340,,282,0.0,0*69
$PFLAU,5,1,2,1,0,148,2,450,1707,151E04*32
$GPGGA,000300.00,5557.5034,N,03714.6304,E,3,,2.3,0.0,M,12.0,M,,*6F
$GPGSA,A,3,,,,,,,,,,,,,2.6,2.3,1.2*34
$GPRMC,000300.00,A,5557.5034,N,03714.6304,E,0.0,0.0,010170,,,P*4B
$PFLAA,0,-1122,3084,500,0,151E01!FLR_151E01,290,,401,0.0,0*57
$PFLAA,0,-2000,-1249,500,0,151E02!FLR_151E02,250,,401,0.0,0*75
$PFLAA,0,-2347,456,440,0,151E03!FLR_151E03,358,,354,0.0,0*6A
$PFLAA,0,-1448,904,1424,0,151E1C!FLR_151E1C,249,,202,0.0,0*5B
$PFLAA,0,-1448,904,450,0,151E04!FLR_151E04,340,,282,0.0,0*69
$PFLAU,5,1,2,1,0,148,2,450,1707,151E04*32
$GPGGA,000301.00,5557.5034,N,03714.6304,E,3,,2.3,0.0,M,12.0,M,,*6E
$GPGSA,A,3,,,,,,,,,,,,,2.6,2.3,1.2*34
$GPRMC,000301.00,A,5557.5034,N,03714.6304,E,0.0,0.0,010170,,,P*4A
$PFLAA,0,-995,2734,450,0,151E01!FLR_151E01,290,,385,0.0,0*60
$PFLAA,0,-2131,-1606,450,0,151E02!FLR_151E02,250,,385,0.0,0*76
$PFLAA,0,-1800,415,400,0,151E03!FLR_151E03,358,,339,0.0,0*69
$PFLAA,0,-1004,652,1424,0,151E1C!FLR_151E1C,249,,202,0.0,0*5B
$PFLAA,0,-1004,652,400,0,151E04!FLR_151E04,340,,267,0.0,0*67
$PFLAU,5,1,2,1,0,147,2,400,1197,151E04*37
$GPGGA,000302.00,5557.5034,N,03714.6304,E,3,,2.3,0.0,M,12.0,M,,*6D
$GPGSA,A,3,,,,,,,,,,,,,2.6,2.3,1.2*34
$GPRMC,000302.00,A,5557.5034,N,03714.6304,E,0.0,0.0,010170,,,P*49
$PFLAA,0,-995,2734,450,0,151E01!FLR_151E01,290,,385,0.0,0*60
$PFLAA,0,-2131,-1606,450,0,151E02!FLR_151E02,250,,385,0.0,0*76
$PFLAA,0,-1800,415,400,0,151E03!FLR_151E03,358,,339,0.0,0*69
$PFLAA,0,-1004,652,1424,0,151E1C!FLR_151E1C,249,,202,0.0,0*5B
$PFLAA,0,-1004,652,400,0,151E04!FLR_151E04,340,,267,0.0,0*67
$PFLAU,5,1,2,1,0,147,2,400,1197,151E04*37
$GPGGA,000303.00,5557.5034,N,03714.6304,E,3,,2.3,0.0,M,12.0,M,,*6C
$GPGSA,A,3,,,,,,,,,,,,,2.6,2.3,1.2*34
$GPRMC,000303.00,A,5557.5034,N,03714.6304,E,0.0,0.0,010170,,,P*48
$PFLAA,0,-868,2385,400,0,151E01!FLR_151E01,290,,370,0.0,0*62
$PFLAA,0,-2259,-1963,400,0,151E02!FLR_151E02,250,,370,0.0,0*78
$PFLAA,0,-1250,382,360,0,151E03!FLR_151E03,358,,324,0.0,0*62
$PFLAA,0,-569,399,1424,0,151E1C!FLR_151E1C,249,,202,0.0,0*66
$PFLAA,0,-569,399,350,0,151E04!FLR_151E04,340,,252,0.0,0*5E
$PFLAU,5,1,2,1,0,145,2,350,695,151E04*03
$GPGGA,000304.00,5557.5034,N,03714.6304,E,3,,2.3,0.0,M,12.0,M,,*6B
$GPGSA,A,3,,,,,,,,,,,,,2.6,2.3,1.2*34
$GPRMC,000304.00,A,5557.5034,N,03714.6304,E,0.0,0.0,010170,,,P*4F
$PFLAA,0,-868,2385,400,0,151E01!FLR_151E01,290,,370,0.0,0*62
$PFLAA,0,-2259,-1963,400,0,151E02!FLR_151E02,250,,370,0.0,0*78
$PFLAA,0,-1250,382,360,0,151E03!FLR_151E03,358,,324,0.0,0*62
$PFLAA,0,-569,399,1424,0,151E1C!FLR_151E1C,249,,202,0.0,0*66
$PFLAA,0,-569,399,350,0,151E04!FLR_151E04,340,,252,0.0,0*5E
$PFLAU,5,1,2,1,0,145,2,350,695,151E04*03
$GPGGA,000305.00,5557.5034,N,03714.6304,E,3,,2.3,0.0,M,12.0,M,,*6A
$GPGSA,A,3,,,,,,,,,,,,,2.6,2.3,1.2*34
$GPRMC,000305.00,A,5557.5034,N,03714.6304,E,0.0,0.0,010170,,,P*4E
$PFLAA,0,-740,2035,350,0,151E01!FLR_151E01,290,,354,0.0,0*6B
$PFLAA,0,-2393,-2311,350,0,151E02!FLR_151E02,250,,354,0.0,0*77
$PFLAA,0,-710,316,320,0,151E03!FLR_151E03,358,,308,0.0,0*55
$PFLAA,0,-125,172,1424,0,151E1C!FLR_151E1C,249,,202,0.0,0*6D
$PFLAA,0,-125,172,300,0,151E04!FLR_151E04,340,,236,0.0,0*52
$PFLAU,5,1,2,1,0,126,2,300,212,151E04*08
$GPGGA,000306.00,5557.5034,N,03714.6304,E,3,,2.3,0.0,M,12.0,M,,*69
$GPGSA,A,3,,,,,,,,,,,,,2.6,2.3,1.2*34
$GPRMC,000306.00,A,5557.5034,N,03714.6304,E,0.0,0.0,010170,,,P*4D
$PFLAA,0,-740,2035,350,0,151E01!FLR_151E01,290,,354,0.0,0*6B
$PFLAA,0,-2393,-2311,350,0,151E02!FLR_151E02,250,,354,0.0,0*77
$PFLAA,0,-710,316,320,0,151E03!FLR_151E03,358,,308,0.0,0*55
$PFLAA,0,-125,172,1424,0,151E1C!FLR_151E1C,249,,202,0.0,0*6D
$PFLAA,0,-125,172,300,0,151E04!FLR_151E04,340,,236,0.0,0*52
$PFLAU,5,1,2,1,0,126,2,300,212,151E04*08
$GPGGA,000307.00,5557.5034,N,03714.6304,E,3,,2.3,0.0,M,12.0,M,,*68
$GPGSA,A,3,,,,,,,,,,,,,2.6,2.3,1.2*34
$GPRMC,000307.00,A,5557.5034,N,03714.6304,E,0.0,0.0,010170,,,P*4C
$PFLAA,0,-613,1686,300,0,151E01!FLR_151E01,290,,339,0.0,0*6F
$PFLAA,0,-2549,-2639,300,0,151E02!FLR_151E02,250,,339,0.0,0*77
$PFLAA,3,-162,270,280,0,151E03!FLR_151E03,358,,293,0.0,0*5C
$PFLAA,3,315,-49,250,0,151E04!FLR_151E04,340,,221,0.0,0*6B
$PFLAU,4,1,2,1,3,121,2,280,315,151E03*05
$GPGGA,000308.00,5557.5034,N,03714.6304,E,3,,2.3,0.0,M,12.0,M,,*67
$GPGSA,A,3,,,,,,,,,,,,,2.6,2.3,1.2*34
$GPRMC,000308.00,A,5557.5034,N,03714.6304,E,0.0,0.0,010170,,,P*43
$PFLAA,0,-613,1686,300,0,151E01!FLR_151E01,290,,339,0.0,0*6F
$PFLAA,0,-2549,-2639,300,0,151E02!FLR_151E02,250,,339,0.0,0*77
$PFLAA,3,-162,270,280,0,151E03!FLR_151E03,358,,293,0.0,0*5C
$PFLAA,3,315,-49,250,0,151E04!FLR_151E04,340,,221,0.0,0*6B
$PFLAU,4,1,2,1,3,121,2,280,315,151E03*05
$GPGGA,000310.00,5557.5034,N,03714.6304,E,3,,2.3,0.0,M,12.0,M,,*6E
$GPGSA,A,3,,,,,,,,,,,,,2.6,2.3,1.2*34
$GPRMC,000310.00,A,5557.5034,N,03714.6304,E,0.0,0.0,010170,,,P*4A
$PFLAA,1,-486,1336,250,0,151E01!FLR_151E01,290,,324,0.0,0*66
$PFLAA,0,-2687,-2984,250,0,151E02!FLR_151E02,250,,324,0.0,0*77
$PFLAA,2,383,221,240,0,151E03!FLR_151E03,358,,277,0.0,0*7F
$PFLAA,1,756,-260,200,0,151E04!FLR_151E04,340,,205,0.0,0*50
$PFLAU,4,1,2,1,2,30,2,240,442,151E03*3C
$GPGGA,000311.00,5557.5034,N,03714.6304,E,3,,2.3,0.0,M,12.0,M,,*6F
$GPGSA,A,3,,,,,,,,,,,,,2.6,2.3,1.2*34
$GPRMC,000311.00,A,5557.5034,N,03714.6304,E,0.0,0.0,010170,,,P*4B
$PFLAA,1,-486,1336,250,0,151E01!FLR_151E01,290,,324,0.0,0*66
$PFLAA,0,-2687,-2984,250,0,151E02!FLR_151E02,250,,324,0.0,0*77
$PFLAA,2,383,221,240,0,151E03!FLR_151E03,358,,277,0.0,0*7F
$PFLAA,1,756,-260,200,0,151E04!FLR_151E04,340,,205,0.0,0*50
$PFLAU,4,1,2,1,2,30,2,240,442,151E03*3C
$GPGGA,000312.00,5557.5034,N,03714.6304,E,3,,2.3,0.0,M,12.0,M,,*6C
$GPGSA,A,3,,,,,,,,,,,,,2.6,2.3,1.2*34
$GPRMC,000312.00,A,5557.5034,N,03714.6304,E,0.0,0.0,010170,,,P*48
$PFLAA,1,-359,987,200,0,151E01!FLR_151E01,290,,308,0.0,0*59
$PFLAA,0,-2794,-3330,200,0,151E02!FLR_151E02,250,,308,0.0,0*7B
$PFLAA,1,930,164,200,0,151E03!FLR_151E03,358,,262,0.0,0*7C
$PFLAA,1,1197,-459,150,0,151E04!FLR_151E04,340,,190,0.0,0*6F
$PFLAU,4,1,2,1,1,10,2,200,944,151E03*32
$GPGGA,000313.00,5557.5034,N,03714.6304,E,3,,2.3,0.0,M,12.0,M,,*6D
$GPGSA,A,3,,,,,,,,,,,,,2.6,2.3,1.2*34
$GPRMC,000313.00,A,5557.5034,N,03714.6304,E,0.0,0.0,010170,,,P*49
$PFLAA,1,-359,987,200,0,151E01!FLR_151E01,290,,308,0.0,0*59
$PFLAA,0,-2794,-3330,200,0,151E02!FLR_151E02,250,,308,0.0,0*7B
$PFLAA,1,930,164,200,0,151E03!FLR_151E03,358,,262,0.0,0*7C
$PFLAA,1,1197,-459,150,0,151E04!FLR_151E04,340,,190,0.0,0*6F
$PFLAU,4,1,2,1,1,10,2,200,944,151E03*32
$GPGGA,000506.00,5557.5034,N,03714.6304,E,3,,2.3,0.0,M,12.0,M,,*6F
$GPGSA,A,3,,,,,,,,,,,,,2.6,2.3,1.2*34
$GPRMC,000506.00,A,5557.5034,N,03714.6304,E,0.0,0.0,010170,,,P*4B
$PFLAA,0,-2509,6537,350,0,151E01!FLR_151E01,110,,447,0.0,0*5B
$PFLAA,0,1638,7706,350,0,151E02!FLR_151E02,250,,447,0.0,0*72
$PFLAA,2,383,221,290,0,151E03!FLR_151E03,178,,370,0.0,0*74
$PFLAA,0,749,-544,400,0,151E04!FLR_151E04,150,,20,0.0,0*6E
$PFLAU,4,1,2,1,2,30,2,290,442,151E03*31
$GPGGA,000507.00,5557.5034,N,03714.6304,E,3,,2.3,0.0,M,12.0,M,,*6E
$GPGSA,A,3,,,,,,,,,,,,,2.6,2.3,1.2*34
$GPRMC,000507.00,A,5557.5034,N,03714.6304,E,0.0,0.0,010170,,,P*4A
$PFLAA,0,-2376,6189,400,0,151E01!FLR_151E01,290,,432,0.0,0*5F
$PFLAA,0,1433,7374,400,0,151E02!FLR_151E02,250,,432,0.0,0*7A
$PFLAA,0,-162,270,330,0,151E03!FLR_151E03,178,,354,0.0,0*5F
$PFLAA,0,309,-355,350,0,151E04!FLR_151E04,150,,360,0.0,0*5D
$PFLAU,4,1,2,1,0,121,2,330,316,151E03*0F
$GPGGA,000508.00,5557.5034,N,03714.6304,E,3,,2.3,0.0,M,12.0,M,,*61
$GPGSA,A,3,,,,,,,,,,,,,2.6,2.3,1.2*34
$GPRMC,000508.00,A,5557.5034,N,03714.6304,E,0.0,0.0,010170,,,P*45
$PFLAA,0,-2376,6189,400,0,151E01!FLR_151E01,290,,432,0.0,0*5F
$PFLAA,0,1433,7374,400,0,151E02!FLR_151E02,250,,432,0.0,0*7A
$PFLAA,0,-162,270,330,0,151E03!FLR_151E03,178,,354,0.0,0*5F
$PFLAA,0,309,-355,350,0,151E04!FLR_151E04,150,,360,0.0,0*5D
$PFLAU,4,1,2,1,0,121,2,330,316,151E03*0F
$GPGGA,000509.00,5557.5034,N,03714.6304,E,3,,2.3,0.0,M,12.0,M,,*60
$GPGSA,A,3,,,,,,,,,,,,,2.6,2.3,1.2*34
$GPRMC,000509.00,A,5557.5034,N,03714.6304,E,0.0,0.0,010170,,,P*44
$PFLAA,0,-2242,5842,450,0,151E01!FLR_151E01,290,,416,0.0,0*57
$PFLAA,0,1363,7016,450,0,151E02!FLR_151E02,250,,416,0.0,0*7C
$PFLAA,0,-710,316,370,0,151E03!FLR_151E03,178,,339,0.0,0*52
$PFLAA,0,-129,-160,300,0,151E04!FLR_151E04,150,,344,0.0,0*77
$PFLAU,4,1,2,1,0,-129,2,300,206,151E04*2E

-----------------------------------------------
Date: 12.06.2024 - 15:17:14
End log file
