Terminal log file
Date: 20.06.2024 - 19:17:53
-----------------------------------------------
FLAA,0,3414,-1175,100,3,155C11!OGN_155C11,150,,252,0.0,9*47
$FLYRF,155C11,1501, SMD6405,100,252,150,-150,55.989120,37.225105,9,0*4F
$PFLAA,1,686,-1788,200,3,FB470C!OGN_FB470C,109,,383,0.0,1*72
$FLYRF,FB470C,1501, SMD6405,200,383,109,-150,55.964634,37.215160,1,0*42
$PFLAU,5,1,2,1,1,-69,2,200,1915,FB470C*22
$GPGGA,000221.00,5557.5034,N,03714.6304,E,3,,2.3,0.0,M,12.0,M,,*6D
$GPGSA,A,3,,,,,,,,,,,,,2.6,2.3,1.2*34
$GPRMC,000221.00,A,5557.5034,N,03714.6304,E,0.0,0.0,010170,,,P*49
$PFLAA,0,-1179,3072,900,3,151DC8!OGN_151DC8,110,,200,0.0,9*44
$FLYRF,151DC8,1521, AFL1118,900,200,110,50,55.947643,37.293083,9,0*3F
$PFLAA,0,792,5640,900,3,151DA0!OGN_151DA0,250,,200,0.0,9*5D
$FLYRF,151DA0,2123, AFL2122,900,200,250,100,55.964836,37.334606,9,0*03
$PFLAA,0,3111,-54,730,3,151DCF!OGN_151DCF,178,,169,0.0,9*40
$FLYRF,151DCF,2751, AFL1684,730,169,178,-50,55.986366,37.243755,9,0*69
$PFLAA,0,2972,-1023,150,3,155C11!OGN_155C11,150,,236,0.0,9*4E
$FLYRF,155C11,1501, SMD6405,150,236,150,-150,55.985134,37.227501,9,0*43
$PFLAA,0,419,-1093,300,3,FB470C!OGN_FB470C,109,,383,0.0,1*7B
$FLYRF,FB470C,1501, SMD6405,300,383,109,-150,55.962208,37.226307,1,0*4D
$PFLAU,5,1,2,1,0,-69,2,300,1171,FB470C*28
$GPGGA,000222.00,5557.5034,N,03714.6304,E,3,,2.3,0.0,M,12.0,M,,*6E
$GPGSA,A,3,,,,,,,,,,,,,2.6,2.3,1.2*34
$GPRMC,000222.00,A,5557.5034,N,03714.6304,E,0.0,0.0,010170,,,P*4A
$PFLAA,0,-1179,3072,900,3,151DC8!OGN_151DC8,110,,200,0.0,9*44
$FLYRF,151DC8,1521, AFL1118,900,200,110,50,55.947643,37.293083,9,0*3F
$PFLAA,0,792,5640,900,3,151DA0!OGN_151DA0,250,,200,0.0,9*5D
$FLYRF,151DA0,2123, AFL2122,900,200,250,100,55.964836,37.334606,9,0*03
$PFLAA,0,3111,-54,730,3,151DCF!OGN_151DCF,178,,169,0.0,9*40
$FLYRF,151DCF,2751, AFL1684,730,169,178,-50,55.986366,37.243755,9,0*69
$PFLAA,0,2972,-1023,150,3,155C11!OGN_155C11,150,,236,0.0,9*4E
$FLYRF,155C11,1501, SMD6405,150,236,150,-150,55.985134,37.227501,9,0*43
$PFLAA,0,419,-1093,300,3,FB470C!OGN_FB470C,109,,383,0.0,1*7B
$FLYRF,FB470C,1501, SMD6405,300,383,109,-150,55.962208,37.226307,1,0*4D
$PFLAU,5,1,2,1,0,-69,2,300,1171,FB470C*28
$GPGGA,000223.00,5557.5034,N,03714.6304,E,3,,2.3,0.0,M,12.0,M,,*6F
$GPGSA,A,3,,,,,,,,,,,,,2.6,2.3,1.2*34
$GPRMC,000223.00,A,5557.5034,N,03714.6304,E,0.0,0.0,010170,,,P*4B
$PFLAA,0,-1312,3419,950,3,151DC8!OGN_151DC8,110,,185,0.0,9*49
$FLYRF,151DC8,1521, AFL1118,950,185,110,50,55.946430,37.298649,9,0*38
$PFLAA,0,650,5296,950,3,151DA0!OGN_151DA0,250,,185,0.0,9*56
$FLYRF,151DA0,2123, AFL2122,950,185,250,100,55.963623,37.329041,9,0*0C
$PFLAA,0,2566,0,770,3,151DCF!OGN_151DCF,178,,154,0.0,9*53
$FLYRF,151DCF,2751, AFL1684,770,154,178,-50,55.981457,37.244492,9,0*6E
$PFLAA,0,2527,-870,200,3,155C11!OGN_155C11,150,,221,0.0,9*7D
$FLYRF,155C11,1501, SMD6405,200,221,150,-150,55.981148,37.230019,9,0*46
$PFLAA,0,286,-747,350,3,FB470C!OGN_FB470C,109,,370,0.0,1*4D
$FLYRF,FB470C,1501, SMD6405,350,370,109,-150,55.960995,37.231853,1,0*45
$PFLAU,5,1,2,1,0,-69,2,350,800,FB470C*13
$GPGGA,000224.00,5557.5034,N,03714.6304,E,3,,2.3,0.0,M,12.0,M,,*68
$GPGSA,A,3,,,,,,,,,,,,,2.6,2.3,1.2*34
$GPRMC,000224.00,A,5557.5034,N,03714.6304,E,0.0,0.0,010170,,,P*4C
$PFLAA,0,-1312,3419,950,3,151DC8!OGN_151DC8,110,,185,0.0,9*49
$FLYRF,151DC8,1521, AFL1118,950,185,110,50,55.946430,37.298649,9,0*38
$PFLAA,0,650,5296,950,3,151DA0!OGN_151DA0,250,,185,0.0,9*56
$FLYRF,151DA0,2123, AFL2122,950,185,250,100,55.963623,37.329041,9,0*0C
$PFLAA,0,2566,0,770,3,151DCF!OGN_151DCF,178,,154,0.0,9*53
$FLYRF,151DCF,2751, AFL1684,770,154,178,-50,55.981457,37.244492,9,0*6E
$PFLAA,0,2527,-870,200,3,155C11!OGN_155C11,150,,221,0.0,9*7D
$FLYRF,155C11,1501, SMD6405,200,221,150,-150,55.981148,37.230019,9,0*46
$PFLAA,0,153,-399,400,3,FB470C!OGN_FB470C,109,,354,0.0,1*45
$FLYRF,FB470C,1501, SMD6405,400,354,109,-150,55.959782,37.237427,1,0*4A
$PFLAU,5,1,2,1,0,-69,2,400,428,FB470C*17
$GPGGA,000225.00,5557.5034,N,03714.6304,E,3,,2.3,0.0,M,12.0,M,,*69
$GPGSA,A,3,,,,,,,,,,,,,2.6,2.3,1.2*34
$GPRMC,000225.00,A,5557.5034,N,03714.6304,E,0.0,0.0,010170,,,P*4D
$PFLAA,0,-1446,3767,1000,3,151DC8!OGN_151DC8,110,,169,0.0,9*7A
$FLYRF,151DC8,1521, AFL1118,1000,169,110,50,55.945217,37.304214,9,0*0F
$PFLAA,0,520,4951,1000,3,151DA0!OGN_151DA0,250,,169,0.0,9*6C
$FLYRF,151DA0,2123, AFL2122,1000,169,250,100,55.962410,37.323475,9,0*39
$PFLAA,0,2020,70,810,3,151DCF!OGN_151DCF,178,,138,0.0,9*60
$FLYRF,151DCF,2751, AFL1684,810,138,178,-50,55.976547,37.245228,9,0*63
$PFLAA,0,2080,-716,250,3,155C11!OGN_155C11,150,,205,0.0,9*79
$FLYRF,155C11,1501, SMD6405,250,205,150,-150,55.977161,37.232658,9,0*46
$PFLAA,0,153,-399,400,3,FB470C!OGN_FB470C,109,,354,0.0,1*45
$FLYRF,FB470C,1501, SMD6405,400,354,109,-150,55.959782,37.237427,1,0*4A
$PFLAU,5,1,2,1,0,-69,2,400,428,FB470C*17
$GPGGA,000227.00,5557.5034,N,03714.6304,E,3,,2.3,0.0,M,12.0,M,,*6B
$GPGSA,A,3,,,,,,,,,,,,,2.6,2.3,1.2*34
$GPRMC,000227.00,A,5557.5034,N,03714.6304,E,0.0,0.0,010170,,,P*4F
$PFLAA,0,-1446,3767,1000,3,151DC8!OGN_151DC8,110,,169,0.0,9*7A
$FLYRF,151DC8,1521, AFL1118,1000,169,110,50,55.945217,37.304214,9,0*0F
$PFLAA,0,520,4951,1000,3,151DA0!OGN_151DA0,250,,169,0.0,9*6C
$FLYRF,151DA0,2123, AFL2122,1000,169,250,100,55.962410,37.323475,9,0*39
$PFLAA,0,2020,70,810,3,151DCF!OGN_151DCF,178,,138,0.0,9*60
$FLYRF,151DCF,2751, AFL1684,810,138,178,-50,55.976547,37.245228,9,0*63
$PFLAA,0,2080,-716,250,3,155C11!OGN_155C11,150,,205,0.0,9*79
$FLYRF,155C11,1501, SMD6405,250,205,150,-150,55.977161,37.232658,9,0*46
$PFLAA,0,153,-399,400,3,FB470C!OGN_FB470C,109,,354,0.0,1*45
$FLYRF,FB470C,1501, SMD6405,400,354,109,-150,55.959782,37.237427,1,0*4A
$PFLAU,5,1,2,1,0,-69,2,400,428,FB470C*17
$GPGGA,000228.00,5557.5034,N,03714.6304,E,3,,2.3,0.0,M,12.0,M,,*64
$GPGSA,A,3,,,,,,,,,,,,,2.6,2.3,1.2*34
$GPRMC,000228.00,A,5557.5034,N,03714.6304,E,0.0,0.0,010170,,,P*40
$PFLAA,0,-1579,4114,1050,3,151DC8!OGN_151DC8,110,,154,0.0,9*79
$FLYRF,151DC8,1521, AFL1118,1050,154,110,50,55.944004,37.309780,9,0*00
$PFLAA,0,322,4611,1050,3,151DA0!OGN_151DA0,250,,154,0.0,9*68
$FLYRF,151DA0,2123, AFL2122,1050,154,250,100,55.961197,37.317909,9,0*3A
$PFLAA,0,1473,128,850,3,151DCF!OGN_151DCF,178,,123,0.0,9*53
$FLYRF,151DCF,2751, AFL1684,850,123,178,-50,55.971638,37.245964,9,0*62
$PFLAA,0,1641,-533,300,3,155C11!OGN_155C11,150,,190,0.0,9*7F
$FLYRF,155C11,1501, SMD6405,300,190,150,-150,55.973175,37.235432,9,0*45
$PFLAA,0,19,-52,450,3,FB470C!OGN_FB470C,109,,339,0.0,1*40
$FLYRF,FB470C,1501, SMD6405,450,339,109,-150,55.958569,37.243000,1,0*40
$PFLAU,5,1,2,1,0,-70,2,450,55,FB470C*24
$GPGGA,000229.00,5557.5034,N,03714.6304,E,3,,2.3,0.0,M,12.0,M,,*65
$GPGSA,A,3,,,,,,,,,,,,,2.6,2.3,1.2*34
$GPRMC,000229.00,A,5557.5034,N,03714.6304,E,0.0,0.0,010170,,,P*41
$PFLAA,0,-1579,4114,1050,3,151DC8!OGN_151DC8,110,,154,0.0,9*79
$FLYRF,151DC8,1521, AFL1118,1050,154,110,50,55.944004,37.309780,9,0*00
$PFLAA,0,322,4611,1050,3,151DA0!OGN_151DA0,250,,154,0.0,9*68
$FLYRF,151DA0,2123, AFL2122,1050,154,250,100,55.961197,37.317909,9,0*3A
$PFLAA,0,1473,128,850,3,151DCF!OGN_151DCF,178,,123,0.0,9*53
$FLYRF,151DCF,2751, AFL1684,850,123,178,-50,55.971638,37.245964,9,0*62
$PFLAA,0,1641,-533,300,3,155C11!OGN_155C11,150,,190,0.0,9*7F
$FLYRF,155C11,1501, SMD6405,300,190,150,-150,55.973175,37.235432,9,0*45
$PFLAA,0,-112,294,500,3,FB470C!OGN_FB470C,109,,324,0.0,1*4A
$FLYRF,FB470C,1501, SMD6405,500,324,109,-150,55.957352,37.248547,1,0*44
$PFLAU,5,1,2,1,0,-18,2,300,1725,155C11*2F
$GPGGA,000230.00,5557.5034,N,03714.6304,E,3,,2.3,0.0,M,12.0,M,,*6D
$GPGSA,A,3,,,,,,,,,,,,,2.6,2.3,1.2*34
$GPRMC,000230.00,A,5557.5034,N,03714.6304,E,0.0,0.0,010170,,,P*49
$PFLAA,0,-1712,4461,1100,3,151DC8!OGN_151DC8,110,,138,0.0,9*7F
$FLYRF,151DC8,1521, AFL1118,1100,138,110,50,55.942791,37.315346,9,0*00
$PFLAA,0,223,4263,1100,3,151DA0!OGN_151DA0,250,,138,0.0,9*67
$FLYRF,151DA0,2123, AFL2122,1100,138,250,100,55.959984,37.312344,9,0*33
$PFLAA,0,930,164,890,3,151DCF!OGN_151DCF,178,,108,0.0,9*65
$FLYRF,151DCF,2751, AFL1684,890,108,178,-50,55.966728,37.246700,9,0*6E
$PFLAA,0,1200,-344,350,3,155C11!OGN_155C11,150,,174,0.0,9*77
$FLYRF,155C11,1501, SMD6405,350,174,150,-150,55.969189,37.238342,9,0*4F
$PFLAA,0,-112,294,500,3,FB470C!OGN_FB470C,109,,324,0.0,1*4A
$FLYRF,FB470C,1501, SMD6405,500,324,109,-150,55.957352,37.248547,1,0*44
$PFLAU,5,1,2,1,0,-16,2,350,1248,155C11*2A

-----------------------------------------------
Date: 20.06.2024 - 19:18:03
End log file
