Terminal log file
Date: 13.06.2024 - 13:05:10
-----------------------------------------------
65|158|75|0|83|84|87|49|51|54|32|32|0|0|0|0|0|0|0|0|168|3|0|0|86|1|0|0|253|0|0|0|128|2|0|0|0|0|0|0|0|0|0|0|84|39|0|0|31|0|0|0|0|0|0|0|0|0|0|0|0|0|0|0|0|0|0|0|0|0|0|0|0|0|0|0|0|0|0|0|0|0|0|0|0|0|0|0|1|255|255|255|End
65|158|75|0|83|84|87|49|51|54|32|32|0|0|0|0|0|0|0|0|168|3|0|0|86|1|0|0|253|0|0|0|128|2|0|0|1|0|0|0|0|0|0|0|84|39|0|0|31|0|0|0|0|0|0|0|0|0|0|0|0|0|0|0|0|0|0|0|0|0|0|0|0|0|0|0|0|0|0|0|0|0|0|0|0|0|0|0|1|255|255|255|End
65|158|75|0|83|84|87|49|51|54|32|32|0|0|0|0|0|0|0|0|168|3|0|0|86|1|0|0|253|0|0|0|128|2|0|0|0|0|0|0|0|0|0|0|84|39|0|0|31|0|0|0|0|0|0|0|0|0|0|0|0|0|0|0|0|0|0|0|0|0|0|0|0|0|0|0|0|0|0|0|0|0|0|0|0|0|0|0|1|255|255|255|End
65|158|75|0|83|84|87|49|51|54|32|32|0|0|0|0|0|0|0|0|168|3|0|0|86|1|0|0|253|0|0|0|128|2|0|0|0|0|0|0|0|0|0|0|84|39|0|0|31|0|0|0|0|0|0|0|0|0|0|0|0|0|0|0|0|0|0|0|0|0|0|0|0|0|0|0|0|0|0|0|0|0|0|0|0|0|0|0|1|255|255|255|End
65|158|75|0|83|84|87|49|51|54|32|32|0|0|0|0|0|0|0|0|168|3|0|0|86|1|0|0|253|0|0|0|128|2|0|0|0|0|0|0|0|0|0|0|84|39|0|0|31|0|0|0|0|0|0|0|0|0|0|0|0|0|0|0|0|0|0|0|0|0|0|0|0|0|0|0|0|0|0|0|0|0|0|0|0|0|0|0|1|255|255|255|End
65|158|75|0|83|84|87|49|51|54|32|32|0|0|0|0|0|0|0|0|168|3|0|0|86|1|0|0|253|0|0|0|128|2|0|0|1|0|0|0|0|0|0|0|84|39|0|0|31|0|0|0|0|0|0|0|0|0|0|0|0|0|0|0|0|0|0|0|0|0|0|0|0|0|0|0|0|0|0|0|0|0|0|0|0|0|0|0|1|255|255|255|End
65|158|75|0|83|84|87|49|51|54|32|32|0|0|0|0|0|0|0|0|168|3|0|0|86|1|0|0|253|0|0|0|128|2|0|0|0|0|0|0|0|0|0|0|84|39|0|0|31|0|0|0|0|0|0|0|0|0|0|0|0|0|0|0|0|0|0|0|0|0|0|0|0|0|0|0|0|0|0|0|0|0|0|0|0|0|0|0|1|255|255|255|End
65|158|75|0|83|84|87|49|51|54|32|32|0|0|0|0|0|0|0|0|168|3|0|0|86|1|0|0|253|0|0|0|128|2|0|0|0|0|0|0|0|0|0|0|84|39|0|0|31|0|0|0|0|0|0|0|0|0|0|0|0|0|0|0|0|0|0|0|0|0|0|0|0|0|0|0|0|0|0|0|0|0|0|0|0|0|0|0|1|255|255|255|End
65|158|75|0|83|84|87|49|51|54|32|32|0|0|0|0|0|0|0|0|168|3|0|0|86|1|0|0|253|0|0|0|128|2|0|0|0|0|0|0|0|0|0|0|84|39|0|0|31|0|0|0|0|0|0|0|0|0|0|0|0|0|0|0|0|0|0|0|0|0|0|0|0|0|0|0|0|0|0|0|0|0|0|0|0|0|0|0|1|255|255|255|End
65|158|75|0|83|84|87|49|51|54|32|32|0|0|0|0|0|0|0|0|168|3|0|0|86|1|0|0|253|0|0|0|128|2|0|0|1|0|0|0|0|0|0|0|84|39|0|0|31|0|0|0|0|0|0|0|0|0|0|0|0|0|0|0|0|0|0|0|0|0|0|0|0|0|0|0|0|0|0|0|0|0|0|0|0|0|0|0|1|255|255|255|End
65|158|75|0|83|84|87|49|51|54|32|32|0|0|0|0|0|0|0|0|168|3|0|0|86|1|0|0|253|0|0|0|128|2|0|0|1|0|0|0|0|0|0|0|84|39|0|0|31|0|0|0|0|0|0|0|0|0|0|0|0|0|0|0|0|0|0|0|0|0|0|0|0|0|0|0|0|0|0|0|0|0|0|0|0|0|0|0|1|255|255|255|End
65|158|75|0|83|84|87|49|51|54|32|32|0|0|0|0|0|0|0|0|168|3|0|0|86|1|0|0|253|0|0|0|128|2|0|0|1|0|0|0|0|0|0|0|84|39|0|0|31|0|0|0|0|0|0|0|0|0|0|0|0|0|0|0|0|0|0|0|0|0|0|0|0|0|0|0|0|0|0|0|0|0|0|0|0|0|0|0|1|255|255|255|End
65|158|75|0|83|84|87|49|51|54|32|32|0|0|0|0|0|0|0|0|168|3|0|0|86|1|0|0|253|0|0|0|128|2|0|0|1|0|0|0|0|0|0|0|84|39|0|0|31|0|0|0|0|0|0|0|0|0|0|0|0|0|0|0|0|0|0|0|0|0|0|0|0|0|0|0|0|0|0|0|0|0|0|0|0|0|0|0|1|255|255|255|End
65|158|75|0|83|84|87|49|51|54|32|32|0|0|0|0|0|0|0|0|168|3|0|0|86|1|0|0|253|0|0|0|128|2|0|0|2|0|0|0|0|0|0|0|84|39|0|0|31|0|0|0|0|0|0|0|0|0|0|0|0|0|0|0|0|0|0|0|0|0|0|0|0|0|0|0|0|0|0|0|0|0|0|0|0|0|0|0|1|255|255|255|End
65|158|75|0|83|84|87|49|51|54|32|32|0|0|0|0|0|0|0|0|168|3|0|0|86|1|0|0|253|0|0|0|128|2|0|0|2|0|0|0|0|0|0|0|84|39|0|0|31|0|0|0|0|0|0|0|0|0|0|0|0|0|0|0|0|0|0|0|0|0|0|0|0|0|0|0|0|0|0|0|0|0|0|0|0|0|0|0|1|255|255|255|End
65|158|75|0|83|84|87|49|51|54|32|32|0|0|0|0|0|0|0|0|168|3|0|0|86|1|0|0|253|0|0|0|128|2|0|0|2|0|0|0|0|0|0|0|84|39|0|0|31|0|0|0|0|0|0|0|0|0|0|0|0|0|0|0|0|0|0|0|0|0|0|0|0|0|0|0|0|0|0|0|0|0|0|0|0|0|0|0|1|255|255|255|End
65|158|75|0|83|84|87|49|51|54|32|32|0|0|0|0|0|0|0|0|168|3|0|0|86|1|0|0|253|0|0|0|128|2|0|0|2|0|0|0|0|0|0|0|84|39|0|0|31|0|0|0|0|0|0|0|0|0|0|0|0|0|0|0|0|0|0|0|0|0|0|0|0|0|0|0|0|0|0|0|0|0|0|0|0|0|0|0|1|255|255|255|End
65|158|75|0|83|84|87|49|51|54|32|32|0|0|0|0|0|0|0|0|168|3|0|0|86|1|0|0|253|0|0|0|128|2|0|0|3|0|0|0|0|0|0|0|84|39|0|0|31|0|0|0|0|0|0|0|0|0|0|0|0|0|0|0|0|0|0|0|0|0|0|0|0|0|0|0|0|0|0|0|0|0|0|0|0|0|0|0|1|255|255|255|End
65|158|75|0|83|84|87|49|51|54|32|32|0|0|0|0|0|0|0|0|168|3|0|0|86|1|0|0|253|0|0|0|128|2|0|0|3|0|0|0|0|0|0|0|84|39|0|0|31|0|0|0|0|0|0|0|0|0|0|0|0|0|0|0|0|0|0|0|0|0|0|0|0|0|0|0|0|0|0|0|0|0|0|0|0|0|0|0|1|255|255|255|End
65|158|75|0|83|84|87|49|51|54|32|32|0|0|0|0|0|0|0|0|168|3|0|0|86|1|0|0|253|0|0|0|128|2|0|0|3|0|0|0|0|0|0|0|84|39|0|0|31|0|0|0|0|0|0|0|0|0|0|0|0|0|0|0|0|0|0|0|0|0|0|0|0|0|0|0|0|0|0|0|0|0|0|0|0|0|0|0|1|255|255|255|End
65|158|75|0|83|84|87|49|51|54|32|32|0|0|0|0|0|0|0|0|168|3|0|0|86|1|0|0|253|0|0|0|128|2|0|0|4|0|0|0|0|0|0|0|84|39|0|0|31|0|0|0|0|0|0|0|0|0|0|0|0|0|0|0|0|0|0|0|0|0|0|0|0|0|0|0|0|0|0|0|0|0|0|0|0|0|0|0|1|255|255|255|End
65|158|75|0|83|84|87|49|51|54|32|32|0|0|0|0|0|0|0|0|168|3|0|0|86|1|0|0|253|0|0|0|128|2|0|0|4|0|0|0|0|0|0|0|84|39|0|0|31|0|0|0|0|0|0|0|0|0|0|0|0|0|0|0|0|0|0|0|0|0|0|0|0|0|0|0|0|0|0|0|0|0|0|0|0|0|0|0|1|255|255|255|End
65|158|75|0|83|84|87|49|51|54|32|32|0|0|0|0|0|0|0|0|168|3|0|0|86|1|0|0|253|0|0|0|128|2|0|0|4|0|0|0|0|0|0|0|84|39|0|0|31|0|0|0|0|0|0|0|0|0|0|0|0|0|0|0|0|0|0|0|0|0|0|0|0|0|0|0|0|0|0|0|0|0|0|0|0|0|0|0|1|255|255|255|End
65|158|75|0|83|84|87|49|51|54|32|32|0|0|0|0|0|0|0|0|168|3|0|0|86|1|0|0|253|0|0|0|128|2|0|0|4|0|0|0|0|0|0|0|84|39|0|0|31|0|0|0|0|0|0|0|0|0|0|0|0|0|0|0|0|0|0|0|0|0|0|0|0|0|0|0|0|0|0|0|0|0|0|0|0|0|0|0|1|255|255|255|End
65|158|75|0|83|84|87|49|51|54|32|32|0|0|0|0|0|0|0|0|168|3|0|0|86|1|0|0|253|0|0|0|128|2|0|0|5|0|0|0|0|0|0|0|84|39|0|0|31|0|0|0|0|0|0|0|0|0|0|0|0|0|0|0|0|0|0|0|0|0|0|0|0|0|0|0|0|0|0|0|0|0|0|0|0|0|0|0|1|255|255|255|End
65|158|75|0|83|84|87|49|51|54|32|32|0|0|0|0|0|0|0|0|168|3|0|0|86|1|0|0|253|0|0|0|128|2|0|0|5|0|0|0|0|0|0|0|84|39|0|0|31|0|0|0|0|0|0|0|0|0|0|0|0|0|0|0|0|0|0|0|0|0|0|0|0|0|0|0|0|0|0|0|0|0|0|0|0|0|0|0|1|255|255|255|End
65|158|75|0|83|84|87|49|51|54|32|32|0|0|0|0|0|0|0|0|168|3|0|0|86|1|0|0|253|0|0|0|128|2|0|0|5|0|0|0|0|0|0|0|84|39|0|0|31|0|0|0|0|0|0|0|0|0|0|0|0|0|0|0|0|0|0|0|0|0|0|0|0|0|0|0|0|0|0|0|0|0|0|0|0|0|0|0|1|255|255|255|End
65|158|75|0|83|84|87|49|51|54|32|32|0|0|0|0|0|0|0|0|168|3|0|0|86|1|0|0|253|0|0|0|128|2|0|0|5|0|0|0|0|0|0|0|84|39|0|0|31|0|0|0|0|0|0|0|0|0|0|0|0|0|0|0|0|0|0|0|0|0|0|0|0|0|0|0|0|0|0|0|0|0|0|0|0|0|0|0|1|255|255|255|End
65|158|75|0|83|84|87|49|51|54|32|32|0|0|0|0|0|0|0|0|176|3|0|0|86|1|0|0|253|0|0|0|128|2|0|0|0|0|0|0|0|0|0|0|84|39|0|0|31|0|0|0|0|0|0|0|0|0|0|0|0|0|0|0|0|0|0|0|0|0|0|0|0|0|0|0|0|0|0|0|0|0|0|0|0|0|0|0|1|255|255|255|End
65|158|75|0|83|84|87|49|51|54|32|32|0|0|0|0|0|0|0|0|176|3|0|0|86|1|0|0|253|0|0|0|128|2|0|0|0|0|0|0|0|0|0|0|84|39|0|0|31|0|0|0|0|0|0|0|0|0|0|0|0|0|0|0|0|0|0|0|0|0|0|0|0|0|0|0|0|0|0|0|0|0|0|0|0|0|0|0|1|255|255|255|End
65|158|75|0|83|84|87|49|51|54|32|32|0|0|0|0|0|0|0|0|176|3|0|0|86|1|0|0|253|0|0|0|128|2|0|0|0|0|0|0|0|0|0|0|84|39|0|0|31|0|0|0|0|0|0|0|0|0|0|0|0|0|0|0|0|0|0|0|0|0|0|0|0|0|0|0|0|0|0|0|0|0|0|0|0|0|0|0|1|255|255|255|End
65|158|75|0|83|84|87|49|51|54|32|32|0|0|0|0|0|0|0|0|176|3|0|0|86|1|0|0|253|0|0|0|128|2|0|0|0|0|0|0|0|0|0|0|84|39|0|0|31|0|0|0|0|0|0|0|0|0|0|0|0|0|0|0|0|0|0|0|0|0|0|0|0|0|0|0|0|0|0|0|0|0|0|0|0|0|0|0|1|255|255|255|End
65|158|75|0|83|84|87|49|51|54|32|32|0|0|0|0|0|0|0|0|176|3|0|0|86|1|0|0|253|0|0|0|128|2|0|0|1|0|0|0|0|0|0|0|84|39|0|0|31|0|0|0|0|0|0|0|0|0|0|0|0|0|0|0|0|0|0|0|0|0|0|0|0|0|0|0|0|0|0|0|0|0|0|0|0|0|0|0|1|255|255|255|End
65|158|75|0|83|84|87|49|51|54|32|32|0|0|0|0|0|0|0|0|176|3|0|0|86|1|0|0|253|0|0|0|128|2|0|0|1|0|0|0|0|0|0|0|84|39|0|0|31|0|0|0|0|0|0|0|0|0|0|0|0|0|0|0|0|0|0|0|0|0|0|0|0|0|0|0|0|0|0|0|0|0|0|0|0|0|0|0|1|255|255|255|End
65|158|75|0|83|84|87|49|51|54|32|32|0|0|0|0|0|0|0|0|176|3|0|0|86|1|0|0|253|0|0|0|128|2|0|0|1|0|0|0|0|0|0|0|84|39|0|0|31|0|0|0|0|0|0|0|0|0|0|0|0|0|0|0|0|0|0|0|0|0|0|0|0|0|0|0|0|0|0|0|0|0|0|0|0|0|0|0|1|255|255|255|End
65|158|75|0|83|84|87|49|51|54|32|32|0|0|0|0|0|0|0|0|176|3|0|0|86|1|0|0|253|0|0|0|128|2|0|0|1|0|0|0|0|0|0|0|84|39|0|0|31|0|0|0|0|0|0|0|0|0|0|0|0|0|0|0|0|0|0|0|0|0|0|0|0|0|0|0|0|0|0|0|0|0|0|0|0|0|0|0|1|255|255|255|End
65|158|75|0|83|84|87|49|51|54|32|32|0|0|0|0|0|0|0|0|176|3|0|0|86|1|0|0|253|0|0|0|128|2|0|0|2|0|0|0|0|0|0|0|84|39|0|0|31|0|0|0|0|0|0|0|0|0|0|0|0|0|0|0|0|0|0|0|0|0|0|0|0|0|0|0|0|0|0|0|0|0|0|0|0|0|0|0|1|255|255|255|End
65|158|75|0|83|84|87|49|51|54|32|32|0|0|0|0|0|0|0|0|176|3|0|0|86|1|0|0|253|0|0|0|128|2|0|0|2|0|0|0|0|0|0|0|84|39|0|0|31|0|0|0|0|0|0|0|0|0|0|0|0|0|0|0|0|0|0|0|0|0|0|0|0|0|0|0|0|0|0|0|0|0|0|0|0|0|0|0|1|255|255|255|End
65|158|75|0|83|84|87|49|51|54|32|32|0|0|0|0|0|0|0|0|176|3|0|0|86|1|0|0|253|0|0|0|128|2|0|0|2|0|0|0|0|0|0|0|84|39|0|0|31|0|0|0|0|0|0|0|0|0|0|0|0|0|0|0|0|0|0|0|0|0|0|0|0|0|0|0|0|0|0|0|0|0|0|0|0|0|0|0|1|255|255|255|End
65|158|75|0|83|84|87|49|51|54|32|32|0|0|0|0|0|0|0|0|176|3|0|0|86|1|0|0|253|0|0|0|128|2|0|0|3|0|0|0|0|0|0|0|84|39|0|0|31|0|0|0|0|0|0|0|0|0|0|0|0|0|0|0|0|0|0|0|0|0|0|0|0|0|0|0|0|0|0|0|0|0|0|0|0|0|0|0|1|255|255|255|End
65|158|75|0|83|84|87|49|51|54|32|32|0|0|0|0|0|0|0|0|176|3|0|0|86|1|0|0|253|0|0|0|128|2|0|0|3|0|0|0|0|0|0|0|84|39|0|0|31|0|0|0|0|0|0|0|0|0|0|0|0|0|0|0|0|0|0|0|0|0|0|0|0|0|0|0|0|0|0|0|0|0|0|0|0|0|0|0|1|255|255|255|End
65|158|75|0|83|84|87|49|51|54|32|32|0|0|0|0|0|0|0|0|176|3|0|0|86|1|0|0|253|0|0|0|128|2|0|0|3|0|0|0|0|0|0|0|84|39|0|0|31|0|0|0|0|0|0|0|0|0|0|0|0|0|0|0|0|0|0|0|0|0|0|0|0|0|0|0|0|0|0|0|0|0|0|0|0|0|0|0|1|255|255|255|End
65|158|75|0|83|84|87|49|51|54|32|32|0|0|0|0|0|0|0|0|176|3|0|0|86|1|0|0|253|0|0|0|128|2|0|0|3|0|0|0|0|0|0|0|84|39|0|0|31|0|0|0|0|0|0|0|0|0|0|0|0|0|0|0|0|0|0|0|0|0|0|0|0|0|0|0|0|0|0|0|0|0|0|0|0|0|0|0|1|255|255|255|End
65|158|75|0|83|84|87|49|51|54|32|32|0|0|0|0|0|0|0|0|176|3|0|0|86|1|0|0|253|0|0|0|128|2|0|0|0|0|0|0|0|0|0|0|84|39|0|0|31|0|0|0|0|0|0|0|0|0|0|0|0|0|0|0|0|0|0|0|0|0|0|0|0|0|0|0|0|0|0|0|0|0|0|0|0|0|0|0|1|255|255|255|End
65|158|75|0|83|84|87|49|51|54|32|32|0|0|0|0|0|0|0|0|176|3|0|0|86|1|0|0|253|0|0|0|128|2|0|0|0|0|0|0|0|0|0|0|84|39|0|0|31|0|0|0|0|0|0|0|0|0|0|0|0|0|0|0|0|0|0|0|0|0|0|0|0|0|0|0|0|0|0|0|0|0|0|0|0|0|0|0|1|255|255|255|End
65|158|75|0|83|84|87|49|51|54|32|32|0|0|0|0|0|0|0|0|176|3|0|0|86|1|0|0|253|0|0|0|128|2|0|0|0|0|0|0|0|0|0|0|84|39|0|0|31|0|0|0|0|0|0|0|0|0|0|0|0|0|0|0|0|0|0|0|0|0|0|0|0|0|0|0|0|0|0|0|0|0|0|0|0|0|0|0|1|255|255|255|End
65|158|75|0|83|84|87|49|51|54|32|32|0|0|0|0|0|0|0|0|176|3|0|0|86|1|0|0|253|0|0|0|128|2|0|0|0|0|0|0|0|0|0|0|84|39|0|0|31|0|0|0|0|0|0|0|0|0|0|0|0|0|0|0|0|0|0|0|0|0|0|0|0|0|0|0|0|0|0|0|0|0|0|0|0|0|0|0|1|255|255|255|End
65|158|75|0|83|84|87|49|51|54|32|32|0|0|0|0|0|0|0|0|176|3|0|0|86|1|0|0|253|0|0|0|128|2|0|0|1|0|0|0|0|0|0|0|84|39|0|0|31|0|0|0|0|0|0|0|0|0|0|0|0|0|0|0|0|0|0|0|0|0|0|0|0|0|0|0|0|0|0|0|0|0|0|0|0|0|0|0|1|255|255|255|End
65|158|75|0|83|84|87|49|51|54|32|32|0|0|0|0|0|0|0|0|176|3|0|0|86|1|0|0|253|0|0|0|128|2|0|0|1|0|0|0|0|0|0|0|84|39|0|0|31|0|0|0|0|0|0|0|0|0|0|0|0|0|0|0|0|0|0|0|0|0|0|0|0|0|0|0|0|0|0|0|0|0|0|0|0|0|0|0|1|255|255|255|End
65|158|75|0|83|84|87|49|51|54|32|32|0|0|0|0|0|0|0|0|176|3|0|0|86|1|0|0|253|0|0|0|128|2|0|0|1|0|0|0|0|0|0|0|84|39|0|0|31|0|0|0|0|0|0|0|0|0|0|0|0|0|0|0|0|0|0|0|0|0|0|0|0|0|0|0|0|0|0|0|0|0|0|0|0|0|0|0|1|255|255|255|End
65|158|75|0|83|84|87|49|51|54|32|32|0|0|0|0|0|0|0|0|176|3|0|0|86|1|0|0|253|0|0|0|128|2|0|0|1|0|0|0|0|0|0|0|84|39|0|0|31|0|0|0|0|0|0|0|0|0|0|0|0|0|0|0|0|0|0|0|0|0|0|0|0|0|0|0|0|0|0|0|0|0|0|0|0|0|0|0|1|255|255|255|End
65|158|75|0|83|84|87|49|51|54|32|32|0|0|0|0|0|0|0|0|176|3|0|0|86|1|0|0|253|0|0|0|128|2|0|0|2|0|0|0|0|0|0|0|84|39|0|0|31|0|0|0|0|0|0|0|0|0|0|0|0|0|0|0|0|0|0|0|0|0|0|0|0|0|0|0|0|0|0|0|0|0|0|0|0|0|0|0|1|255|255|255|End
65|158|75|0|83|84|87|49|51|54|32|32|0|0|0|0|0|0|0|0|176|3|0|0|86|1|0|0|253|0|0|0|128|2|0|0|2|0|0|0|0|0|0|0|84|39|0|0|31|0|0|0|0|0|0|0|0|0|0|0|0|0|0|0|0|0|0|0|0|0|0|0|0|0|0|0|0|0|0|0|0|0|0|0|0|0|0|0|1|255|255|255|End
65|158|75|0|83|84|87|49|51|54|32|32|0|0|0|0|0|0|0|0|176|3|0|0|86|1|0|0|253|0|0|0|128|2|0|0|2|0|0|0|0|0|0|0|84|39|0|0|31|0|0|0|0|0|0|0|0|0|0|0|0|0|0|0|0|0|0|0|0|0|0|0|0|0|0|0|0|0|0|0|0|0|0|0|0|0|0|0|1|255|255|255|End
65|158|75|0|83|84|87|49|51|54|32|32|0|0|0|0|0|0|0|0|176|3|0|0|86|1|0|0|253|0|0|0|128|2|0|0|2|0|0|0|0|0|0|0|84|39|0|0|31|0|0|0|0|0|0|0|0|0|0|0|0|0|0|0|0|0|0|0|0|0|0|0|0|0|0|0|0|0|0|0|0|0|0|0|0|0|0|0|1|255|255|255|End
65|158|75|0|83|84|87|49|51|54|32|32|0|0|0|0|0|0|0|0|176|3|0|0|86|1|0|0|253|0|0|0|128|2|0|0|3|0|0|0|0|0|0|0|84|39|0|0|31|0|0|0|0|0|0|0|0|0|0|0|0|0|0|0|0|0|0|0|0|0|0|0|0|0|0|0|0|0|0|0|0|0|0|0|0|0|0|0|1|255|255|255|End
65|158|75|0|83|84|87|49|51|54|32|32|0|0|0|0|0|0|0|0|176|3|0|0|86|1|0|0|253|0|0|0|128|2|0|0|3|0|0|0|0|0|0|0|84|39|0|0|31|0|0|0|0|0|0|0|0|0|0|0|0|0|0|0|0|0|0|0|0|0|0|0|0|0|0|0|0|0|0|0|0|0|0|0|0|0|0|0|1|255|255|255|End
65|158|75|0|83|84|87|49|51|54|32|32|0|0|0|0|0|0|0|0|176|3|0|0|86|1|0|0|253|0|0|0|128|2|0|0|3|0|0|0|0|0|0|0|84|39|0|0|31|0|0|0|0|0|0|0|0|0|0|0|0|0|0|0|0|0|0|0|0|0|0|0|0|0|0|0|0|0|0|0|0|0|0|0|0|0|0|0|1|255|255|255|End
65|158|75|0|83|84|87|49|51|54|32|32|0|0|0|0|0|0|0|0|176|3|0|0|86|1|0|0|253|0|0|0|128|2|0|0|4|0|0|0|0|0|0|0|84|39|0|0|31|0|0|0|0|0|0|0|0|0|0|0|0|0|0|0|0|0|0|0|0|0|0|0|0|0|0|0|0|0|0|0|0|0|0|0|0|0|0|0|1|255|255|255|End
65|158|75|0|83|84|87|49|51|54|32|32|0|0|0|0|0|0|0|0|176|3|0|0|140|1|0|0|253|0|0|0|64|255|255|255|End
0|0|0|0|0|0|0|0|84|39|0|0|31|0|0|0|0|0|0|0|0|0|0|0|0|0|0|0|0|0|0|0|0|0|0|0|0|0|0|0|0|0|0|0|0|0|0|0|0|0|0|0|1|255|255|255|End
65|158|75|0|83|84|87|49|51|54|32|32|0|0|0|0|0|0|0|0|176|3|0|0|140|1|0|0|253|0|0|0|64|255|255|255|End
0|0|0|0|0|0|0|0|84|39|0|0|31|0|0|0|0|0|0|0|0|0|0|0|0|0|0|0|0|0|0|0|0|0|0|0|0|0|0|0|0|0|0|0|0|0|0|0|0|0|0|0|1|255|255|255|End
65|158|75|0|83|84|87|49|51|54|32|32|0|0|0|0|0|0|0|0|176|3|0|0|140|1|0|0|253|0|0|0|64|255|255|255|End
0|0|0|0|0|0|0|0|84|39|0|0|31|0|0|0|0|0|0|0|0|0|0|0|0|0|0|0|0|0|0|0|0|0|0|0|0|0|0|0|0|0|0|0|0|0|0|0|0|0|0|0|1|255|255|255|End
65|158|75|0|83|84|87|49|51|54|32|32|0|0|0|0|0|0|0|0|176|3|0|0|140|1|0|0|253|0|0|0|64|255|255|255|End
0|0|0|0|0|0|0|0|84|39|0|0|31|0|0|0|0|0|0|0|0|0|0|0|0|0|0|0|0|0|0|0|0|0|0|0|0|0|0|0|0|0|0|0|0|0|0|0|0|0|0|0|1|255|255|255|End
65|158|75|0|83|84|87|49|51|54|32|32|0|0|0|0|0|0|0|0|176|3|0|0|140|1|0|0|253|0|0|0|64|255|255|255|End
0|0|0|0|0|0|0|0|84|39|0|0|31|0|0|0|0|0|0|0|0|0|0|0|0|0|0|0|0|0|0|0|0|0|0|0|0|0|0|0|0|0|0|0|0|0|0|0|0|0|0|0|1|255|255|255|End
65|158|75|0|83|84|87|49|51|54|32|32|0|0|0|0|0|0|0|0|176|3|0|0|140|1|0|0|253|0|0|0|64|255|255|255|End
0|0|0|0|0|0|0|0|84|39|0|0|31|0|0|0|0|0|0|0|0|0|0|0|0|0|0|0|0|0|0|0|0|0|0|0|0|0|0|0|0|0|0|0|0|0|0|0|0|0|0|0|1|255|255|255|End
65|158|75|0|83|84|87|49|51|54|32|32|0|0|0|0|0|0|0|0|176|3|0|0|140|1|0|0|253|0|0|0|64|255|255|255|End
0|0|0|0|0|0|0|0|84|39|0|0|31|0|0|0|0|0|0|0|0|0|0|0|0|0|0|0|0|0|0|0|0|0|0|0|0|0|0|0|0|0|0|0|0|0|0|0|0|0|0|0|1|255|255|255|End
65|158|75|0|83|84|87|49|51|54|32|32|0|0|0|0|0|0|0|0|176|3|0|0|140|1|0|0|253|0|0|0|64|255|255|255|End
1|0|0|0|0|0|0|0|84|39|0|0|31|0|0|0|0|0|0|0|0|0|0|0|0|0|0|0|0|0|0|0|0|0|0|0|0|0|0|0|0|0|0|0|0|0|0|0|0|0|0|0|1|255|255|255|End
65|158|75|0|83|84|87|49|51|54|32|32|0|0|0|0|0|0|0|0|176|3|0|0|140|1|0|0|253|0|0|0|64|255|255|255|End
0|0|0|0|0|0|0|0|84|39|0|0|31|0|0|0|0|0|0|0|0|0|0|0|0|0|0|0|0|0|0|0|0|0|0|0|0|0|0|0|0|0|0|0|0|0|0|0|0|0|0|0|1|255|255|255|End
65|158|75|0|83|84|87|49|51|54|32|32|0|0|0|0|0|0|0|0|176|3|0|0|140|1|0|0|253|0|0|0|64|255|255|255|End
0|0|0|0|0|0|0|0|84|39|0|0|31|0|0|0|0|0|0|0|0|0|0|0|0|0|0|0|0|0|0|0|0|0|0|0|0|0|0|0|0|0|0|0|0|0|0|0|0|0|0|0|1|255|255|255|End
65|158|75|0|83|84|87|49|51|54|32|32|0|0|0|0|0|0|0|0|176|3|0|0|140|1|0|0|253|0|0|0|64|255|255|255|End
0|0|0|0|0|0|0|0|84|39|0|0|31|0|0|0|0|0|0|0|0|0|0|0|0|0|0|0|0|0|0|0|0|0|0|0|0|0|0|0|0|0|0|0|0|0|0|0|0|0|0|0|1|255|255|255|End
65|158|75|0|83|84|87|49|51|54|32|32|0|0|0|0|0|0|0|0|176|3|0|0|149|1|0|0|253|0|0|0|0|0|0|0|0|0|0|0|0|0|0|0|84|39|0|0|31|0|0|0|0|0|0|0|0|0|0|0|0|0|0|0|0|0|0|0|0|0|0|0|0|0|0|0|0|0|0|0|0|0|0|0|0|0|0|0|1|255|255|255|End
65|158|75|0|83|84|87|49|51|54|32|32|0|0|0|0|0|0|0|0|176|3|0|0|149|1|0|0|253|0|0|0|0|0|0|0|0|0|0|0|0|0|0|0|84|39|0|0|31|0|0|0|0|0|0|0|0|0|0|0|0|0|0|0|0|0|0|0|0|0|0|0|0|0|0|0|0|0|0|0|0|0|0|0|0|0|0|0|1|255|255|255|End
65|158|75|0|83|84|87|49|51|54|32|32|0|0|0|0|0|0|0|0|176|3|0|0|149|1|0|0|253|0|0|0|0|0|0|0|0|0|0|0|0|0|0|0|84|39|0|0|31|0|0|0|0|0|0|0|0|0|0|0|0|0|0|0|0|0|0|0|0|0|0|0|0|0|0|0|0|0|0|0|0|0|0|0|0|0|0|0|1|255|255|255|End
65|158|75|0|83|84|87|49|51|54|32|32|0|0|0|0|0|0|0|0|176|3|0|0|149|1|0|0|253|0|0|0|0|0|0|0|0|0|0|0|0|0|0|0|84|39|0|0|31|0|0|0|0|0|0|0|0|0|0|0|0|0|0|0|0|0|0|0|0|0|0|0|0|0|0|0|0|0|0|0|0|0|0|0|0|0|0|0|1|255|255|255|End
65|158|75|0|83|84|87|49|51|54|32|32|0|0|0|0|0|0|0|0|176|3|0|0|149|1|0|0|253|0|0|0|0|0|0|0|0|0|0|0|0|0|0|0|84|39|0|0|31|0|0|0|0|0|0|0|0|0|0|0|0|0|0|0|0|0|0|0|0|0|0|0|0|0|0|0|0|0|0|0|0|0|0|0|0|0|0|0|1|255|255|255|End
65|158|75|0|83|84|87|49|51|54|32|32|0|0|0|0|0|0|0|0|176|3|0|0|149|1|0|0|253|0|0|0|0|0|0|0|0|0|0|0|0|0|0|0|84|39|0|0|31|0|0|0|0|0|0|0|0|0|0|0|0|0|0|0|0|0|0|0|0|0|0|0|0|0|0|0|0|0|0|0|0|0|0|0|0|0|0|0|1|255|255|255|End
65|158|75|0|83|84|87|49|51|54|32|32|0|0|0|0|0|0|0|0|176|3|0|0|149|1|0|0|253|0|0|0|0|0|0|0|0|0|0|0|0|0|0|0|84|39|0|0|31|0|0|0|0|0|0|0|0|0|0|0|0|0|0|0|0|0|0|0|0|0|0|0|0|0|0|0|0|0|0|0|0|0|0|0|0|0|0|0|1|255|255|255|End
65|158|75|0|83|84|87|49|51|54|32|32|0|0|0|0|0|0|0|0|176|3|0|0|149|1|0|0|253|0|0|0|0|0|0|0|0|0|0|0|0|0|0|0|84|39|0|0|31|0|0|0|0|0|0|0|0|0|0|0|0|0|0|0|0|0|0|0|0|0|0|0|0|0|0|0|0|0|0|0|0|0|0|0|0|0|0|0|1|255|255|255|End
65|158|75|0|83|84|87|49|51|54|32|32|0|0|0|0|0|0|0|0|176|3|0|0|149|1|0|0|253|0|0|0|0|0|0|0|1|0|0|0|0|0|0|0|84|39|0|0|31|0|0|0|0|0|0|0|0|0|0|0|0|0|0|0|0|0|0|0|0|0|0|0|0|0|0|0|0|0|0|0|0|0|0|0|0|0|0|0|1|255|255|255|End
65|158|75|0|83|84|87|49|51|54|32|32|0|0|0|0|0|0|0|0|176|3|0|0|149|1|0|0|253|0|0|0|0|0|0|0|0|0|0|0|0|0|0|0|84|39|0|0|31|0|0|0|0|0|0|0|0|0|0|0|0|0|0|0|0|0|0|0|0|0|0|0|0|0|0|0|0|0|0|0|0|0|0|0|0|0|0|0|1|255|255|255|End
65|158|75|0|83|84|87|49|51|54|32|32|0|0|0|0|0|0|0|0|176|3|0|0|149|1|0|0|253|0|0|0|0|0|0|0|0|0|0|0|0|0|0|0|84|39|0|0|31|0|0|0|0|0|0|0|0|0|0|0|0|0|0|0|0|0|0|0|0|0|0|0|0|0|0|0|0|0|0|0|0|0|0|0|0|0|0|0|1|255|255|255|End
65|158|75|0|83|84|87|49|51|54|32|32|0|0|0|0|0|0|0|0|176|3|0|0|149|1|0|0|253|0|0|0|0|0|0|0|1|0|0|0|0|0|0|0|84|39|0|0|31|0|0|0|0|0|0|0|0|0|0|0|0|0|0|0|0|0|0|0|0|0|0|0|0|0|0|0|0|0|0|0|0|0|0|0|0|0|0|0|1|255|255|255|End
65|158|75|0|83|84|87|49|51|54|32|32|0|0|0|0|0|0|0|0|176|3|0|0|149|1|0|0|253|0|0|0|0|0|0|0|0|0|0|0|0|0|0|0|84|39|0|0|31|0|0|0|0|0|0|0|0|0|0|0|0|0|0|0|0|0|0|0|0|0|0|0|0|0|0|0|0|0|0|0|0|0|0|0|0|0|0|0|1|255|255|255|End
65|158|75|0|83|84|87|49|51|54|32|32|0|0|0|0|0|0|0|0|176|3|0|0|149|1|0|0|253|0|0|0|0|0|0|0|0|0|0|0|0|0|0|0|84|39|0|0|31|0|0|0|0|0|0|0|0|0|0|0|0|0|0|0|0|0|0|0|0|0|0|0|0|0|0|0|0|0|0|0|0|0|0|0|0|0|0|0|1|255|255|255|End
65|158|75|0|83|84|87|49|51|54|32|32|0|0|0|0|0|0|0|0|183|3|0|0|149|1|0|0|253|0|0|0|0|0|0|0|0|0|0|0|0|0|0|0|84|39|0|0|31|0|0|0|0|0|0|0|0|0|0|0|0|0|0|0|0|0|0|0|0|0|0|0|0|0|0|0|0|0|0|0|0|0|0|0|0|0|0|0|1|255|255|255|End
65|158|75|0|83|84|87|49|51|54|32|32|0|0|0|0|0|0|0|0|183|3|0|0|160|1|0|0|253|0|0|0|128|0|0|0|0|0|0|0|0|0|0|0|84|39|0|0|31|0|0|0|0|0|0|0|0|0|0|0|0|0|0|0|0|0|0|0|0|0|0|0|0|0|0|0|0|0|0|0|0|0|0|0|0|0|0|0|1|255|255|255|End
65|158|75|0|83|84|87|49|51|54|32|32|0|0|0|0|0|0|0|0|183|3|0|0|160|1|0|0|253|0|0|0|128|0|0|0|0|0|0|0|0|0|0|0|84|39|0|0|31|0|0|0|0|0|0|0|0|0|0|0|0|0|0|0|0|0|0|0|0|0|0|0|0|0|0|0|0|0|0|0|0|0|0|0|0|0|0|0|1|255|255|255|End
65|158|75|0|83|84|87|49|51|54|32|32|0|0|0|0|0|0|0|0|183|3|0|0|160|1|0|0|253|0|0|0|128|0|0|0|0|0|0|0|0|0|0|0|84|39|0|0|31|0|0|0|0|0|0|0|0|0|0|0|0|0|0|0|0|0|0|0|0|0|0|0|0|0|0|0|0|0|0|0|0|0|0|0|0|0|0|0|1|255|255|255|End
65|158|75|0|83|84|87|49|51|54|32|32|0|0|0|0|0|0|0|0|183|3|0|0|160|1|0|0|253|0|0|0|128|0|0|0|0|0|0|0|0|0|0|0|84|39|0|0|31|0|0|0|0|0|0|0|0|0|0|0|0|0|0|0|0|0|0|0|0|0|0|0|0|0|0|0|0|0|0|0|0|0|0|0|0|0|0|0|1|255|255|255|End
65|158|75|0|83|84|87|49|51|54|32|32|0|0|0|0|0|0|0|0|183|3|0|0|164|1|0|0|253|0|0|0|128|0|0|0|1|0|0|0|0|0|0|0|84|39|0|0|31|0|0|0|0|0|0|0|0|0|0|0|0|0|0|0|0|0|0|0|0|0|0|0|0|0|0|0|0|0|0|0|0|0|0|0|0|0|0|0|1|255|255|255|End
65|158|75|0|83|84|87|49|51|54|32|32|0|0|0|0|0|0|0|0|183|3|0|0|164|1|0|0|253|0|0|0|128|0|0|0|0|0|0|0|0|0|0|0|84|39|0|0|31|0|0|0|0|0|0|0|0|0|0|0|0|0|0|0|0|0|0|0|0|0|0|0|0|0|0|0|0|0|0|0|0|0|0|0|0|0|0|0|1|255|255|255|End
65|158|75|0|83|84|87|49|51|54|32|32|0|0|0|0|0|0|0|0|183|3|0|0|164|1|0|0|253|0|0|0|128|0|0|0|0|0|0|0|0|0|0|0|84|39|0|0|31|0|0|0|0|0|0|0|0|0|0|0|0|0|0|0|0|0|0|0|0|0|0|0|0|0|0|0|0|0|0|0|0|0|0|0|0|0|0|0|1|255|255|255|End
65|158|75|0|83|84|87|49|51|54|32|32|0|0|0|0|0|0|0|0|183|3|0|0|164|1|0|0|253|0|0|0|128|0|0|0|0|0|0|0|0|0|0|0|84|39|0|0|31|0|0|0|0|0|0|0|0|0|0|0|0|0|0|0|0|0|0|0|0|0|0|0|0|0|0|0|0|0|0|0|0|0|0|0|0|0|0|0|1|255|255|255|End
65|158|75|0|83|84|87|49|51|54|32|32|0|0|0|0|0|0|0|0|183|3|0|0|168|1|0|0|253|0|0|0|128|0|0|0|0|0|0|0|0|0|0|0|84|39|0|0|31|0|0|0|0|0|0|0|0|0|0|0|0|0|0|0|0|0|0|0|0|0|0|0|0|0|0|0|0|0|0|0|0|0|0|0|0|0|0|0|1|255|255|255|End
65|158|75|0|83|84|87|49|51|54|32|32|0|0|0|0|0|0|0|0|183|3|0|0|168|1|0|0|253|0|0|0|128|0|0|0|0|0|0|0|0|0|0|0|84|39|0|0|31|0|0|0|0|0|0|0|0|0|0|0|0|0|0|0|0|0|0|0|0|0|0|0|0|0|0|0|0|0|0|0|0|0|0|0|0|0|0|0|1|255|255|255|End
65|158|75|0|83|84|87|49|51|54|32|32|0|0|0|0|0|0|0|0|183|3|0|0|168|1|0|0|253|0|0|0|128|0|0|0|0|0|0|0|0|0|0|0|84|39|0|0|31|0|0|0|0|0|0|0|0|0|0|0|0|0|0|0|0|0|0|0|0|0|0|0|0|0|0|0|0|0|0|0|0|0|0|0|0|0|0|0|1|255|255|255|End
65|158|75|0|83|84|87|49|51|54|32|32|0|0|0|0|0|0|0|0|183|3|0|0|168|1|0|0|253|0|0|0|128|0|0|0|0|0|0|0|0|0|0|0|84|39|0|0|31|0|0|0|0|0|0|0|0|0|0|0|0|0|0|0|0|0|0|0|0|0|0|0|0|0|0|0|0|0|0|0|0|0|0|0|0|0|0|0|1|255|255|255|End
65|158|75|0|83|84|87|49|51|54|32|32|0|0|0|0|0|0|0|0|183|3|0|0|168|1|0|0|253|0|0|0|128|0|0|0|1|0|0|0|0|0|0|0|84|39|0|0|31|0|0|0|0|0|0|0|0|0|0|0|0|0|0|0|0|0|0|0|0|0|0|0|0|0|0|0|0|0|0|0|0|0|0|0|0|0|0|0|1|255|255|255|End
65|158|75|0|83|84|87|49|51|54|32|32|0|0|0|0|0|0|0|0|183|3|0|0|168|1|0|0|253|0|0|0|128|0|0|0|0|0|0|0|0|0|0|0|84|39|0|0|31|0|0|0|0|0|0|0|0|0|0|0|0|0|0|0|0|0|0|0|0|0|0|0|0|0|0|0|0|0|0|0|0|0|0|0|0|0|0|0|1|255|255|255|End
65|158|75|0|83|84|87|49|51|54|32|32|0|0|0|0|0|0|0|0|183|3|0|0|168|1|0|0|253|0|0|0|128|0|0|0|0|0|0|0|0|0|0|0|84|39|0|0|31|0|0|0|0|0|0|0|0|0|0|0|0|0|0|0|0|0|0|0|0|0|0|0|0|0|0|0|0|0|0|0|0|0|0|0|0|0|0|0|1|255|255|255|End
65|158|75|0|83|84|87|49|51|54|32|32|0|0|0|0|0|0|0|0|183|3|0|0|168|1|0|0|253|0|0|0|128|0|0|0|1|0|0|0|0|0|0|0|84|39|0|0|31|0|0|0|0|0|0|0|0|0|0|0|0|0|0|0|0|0|0|0|0|0|0|0|0|0|0|0|0|0|0|0|0|0|0|0|0|0|0|0|1|255|255|255|End
65|158|75|0|83|84|87|49|51|54|32|32|0|0|0|0|0|0|0|0|183|3|0|0|168|1|0|0|253|0|0|0|128|0|0|0|1|0|0|0|0|0|0|0|84|39|0|0|31|0|0|0|0|0|0|0|0|0|0|0|0|0|0|0|0|0|0|0|0|0|0|0|0|0|0|0|0|0|0|0|0|0|0|0|0|0|0|0|1|255|255|255|End
65|158|75|0|83|84|87|49|51|54|32|32|0|0|0|0|0|0|0|0|183|3|0|0|168|1|0|0|253|0|0|0|128|0|0|0|0|0|0|0|0|0|0|0|84|39|0|0|31|0|0|0|0|0|0|0|0|0|0|0|0|0|0|0|0|0|0|0|0|0|0|0|0|0|0|0|0|0|0|0|0|0|0|0|0|0|0|0|1|255|255|255|End
65|158|75|0|83|84|87|49|51|54|32|32|0|0|0|0|0|0|0|0|183|3|0|0|168|1|0|0|253|0|0|0|128|0|0|0|0|0|0|0|0|0|0|0|84|39|0|0|31|0|0|0|0|0|0|0|0|0|0|0|0|0|0|0|0|0|0|0|0|0|0|0|0|0|0|0|0|0|0|0|0|0|0|0|0|0|0|0|1|255|255|255|End
65|158|75|0|83|84|87|49|51|54|32|32|0|0|0|0|0|0|0|0|183|3|0|0|168|1|0|0|253|0|0|0|128|0|0|0|1|0|0|0|0|0|0|0|84|39|0|0|31|0|0|0|0|0|0|0|0|0|0|0|0|0|0|0|0|0|0|0|0|0|0|0|0|0|0|0|0|0|0|0|0|0|0|0|0|0|0|0|1|255|255|255|End
65|158|75|0|83|84|87|49|51|54|32|32|0|0|0|0|0|0|0|0|183|3|0|0|168|1|0|0|253|0|0|0|128|0|0|0|0|0|0|0|0|0|0|0|84|39|0|0|31|0|0|0|0|0|0|0|0|0|0|0|0|0|0|0|0|0|0|0|0|0|0|0|0|0|0|0|0|0|0|0|0|0|0|0|0|0|0|0|1|255|255|255|End
65|158|75|0|83|84|87|49|51|54|32|32|0|0|0|0|0|0|0|0|183|3|0|0|168|1|0|0|253|0|0|0|128|0|0|0|0|0|0|0|0|0|0|0|84|39|0|0|31|0|0|0|0|0|0|0|0|0|0|0|0|0|0|0|0|0|0|0|0|0|0|0|0|0|0|0|0|0|0|0|0|0|0|0|0|0|0|0|1|255|255|255|End
65|158|75|0|83|84|87|49|51|54|32|32|0|0|0|0|0|0|0|0|183|3|0|0|168|1|0|0|253|0|0|0|128|0|0|0|0|0|0|0|0|0|0|0|84|39|0|0|31|0|0|0|0|0|0|0|0|0|0|0|0|0|0|0|0|0|0|0|0|0|0|0|0|0|0|0|0|0|0|0|0|0|0|0|0|0|0|0|1|255|255|255|End
65|158|75|0|83|84|87|49|51|54|32|32|0|0|0|0|0|0|0|0|183|3|0|0|181|1|0|0|253|0|0|0|192|255|255|255|End
0|0|0|0|0|0|0|0|84|39|0|0|31|0|0|0|0|0|0|0|0|0|0|0|0|0|0|0|0|0|0|0|0|0|0|0|0|0|0|0|0|0|0|0|0|0|0|0|0|0|0|0|1|255|255|255|End
65|158|75|0|83|84|87|49|51|54|32|32|0|0|0|0|0|0|0|0|183|3|0|0|181|1|0|0|253|0|0|0|192|255|255|255|End
0|0|0|0|0|0|0|0|84|39|0|0|31|0|0|0|0|0|0|0|0|0|0|0|0|0|0|0|0|0|0|0|0|0|0|0|0|0|0|0|0|0|0|0|0|0|0|0|0|0|0|0|1|255|255|255|End
65|158|75|0|83|84|87|49|51|54|32|32|0|0|0|0|0|0|0|0|183|3|0|0|181|1|0|0|253|0|0|0|192|255|255|255|End
0|0|0|0|0|0|0|0|84|39|0|0|31|0|0|0|0|0|0|0|0|0|0|0|0|0|0|0|0|0|0|0|0|0|0|0|0|0|0|0|0|0|0|0|0|0|0|0|0|0|0|0|1|255|255|255|End
65|158|75|0|83|84|87|49|51|54|32|32|0|0|0|0|0|0|0|0|183|3|0|0|181|1|0|0|253|0|0|0|192|255|255|255|End
0|0|0|0|0|0|0|0|84|39|0|0|31|0|0|0|0|0|0|0|0|0|0|0|0|0|0|0|0|0|0|0|0|0|0|0|0|0|0|0|0|0|0|0|0|0|0|0|0|0|0|0|1|255|255|255|End
65|158|75|0|83|84|87|49|51|54|32|32|0|0|0|0|0|0|0|0|183|3|0|0|181|1|0|0|253|0|0|0|192|255|255|255|End
0|0|0|0|0|0|0|0|84|39|0|0|31|0|0|0|0|0|0|0|0|0|0|0|0|0|0|0|0|0|0|0|0|0|0|0|0|0|0|0|0|0|0|0|0|0|0|0|0|0|0|0|1|255|255|255|End
65|158|75|0|83|84|87|49|51|54|32|32|0|0|0|0|0|0|0|0|183|3|0|0|181|1|0|0|253|0|0|0|192|255|255|255|End
0|0|0|0|0|0|0|0|84|39|0|0|31|0|0|0|0|0|0|0|0|0|0|0|0|0|0|0|0|0|0|0|0|0|0|0|0|0|0|0|0|0|0|0|0|0|0|0|0|0|0|0|1|255|255|255|End

-----------------------------------------------
Date: 13.06.2024 - 13:05:40
End log file
