Component: ARM Compiler 5.06 update 6 (build 750) Tool: armlink [4d35ed]

==============================================================================

Section Cross References

    startup_stm32f407xx.o(STACK) refers (Special) to heapauxi.o(.text) for __use_two_region_memory
    startup_stm32f407xx.o(HEAP) refers (Special) to heapauxi.o(.text) for __use_two_region_memory
    startup_stm32f407xx.o(RESET) refers (Special) to heapauxi.o(.text) for __use_two_region_memory
    startup_stm32f407xx.o(RESET) refers to startup_stm32f407xx.o(STACK) for __initial_sp
    startup_stm32f407xx.o(RESET) refers to startup_stm32f407xx.o(.text) for Reset_Handler
    startup_stm32f407xx.o(RESET) refers to stm32f4xx_it.o(i.NMI_Handler) for NMI_Handler
    startup_stm32f407xx.o(RESET) refers to stm32f4xx_it.o(i.HardFault_Handler) for HardFault_Handler
    startup_stm32f407xx.o(RESET) refers to stm32f4xx_it.o(i.MemManage_Handler) for MemManage_Handler
    startup_stm32f407xx.o(RESET) refers to stm32f4xx_it.o(i.BusFault_Handler) for BusFault_Handler
    startup_stm32f407xx.o(RESET) refers to stm32f4xx_it.o(i.UsageFault_Handler) for UsageFault_Handler
    startup_stm32f407xx.o(RESET) refers to stm32f4xx_it.o(i.SVC_Handler) for SVC_Handler
    startup_stm32f407xx.o(RESET) refers to stm32f4xx_it.o(i.DebugMon_Handler) for DebugMon_Handler
    startup_stm32f407xx.o(RESET) refers to stm32f4xx_it.o(i.PendSV_Handler) for PendSV_Handler
    startup_stm32f407xx.o(RESET) refers to stm32f4xx_it.o(i.SysTick_Handler) for SysTick_Handler
    startup_stm32f407xx.o(RESET) refers to stm32f4xx_it.o(i.OTG_FS_IRQHandler) for OTG_FS_IRQHandler
    startup_stm32f407xx.o(.text) refers (Special) to heapauxi.o(.text) for __use_two_region_memory
    startup_stm32f407xx.o(.text) refers to system_stm32f4xx.o(i.SystemInit) for SystemInit
    startup_stm32f407xx.o(.text) refers to __main.o(!!!main) for __main
    startup_stm32f407xx.o(.text) refers to startup_stm32f407xx.o(HEAP) for Heap_Mem
    startup_stm32f407xx.o(.text) refers to startup_stm32f407xx.o(STACK) for Stack_Mem
    main.o(i.BSP_LED_Off) refers to stm32f4xx_hal_gpio.o(i.HAL_GPIO_WritePin) for HAL_GPIO_WritePin
    main.o(i.BSP_LED_Off) refers to main.o(.constdata) for .constdata
    main.o(i.BSP_LED_Off) refers to main.o(.data) for .data
    main.o(i.BSP_LED_On) refers to stm32f4xx_hal_gpio.o(i.HAL_GPIO_WritePin) for HAL_GPIO_WritePin
    main.o(i.BSP_LED_On) refers to main.o(.constdata) for .constdata
    main.o(i.BSP_LED_On) refers to main.o(.data) for .data
    main.o(i.BSP_LED_Toggle) refers to stm32f4xx_hal_gpio.o(i.HAL_GPIO_TogglePin) for HAL_GPIO_TogglePin
    main.o(i.BSP_LED_Toggle) refers to main.o(.constdata) for .constdata
    main.o(i.BSP_LED_Toggle) refers to main.o(.data) for .data
    main.o(i.BSP_PB_GetState) refers to stm32f4xx_hal_gpio.o(i.HAL_GPIO_ReadPin) for HAL_GPIO_ReadPin
    main.o(i.BSP_PB_GetState) refers to main.o(.constdata) for .constdata
    main.o(i.BSP_PB_GetState) refers to main.o(.data) for .data
    main.o(i.Error_Handler) refers to main.o(i.BSP_LED_Toggle) for BSP_LED_Toggle
    main.o(i.Error_Handler) refers to stm32f4xx_hal.o(i.HAL_Delay) for HAL_Delay
    main.o(i.MX_GPIO_Init) refers to rt_memclr_w.o(.text) for __aeabi_memclr4
    main.o(i.MX_GPIO_Init) refers to stm32f4xx_hal_gpio.o(i.HAL_GPIO_WritePin) for HAL_GPIO_WritePin
    main.o(i.MX_GPIO_Init) refers to stm32f4xx_hal_gpio.o(i.HAL_GPIO_Init) for HAL_GPIO_Init
    main.o(i.SystemClock_Config) refers to rt_memclr_w.o(.text) for __aeabi_memclr4
    main.o(i.SystemClock_Config) refers to stm32f4xx_hal_rcc.o(i.HAL_RCC_OscConfig) for HAL_RCC_OscConfig
    main.o(i.SystemClock_Config) refers to stm32f4xx_hal_rcc.o(i.HAL_RCC_ClockConfig) for HAL_RCC_ClockConfig
    main.o(i.SystemClock_Config) refers to main.o(i.Error_Handler) for Error_Handler
    main.o(i.fputc) refers to stm32f4xx_hal_uart.o(i.HAL_UART_Transmit) for HAL_UART_Transmit
    main.o(i.fputc) refers to main.o(.bss) for .bss
    main.o(i.main) refers to stm32f4xx_hal.o(i.HAL_Init) for HAL_Init
    main.o(i.main) refers to main.o(i.SystemClock_Config) for SystemClock_Config
    main.o(i.main) refers to main.o(i.MX_GPIO_Init) for MX_GPIO_Init
    main.o(i.main) refers to stm32f4xx_hal_uart.o(i.HAL_UART_Init) for HAL_UART_Init
    main.o(i.main) refers to main.o(i.Error_Handler) for Error_Handler
    main.o(i.main) refers to usb_host.o(i.MX_USB_HOST_Init) for MX_USB_HOST_Init
    main.o(i.main) refers to main.o(i.BSP_LED_Off) for BSP_LED_Off
    main.o(i.main) refers to stm32f4xx_hal.o(i.HAL_Delay) for HAL_Delay
    main.o(i.main) refers to main.o(i.BSP_LED_On) for BSP_LED_On
    main.o(i.main) refers to noretval__2printf.o(.text) for __2printf
    main.o(i.main) refers to usb_host.o(i.MX_USB_HOST_Process) for MX_USB_HOST_Process
    main.o(i.main) refers to main.o(.bss) for .bss
    usb_host.o(i.MX_USB_HOST_Init) refers to usbh_core.o(i.USBH_Init) for USBH_Init
[...]
    i.USBH_Start                             0x08003fec   Section        0  usbh_core.o(i.USBH_Start)
    i.USBH_UserProcess                       0x08004000   Section        0  usb_host.o(i.USBH_UserProcess)
    USBH_UserProcess                         0x08004001   Thumb Code    28  usb_host.o(i.USBH_UserProcess)
    i.USB_CoreInit                           0x08004020   Section        0  stm32f4xx_ll_usb.o(i.USB_CoreInit)
    i.USB_CoreReset                          0x08004094   Section        0  stm32f4xx_ll_usb.o(i.USB_CoreReset)
    USB_CoreReset                            0x08004095   Thumb Code    58  stm32f4xx_ll_usb.o(i.USB_CoreReset)
    i.USB_DisableGlobalInt                   0x080040d4   Section        0  stm32f4xx_ll_usb.o(i.USB_DisableGlobalInt)
    i.USB_DoPing                             0x080040e0   Section        0  stm32f4xx_ll_usb.o(i.USB_DoPing)
    i.USB_DriveVbus                          0x08004104   Section        0  stm32f4xx_ll_usb.o(i.USB_DriveVbus)
    i.USB_EnableGlobalInt                    0x08004130   Section        0  stm32f4xx_ll_usb.o(i.USB_EnableGlobalInt)
    i.USB_FlushRxFifo                        0x0800413c   Section        0  stm32f4xx_ll_usb.o(i.USB_FlushRxFifo)
    i.USB_FlushTxFifo                        0x08004178   Section        0  stm32f4xx_ll_usb.o(i.USB_FlushTxFifo)
    i.USB_GetCurrentFrame                    0x080041b8   Section        0  stm32f4xx_ll_usb.o(i.USB_GetCurrentFrame)
    i.USB_GetHostSpeed                       0x080041c0   Section        0  stm32f4xx_ll_usb.o(i.USB_GetHostSpeed)
    i.USB_GetMode                            0x080041ce   Section        0  stm32f4xx_ll_usb.o(i.USB_GetMode)
    i.USB_HC_Halt                            0x080041d6   Section        0  stm32f4xx_ll_usb.o(i.USB_HC_Halt)
    i.USB_HC_Init                            0x0800429c   Section        0  stm32f4xx_ll_usb.o(i.USB_HC_Init)
    i.USB_HC_ReadInterrupt                   0x080043a6   Section        0  stm32f4xx_ll_usb.o(i.USB_HC_ReadInterrupt)
    i.USB_HC_StartXfer                       0x080043ae   Section        0  stm32f4xx_ll_usb.o(i.USB_HC_StartXfer)
    i.USB_HostInit                           0x080044f0   Section        0  stm32f4xx_ll_usb.o(i.USB_HostInit)
    i.USB_InitFSLSPClkSel                    0x080045c0   Section        0  stm32f4xx_ll_usb.o(i.USB_InitFSLSPClkSel)
    i.USB_ReadInterrupts                     0x080045f6   Section        0  stm32f4xx_ll_usb.o(i.USB_ReadInterrupts)
    i.USB_ReadPacket                         0x080045fe   Section        0  stm32f4xx_ll_usb.o(i.USB_ReadPacket)
    i.USB_ResetPort                          0x0800463c   Section        0  stm32f4xx_ll_usb.o(i.USB_ResetPort)
    i.USB_SetCurrentMode                     0x0800466e   Section        0  stm32f4xx_ll_usb.o(i.USB_SetCurrentMode)
    i.USB_StopHost                           0x080046ca   Section        0  stm32f4xx_ll_usb.o(i.USB_StopHost)
    i.USB_WritePacket                        0x08004754   Section        0  stm32f4xx_ll_usb.o(i.USB_WritePacket)
    i.UsageFault_Handler                     0x0800477c   Section        0  stm32f4xx_it.o(i.UsageFault_Handler)
    i.__NVIC_SetPriority                     0x0800477e   Section        0  stm32f4xx_hal_cortex.o(i.__NVIC_SetPriority)
    __NVIC_SetPriority                       0x0800477f   Thumb Code    32  stm32f4xx_hal_cortex.o(i.__NVIC_SetPriority)
    i.fputc                                  0x080047a0   Section        0  main.o(i.fputc)
    i.main                                   0x080047b8   Section        0  main.o(i.main)
    x$fpl$fpinit                             0x08004844   Section       10  fpinit.o(x$fpl$fpinit)
    $v0                                      0x08004844   Number         0  fpinit.o(x$fpl$fpinit)
    .constdata                               0x0800484e   Section       10  main.o(.constdata)
    .constdata                               0x08004858   Section       16  system_stm32f4xx.o(.constdata)
    .constdata                               0x08004868   Section        8  system_stm32f4xx.o(.constdata)
    .constdata                               0x08004870   Section       40  _printf_hex_int.o(.constdata)
    uc_hextab                                0x08004870   Data          20  _printf_hex_int.o(.constdata)
    lc_hextab                                0x08004884   Data          20  _printf_hex_int.o(.constdata)
    .constdata                               0x08004898   Section        4  sys_io.o(.constdata)
    .constdata                               0x0800489c   Section        4  sys_io.o(.constdata)
    .constdata                               0x080048a0   Section        4  sys_io.o(.constdata)
    .conststring                             0x080048a4   Section       66  usbh_core.o(.conststring)
    .conststring                             0x080048e8   Section        4  usbh_hid.o(.conststring)
    .data                                    0x20000000   Section       20  main.o(.data)
    .data                                    0x20000014   Section        1  usb_host.o(.data)
    .data                                    0x20000018   Section       12  stm32f4xx_hal.o(.data)
    .data                                    0x20000024   Section        4  system_stm32f4xx.o(.data)
    .data                                    0x20000028   Section       32  usbh_hid.o(.data)
    .data                                    0x20000048   Section       16  usbh_hid_keybd.o(.data)
    .data                                    0x20000058   Section       24  usbh_hid_mouse.o(.data)
    .data                                    0x20000070   Section        4  stdio_streams.o(.data)
    .data                                    0x20000074   Section        4  stdio_streams.o(.data)
    .data                                    0x20000078   Section        4  stdio_streams.o(.data)
    .bss                                     0x2000007c   Section       68  main.o(.bss)
    .bss                                     0x200000c0   Section      984  usb_host.o(.bss)
    .bss                                     0x20000498   Section      772  usbh_conf.o(.bss)
    .bss                                     0x2000079c   Section       15  usbh_hid_keybd.o(.bss)
    .bss                                     0x200007ac   Section       84  stdio_streams.o(.bss)
    .bss                                     0x20000800   Section       84  stdio_streams.o(.bss)
    .bss                                     0x20000854   Section       84  stdio_streams.o(.bss)
    .bss                                     0x200008a8   Section       96  libspace.o(.bss)
    HEAP                                     0x20000908   Section     1024  startup_stm32f407xx.o(HEAP)
    Heap_Mem                                 0x20000908   Data        1024  startup_stm32f407xx.o(HEAP)
    STACK                                    0x20000d08   Section     1024  startup_stm32f407xx.o(STACK)
    Stack_Mem                                0x20000d08   Data        1024  startup_stm32f407xx.o(STACK)
    __initial_sp                             0x20001108   Data           0  startup_stm32f407xx.o(STACK)

    Global Symbols

    Symbol Name                              Value     Ov Type        Size  Object(Section)

    BuildAttributes$$THM_ISAv4$E$P$D$K$B$S$7EM$VFPi3$EXTD16$VFPS$VFMA$PE$A:L22UL41UL21$X:L11$S22US41US21$IEEE1$IW$USESV6$~STKCKD$USESV7$~SHL$OTIME$ROPI$EBA8$UX$STANDARDLIB$REQ8$PRES8$EABIv2 0x00000000   Number         0  anon$$obj.o ABSOLUTE
    __ARM_use_no_argv                        0x00000000   Number         0  main.o ABSOLUTE
    __ARM_exceptions_init                     - Undefined Weak Reference
    __alloca_initialize                       - Undefined Weak Reference
    __arm_preinit_                            - Undefined Weak Reference
    __cpp_initialize__aeabi_                  - Undefined Weak Reference
    __cxa_finalize                            - Undefined Weak Reference
    __rt_locale                               - Undefined Weak Reference
    __sigvec_lookup                           - Undefined Weak Reference
    __user_heap_extent                        - Undefined Weak Reference
    _atexit_init                              - Undefined Weak Reference
    _call_atexit_fns                          - Undefined Weak Reference
    _clock_init                               - Undefined Weak Reference
    _fp_trap_init                             - Undefined Weak Reference
    _fp_trap_shutdown                         - Undefined Weak Reference
    _get_lc_collate                           - Undefined Weak Reference
    _get_lc_ctype                             - Undefined Weak Reference
    _get_lc_monetary                          - Undefined Weak Reference
    _get_lc_numeric                           - Undefined Weak Reference
    _get_lc_time                              - Undefined Weak Reference
    _getenv_init                              - Undefined Weak Reference
    _handle_redirection                       - Undefined Weak Reference
    _mutex_acquire                            - Undefined Weak Reference
    _mutex_free                               - Undefined Weak Reference
    _mutex_release                            - Undefined Weak Reference
    _printf_mbtowc                            - Undefined Weak Reference
    _printf_post_padding                      - Undefined Weak Reference
    _printf_pre_padding                       - Undefined Weak Reference
    _printf_truncate_signed                   - Undefined Weak Reference
    _printf_truncate_unsigned                 - Undefined Weak Reference
    _rand_init                                - Undefined Weak Reference
    _signal_finish                            - Undefined Weak Reference
    _signal_init                              - Undefined Weak Reference
    __Vectors_Size                           0x00000188   Number         0  startup_stm32f407xx.o ABSOLUTE
    __Vectors                                0x08000000   Data           4  startup_stm32f407xx.o(RESET)
    __Vectors_End                            0x08000188   Data           0  startup_stm32f407xx.o(RESET)
    __main                                   0x08000189   Thumb Code     8  __main.o(!!!main)
    __scatterload                            0x08000191   Thumb Code     0  __scatter.o(!!!scatter)
    __scatterload_rt2                        0x08000191   Thumb Code    44  __scatter.o(!!!scatter)
    __scatterload_rt2_thumb_only             0x08000191   Thumb Code     0  __scatter.o(!!!scatter)
    __scatterload_null                       0x0800019f   Thumb Code     0  __scatter.o(!!!scatter)
    __scatterload_copy                       0x080001c5   Thumb Code    26  __scatter_copy.o(!!handler_copy)
    __scatterload_zeroinit                   0x080001e1   Thumb Code    28  __scatter_zi.o(!!handler_zi)
    _printf_d                                0x080001fd   Thumb Code     0  _printf_d.o(.ARM.Collect$$_printf_percent$$00000009)
    _printf_percent                          0x080001fd   Thumb Code     0  _printf_percent.o(.ARM.Collect$$_printf_percent$$00000000)
    _printf_x                                0x08000203   Thumb Code     0  _printf_x.o(.ARM.Collect$$_printf_percent$$0000000C)
    _printf_s                                0x08000209   Thumb Code     0  _printf_s.o(.ARM.Collect$$_printf_percent$$00000014)
    _printf_percent_end                      0x0800020f   Thumb Code     0  _printf_percent_end.o(.ARM.Collect$$_printf_percent$$00000017)
    __rt_lib_init                            0x08000213   Thumb Code     0  libinit.o(.ARM.Collect$$libinit$$00000000)
    __rt_lib_init_fp_1                       0x08000215   Thumb Code     0  libinit2.o(.ARM.Collect$$libinit$$00000001)
    __rt_lib_init_heap_2                     0x08000219   Thumb Code     0  libinit2.o(.ARM.Collect$$libinit$$00000005)
    __rt_lib_init_preinit_1                  0x08000219   Thumb Code     0  libinit2.o(.ARM.Collect$$libinit$$00000004)
    __rt_lib_init_atexit_1                   0x08000221   Thumb Code     0  libinit2.o(.ARM.Collect$$libinit$$0000001B)
    __rt_lib_init_clock_1                    0x08000221   Thumb Code     0  libinit2.o(.ARM.Collect$$libinit$$00000021)
    __rt_lib_init_fp_trap_1                  0x08000221   Thumb Code     0  libinit2.o(.ARM.Collect$$libinit$$0000001F)
    __rt_lib_init_getenv_1                   0x08000221   Thumb Code     0  libinit2.o(.ARM.Collect$$libinit$$00000023)
    __rt_lib_init_heap_1                     0x08000221   Thumb Code     0  libinit2.o(.ARM.Collect$$libinit$$0000000A)
    __rt_lib_init_lc_collate_1               0x08000221   Thumb Code     0  libinit2.o(.ARM.Collect$$libinit$$00000011)
    __rt_lib_init_lc_ctype_1                 0x08000221   Thumb Code     0  libinit2.o(.ARM.Collect$$libinit$$00000013)
    __rt_lib_init_lc_monetary_1              0x08000221   Thumb Code     0  libinit2.o(.ARM.Collect$$libinit$$00000015)
    __rt_lib_init_lc_numeric_1               0x08000221   Thumb Code     0  libinit2.o(.ARM.Collect$$libinit$$00000017)
    __rt_lib_init_lc_time_1                  0x08000221   Thumb Code     0  libinit2.o(.ARM.Collect$$libinit$$00000019)
    __rt_lib_init_rand_1                     0x08000221   Thumb Code     0  libinit2.o(.ARM.Collect$$libinit$$0000000E)
    __rt_lib_init_signal_1                   0x08000221   Thumb Code     0  libinit2.o(.ARM.Collect$$libinit$$0000001D)
    __rt_lib_init_stdio_2                    0x08000221   Thumb Code     0  libinit2.o(.ARM.Collect$$libinit$$00000024)
    __rt_lib_init_user_alloc_1               0x08000221   Thumb Code     0  libinit2.o(.ARM.Collect$$libinit$$0000000C)
    __rt_lib_init_alloca_1                   0x08000225   Thumb Code     0  libinit2.o(.ARM.Collect$$libinit$$0000002E)
    __rt_lib_init_argv_1                     0x08000225   Thumb Code     0  libinit2.o(.ARM.Collect$$libinit$$0000002C)
    __rt_lib_init_cpp_1                      0x08000225   Thumb Code     0  libinit2.o(.ARM.Collect$$libinit$$00000032)
    __rt_lib_init_exceptions_1               0x08000225   Thumb Code     0  libinit2.o(.ARM.Collect$$libinit$$00000030)
    __rt_lib_init_return                     0x08000225   Thumb Code     0  libinit2.o(.ARM.Collect$$libinit$$00000033)
    __rt_lib_init_stdio_1                    0x08000225   Thumb Code     0  libinit2.o(.ARM.Collect$$libinit$$00000025)
    __rt_lib_shutdown                        0x08000227   Thumb Code     0  libshutdown.o(.ARM.Collect$$libshutdown$$00000000)
    __rt_lib_shutdown_cpp_1                  0x08000229   Thumb Code     0  libshutdown2.o(.ARM.Collect$$libshutdown$$00000002)
    __rt_lib_shutdown_stdio_2                0x08000229   Thumb Code     0  libshutdown2.o(.ARM.Collect$$libshutdown$$00000003)
    __rt_lib_shutdown_fp_trap_1              0x0800022d   Thumb Code     0  libshutdown2.o(.ARM.Collect$$libshutdown$$00000007)
    __rt_lib_shutdown_heap_1                 0x0800022d   Thumb Code     0  libshutdown2.o(.ARM.Collect$$libshutdown$$0000000F)
    __rt_lib_shutdown_return                 0x0800022d   Thumb Code     0  libshutdown2.o(.ARM.Collect$$libshutdown$$00000010)
    __rt_lib_shutdown_signal_1               0x0800022d   Thumb Code     0  libshutdown2.o(.ARM.Collect$$libshutdown$$0000000A)
    __rt_lib_shutdown_stdio_1                0x0800022d   Thumb Code     0  libshutdown2.o(.ARM.Collect$$libshutdown$$00000004)
    __rt_lib_shutdown_user_alloc_1           0x0800022d   Thumb Code     0  libshutdown2.o(.ARM.Collect$$libshutdown$$0000000C)
    __rt_entry                               0x0800022f   Thumb Code     0  __rtentry.o(.ARM.Collect$$rtentry$$00000000)
    __rt_entry_presh_1                       0x0800022f   Thumb Code     0  __rtentry2.o(.ARM.Collect$$rtentry$$00000002)
    __rt_entry_sh                            0x0800022f   Thumb Code     0  __rtentry4.o(.ARM.Collect$$rtentry$$00000004)
    __rt_entry_li                            0x08000235   Thumb Code     0  __rtentry2.o(.ARM.Collect$$rtentry$$0000000A)
    __rt_entry_postsh_1                      0x08000235   Thumb Code     0  __rtentry2.o(.ARM.Collect$$rtentry$$00000009)
    __rt_entry_main                          0x08000239   Thumb Code     0  __rtentry2.o(.ARM.Collect$$rtentry$$0000000D)
    __rt_entry_postli_1                      0x08000239   Thumb Code     0  __rtentry2.o(.ARM.Collect$$rtentry$$0000000C)
    __rt_exit                                0x08000241   Thumb Code     0  rtexit.o(.ARM.Collect$$rtexit$$00000000)
    __rt_exit_ls                             0x08000243   Thumb Code     0  rtexit2.o(.ARM.Collect$$rtexit$$00000003)
    __rt_exit_prels_1                        0x08000243   Thumb Code     0  rtexit2.o(.ARM.Collect$$rtexit$$00000002)
    __rt_exit_exit                           0x08000247   Thumb Code     0  rtexit2.o(.ARM.Collect$$rtexit$$00000004)
    Reset_Handler                            0x0800024d   Thumb Code     8  startup_stm32f407xx.o(.text)
    _maybe_terminate_alloc                   0x0800024d   Thumb Code     0  maybetermalloc1.o(.emb_text)
    ADC_IRQHandler                           0x08000267   Thumb Code     0  startup_stm32f407xx.o(.text)
    CAN1_RX0_IRQHandler                      0x08000267   Thumb Code     0  startup_stm32f407xx.o(.text)
    CAN1_RX1_IRQHandler                      0x08000267   Thumb Code     0  startup_stm32f407xx.o(.text)
    CAN1_SCE_IRQHandler                      0x08000267   Thumb Code     0  startup_stm32f407xx.o(.text)
    CAN1_TX_IRQHandler                       0x08000267   Thumb Code     0  startup_stm32f407xx.o(.text)
    CAN2_RX0_IRQHandler                      0x08000267   Thumb Code     0  startup_stm32f407xx.o(.text)
    CAN2_RX1_IRQHandler                      0x08000267   Thumb Code     0  startup_stm32f407xx.o(.text)
    CAN2_SCE_IRQHandler                      0x08000267   Thumb Code     0  startup_stm32f407xx.o(.text)
    CAN2_TX_IRQHandler                       0x08000267   Thumb Code     0  startup_stm32f407xx.o(.text)
    DCMI_IRQHandler                          0x08000267   Thumb Code     0  startup_stm32f407xx.o(.text)
    DMA1_Stream0_IRQHandler                  0x08000267   Thumb Code     0  startup_stm32f407xx.o(.text)
    DMA1_Stream1_IRQHandler                  0x08000267   Thumb Code     0  startup_stm32f407xx.o(.text)
    DMA1_Stream2_IRQHandler                  0x08000267   Thumb Code     0  startup_stm32f407xx.o(.text)
    DMA1_Stream3_IRQHandler                  0x08000267   Thumb Code     0  startup_stm32f407xx.o(.text)
    DMA1_Stream4_IRQHandler                  0x08000267   Thumb Code     0  startup_stm32f407xx.o(.text)
    DMA1_Stream5_IRQHandler                  0x08000267   Thumb Code     0  startup_stm32f407xx.o(.text)
    DMA1_Stream6_IRQHandler                  0x08000267   Thumb Code     0  startup_stm32f407xx.o(.text)
    DMA1_Stream7_IRQHandler                  0x08000267   Thumb Code     0  startup_stm32f407xx.o(.text)
    DMA2_Stream0_IRQHandler                  0x08000267   Thumb Code     0  startup_stm32f407xx.o(.text)
    DMA2_Stream1_IRQHandler                  0x08000267   Thumb Code     0  startup_stm32f407xx.o(.text)
    DMA2_Stream2_IRQHandler                  0x08000267   Thumb Code     0  startup_stm32f407xx.o(.text)
    DMA2_Stream3_IRQHandler                  0x08000267   Thumb Code     0  startup_stm32f407xx.o(.text)
    DMA2_Stream4_IRQHandler                  0x08000267   Thumb Code     0  startup_stm32f407xx.o(.text)
    DMA2_Stream5_IRQHandler                  0x08000267   Thumb Code     0  startup_stm32f407xx.o(.text)
    DMA2_Stream6_IRQHandler                  0x08000267   Thumb Code     0  startup_stm32f407xx.o(.text)
    DMA2_Stream7_IRQHandler                  0x08000267   Thumb Code     0  startup_stm32f407xx.o(.text)
    ETH_IRQHandler                           0x08000267   Thumb Code     0  startup_stm32f407xx.o(.text)
    ETH_WKUP_IRQHandler                      0x08000267   Thumb Code     0  startup_stm32f407xx.o(.text)
    EXTI0_IRQHandler                         0x08000267   Thumb Code     0  startup_stm32f407xx.o(.text)
    EXTI15_10_IRQHandler                     0x08000267   Thumb Code     0  startup_stm32f407xx.o(.text)
    EXTI1_IRQHandler                         0x08000267   Thumb Code     0  startup_stm32f407xx.o(.text)
    EXTI2_IRQHandler                         0x08000267   Thumb Code     0  startup_stm32f407xx.o(.text)
    EXTI3_IRQHandler                         0x08000267   Thumb Code     0  startup_stm32f407xx.o(.text)
    EXTI4_IRQHandler                         0x08000267   Thumb Code     0  startup_stm32f407xx.o(.text)
    EXTI9_5_IRQHandler                       0x08000267   Thumb Code     0  startup_stm32f407xx.o(.text)
    FLASH_IRQHandler                         0x08000267   Thumb Code     0  startup_stm32f407xx.o(.text)
    FMC_IRQHandler                           0x08000267   Thumb Code     0  startup_stm32f407xx.o(.text)
    FPU_IRQHandler                           0x08000267   Thumb Code     0  startup_stm32f407xx.o(.text)
    HASH_RNG_IRQHandler                      0x08000267   Thumb Code     0  startup_stm32f407xx.o(.text)
    I2C1_ER_IRQHandler                       0x08000267   Thumb Code     0  startup_stm32f407xx.o(.text)
    I2C1_EV_IRQHandler                       0x08000267   Thumb Code     0  startup_stm32f407xx.o(.text)
    I2C2_ER_IRQHandler                       0x08000267   Thumb Code     0  startup_stm32f407xx.o(.text)
    I2C2_EV_IRQHandler                       0x08000267   Thumb Code     0  startup_stm32f407xx.o(.text)
    I2C3_ER_IRQHandler                       0x08000267   Thumb Code     0  startup_stm32f407xx.o(.text)
    I2C3_EV_IRQHandler                       0x08000267   Thumb Code     0  startup_stm32f407xx.o(.text)
    OTG_FS_WKUP_IRQHandler                   0x08000267   Thumb Code     0  startup_stm32f407xx.o(.text)
    OTG_HS_EP1_IN_IRQHandler                 0x08000267   Thumb Code     0  startup_stm32f407xx.o(.text)
    OTG_HS_EP1_OUT_IRQHandler                0x08000267   Thumb Code     0  startup_stm32f407xx.o(.text)
    OTG_HS_IRQHandler                        0x08000267   Thumb Code     0  startup_stm32f407xx.o(.text)
    OTG_HS_WKUP_IRQHandler                   0x08000267   Thumb Code     0  startup_stm32f407xx.o(.text)
    PVD_IRQHandler                           0x08000267   Thumb Code     0  startup_stm32f407xx.o(.text)
    RCC_IRQHandler                           0x08000267   Thumb Code     0  startup_stm32f407xx.o(.text)
    RTC_Alarm_IRQHandler                     0x08000267   Thumb Code     0  startup_stm32f407xx.o(.text)
    RTC_WKUP_IRQHandler                      0x08000267   Thumb Code     0  startup_stm32f407xx.o(.text)
    SDIO_IRQHandler                          0x08000267   Thumb Code     0  startup_stm32f407xx.o(.text)
    SPI1_IRQHandler                          0x08000267   Thumb Code     0  startup_stm32f407xx.o(.text)
    SPI2_IRQHandler                          0x08000267   Thumb Code     0  startup_stm32f407xx.o(.text)
    SPI3_IRQHandler                          0x08000267   Thumb Code     0  startup_stm32f407xx.o(.text)
    TAMP_STAMP_IRQHandler                    0x08000267   Thumb Code     0  startup_stm32f407xx.o(.text)
    TIM1_BRK_TIM9_IRQHandler                 0x08000267   Thumb Code     0  startup_stm32f407xx.o(.text)
    TIM1_CC_IRQHandler                       0x08000267   Thumb Code     0  startup_stm32f407xx.o(.text)
    TIM1_TRG_COM_TIM11_IRQHandler            0x08000267   Thumb Code     0  startup_stm32f407xx.o(.text)
    TIM1_UP_TIM10_IRQHandler                 0x08000267   Thumb Code     0  startup_stm32f407xx.o(.text)
    TIM2_IRQHandler                          0x08000267   Thumb Code     0  startup_stm32f407xx.o(.text)
    TIM3_IRQHandler                          0x08000267   Thumb Code     0  startup_stm32f407xx.o(.text)
    TIM4_IRQHandler                          0x08000267   Thumb Code     0  startup_stm32f407xx.o(.text)
    TIM5_IRQHandler                          0x08000267   Thumb Code     0  startup_stm32f407xx.o(.text)
    TIM6_DAC_IRQHandler                      0x08000267   Thumb Code     0  startup_stm32f407xx.o(.text)
    TIM7_IRQHandler                          0x08000267   Thumb Code     0  startup_stm32f407xx.o(.text)
    TIM8_BRK_TIM12_IRQHandler                0x08000267   Thumb Code     0  startup_stm32f407xx.o(.text)
    TIM8_CC_IRQHandler                       0x08000267   Thumb Code     0  startup_stm32f407xx.o(.text)
    TIM8_TRG_COM_TIM14_IRQHandler            0x08000267   Thumb Code     0  startup_stm32f407xx.o(.text)
    TIM8_UP_TIM13_IRQHandler                 0x08000267   Thumb Code     0  startup_stm32f407xx.o(.text)
    UART4_IRQHandler                         0x08000267   Thumb Code     0  startup_stm32f407xx.o(.text)
    UART5_IRQHandler                         0x08000267   Thumb Code     0  startup_stm32f407xx.o(.text)
    USART1_IRQHandler                        0x08000267   Thumb Code     0  startup_stm32f407xx.o(.text)
    USART2_IRQHandler                        0x08000267   Thumb Code     0  startup_stm32f407xx.o(.text)
    USART3_IRQHandler                        0x08000267   Thumb Code     0  startup_stm32f407xx.o(.text)
    USART6_IRQHandler                        0x08000267   Thumb Code     0  startup_stm32f407xx.o(.text)
    WWDG_IRQHandler                          0x08000267   Thumb Code     0  startup_stm32f407xx.o(.text)
    __user_initial_stackheap                 0x08000269   Thumb Code     0  startup_stm32f407xx.o(.text)
    malloc                                   0x0800028d   Thumb Code    94  h1_alloc.o(.text)
    free                                     0x080002eb   Thumb Code    78  h1_free.o(.text)
    __aeabi_uldivmod                         0x08000339   Thumb Code     0  lludivv7m.o(.text)
    _ll_udiv                                 0x08000339   Thumb Code   238  lludivv7m.o(.text)
    __2printf                                0x08000429   Thumb Code    20  noretval__2printf.o(.text)
    __printf                                 0x08000441   Thumb Code   104  __printf.o(.text)
    _printf_str                              0x080004a9   Thumb Code    82  _printf_str.o(.text)
    _printf_int_dec                          0x080004fd   Thumb Code   104  _printf_dec.o(.text)
    _printf_int_hex                          0x08000575   Thumb Code    84  _printf_hex_int.o(.text)
    _printf_longlong_hex                     0x08000575   Thumb Code     0  _printf_hex_int.o(.text)
    __aeabi_memcpy4                          0x080005cd   Thumb Code     0  rt_memcpy_w.o(.text)
    __aeabi_memcpy8                          0x080005cd   Thumb Code     0  rt_memcpy_w.o(.text)
    __rt_memcpy_w                            0x080005cd   Thumb Code   100  rt_memcpy_w.o(.text)
    _memcpy_lastbytes_aligned                0x08000615   Thumb Code     0  rt_memcpy_w.o(.text)
    __aeabi_memclr4                          0x08000631   Thumb Code     0  rt_memclr_w.o(.text)
    __aeabi_memclr8                          0x08000631   Thumb Code     0  rt_memclr_w.o(.text)
    __rt_memclr_w                            0x08000631   Thumb Code    78  rt_memclr_w.o(.text)
    _memset_w                                0x08000635   Thumb Code     0  rt_memclr_w.o(.text)
    __use_two_region_memory                  0x0800067f   Thumb Code     2  heapauxi.o(.text)
    __rt_heap_escrow                         0x08000681   Thumb Code     2  heapauxi.o(.text)
    __rt_heap_expand                         0x08000683   Thumb Code     2  heapauxi.o(.text)
    __rt_heap_descriptor                     0x08000685   Thumb Code     8  rt_heap_descriptor_intlibspace.o(.text)
    __use_no_heap                            0x0800068d   Thumb Code     2  hguard.o(.text)
    __heap$guard                             0x0800068f   Thumb Code     2  hguard.o(.text)
    _terminate_user_alloc                    0x08000691   Thumb Code     2  init_alloc.o(.text)
    _init_user_alloc                         0x08000693   Thumb Code     2  init_alloc.o(.text)
    __Heap_Full                              0x08000695   Thumb Code    34  init_alloc.o(.text)
    __Heap_Broken                            0x080006b7   Thumb Code     6  init_alloc.o(.text)
    _init_alloc                              0x080006bd   Thumb Code    94  init_alloc.o(.text)
    __Heap_Initialize                        0x0800071b   Thumb Code    10  h1_init.o(.text)
    __Heap_DescSize                          0x08000725   Thumb Code     4  h1_init.o(.text)
    _printf_int_common                       0x08000729   Thumb Code   178  _printf_intcommon.o(.text)
    _printf_cs_common                        0x080007db   Thumb Code    20  _printf_char.o(.text)
    _printf_char                             0x080007ef   Thumb Code    16  _printf_char.o(.text)
    _printf_string                           0x080007ff   Thumb Code     8  _printf_char.o(.text)
    _printf_char_file                        0x08000809   Thumb Code    32  _printf_char_file.o(.text)
    __user_libspace                          0x0800082d   Thumb Code     8  libspace.o(.text)
    __user_perproc_libspace                  0x0800082d   Thumb Code     0  libspace.o(.text)
    __user_perthread_libspace                0x0800082d   Thumb Code     0  libspace.o(.text)
    __Heap_ProvideMemory                     0x08000835   Thumb Code    52  h1_extend.o(.text)
    _printf_char_common                      0x08000873   Thumb Code    32  _printf_char_common.o(.text)
    ferror                                   0x08000899   Thumb Code     8  ferror.o(.text)
    _initio                                  0x080008a1   Thumb Code   210  initio.o(.text)
    _terminateio                             0x08000973   Thumb Code    56  initio.o(.text)
    __rt_SIGRTMEM                            0x080009d9   Thumb Code    14  defsig_rtmem_outer.o(.text)
    _sys_open                                0x080009e7   Thumb Code    20  sys_io.o(.text)
    _sys_close                               0x080009fb   Thumb Code    12  sys_io.o(.text)
    _sys_write                               0x08000a07   Thumb Code    16  sys_io.o(.text)
    _sys_read                                0x08000a17   Thumb Code    14  sys_io.o(.text)
    _sys_istty                               0x08000a25   Thumb Code    12  sys_io.o(.text)
    _sys_seek                                0x08000a31   Thumb Code    14  sys_io.o(.text)
    _sys_ensure                              0x08000a3f   Thumb Code     2  sys_io.o(.text)
    _sys_flen                                0x08000a41   Thumb Code    12  sys_io.o(.text)
    __I$use$semihosting                      0x08000a4d   Thumb Code     0  use_no_semi.o(.text)
    __use_no_semihosting_swi                 0x08000a4d   Thumb Code     2  use_no_semi.o(.text)
    __semihosting_library_function           0x08000a4f   Thumb Code     0  indicate_semi.o(.text)
    __user_setup_stackheap                   0x08000a4f   Thumb Code    74  sys_stackheap_outer.o(.text)
    setvbuf                                  0x08000a99   Thumb Code    70  setvbuf.o(.text)
    freopen                                  0x08000ae1   Thumb Code   158  fopen.o(.text)
    fopen                                    0x08000b7f   Thumb Code    74  fopen.o(.text)
    _fclose_internal                         0x08000bcd   Thumb Code    76  fclose.o(.text)
    fclose                                   0x08000bcd   Thumb Code     0  fclose.o(.text)
    exit                                     0x08000c19   Thumb Code    18  exit.o(.text)
    __sig_exit                               0x08000c2b   Thumb Code    10  defsig_exit.o(.text)
    __rt_SIGRTRED                            0x08000c35   Thumb Code    14  defsig_rtred_outer.o(.text)
    __rt_SIGRTMEM_inner                      0x08000c45   Thumb Code    22  defsig_rtmem_inner.o(.text)
    _sys_exit                                0x08000c95   Thumb Code     8  sys_exit.o(.text)
    _fseek                                   0x08000ca1   Thumb Code   242  fseek.o(.text)
    fseek                                    0x08000ca1   Thumb Code     0  fseek.o(.text)
    _seterr                                  0x08000d99   Thumb Code    20  stdio.o(.text)
    _writebuf                                0x08000dad   Thumb Code    84  stdio.o(.text)
    _fflush                                  0x08000e01   Thumb Code    70  stdio.o(.text)
    _deferredlazyseek                        0x08000e47   Thumb Code    60  stdio.o(.text)
    __default_signal_display                 0x08000e89   Thumb Code    50  defsig_general.o(.text)
    __rt_SIGRTRED_inner                      0x08000ebd   Thumb Code    14  defsig_rtred_inner.o(.text)
    strlen                                   0x08000ef1   Thumb Code    62  strlen.o(.text)
    _ttywrch                                 0x08000f2f   Thumb Code    14  sys_wrch.o(.text)
    _ftell_internal                          0x08000f3d   Thumb Code    66  ftell.o(.text)
    ftell                                    0x08000f3d   Thumb Code     0  ftell.o(.text)
    __aeabi_errno_addr                       0x08000f81   Thumb Code     8  rt_errno_addr_intlibspace.o(.text)
    __errno$intlibspace                      0x08000f81   Thumb Code     0  rt_errno_addr_intlibspace.o(.text)
    __rt_errno_addr$intlibspace              0x08000f81   Thumb Code     0  rt_errno_addr_intlibspace.o(.text)
    BSP_LED_Off                              0x08000f89   Thumb Code    18  main.o(i.BSP_LED_Off)
    BSP_LED_On                               0x08000fa5   Thumb Code    18  main.o(i.BSP_LED_On)
    BSP_LED_Toggle                           0x08000fc1   Thumb Code    16  main.o(i.BSP_LED_Toggle)
    BusFault_Handler                         0x08000fd9   Thumb Code     2  stm32f4xx_it.o(i.BusFault_Handler)
    DebugMon_Handler                         0x0800102d   Thumb Code     2  stm32f4xx_it.o(i.DebugMon_Handler)
    Error_Handler                            0x0800102f   Thumb Code    46  main.o(i.Error_Handler)
    HAL_Delay                                0x0800105d   Thumb Code    32  stm32f4xx_hal.o(i.HAL_Delay)
    HAL_GPIO_Init                            0x08001081   Thumb Code   450  stm32f4xx_hal_gpio.o(i.HAL_GPIO_Init)
    HAL_GPIO_TogglePin                       0x08001271   Thumb Code    16  stm32f4xx_hal_gpio.o(i.HAL_GPIO_TogglePin)
    HAL_GPIO_WritePin                        0x08001281   Thumb Code    10  stm32f4xx_hal_gpio.o(i.HAL_GPIO_WritePin)
    HAL_GetTick                              0x0800128d   Thumb Code     6  stm32f4xx_hal.o(i.HAL_GetTick)
    HAL_HCD_Connect_Callback                 0x08001299   Thumb Code     8  usbh_conf.o(i.HAL_HCD_Connect_Callback)
    HAL_HCD_Disconnect_Callback              0x080012a1   Thumb Code     8  usbh_conf.o(i.HAL_HCD_Disconnect_Callback)
    HAL_HCD_GetCurrentFrame                  0x080012a9   Thumb Code     6  stm32f4xx_hal_hcd.o(i.HAL_HCD_GetCurrentFrame)
    HAL_HCD_GetCurrentSpeed                  0x080012af   Thumb Code     6  stm32f4xx_hal_hcd.o(i.HAL_HCD_GetCurrentSpeed)
    HAL_HCD_HC_GetURBState                   0x080012b5   Thumb Code    18  stm32f4xx_hal_hcd.o(i.HAL_HCD_HC_GetURBState)
    HAL_HCD_HC_GetXferCount                  0x080012c7   Thumb Code    16  stm32f4xx_hal_hcd.o(i.HAL_HCD_HC_GetXferCount)
    HAL_HCD_HC_Halt                          0x080012d7   Thumb Code    36  stm32f4xx_hal_hcd.o(i.HAL_HCD_HC_Halt)
    HAL_HCD_HC_Init                          0x080012fb   Thumb Code   118  stm32f4xx_hal_hcd.o(i.HAL_HCD_HC_Init)
    HAL_HCD_HC_NotifyURBChange_Callback      0x08001371   Thumb Code     2  usbh_conf.o(i.HAL_HCD_HC_NotifyURBChange_Callback)
    HAL_HCD_HC_SubmitRequest                 0x08001373   Thumb Code   154  stm32f4xx_hal_hcd.o(i.HAL_HCD_HC_SubmitRequest)
    HAL_HCD_IRQHandler                       0x0800140d   Thumb Code   314  stm32f4xx_hal_hcd.o(i.HAL_HCD_IRQHandler)
    HAL_HCD_Init                             0x08001547   Thumb Code   114  stm32f4xx_hal_hcd.o(i.HAL_HCD_Init)
    HAL_HCD_MspInit                          0x080015b9   Thumb Code   122  usbh_conf.o(i.HAL_HCD_MspInit)
    HAL_HCD_PortDisabled_Callback            0x0800163d   Thumb Code     8  usbh_conf.o(i.HAL_HCD_PortDisabled_Callback)
    HAL_HCD_PortEnabled_Callback             0x08001645   Thumb Code     8  usbh_conf.o(i.HAL_HCD_PortEnabled_Callback)
    HAL_HCD_ResetPort                        0x0800164d   Thumb Code     6  stm32f4xx_hal_hcd.o(i.HAL_HCD_ResetPort)
    HAL_HCD_SOF_Callback                     0x08001653   Thumb Code     8  usbh_conf.o(i.HAL_HCD_SOF_Callback)
    HAL_HCD_Start                            0x0800165b   Thumb Code    44  stm32f4xx_hal_hcd.o(i.HAL_HCD_Start)
    HAL_HCD_Stop                             0x08001687   Thumb Code    36  stm32f4xx_hal_hcd.o(i.HAL_HCD_Stop)
    HAL_IncTick                              0x080016ad   Thumb Code    12  stm32f4xx_hal.o(i.HAL_IncTick)
    HAL_Init                                 0x080016bd   Thumb Code    48  stm32f4xx_hal.o(i.HAL_Init)
    HAL_InitTick                             0x080016f1   Thumb Code    54  stm32f4xx_hal.o(i.HAL_InitTick)
    HAL_MspInit                              0x08001731   Thumb Code    42  stm32f4xx_hal_msp.o(i.HAL_MspInit)
    HAL_NVIC_EnableIRQ                       0x08001761   Thumb Code    26  stm32f4xx_hal_cortex.o(i.HAL_NVIC_EnableIRQ)
    HAL_NVIC_SetPriority                     0x0800177d   Thumb Code    60  stm32f4xx_hal_cortex.o(i.HAL_NVIC_SetPriority)
    HAL_NVIC_SetPriorityGrouping             0x080017bd   Thumb Code    26  stm32f4xx_hal_cortex.o(i.HAL_NVIC_SetPriorityGrouping)
    HAL_RCC_ClockConfig                      0x080017e1   Thumb Code   288  stm32f4xx_hal_rcc.o(i.HAL_RCC_ClockConfig)
    HAL_RCC_GetPCLK1Freq                     0x08001915   Thumb Code    20  stm32f4xx_hal_rcc.o(i.HAL_RCC_GetPCLK1Freq)
    HAL_RCC_GetPCLK2Freq                     0x08001935   Thumb Code    20  stm32f4xx_hal_rcc.o(i.HAL_RCC_GetPCLK2Freq)
    HAL_RCC_GetSysClockFreq                  0x08001955   Thumb Code    88  stm32f4xx_hal_rcc.o(i.HAL_RCC_GetSysClockFreq)
    HAL_RCC_OscConfig                        0x080019b5   Thumb Code   856  stm32f4xx_hal_rcc.o(i.HAL_RCC_OscConfig)
    HAL_SYSTICK_Config                       0x08001d21   Thumb Code    40  stm32f4xx_hal_cortex.o(i.HAL_SYSTICK_Config)
    HAL_UART_Init                            0x08001d49   Thumb Code    98  stm32f4xx_hal_uart.o(i.HAL_UART_Init)
    HAL_UART_MspInit                         0x08001dad   Thumb Code    94  stm32f4xx_hal_msp.o(i.HAL_UART_MspInit)
    HAL_UART_Transmit                        0x08001e19   Thumb Code   178  stm32f4xx_hal_uart.o(i.HAL_UART_Transmit)
    HardFault_Handler                        0x080023f1   Thumb Code     2  stm32f4xx_it.o(i.HardFault_Handler)
    MX_USB_HOST_Init                         0x08002485   Thumb Code    52  usb_host.o(i.MX_USB_HOST_Init)
    MX_USB_HOST_Process                      0x080024c5   Thumb Code     6  usb_host.o(i.MX_USB_HOST_Process)
    MemManage_Handler                        0x080024d1   Thumb Code     2  stm32f4xx_it.o(i.MemManage_Handler)
    NMI_Handler                              0x080024d3   Thumb Code     2  stm32f4xx_it.o(i.NMI_Handler)
    OTG_FS_IRQHandler                        0x080024d5   Thumb Code     6  stm32f4xx_it.o(i.OTG_FS_IRQHandler)
    PendSV_Handler                           0x080024e1   Thumb Code     2  stm32f4xx_it.o(i.PendSV_Handler)
    SVC_Handler                              0x080024e3   Thumb Code     2  stm32f4xx_it.o(i.SVC_Handler)
    SysTick_Handler                          0x080024e5   Thumb Code     4  stm32f4xx_it.o(i.SysTick_Handler)
    SystemClock_Config                       0x080024e9   Thumb Code   134  main.o(i.SystemClock_Config)
    SystemInit                               0x08002579   Thumb Code    12  system_stm32f4xx.o(i.SystemInit)
    USBH_AllocPipe                           0x0800270d   Thumb Code    56  usbh_pipes.o(i.USBH_AllocPipe)
    USBH_ClosePipe                           0x08002745   Thumb Code    10  usbh_pipes.o(i.USBH_ClosePipe)
    USBH_ClrFeature                          0x0800274f   Thumb Code    30  usbh_ctlreq.o(i.USBH_ClrFeature)
    USBH_CtlReceiveData                      0x0800276d   Thumb Code    30  usbh_ioreq.o(i.USBH_CtlReceiveData)
    USBH_CtlReq                              0x0800278b   Thumb Code    58  usbh_ctlreq.o(i.USBH_CtlReq)
    USBH_CtlSendData                         0x080027c5   Thumb Code    40  usbh_ioreq.o(i.USBH_CtlSendData)
    USBH_CtlSendSetup                        0x080027ed   Thumb Code    30  usbh_ioreq.o(i.USBH_CtlSendSetup)
    USBH_Delay                               0x0800280b   Thumb Code     4  usbh_conf.o(i.USBH_Delay)
    USBH_FindInterface                       0x08002811   Thumb Code    68  usbh_core.o(i.USBH_FindInterface)
    USBH_FreePipe                            0x08002855   Thumb Code    24  usbh_pipes.o(i.USBH_FreePipe)
    USBH_GetDescriptor                       0x0800286d   Thumb Code    52  usbh_ctlreq.o(i.USBH_GetDescriptor)
    USBH_GetNextDesc                         0x080028a1   Thumb Code    14  usbh_ctlreq.o(i.USBH_GetNextDesc)
    USBH_Get_CfgDesc                         0x080028af   Thumb Code    44  usbh_ctlreq.o(i.USBH_Get_CfgDesc)
    USBH_Get_DevDesc                         0x080028db   Thumb Code   168  usbh_ctlreq.o(i.USBH_Get_DevDesc)
    USBH_Get_StringDesc                      0x08002983   Thumb Code    72  usbh_ctlreq.o(i.USBH_Get_StringDesc)
    USBH_Get_USB_Status                      0x080029cb   Thumb Code    24  usbh_conf.o(i.USBH_Get_USB_Status)
    USBH_HID_EventCallback                   0x08002b49   Thumb Code     2  usbh_hid.o(i.USBH_HID_EventCallback)
    USBH_HID_FifoInit                        0x08002b4b   Thumb Code    14  usbh_hid.o(i.USBH_HID_FifoInit)
    USBH_HID_FifoWrite                       0x08002b59   Thumb Code    80  usbh_hid.o(i.USBH_HID_FifoWrite)
    USBH_HID_GetHIDReportDescriptor          0x08002ba9   Thumb Code    20  usbh_hid.o(i.USBH_HID_GetHIDReportDescriptor)
    USBH_HID_GetReport                       0x08002bbd   Thumb Code    34  usbh_hid.o(i.USBH_HID_GetReport)
    USBH_HID_KeybdInit                       0x08002db1   Thumb Code    84  usbh_hid_keybd.o(i.USBH_HID_KeybdInit)
    USBH_HID_MouseInit                       0x08002e0d   Thumb Code    80  usbh_hid_mouse.o(i.USBH_HID_MouseInit)
    USBH_HID_SetIdle                         0x08002f63   Thumb Code    26  usbh_hid.o(i.USBH_HID_SetIdle)
    USBH_HID_SetProtocol                     0x08002f7d   Thumb Code    32  usbh_hid.o(i.USBH_HID_SetProtocol)
    USBH_Init                                0x08003545   Thumb Code    80  usbh_core.o(i.USBH_Init)
    USBH_InterruptReceiveData                0x080035b5   Thumb Code    32  usbh_ioreq.o(i.USBH_InterruptReceiveData)
    USBH_LL_ClosePipe                        0x080035d5   Thumb Code    18  usbh_conf.o(i.USBH_LL_ClosePipe)
    USBH_LL_Connect                          0x080035e7   Thumb Code    20  usbh_core.o(i.USBH_LL_Connect)
    USBH_LL_Disconnect                       0x080035fb   Thumb Code    46  usbh_core.o(i.USBH_LL_Disconnect)
    USBH_LL_DriverVBUS                       0x08003629   Thumb Code    12  usbh_conf.o(i.USBH_LL_DriverVBUS)
    USBH_LL_GetLastXferSize                  0x08003635   Thumb Code     8  usbh_conf.o(i.USBH_LL_GetLastXferSize)
    USBH_LL_GetSpeed                         0x0800363d   Thumb Code    34  usbh_conf.o(i.USBH_LL_GetSpeed)
    USBH_LL_GetURBState                      0x0800365f   Thumb Code     8  usbh_conf.o(i.USBH_LL_GetURBState)
    USBH_LL_IncTimer                         0x08003667   Thumb Code    30  usbh_core.o(i.USBH_LL_IncTimer)
    USBH_LL_Init                             0x08003685   Thumb Code    74  usbh_conf.o(i.USBH_LL_Init)
    USBH_LL_OpenPipe                         0x080036d5   Thumb Code    28  usbh_conf.o(i.USBH_LL_OpenPipe)
    USBH_LL_PortDisabled                     0x080036f1   Thumb Code     8  usbh_core.o(i.USBH_LL_PortDisabled)
    USBH_LL_PortEnabled                      0x080036f9   Thumb Code     8  usbh_core.o(i.USBH_LL_PortEnabled)
    USBH_LL_ResetPort                        0x08003701   Thumb Code    18  usbh_conf.o(i.USBH_LL_ResetPort)
    USBH_LL_SetTimer                         0x08003713   Thumb Code     6  usbh_core.o(i.USBH_LL_SetTimer)
    USBH_LL_SetToggle                        0x08003719   Thumb Code    36  usbh_conf.o(i.USBH_LL_SetToggle)
    USBH_LL_Start                            0x0800373d   Thumb Code    18  usbh_conf.o(i.USBH_LL_Start)
    USBH_LL_Stop                             0x0800374f   Thumb Code    18  usbh_conf.o(i.USBH_LL_Stop)
    USBH_LL_SubmitURB                        0x08003761   Thumb Code    34  usbh_conf.o(i.USBH_LL_SubmitURB)
    USBH_OpenPipe                            0x08003783   Thumb Code    20  usbh_pipes.o(i.USBH_OpenPipe)
    USBH_Process                             0x08003955   Thumb Code   750  usbh_core.o(i.USBH_Process)
    USBH_RegisterClass                       0x08003e29   Thumb Code    58  usbh_core.o(i.USBH_RegisterClass)
    USBH_SelectInterface                     0x08003ea5   Thumb Code   120  usbh_core.o(i.USBH_SelectInterface)
    USBH_SetAddress                          0x08003f99   Thumb Code    28  usbh_ctlreq.o(i.USBH_SetAddress)
    USBH_SetCfg                              0x08003fb5   Thumb Code    28  usbh_ctlreq.o(i.USBH_SetCfg)
    USBH_SetFeature                          0x08003fd1   Thumb Code    28  usbh_ctlreq.o(i.USBH_SetFeature)
    USBH_Start                               0x08003fed   Thumb Code    20  usbh_core.o(i.USBH_Start)
    USB_CoreInit                             0x08004021   Thumb Code   112  stm32f4xx_ll_usb.o(i.USB_CoreInit)
    USB_DisableGlobalInt                     0x080040d5   Thumb Code    12  stm32f4xx_ll_usb.o(i.USB_DisableGlobalInt)
    USB_DoPing                               0x080040e1   Thumb Code    30  stm32f4xx_ll_usb.o(i.USB_DoPing)
    USB_DriveVbus                            0x08004105   Thumb Code    44  stm32f4xx_ll_usb.o(i.USB_DriveVbus)
    USB_EnableGlobalInt                      0x08004131   Thumb Code    12  stm32f4xx_ll_usb.o(i.USB_EnableGlobalInt)
    USB_FlushRxFifo                          0x0800413d   Thumb Code    54  stm32f4xx_ll_usb.o(i.USB_FlushRxFifo)
    USB_FlushTxFifo                          0x08004179   Thumb Code    58  stm32f4xx_ll_usb.o(i.USB_FlushTxFifo)
    USB_GetCurrentFrame                      0x080041b9   Thumb Code     8  stm32f4xx_ll_usb.o(i.USB_GetCurrentFrame)
    USB_GetHostSpeed                         0x080041c1   Thumb Code    14  stm32f4xx_ll_usb.o(i.USB_GetHostSpeed)
    USB_GetMode                              0x080041cf   Thumb Code     8  stm32f4xx_ll_usb.o(i.USB_GetMode)
    USB_HC_Halt                              0x080041d7   Thumb Code   196  stm32f4xx_ll_usb.o(i.USB_HC_Halt)
    USB_HC_Init                              0x0800429d   Thumb Code   266  stm32f4xx_ll_usb.o(i.USB_HC_Init)
    USB_HC_ReadInterrupt                     0x080043a7   Thumb Code     8  stm32f4xx_ll_usb.o(i.USB_HC_ReadInterrupt)
    USB_HC_StartXfer                         0x080043af   Thumb Code   320  stm32f4xx_ll_usb.o(i.USB_HC_StartXfer)
    USB_HostInit                             0x080044f1   Thumb Code   188  stm32f4xx_ll_usb.o(i.USB_HostInit)
    USB_InitFSLSPClkSel                      0x080045c1   Thumb Code    54  stm32f4xx_ll_usb.o(i.USB_InitFSLSPClkSel)
    USB_ReadInterrupts                       0x080045f7   Thumb Code     8  stm32f4xx_ll_usb.o(i.USB_ReadInterrupts)
    USB_ReadPacket                           0x080045ff   Thumb Code    62  stm32f4xx_ll_usb.o(i.USB_ReadPacket)
    USB_ResetPort                            0x0800463d   Thumb Code    50  stm32f4xx_ll_usb.o(i.USB_ResetPort)
    USB_SetCurrentMode                       0x0800466f   Thumb Code    92  stm32f4xx_ll_usb.o(i.USB_SetCurrentMode)
    USB_StopHost                             0x080046cb   Thumb Code   138  stm32f4xx_ll_usb.o(i.USB_StopHost)
    USB_WritePacket                          0x08004755   Thumb Code    40  stm32f4xx_ll_usb.o(i.USB_WritePacket)
    UsageFault_Handler                       0x0800477d   Thumb Code     2  stm32f4xx_it.o(i.UsageFault_Handler)
    fputc                                    0x080047a1   Thumb Code    20  main.o(i.fputc)
    main                                     0x080047b9   Thumb Code   114  main.o(i.main)
    _fp_init                                 0x08004845   Thumb Code    10  fpinit.o(x$fpl$fpinit)
    __fplib_config_fpu_vfp                   0x0800484d   Thumb Code     0  fpinit.o(x$fpl$fpinit)
    __fplib_config_pureend_doubles           0x0800484d   Thumb Code     0  fpinit.o(x$fpl$fpinit)
    GPIO_PIN                                 0x0800484e   Data           4  main.o(.constdata)
    BUTTON_PIN                               0x08004852   Data           6  main.o(.constdata)
    AHBPrescTable                            0x08004858   Data          16  system_stm32f4xx.o(.constdata)
    APBPrescTable                            0x08004868   Data           8  system_stm32f4xx.o(.constdata)
    __stdin_name                             0x08004898   Data           4  sys_io.o(.constdata)
    __stdout_name                            0x0800489c   Data           4  sys_io.o(.constdata)
    __stderr_name                            0x080048a0   Data           4  sys_io.o(.constdata)
    Region$$Table$$Base                      0x080048ec   Number         0  anon$$obj.o(Region$$Table)
    Region$$Table$$Limit                     0x0800490c   Number         0  anon$$obj.o(Region$$Table)
    GPIO_PORT                                0x20000000   Data           8  main.o(.data)
    BUTTON_PORT                              0x20000008   Data          12  main.o(.data)
    Appli_state                              0x20000014   Data           1  usb_host.o(.data)
    uwTickFreq                               0x20000018   Data           1  stm32f4xx_hal.o(.data)
    uwTickPrio                               0x2000001c   Data           4  stm32f4xx_hal.o(.data)
    uwTick                                   0x20000020   Data           4  stm32f4xx_hal.o(.data)
    SystemCoreClock                          0x20000024   Data           4  system_stm32f4xx.o(.data)
    HID_Class                                0x20000028   Data          32  usbh_hid.o(.data)
    keybd_rx_report_buf                      0x20000048   Data           8  usbh_hid_keybd.o(.data)
    keybd_report_data                        0x20000050   Data           8  usbh_hid_keybd.o(.data)
    mouse_info                               0x20000058   Data           5  usbh_hid_mouse.o(.data)
    mouse_report_data                        0x20000060   Data           8  usbh_hid_mouse.o(.data)
    mouse_rx_report_buf                      0x20000068   Data           8  usbh_hid_mouse.o(.data)
    __aeabi_stdin                            0x20000070   Data           4  stdio_streams.o(.data)
    __aeabi_stdout                           0x20000074   Data           4  stdio_streams.o(.data)
    __aeabi_stderr                           0x20000078   Data           4  stdio_streams.o(.data)
    huart1                                   0x2000007c   Data          68  main.o(.bss)
    hUsbHostFS                               0x200000c0   Data         984  usb_host.o(.bss)
    hhcd_USB_OTG_FS                          0x20000498   Data         772  usbh_conf.o(.bss)
    keybd_info                               0x2000079c   Data          15  usbh_hid_keybd.o(.bss)
    __stdin                                  0x200007ac   Data          84  stdio_streams.o(.bss)
    __stdout                                 0x20000800   Data          84  stdio_streams.o(.bss)
    __stderr                                 0x20000854   Data          84  stdio_streams.o(.bss)
    __libspace_start                         0x200008a8   Data          96  libspace.o(.bss)
    __temporary_stack_top$libspace           0x20000908   Data           0  libspace.o(.bss)



==============================================================================

Memory Map of the image

  Image Entry point : 0x08000189

  Load Region LR_IROM1 (Base: 0x08000000, Size: 0x00004988, Max: 0x00080000, ABSOLUTE)

    Execution Region ER_IROM1 (Exec base: 0x08000000, Load base: 0x08000000, Size: 0x0000490c, Max: 0x00080000, ABSOLUTE)

    Exec Addr    Load Addr    Size         Type   Attr      Idx    E Section Name        Object

    0x08000000   0x08000000   0x00000188   Data   RO            3    RESET               startup_stm32f407xx.o
    0x08000188   0x08000188   0x00000008   Code   RO         3640  * !!!main             c_w.l(__main.o)
    0x08000190   0x08000190   0x00000034   Code   RO         3932    !!!scatter          c_w.l(__scatter.o)
    0x080001c4   0x080001c4   0x0000001a   Code   RO         3934    !!handler_copy      c_w.l(__scatter_copy.o)
    0x080001de   0x080001de   0x00000002   PAD
    0x080001e0   0x080001e0   0x0000001c   Code   RO         3936    !!handler_zi        c_w.l(__scatter_zi.o)
    0x080001fc   0x080001fc   0x00000000   Code   RO         3633    .ARM.Collect$$_printf_percent$$00000000  c_w.l(_printf_percent.o)
    0x080001fc   0x080001fc   0x00000006   Code   RO         3632    .ARM.Collect$$_printf_percent$$00000009  c_w.l(_printf_d.o)
    0x08000202   0x08000202   0x00000006   Code   RO         3631    .ARM.Collect$$_printf_percent$$0000000C  c_w.l(_printf_x.o)
    0x08000208   0x08000208   0x00000006   Code   RO         3630    .ARM.Collect$$_printf_percent$$00000014  c_w.l(_printf_s.o)
    0x0800020e   0x0800020e   0x00000004   Code   RO         3696    .ARM.Collect$$_printf_percent$$00000017  c_w.l(_printf_percent_end.o)
    0x08000212   0x08000212   0x00000002   Code   RO         3858    .ARM.Collect$$libinit$$00000000  c_w.l(libinit.o)
    0x08000214   0x08000214   0x00000004   Code   RO         3705    .ARM.Collect$$libinit$$00000001  c_w.l(libinit2.o)
    0x08000218   0x08000218   0x00000000   Code   RO         3708    .ARM.Collect$$libinit$$00000004  c_w.l(libinit2.o)
    0x08000218   0x08000218   0x00000008   Code   RO         3709    .ARM.Collect$$libinit$$00000005  c_w.l(libinit2.o)
    0x08000220   0x08000220   0x00000000   Code   RO         3711    .ARM.Collect$$libinit$$0000000A  c_w.l(libinit2.o)
    0x08000220   0x08000220   0x00000000   Code   RO         3713    .ARM.Collect$$libinit$$0000000C  c_w.l(libinit2.o)
    0x08000220   0x08000220   0x00000000   Code   RO         3715    .ARM.Collect$$libinit$$0000000E  c_w.l(libinit2.o)
    0x08000220   0x08000220   0x00000000   Code   RO         3718    .ARM.Collect$$libinit$$00000011  c_w.l(libinit2.o)
    0x08000220   0x08000220   0x00000000   Code   RO         3720    .ARM.Collect$$libinit$$00000013  c_w.l(libinit2.o)
    0x08000220   0x08000220   0x00000000   Code   RO         3722    .ARM.Collect$$libinit$$00000015  c_w.l(libinit2.o)
    0x08000220   0x08000220   0x00000000   Code   RO         3724    .ARM.Collect$$libinit$$00000017  c_w.l(libinit2.o)
    0x08000220   0x08000220   0x00000000   Code   RO         3726    .ARM.Collect$$libinit$$00000019  c_w.l(libinit2.o)
    0x08000220   0x08000220   0x00000000   Code   RO         3728    .ARM.Collect$$libinit$$0000001B  c_w.l(libinit2.o)
    0x08000220   0x08000220   0x00000000   Code   RO         3730    .ARM.Collect$$libinit$$0000001D  c_w.l(libinit2.o)
    0x08000220   0x08000220   0x00000000   Code   RO         3732    .ARM.Collect$$libinit$$0000001F  c_w.l(libinit2.o)
    0x08000220   0x08000220   0x00000000   Code   RO         3734    .ARM.Collect$$libinit$$00000021  c_w.l(libinit2.o)
    0x08000220   0x08000220   0x00000000   Code   RO         3736    .ARM.Collect$$libinit$$00000023  c_w.l(libinit2.o)
    0x08000220   0x08000220   0x00000004   Code   RO         3737    .ARM.Collect$$libinit$$00000024  c_w.l(libinit2.o)
    0x08000224   0x08000224   0x00000000   Code   RO         3738    .ARM.Collect$$libinit$$00000025  c_w.l(libinit2.o)
    0x08000224   0x08000224   0x00000000   Code   RO         3742    .ARM.Collect$$libinit$$0000002C  c_w.l(libinit2.o)
    0x08000224   0x08000224   0x00000000   Code   RO         3744    .ARM.Collect$$libinit$$0000002E  c_w.l(libinit2.o)
    0x08000224   0x08000224   0x00000000   Code   RO         3746    .ARM.Collect$$libinit$$00000030  c_w.l(libinit2.o)
    0x08000224   0x08000224   0x00000000   Code   RO         3748    .ARM.Collect$$libinit$$00000032  c_w.l(libinit2.o)
    0x08000224   0x08000224   0x00000002   Code   RO         3749    .ARM.Collect$$libinit$$00000033  c_w.l(libinit2.o)
    0x08000226   0x08000226   0x00000002   Code   RO         3929    .ARM.Collect$$libshutdown$$00000000  c_w.l(libshutdown.o)
    0x08000228   0x08000228   0x00000000   Code   RO         3860    .ARM.Collect$$libshutdown$$00000002  c_w.l(libshutdown2.o)
    0x08000228   0x08000228   0x00000004   Code   RO         3861    .ARM.Collect$$libshutdown$$00000003  c_w.l(libshutdown2.o)
    0x0800022c   0x0800022c   0x00000000   Code   RO         3862    .ARM.Collect$$libshutdown$$00000004  c_w.l(libshutdown2.o)
    0x0800022c   0x0800022c   0x00000000   Code   RO         3865    .ARM.Collect$$libshutdown$$00000007  c_w.l(libshutdown2.o)
    0x0800022c   0x0800022c   0x00000000   Code   RO         3868    .ARM.Collect$$libshutdown$$0000000A  c_w.l(libshutdown2.o)
    0x0800022c   0x0800022c   0x00000000   Code   RO         3870    .ARM.Collect$$libshutdown$$0000000C  c_w.l(libshutdown2.o)
    0x0800022c   0x0800022c   0x00000000   Code   RO         3873    .ARM.Collect$$libshutdown$$0000000F  c_w.l(libshutdown2.o)
    0x0800022c   0x0800022c   0x00000002   Code   RO         3874    .ARM.Collect$$libshutdown$$00000010  c_w.l(libshutdown2.o)
    0x0800022e   0x0800022e   0x00000000   Code   RO         3660    .ARM.Collect$$rtentry$$00000000  c_w.l(__rtentry.o)
    0x0800022e   0x0800022e   0x00000000   Code   RO         3763    .ARM.Collect$$rtentry$$00000002  c_w.l(__rtentry2.o)
    0x0800022e   0x0800022e   0x00000006   Code   RO         3775    .ARM.Collect$$rtentry$$00000004  c_w.l(__rtentry4.o)
    0x08000234   0x08000234   0x00000000   Code   RO         3765    .ARM.Collect$$rtentry$$00000009  c_w.l(__rtentry2.o)
    0x08000234   0x08000234   0x00000004   Code   RO         3766    .ARM.Collect$$rtentry$$0000000A  c_w.l(__rtentry2.o)
    0x08000238   0x08000238   0x00000000   Code   RO         3768    .ARM.Collect$$rtentry$$0000000C  c_w.l(__rtentry2.o)
    0x08000238   0x08000238   0x00000008   Code   RO         3769    .ARM.Collect$$rtentry$$0000000D  c_w.l(__rtentry2.o)
    0x08000240   0x08000240   0x00000002   Code   RO         3877    .ARM.Collect$$rtexit$$00000000  c_w.l(rtexit.o)
    0x08000242   0x08000242   0x00000000   Code   RO         3900    .ARM.Collect$$rtexit$$00000002  c_w.l(rtexit2.o)
    0x08000242   0x08000242   0x00000004   Code   RO         3901    .ARM.Collect$$rtexit$$00000003  c_w.l(rtexit2.o)
    0x08000246   0x08000246   0x00000006   Code   RO         3902    .ARM.Collect$$rtexit$$00000004  c_w.l(rtexit2.o)
    0x0800024c   0x0800024c   0x00000000   Code   RO         3781    .emb_text           c_w.l(maybetermalloc1.o)
    0x0800024c   0x0800024c   0x00000040   Code   RO            4    .text               startup_stm32f407xx.o
    0x0800028c   0x0800028c   0x0000005e   Code   RO         3519    .text               c_w.l(h1_alloc.o)
    0x080002ea   0x080002ea   0x0000004e   Code   RO         3521    .text               c_w.l(h1_free.o)
    0x08000338   0x08000338   0x000000ee   Code   RO         3577    .text               c_w.l(lludivv7m.o)
    0x08000426   0x08000426   0x00000002   PAD
    0x08000428   0x08000428   0x00000018   Code   RO         3581    .text               c_w.l(noretval__2printf.o)
    0x08000440   0x08000440   0x00000068   Code   RO         3583    .text               c_w.l(__printf.o)
    0x080004a8   0x080004a8   0x00000052   Code   RO         3585    .text               c_w.l(_printf_str.o)
    0x080004fa   0x080004fa   0x00000002   PAD
    0x080004fc   0x080004fc   0x00000078   Code   RO         3587    .text               c_w.l(_printf_dec.o)
    0x08000574   0x08000574   0x00000058   Code   RO         3592    .text               c_w.l(_printf_hex_int.o)
    0x080005cc   0x080005cc   0x00000064   Code   RO         3634    .text               c_w.l(rt_memcpy_w.o)
    0x08000630   0x08000630   0x0000004e   Code   RO         3636    .text               c_w.l(rt_memclr_w.o)
    0x0800067e   0x0800067e   0x00000006   Code   RO         3638    .text               c_w.l(heapauxi.o)
    0x08000684   0x08000684   0x00000008   Code   RO         3668    .text               c_w.l(rt_heap_descriptor_intlibspace.o)
    0x0800068c   0x0800068c   0x00000004   Code   RO         3670    .text               c_w.l(hguard.o)
    0x08000690   0x08000690   0x0000008a   Code   RO         3672    .text               c_w.l(init_alloc.o)
    0x0800071a   0x0800071a   0x0000000e   Code   RO         3676    .text               c_w.l(h1_init.o)
    0x08000728   0x08000728   0x000000b2   Code   RO         3690    .text               c_w.l(_printf_intcommon.o)
    0x080007da   0x080007da   0x0000002c   Code   RO         3692    .text               c_w.l(_printf_char.o)
    0x08000806   0x08000806   0x00000002   PAD
    0x08000808   0x08000808   0x00000024   Code   RO         3694    .text               c_w.l(_printf_char_file.o)
    0x0800082c   0x0800082c   0x00000008   Code   RO         3759    .text               c_w.l(libspace.o)
    0x08000834   0x08000834   0x00000034   Code   RO         3783    .text               c_w.l(h1_extend.o)
    0x08000868   0x08000868   0x00000030   Code   RO         3787    .text               c_w.l(_printf_char_common.o)
    0x08000898   0x08000898   0x00000008   Code   RO         3789    .text               c_w.l(ferror.o)
    0x080008a0   0x080008a0   0x00000138   Code   RO         3791    .text               c_w.l(initio.o)
    0x080009d8   0x080009d8   0x0000000e   Code   RO         3797    .text               c_w.l(defsig_rtmem_outer.o)
    0x080009e6   0x080009e6   0x00000066   Code   RO         3808    .text               c_w.l(sys_io.o)
    0x08000a4c   0x08000a4c   0x00000002   Code   RO         3813    .text               c_w.l(use_no_semi.o)
    0x08000a4e   0x08000a4e   0x00000000   Code   RO         3815    .text               c_w.l(indicate_semi.o)
    0x08000a4e   0x08000a4e   0x0000004a   Code   RO         3816    .text               c_w.l(sys_stackheap_outer.o)
    0x08000a98   0x08000a98   0x00000046   Code   RO         3824    .text               c_w.l(setvbuf.o)
    0x08000ade   0x08000ade   0x00000002   PAD
    0x08000ae0   0x08000ae0   0x000000ec   Code   RO         3827    .text               c_w.l(fopen.o)
    0x08000bcc   0x08000bcc   0x0000004c   Code   RO         3829    .text               c_w.l(fclose.o)
    0x08000c18   0x08000c18   0x00000012   Code   RO         3835    .text               c_w.l(exit.o)
    0x08000c2a   0x08000c2a   0x0000000a   Code   RO         3837    .text               c_w.l(defsig_exit.o)
    0x08000c34   0x08000c34   0x0000000e   Code   RO         3843    .text               c_w.l(defsig_rtred_outer.o)
    0x08000c42   0x08000c42   0x00000002   PAD
    0x08000c44   0x08000c44   0x00000050   Code   RO         3847    .text               c_w.l(defsig_rtmem_inner.o)
    0x08000c94   0x08000c94   0x0000000c   Code   RO         3875    .text               c_w.l(sys_exit.o)
    0x08000ca0   0x08000ca0   0x000000f8   Code   RO         3883    .text               c_w.l(fseek.o)
    0x08000d98   0x08000d98   0x000000f0   Code   RO         3885    .text               c_w.l(stdio.o)
    0x08000e88   0x08000e88   0x00000032   Code   RO         3889    .text               c_w.l(defsig_general.o)
    0x08000eba   0x08000eba   0x00000002   PAD
    0x08000ebc   0x08000ebc   0x00000034   Code   RO         3893    .text               c_w.l(defsig_rtred_inner.o)
    0x08000ef0   0x08000ef0   0x0000003e   Code   RO         3895    .text               c_w.l(strlen.o)
    0x08000f2e   0x08000f2e   0x0000000e   Code   RO         3897    .text               c_w.l(sys_wrch.o)
    0x08000f3c   0x08000f3c   0x00000042   Code   RO         3906    .text               c_w.l(ftell.o)
    0x08000f7e   0x08000f7e   0x00000002   PAD
    0x08000f80   0x08000f80   0x00000008   Code   RO         3913    .text               c_w.l(rt_errno_addr_intlibspace.o)
    0x08000f88   0x08000f88   0x0000001c   Code   RO           13    i.BSP_LED_Off       main.o
    0x08000fa4   0x08000fa4   0x0000001c   Code   RO           14    i.BSP_LED_On        main.o
    0x08000fc0   0x08000fc0   0x00000018   Code   RO           15    i.BSP_LED_Toggle    main.o
    0x08000fd8   0x08000fd8   0x00000002   Code   RO          444    i.BusFault_Handler  stm32f4xx_it.o
    0x08000fda   0x08000fda   0x00000002   PAD
    0x08000fdc   0x08000fdc   0x00000050   Code   RO         2612    i.DeInitStateMachine  usbh_core.o
    0x0800102c   0x0800102c   0x00000002   Code   RO          445    i.DebugMon_Handler  stm32f4xx_it.o
    0x0800102e   0x0800102e   0x0000002e   Code   RO           17    i.Error_Handler     main.o
    0x0800105c   0x0800105c   0x00000024   Code   RO         1930    i.HAL_Delay         stm32f4xx_hal.o
    0x08001080   0x08001080   0x000001f0   Code   RO         1404    i.HAL_GPIO_Init     stm32f4xx_hal_gpio.o
    0x08001270   0x08001270   0x00000010   Code   RO         1407    i.HAL_GPIO_TogglePin  stm32f4xx_hal_gpio.o
    0x08001280   0x08001280   0x0000000a   Code   RO         1408    i.HAL_GPIO_WritePin  stm32f4xx_hal_gpio.o
    0x0800128a   0x0800128a   0x00000002   PAD
    0x0800128c   0x0800128c   0x0000000c   Code   RO         1936    i.HAL_GetTick       stm32f4xx_hal.o
    0x08001298   0x08001298   0x00000008   Code   RO          266    i.HAL_HCD_Connect_Callback  usbh_conf.o
    0x080012a0   0x080012a0   0x00000008   Code   RO          267    i.HAL_HCD_Disconnect_Callback  usbh_conf.o
    0x080012a8   0x080012a8   0x00000006   Code   RO          565    i.HAL_HCD_GetCurrentFrame  stm32f4xx_hal_hcd.o
    0x080012ae   0x080012ae   0x00000006   Code   RO          566    i.HAL_HCD_GetCurrentSpeed  stm32f4xx_hal_hcd.o
    0x080012b4   0x080012b4   0x00000012   Code   RO          569    i.HAL_HCD_HC_GetURBState  stm32f4xx_hal_hcd.o
    0x080012c6   0x080012c6   0x00000010   Code   RO          570    i.HAL_HCD_HC_GetXferCount  stm32f4xx_hal_hcd.o
    0x080012d6   0x080012d6   0x00000024   Code   RO          571    i.HAL_HCD_HC_Halt   stm32f4xx_hal_hcd.o
    0x080012fa   0x080012fa   0x00000076   Code   RO          572    i.HAL_HCD_HC_Init   stm32f4xx_hal_hcd.o
    0x08001370   0x08001370   0x00000002   Code   RO          268    i.HAL_HCD_HC_NotifyURBChange_Callback  usbh_conf.o
    0x08001372   0x08001372   0x0000009a   Code   RO          574    i.HAL_HCD_HC_SubmitRequest  stm32f4xx_hal_hcd.o
    0x0800140c   0x0800140c   0x0000013a   Code   RO          575    i.HAL_HCD_IRQHandler  stm32f4xx_hal_hcd.o
    0x08001546   0x08001546   0x00000072   Code   RO          576    i.HAL_HCD_Init      stm32f4xx_hal_hcd.o
    0x080015b8   0x080015b8   0x00000084   Code   RO          270    i.HAL_HCD_MspInit   usbh_conf.o
    0x0800163c   0x0800163c   0x00000008   Code   RO          271    i.HAL_HCD_PortDisabled_Callback  usbh_conf.o
    0x08001644   0x08001644   0x00000008   Code   RO          272    i.HAL_HCD_PortEnabled_Callback  usbh_conf.o
    0x0800164c   0x0800164c   0x00000006   Code   RO          581    i.HAL_HCD_ResetPort  stm32f4xx_hal_hcd.o
    0x08001652   0x08001652   0x00000008   Code   RO          273    i.HAL_HCD_SOF_Callback  usbh_conf.o
    0x0800165a   0x0800165a   0x0000002c   Code   RO          583    i.HAL_HCD_Start     stm32f4xx_hal_hcd.o
    0x08001686   0x08001686   0x00000024   Code   RO          584    i.HAL_HCD_Stop      stm32f4xx_hal_hcd.o
    0x080016aa   0x080016aa   0x00000002   PAD
    0x080016ac   0x080016ac   0x00000010   Code   RO         1942    i.HAL_IncTick       stm32f4xx_hal.o
    0x080016bc   0x080016bc   0x00000034   Code   RO         1943    i.HAL_Init          stm32f4xx_hal.o
    0x080016f0   0x080016f0   0x00000040   Code   RO         1944    i.HAL_InitTick      stm32f4xx_hal.o
    0x08001730   0x08001730   0x00000030   Code   RO          526    i.HAL_MspInit       stm32f4xx_hal_msp.o
    0x08001760   0x08001760   0x0000001a   Code   RO         1793    i.HAL_NVIC_EnableIRQ  stm32f4xx_hal_cortex.o
    0x0800177a   0x0800177a   0x00000002   PAD
    0x0800177c   0x0800177c   0x00000040   Code   RO         1799    i.HAL_NVIC_SetPriority  stm32f4xx_hal_cortex.o
    0x080017bc   0x080017bc   0x00000024   Code   RO         1800    i.HAL_NVIC_SetPriorityGrouping  stm32f4xx_hal_cortex.o
    0x080017e0   0x080017e0   0x00000134   Code   RO         1050    i.HAL_RCC_ClockConfig  stm32f4xx_hal_rcc.o
    0x08001914   0x08001914   0x00000020   Code   RO         1057    i.HAL_RCC_GetPCLK1Freq  stm32f4xx_hal_rcc.o
    0x08001934   0x08001934   0x00000020   Code   RO         1058    i.HAL_RCC_GetPCLK2Freq  stm32f4xx_hal_rcc.o
    0x08001954   0x08001954   0x00000060   Code   RO         1059    i.HAL_RCC_GetSysClockFreq  stm32f4xx_hal_rcc.o
    0x080019b4   0x080019b4   0x0000036c   Code   RO         1062    i.HAL_RCC_OscConfig  stm32f4xx_hal_rcc.o
    0x08001d20   0x08001d20   0x00000028   Code   RO         1804    i.HAL_SYSTICK_Config  stm32f4xx_hal_cortex.o
    0x08001d48   0x08001d48   0x00000062   Code   RO         2246    i.HAL_UART_Init     stm32f4xx_hal_uart.o
    0x08001daa   0x08001daa   0x00000002   PAD
    0x08001dac   0x08001dac   0x0000006c   Code   RO          528    i.HAL_UART_MspInit  stm32f4xx_hal_msp.o
    0x08001e18   0x08001e18   0x000000b2   Code   RO         2254    i.HAL_UART_Transmit  stm32f4xx_hal_uart.o
    0x08001eca   0x08001eca   0x000001ea   Code   RO          586    i.HCD_HC_IN_IRQHandler  stm32f4xx_hal_hcd.o
    0x080020b4   0x080020b4   0x0000021c   Code   RO          587    i.HCD_HC_OUT_IRQHandler  stm32f4xx_hal_hcd.o
    0x080022d0   0x080022d0   0x00000094   Code   RO          588    i.HCD_Port_IRQHandler  stm32f4xx_hal_hcd.o
    0x08002364   0x08002364   0x0000008c   Code   RO          589    i.HCD_RXQLVL_IRQHandler  stm32f4xx_hal_hcd.o
    0x080023f0   0x080023f0   0x00000002   Code   RO          446    i.HardFault_Handler  stm32f4xx_it.o
    0x080023f2   0x080023f2   0x00000002   PAD
    0x080023f4   0x080023f4   0x00000090   Code   RO           18    i.MX_GPIO_Init      main.o
    0x08002484   0x08002484   0x00000040   Code   RO          198    i.MX_USB_HOST_Init  usb_host.o
    0x080024c4   0x080024c4   0x0000000c   Code   RO          199    i.MX_USB_HOST_Process  usb_host.o
    0x080024d0   0x080024d0   0x00000002   Code   RO          447    i.MemManage_Handler  stm32f4xx_it.o
    0x080024d2   0x080024d2   0x00000002   Code   RO          448    i.NMI_Handler       stm32f4xx_it.o
    0x080024d4   0x080024d4   0x0000000c   Code   RO          449    i.OTG_FS_IRQHandler  stm32f4xx_it.o
    0x080024e0   0x080024e0   0x00000002   Code   RO          450    i.PendSV_Handler    stm32f4xx_it.o
    0x080024e2   0x080024e2   0x00000002   Code   RO          451    i.SVC_Handler       stm32f4xx_it.o
    0x080024e4   0x080024e4   0x00000004   Code   RO          452    i.SysTick_Handler   stm32f4xx_it.o
    0x080024e8   0x080024e8   0x00000090   Code   RO           19    i.SystemClock_Config  main.o
    0x08002578   0x08002578   0x00000010   Code   RO         2575    i.SystemInit        system_stm32f4xx.o
    0x08002588   0x08002588   0x0000010c   Code   RO         2272    i.UART_SetConfig    stm32f4xx_hal_uart.o
    0x08002694   0x08002694   0x00000078   Code   RO         2275    i.UART_WaitOnFlagUntilTimeout  stm32f4xx_hal_uart.o
    0x0800270c   0x0800270c   0x00000038   Code   RO         2919    i.USBH_AllocPipe    usbh_pipes.o
    0x08002744   0x08002744   0x0000000a   Code   RO         2920    i.USBH_ClosePipe    usbh_pipes.o
    0x0800274e   0x0800274e   0x0000001e   Code   RO         2748    i.USBH_ClrFeature   usbh_ctlreq.o
    0x0800276c   0x0800276c   0x0000001e   Code   RO         2849    i.USBH_CtlReceiveData  usbh_ioreq.o
    0x0800278a   0x0800278a   0x0000003a   Code   RO         2749    i.USBH_CtlReq       usbh_ctlreq.o
    0x080027c4   0x080027c4   0x00000028   Code   RO         2850    i.USBH_CtlSendData  usbh_ioreq.o
    0x080027ec   0x080027ec   0x0000001e   Code   RO         2851    i.USBH_CtlSendSetup  usbh_ioreq.o
    0x0800280a   0x0800280a   0x00000004   Code   RO          274    i.USBH_Delay        usbh_conf.o
    0x0800280e   0x0800280e   0x00000002   PAD
    0x08002810   0x08002810   0x00000044   Code   RO         2614    i.USBH_FindInterface  usbh_core.o
    0x08002854   0x08002854   0x00000018   Code   RO         2921    i.USBH_FreePipe     usbh_pipes.o
    0x0800286c   0x0800286c   0x00000034   Code   RO         2750    i.USBH_GetDescriptor  usbh_ctlreq.o
    0x080028a0   0x080028a0   0x0000000e   Code   RO         2751    i.USBH_GetNextDesc  usbh_ctlreq.o
    0x080028ae   0x080028ae   0x0000002c   Code   RO         2752    i.USBH_Get_CfgDesc  usbh_ctlreq.o
    0x080028da   0x080028da   0x000000a8   Code   RO         2753    i.USBH_Get_DevDesc  usbh_ctlreq.o
    0x08002982   0x08002982   0x00000048   Code   RO         2754    i.USBH_Get_StringDesc  usbh_ctlreq.o
    0x080029ca   0x080029ca   0x00000018   Code   RO          275    i.USBH_Get_USB_Status  usbh_conf.o
    0x080029e2   0x080029e2   0x00000002   PAD
    0x080029e4   0x080029e4   0x00000164   Code   RO         2961    i.USBH_HID_ClassRequest  usbh_hid.o
    0x08002b48   0x08002b48   0x00000002   Code   RO         2962    i.USBH_HID_EventCallback  usbh_hid.o
    0x08002b4a   0x08002b4a   0x0000000e   Code   RO         2963    i.USBH_HID_FifoInit  usbh_hid.o
    0x08002b58   0x08002b58   0x00000050   Code   RO         2965    i.USBH_HID_FifoWrite  usbh_hid.o
    0x08002ba8   0x08002ba8   0x00000014   Code   RO         2968    i.USBH_HID_GetHIDReportDescriptor  usbh_hid.o
    0x08002bbc   0x08002bbc   0x00000022   Code   RO         2970    i.USBH_HID_GetReport  usbh_hid.o
    0x08002bde   0x08002bde   0x0000004a   Code   RO         2971    i.USBH_HID_InterfaceDeInit  usbh_hid.o
    0x08002c28   0x08002c28   0x00000188   Code   RO         2972    i.USBH_HID_InterfaceInit  usbh_hid.o
    0x08002db0   0x08002db0   0x0000005c   Code   RO         3090    i.USBH_HID_KeybdInit  usbh_hid_keybd.o
    0x08002e0c   0x08002e0c   0x00000054   Code   RO         3135    i.USBH_HID_MouseInit  usbh_hid_mouse.o
    0x08002e60   0x08002e60   0x000000e0   Code   RO         2973    i.USBH_HID_Process  usbh_hid.o
    0x08002f40   0x08002f40   0x00000022   Code   RO         2974    i.USBH_HID_SOFProcess  usbh_hid.o
    0x08002f62   0x08002f62   0x0000001a   Code   RO         2975    i.USBH_HID_SetIdle  usbh_hid.o
    0x08002f7c   0x08002f7c   0x00000020   Code   RO         2976    i.USBH_HID_SetProtocol  usbh_hid.o
    0x08002f9c   0x08002f9c   0x000001d8   Code   RO         2755    i.USBH_HandleControl  usbh_ctlreq.o
    0x08003174   0x08003174   0x000003d0   Code   RO         2617    i.USBH_HandleEnum   usbh_core.o
    0x08003544   0x08003544   0x00000070   Code   RO         2618    i.USBH_Init         usbh_core.o
    0x080035b4   0x080035b4   0x00000020   Code   RO         2852    i.USBH_InterruptReceiveData  usbh_ioreq.o
    0x080035d4   0x080035d4   0x00000012   Code   RO          276    i.USBH_LL_ClosePipe  usbh_conf.o
    0x080035e6   0x080035e6   0x00000014   Code   RO         2620    i.USBH_LL_Connect   usbh_core.o
    0x080035fa   0x080035fa   0x0000002e   Code   RO         2621    i.USBH_LL_Disconnect  usbh_core.o
    0x08003628   0x08003628   0x0000000c   Code   RO          278    i.USBH_LL_DriverVBUS  usbh_conf.o
    0x08003634   0x08003634   0x00000008   Code   RO          279    i.USBH_LL_GetLastXferSize  usbh_conf.o
    0x0800363c   0x0800363c   0x00000022   Code   RO          280    i.USBH_LL_GetSpeed  usbh_conf.o
    0x0800365e   0x0800365e   0x00000008   Code   RO          282    i.USBH_LL_GetURBState  usbh_conf.o
    0x08003666   0x08003666   0x0000001e   Code   RO         2622    i.USBH_LL_IncTimer  usbh_core.o
    0x08003684   0x08003684   0x00000050   Code   RO          283    i.USBH_LL_Init      usbh_conf.o
    0x080036d4   0x080036d4   0x0000001c   Code   RO          284    i.USBH_LL_OpenPipe  usbh_conf.o
    0x080036f0   0x080036f0   0x00000008   Code   RO         2623    i.USBH_LL_PortDisabled  usbh_core.o
    0x080036f8   0x080036f8   0x00000008   Code   RO         2624    i.USBH_LL_PortEnabled  usbh_core.o
    0x08003700   0x08003700   0x00000012   Code   RO          285    i.USBH_LL_ResetPort  usbh_conf.o
    0x08003712   0x08003712   0x00000006   Code   RO         2625    i.USBH_LL_SetTimer  usbh_core.o
    0x08003718   0x08003718   0x00000024   Code   RO          286    i.USBH_LL_SetToggle  usbh_conf.o
    0x0800373c   0x0800373c   0x00000012   Code   RO          287    i.USBH_LL_Start     usbh_conf.o
    0x0800374e   0x0800374e   0x00000012   Code   RO          288    i.USBH_LL_Stop      usbh_conf.o
    0x08003760   0x08003760   0x00000022   Code   RO          289    i.USBH_LL_SubmitURB  usbh_conf.o
    0x08003782   0x08003782   0x00000014   Code   RO         2922    i.USBH_OpenPipe     usbh_pipes.o
    0x08003796   0x08003796   0x0000014c   Code   RO         2756    i.USBH_ParseCfgDesc  usbh_ctlreq.o
    0x080038e2   0x080038e2   0x00000002   PAD
    0x080038e4   0x080038e4   0x0000006e   Code   RO         2757    i.USBH_ParseEPDesc  usbh_ctlreq.o
    0x08003952   0x08003952   0x00000002   PAD
    0x08003954   0x08003954   0x000004d4   Code   RO         2626    i.USBH_Process      usbh_core.o
    0x08003e28   0x08003e28   0x0000007c   Code   RO         2628    i.USBH_RegisterClass  usbh_core.o
    0x08003ea4   0x08003ea4   0x000000f4   Code   RO         2629    i.USBH_SelectInterface  usbh_core.o
    0x08003f98   0x08003f98   0x0000001c   Code   RO         2758    i.USBH_SetAddress   usbh_ctlreq.o
    0x08003fb4   0x08003fb4   0x0000001c   Code   RO         2759    i.USBH_SetCfg       usbh_ctlreq.o
    0x08003fd0   0x08003fd0   0x0000001c   Code   RO         2760    i.USBH_SetFeature   usbh_ctlreq.o
    0x08003fec   0x08003fec   0x00000014   Code   RO         2630    i.USBH_Start        usbh_core.o
    0x08004000   0x08004000   0x00000020   Code   RO          200    i.USBH_UserProcess  usb_host.o
    0x08004020   0x08004020   0x00000074   Code   RO          749    i.USB_CoreInit      stm32f4xx_ll_usb.o
    0x08004094   0x08004094   0x00000040   Code   RO          750    i.USB_CoreReset     stm32f4xx_ll_usb.o
    0x080040d4   0x080040d4   0x0000000c   Code   RO          757    i.USB_DisableGlobalInt  stm32f4xx_ll_usb.o
    0x080040e0   0x080040e0   0x00000024   Code   RO          758    i.USB_DoPing        stm32f4xx_ll_usb.o
    0x08004104   0x08004104   0x0000002c   Code   RO          759    i.USB_DriveVbus     stm32f4xx_ll_usb.o
    0x08004130   0x08004130   0x0000000c   Code   RO          766    i.USB_EnableGlobalInt  stm32f4xx_ll_usb.o
    0x0800413c   0x0800413c   0x0000003c   Code   RO          767    i.USB_FlushRxFifo   stm32f4xx_ll_usb.o
    0x08004178   0x08004178   0x00000040   Code   RO          768    i.USB_FlushTxFifo   stm32f4xx_ll_usb.o
    0x080041b8   0x080041b8   0x00000008   Code   RO          769    i.USB_GetCurrentFrame  stm32f4xx_ll_usb.o
    0x080041c0   0x080041c0   0x0000000e   Code   RO          771    i.USB_GetHostSpeed  stm32f4xx_ll_usb.o
    0x080041ce   0x080041ce   0x00000008   Code   RO          772    i.USB_GetMode       stm32f4xx_ll_usb.o
    0x080041d6   0x080041d6   0x000000c4   Code   RO          773    i.USB_HC_Halt       stm32f4xx_ll_usb.o
    0x0800429a   0x0800429a   0x00000002   PAD
    0x0800429c   0x0800429c   0x0000010a   Code   RO          774    i.USB_HC_Init       stm32f4xx_ll_usb.o
    0x080043a6   0x080043a6   0x00000008   Code   RO          775    i.USB_HC_ReadInterrupt  stm32f4xx_ll_usb.o
    0x080043ae   0x080043ae   0x00000140   Code   RO          776    i.USB_HC_StartXfer  stm32f4xx_ll_usb.o
    0x080044ee   0x080044ee   0x00000002   PAD
    0x080044f0   0x080044f0   0x000000d0   Code   RO          777    i.USB_HostInit      stm32f4xx_ll_usb.o
    0x080045c0   0x080045c0   0x00000036   Code   RO          778    i.USB_InitFSLSPClkSel  stm32f4xx_ll_usb.o
    0x080045f6   0x080045f6   0x00000008   Code   RO          783    i.USB_ReadInterrupts  stm32f4xx_ll_usb.o
    0x080045fe   0x080045fe   0x0000003e   Code   RO          784    i.USB_ReadPacket    stm32f4xx_ll_usb.o
    0x0800463c   0x0800463c   0x00000032   Code   RO          785    i.USB_ResetPort     stm32f4xx_ll_usb.o
    0x0800466e   0x0800466e   0x0000005c   Code   RO          786    i.USB_SetCurrentMode  stm32f4xx_ll_usb.o
    0x080046ca   0x080046ca   0x0000008a   Code   RO          791    i.USB_StopHost      stm32f4xx_ll_usb.o
    0x08004754   0x08004754   0x00000028   Code   RO          792    i.USB_WritePacket   stm32f4xx_ll_usb.o
    0x0800477c   0x0800477c   0x00000002   Code   RO          453    i.UsageFault_Handler  stm32f4xx_it.o
    0x0800477e   0x0800477e   0x00000020   Code   RO         1806    i.__NVIC_SetPriority  stm32f4xx_hal_cortex.o
    0x0800479e   0x0800479e   0x00000002   PAD
    0x080047a0   0x080047a0   0x00000018   Code   RO           20    i.fputc             main.o
    0x080047b8   0x080047b8   0x0000008c   Code   RO           21    i.main              main.o
    0x08004844   0x08004844   0x0000000a   Code   RO         3806    x$fpl$fpinit        fz_wm.l(fpinit.o)
    0x0800484e   0x0800484e   0x0000000a   Data   RO           23    .constdata          main.o
    0x08004858   0x08004858   0x00000010   Data   RO         2576    .constdata          system_stm32f4xx.o
    0x08004868   0x08004868   0x00000008   Data   RO         2577    .constdata          system_stm32f4xx.o
    0x08004870   0x08004870   0x00000028   Data   RO         3593    .constdata          c_w.l(_printf_hex_int.o)
    0x08004898   0x08004898   0x00000004   Data   RO         3809    .constdata          c_w.l(sys_io.o)
    0x0800489c   0x0800489c   0x00000004   Data   RO         3810    .constdata          c_w.l(sys_io.o)
    0x080048a0   0x080048a0   0x00000004   Data   RO         3811    .constdata          c_w.l(sys_io.o)
    0x080048a4   0x080048a4   0x00000042   Data   RO         2632    .conststring        usbh_core.o
    0x080048e6   0x080048e6   0x00000002   PAD
    0x080048e8   0x080048e8   0x00000004   Data   RO         2978    .conststring        usbh_hid.o
    0x080048ec   0x080048ec   0x00000020   Data   RO         3930    Region$$Table       anon$$obj.o


    Execution Region RW_IRAM1 (Exec base: 0x20000000, Load base: 0x0800490c, Size: 0x00001108, Max: 0x0001c000, ABSOLUTE)

    Exec Addr    Load Addr    Size         Type   Attr      Idx    E Section Name        Object

    0x20000000   0x0800490c   0x00000014   Data   RW           25    .data               main.o
    0x20000014   0x08004920   0x00000001   Data   RW          202    .data               usb_host.o
    0x20000015   0x08004921   0x00000003   PAD
    0x20000018   0x08004924   0x0000000c   Data   RW         1950    .data               stm32f4xx_hal.o
    0x20000024   0x08004930   0x00000004   Data   RW         2578    .data               system_stm32f4xx.o
    0x20000028   0x08004934   0x00000020   Data   RW         2979    .data               usbh_hid.o
    0x20000048   0x08004954   0x00000010   Data   RW         3093    .data               usbh_hid_keybd.o
    0x20000058   0x08004964   0x00000018   Data   RW         3137    .data               usbh_hid_mouse.o
    0x20000070   0x0800497c   0x00000004   Data   RW         3700    .data               c_w.l(stdio_streams.o)
    0x20000074   0x08004980   0x00000004   Data   RW         3701    .data               c_w.l(stdio_streams.o)
    0x20000078   0x08004984   0x00000004   Data   RW         3702    .data               c_w.l(stdio_streams.o)
    0x2000007c        -       0x00000044   Zero   RW           22    .bss                main.o
    0x200000c0        -       0x000003d8   Zero   RW          201    .bss                usb_host.o
    0x20000498        -       0x00000304   Zero   RW          290    .bss                usbh_conf.o
    0x2000079c        -       0x0000000f   Zero   RW         3091    .bss                usbh_hid_keybd.o
    0x200007ab   0x08004988   0x00000001   PAD
    0x200007ac        -       0x00000054   Zero   RW         3697    .bss                c_w.l(stdio_streams.o)
    0x20000800        -       0x00000054   Zero   RW         3698    .bss                c_w.l(stdio_streams.o)
    0x20000854        -       0x00000054   Zero   RW         3699    .bss                c_w.l(stdio_streams.o)
    0x200008a8        -       0x00000060   Zero   RW         3760    .bss                c_w.l(libspace.o)
    0x20000908        -       0x00000400   Zero   RW            2    HEAP                startup_stm32f407xx.o
    0x20000d08        -       0x00000400   Zero   RW            1    STACK               startup_stm32f407xx.o


    Execution Region RW_IRAM2 (Exec base: 0x2001c000, Load base: 0x08004988, Size: 0x00000000, Max: 0x00004000, ABSOLUTE)

    **** No section assigned to this execution region ****


==============================================================================

Image component sizes


      Code (inc. data)   RO Data    RW Data    ZI Data      Debug   Object Name

       578         82         10         20         68     671851   main.o
        64         26        392          0       2048        864   startup_stm32f407xx.o
       180         28          0         12          0       9561   stm32f4xx_hal.o
       198         14          0          0          0      34067   stm32f4xx_hal_cortex.o
       522         46          0          0          0       2917   stm32f4xx_hal_gpio.o
      2186          0          0          0          0      14157   stm32f4xx_hal_hcd.o
       156         20          0          0          0       1605   stm32f4xx_hal_msp.o
      1344         72          0          0          0       5360   stm32f4xx_hal_rcc.o
       664         10          0          0          0       4304   stm32f4xx_hal_uart.o
        32          6          0          0          0       4742   stm32f4xx_it.o
      1880         48          0          0          0      19165   stm32f4xx_ll_usb.o
        16          4         24          4          0       1167   system_stm32f4xx.o
       108         22          0          1        984      19826   usb_host.o
       514         16          0          0        772      13081   usbh_conf.o
      2978       1132         66          0          0      11953   usbh_core.o
      1436         64          0          0          0      12226   usbh_ctlreq.o
      1288        228          4         32          0      14991   usbh_hid.o
        92          8          0         16         15       2276   usbh_hid_keybd.o
        84          4          0         24          0       1900   usbh_hid_mouse.o
       132          0          0          0          0       3629   usbh_ioreq.o
       110          0          0          0          0       3458   usbh_pipes.o

    ----------------------------------------------------------------------
     14588       1830        530        112       3888     853100   Object Totals
         0          0         32          0          0          0   (incl. Generated)
        26          0          2          3          1          0   (incl. Padding)

    ----------------------------------------------------------------------

      Code (inc. data)   RO Data    RW Data    ZI Data      Debug   Library Member Name

         8          0          0          0          0         68   __main.o
       104          0          0          0          0         84   __printf.o
         0          0          0          0          0          0   __rtentry.o
        12          0          0          0          0          0   __rtentry2.o
         6          0          0          0          0          0   __rtentry4.o
        52          8          0          0          0          0   __scatter.o
        26          0          0          0          0          0   __scatter_copy.o
        28          0          0          0          0          0   __scatter_zi.o
        44          0          0          0          0        108   _printf_char.o
        48          6          0          0          0         96   _printf_char_common.o
        36          4          0          0          0         80   _printf_char_file.o
         6          0          0          0          0          0   _printf_d.o
       120         16          0          0          0         92   _printf_dec.o
        88          4         40          0          0         88   _printf_hex_int.o
       178          0          0          0          0         88   _printf_intcommon.o
         0          0          0          0          0          0   _printf_percent.o
         4          0          0          0          0          0   _printf_percent_end.o
         6          0          0          0          0          0   _printf_s.o
        82          0          0          0          0         80   _printf_str.o
         6          0          0          0          0          0   _printf_x.o
        10          0          0          0          0         68   defsig_exit.o
        50          0          0          0          0         88   defsig_general.o
        80         58          0          0          0         76   defsig_rtmem_inner.o
        14          0          0          0          0         80   defsig_rtmem_outer.o
        52         38          0          0          0         76   defsig_rtred_inner.o
        14          0          0          0          0         80   defsig_rtred_outer.o
        18          0          0          0          0         80   exit.o
        76          0          0          0          0         88   fclose.o
         8          0          0          0          0         68   ferror.o
       236          4          0          0          0        128   fopen.o
       248          6          0          0          0         84   fseek.o
        66          0          0          0          0         76   ftell.o
        94          0          0          0          0         80   h1_alloc.o
        52          0          0          0          0         68   h1_extend.o
        78          0          0          0          0         80   h1_free.o
        14          0          0          0          0         84   h1_init.o
         6          0          0          0          0        152   heapauxi.o
         4          0          0          0          0        136   hguard.o
         0          0          0          0          0          0   indicate_semi.o
       138          0          0          0          0        168   init_alloc.o
       312         46          0          0          0        112   initio.o
         2          0          0          0          0          0   libinit.o
        18          0          0          0          0          0   libinit2.o
         2          0          0          0          0          0   libshutdown.o
         6          0          0          0          0          0   libshutdown2.o
         8          4          0          0         96         68   libspace.o
       238          0          0          0          0        100   lludivv7m.o
         0          0          0          0          0          0   maybetermalloc1.o
        24          4          0          0          0         84   noretval__2printf.o
         8          4          0          0          0         68   rt_errno_addr_intlibspace.o
         8          4          0          0          0         68   rt_heap_descriptor_intlibspace.o
        78          0          0          0          0         80   rt_memclr_w.o
       100          0          0          0          0         80   rt_memcpy_w.o
         2          0          0          0          0          0   rtexit.o
        10          0          0          0          0          0   rtexit2.o
        70          0          0          0          0         80   setvbuf.o
       240          6          0          0          0        156   stdio.o
         0          0          0         12        252          0   stdio_streams.o
        62          0          0          0          0         76   strlen.o
        12          4          0          0          0         68   sys_exit.o
       102          0         12          0          0        240   sys_io.o
        74          0          0          0          0         80   sys_stackheap_outer.o
        14          0          0          0          0         76   sys_wrch.o
         2          0          0          0          0         68   use_no_semi.o
        10          0          0          0          0        116   fpinit.o

    ----------------------------------------------------------------------
      3530        216         52         12        348       4164   Library Totals
        16          0          0          0          0          0   (incl. Padding)

    ----------------------------------------------------------------------

      Code (inc. data)   RO Data    RW Data    ZI Data      Debug   Library Name

      3504        216         52         12        348       4048   c_w.l
        10          0          0          0          0        116   fz_wm.l

    ----------------------------------------------------------------------
      3530        216         52         12        348       4164   Library Totals

    ----------------------------------------------------------------------

==============================================================================


      Code (inc. data)   RO Data    RW Data    ZI Data      Debug   

     18118       2046        582        124       4236     840532   Grand Totals
     18118       2046        582        124       4236     840532   ELF Image Totals
     18118       2046        582        124          0          0   ROM Totals

==============================================================================

    Total RO  Size (Code + RO Data)                18700 (  18.26kB)
    Total RW  Size (RW Data + ZI Data)              4360 (   4.26kB)
    Total ROM Size (Code + RO Data + RW Data)      18824 (  18.38kB)

==============================================================================

