Terminal log file
Date: 13.11.2024 - 13:34:28
-----------------------------------------------
$GNZDA,103222.000,13,11,2024,00,00*4E
$GPTXT,01,01,01,ANTENNA OK*35
$GNGGA,103222.999,5557.30541,N,03713.93869,E,6,07,4.7,226.9,M,0.0,M,,*7D
$GNGLL,5557.30541,N,03713.93869,E,103222.999,A,E*40
$GPGSA,A,3,07,08,09,27,194,,,,,,,,5.6,4.7,3.0*0E
$BDGSA,A,3,09,40,,,,,,,,,,,5.6,4.7,3.0*2D
$GPGSV,3,1,12,05,40,283,,07,62,084,25,08,25,079,27,09,20,133,28*7C
$GPGSV,3,2,12,13,30,295,,14,31,190,,18,10,341,,20,33,242,*73
$GPGSV,3,3,12,22,11,197,,27,20,044,22,30,80,234,,194,18,056,24*4C
$BDGSV,1,1,02,09,31,081,23,40,33,089,25*6B
$GNRMC,103222.999,A,5557.30541,N,03713.93869,E,1.80,0.00,131124,,,E*7A
$GNVTG,0.00,T,,M,1.80,N,3.33,K,E*2D
$GNZDA,103222.999,13,11,2024,00,00*47
$GPTXT,01,01,01,ANTENNA OK*35
$GNGGA,103224.000,5557.30539,N,03713.93817,E,6,07,4.7,226.7,M,0.0,M,,*7A
$GNGLL,5557.30539,N,03713.93817,E,103224.000,A,E*49
$GPGSA,A,3,07,08,09,27,194,,,,,,,,5.6,4.7,3.0*0E
$BDGSA,A,3,09,40,,,,,,,,,,,5.6,4.7,3.0*2D
$GPGSV,3,1,12,05,40,283,,07,62,084,25,08,25,079,27,09,20,133,28*7C
$GPGSV,3,2,12,13,30,295,,14,31,190,,18,10,341,,20,33,242,*73
$GPGSV,3,3,12,22,11,197,,27,20,044,22,30,80,234,,194,18,056,24*4C
$BDGSV,1,1,02,09,31,081,23,40,33,089,26*68
$GNRMC,103224.000,A,5557.30539,N,03713.93817,E,0.76,0.00,131124,,,E*7B
$GNVTG,0.00,T,,M,0.76,N,1.42,K,E*21
$GNZDA,103224.000,13,11,2024,00,00*48
$GPTXT,01,01,01,ANTENNA OK*35
$GNGGA,103225.000,5557.30549,N,03713.93841,E,1,07,4.7,226.6,M,0.0,M,,*79
$GNGLL,5557.30549,N,03713.93841,E,103225.000,A,A*48
$GPGSA,A,3,07,08,09,27,194,,,,,,,,5.6,4.7,3.0*0E
$BDGSA,A,3,09,40,,,,,,,,,,,5.6,4.7,3.0*2D
$GPGSV,3,1,12,05,40,283,,07,62,084,25,08,25,079,27,09,20,133,28*7C
$GPGSV,3,2,12,13,30,295,,14,31,190,,18,10,341,,20,33,242,*73
$GPGSV,3,3,12,22,11,197,,27,20,044,22,30,80,234,,194,18,056,24*4C
$BDGSV,1,1,02,09,31,081,23,40,33,089,26*68
$GNRMC,103225.000,A,5557.30549,N,03713.93841,E,1.23,0.00,131124,,,A*7B
$GNVTG,0.00,T,,M,1.23,N,2.28,K,A*2B
$GNZDA,103225.000,13,11,2024,00,00*49
$GPTXT,01,01,01,ANTENNA OK*35
$GNGGA,103226.000,5557.30553,N,03713.93844,E,1,07,4.7,226.5,M,0.0,M,,*77
$GNGLL,5557.30553,N,03713.93844,E,103226.000,A,A*45
$GPGSA,A,3,07,08,09,27,194,,,,,,,,5.6,4.7,3.0*0E
$BDGSA,A,3,09,40,,,,,,,,,,,5.6,4.7,3.0*2D
$GPGSV,3,1,12,05,40,283,,07,62,084,25,08,25,079,28,09,20,133,28*73
$GPGSV,3,2,12,13,30,295,,14,31,190,,18,10,341,,20,33,242,*73
$GPGSV,3,3,12,22,11,197,,27,20,044,22,30,80,234,,194,18,056,24*4C
$BDGSV,1,1,02,09,31,081,23,40,33,089,26*68
$GNRMC,103226.000,A,5557.30553,N,03713.93844,E,1.00,0.00,131124,,,A*77
$GNVTG,0.00,T,,M,1.00,N,1.86,K,A*2D
$GNZDA,103226.000,13,11,2024,00,00*4A
$GPTXT,01,01,01,ANTENNA OK*35
$GNGGA,103227.000,5557.30559,N,03713.93766,E,1,07,4.7,226.4,M,0.0,M,,*72
$GNGLL,5557.30559,N,03713.93766,E,103227.000,A,A*41
$GPGSA,A,3,07,08,09,27,194,,,,,,,,5.6,4.7,3.0*0E
$BDGSA,A,3,09,40,,,,,,,,,,,5.6,4.7,3.0*2D
$GPGSV,3,1,12,05,40,283,,07,62,084,25,08,25,079,28,09,20,133,28*73
$GPGSV,3,2,12,13,30,295,,14,31,190,,18,10,341,,20,33,242,*73
$GPGSV,3,3,12,22,11,197,,27,20,044,22,30,80,234,,194,18,056,24*4C
$BDGSV,1,1,02,09,31,081,23,40,33,089,26*68
$GNRMC,103227.000,A,5557.30559,N,03713.93766,E,2.15,289.95,131124,,,A*7B
$GNVTG,289.95,T,,M,2.15,N,3.99,K,A*29
$GNZDA,103227.000,13,11,2024,00,00*4B
$GPTXT,01,01,01,ANTENNA OK*35
$GNGGA,103228.000,5557.30574,N,03713.93732,E,1,07,4.7,226.3,M,0.0,M,,*74
$GNGLL,5557.30574,N,03713.93732,E,103228.000,A,A*40
$GPGSA,A,3,07,08,09,27,194,,,,,,,,5.6,4.7,3.0*0E
$BDGSA,A,3,09,40,,,,,,,,,,,5.6,4.7,3.0*2D
$GPGSV,3,1,12,05,40,283,,07,62,084,25,08,25,079,28,09,20,133,28*73
$GPGSV,3,2,12,13,30,295,,14,31,190,,18,10,341,,20,33,242,*73
$GPGSV,3,3,12,22,11,197,,27,20,044,22,30,80,234,,194,18,056,24*4C
$BDGSV,1,1,02,09,31,081,23,40,33,089,26*68
$GNRMC,103228.000,A,5557.30574,N,03713.93732,E,0.97,289.95,131124,,,A*72
$GNVTG,289.95,T,,M,0.97,N,1.79,K,A*2D
$GNZDA,103228.000,13,11,2024,00,00*44
$GPTXT,01,01,01,ANTENNA OK*35
$GNGGA,103229.000,5557.30588,N,03713.93725,E,1,07,4.7,226.3,M,0.0,M,,*70
$GNGLL,5557.30588,N,03713.93725,E,103229.000,A,A*44
$GPGSA,A,3,07,08,09,27,194,,,,,,,,5.6,4.7,3.0*0E
$BDGSA,A,3,09,40,,,,,,,,,,,5.6,4.7,3.0*2D
$GPGSV,3,1,12,05,40,283,,07,62,084,25,08,25,079,28,09,20,133,28*73
$GPGSV,3,2,12,13,30,295,,14,31,190,,18,10,341,,20,33,242,*73
$GPGSV,3,3,12,22,11,197,,27,20,044,22,30,80,234,,194,18,056,24*4C
$BDGSV,1,1,02,09,31,081,23,40,33,089,26*68
$GNRMC,103229.000,A,5557.30588,N,03713.93725,E,0.83,289.95,131124,,,A*73
$GNVTG,289.95,T,,M,0.83,N,1.53,K,A*20
$GNZDA,103229.000,13,11,2024,00,00*45
$GPTXT,01,01,01,ANTENNA OK*35
$GNGGA,103230.000,5557.30626,N,03713.93673,E,1,07,4.7,225.6,M,0.0,M,,*7B
$GNGLL,5557.30626,N,03713.93673,E,103230.000,A,A*49
$GPGSA,A,3,07,08,09,27,194,,,,,,,,5.6,4.7,3.0*0E
$BDGSA,A,3,09,40,,,,,,,,,,,5.6,4.7,3.0*2D
$GPGSV,3,1,12,05,40,283,,07,62,084,25,08,25,079,28,09,20,133,28*73
$GPGSV,3,2,12,13,30,295,,14,31,190,,18,10,341,,20,33,242,*73
$GPGSV,3,3,12,22,11,197,,27,20,044,22,30,80,234,,194,18,056,24*4C
$BDGSV,1,1,02,09,31,081,23,40,33,089,26*68
$GNRMC,103230.000,A,5557.30626,N,03713.93673,E,0.68,289.95,131124,,,A*7B
$GNVTG,289.95,T,,M,0.68,N,1.26,K,A*27
$GNZDA,103230.000,13,11,2024,00,00*4D
$GPTXT,01,01,01,ANTENNA OK*35
$GNGGA,103231.000,5557.30655,N,03713.93689,E,1,07,4.7,224.8,M,0.0,M,,*74
$GNGLL,5557.30655,N,03713.93689,E,103231.000,A,A*49
$GPGSA,A,3,07,08,09,27,194,,,,,,,,5.6,4.7,3.0*0E
$BDGSA,A,3,09,40,,,,,,,,,,,5.6,4.7,3.0*2D
$GPGSV,3,1,12,05,40,283,,07,62,084,25,08,25,079,28,09,20,133,28*73
$GPGSV,3,2,12,13,30,295,,14,31,190,,18,10,341,,20,33,242,*73
$GPGSV,3,3,12,22,11,197,,27,20,044,21,30,80,234,,194,18,056,24*4F
$BDGSV,1,1,02,09,31,081,23,40,33,089,26*68
$GNRMC,103231.000,A,5557.30655,N,03713.93689,E,0.81,289.95,131124,,,A*7C
$GNVTG,289.95,T,,M,0.81,N,1.50,K,A*21
$GNZDA,103231.000,13,11,2024,00,00*4C
$GPTXT,01,01,01,ANTENNA OK*35
$GNGGA,103232.000,5557.30671,N,03713.93671,E,1,07,4.7,224.0,M,0.0,M,,*7E
$GNGLL,5557.30671,N,03713.93671,E,103232.000,A,A*4B
$GPGSA,A,3,07,08,09,27,194,,,,,,,,5.6,4.7,3.0*0E
$BDGSA,A,3,09,40,,,,,,,,,,,5.6,4.7,3.0*2D
$GPGSV,3,1,12,05,40,283,,07,62,084,25,08,25,079,28,09,20,133,29*72
$GPGSV,3,2,12,13,30,295,,14,31,190,,18,10,341,,20,33,242,*73
$GPGSV,3,3,12,22,11,197,,27,20,044,21,30,80,234,,194,18,056,24*4F
$BDGSV,1,1,02,09,31,081,23,40,33,089,26*68
$GNRMC,103232.000,A,5557.30671,N,03713.93671,E,0.31,289.95,131124,,,A*75
$GNVTG,289.95,T,,M,0.31,N,0.58,K,A*23
$GNZDA,103232.000,13,11,2024,00,00*4F
$GPTXT,01,01,01,ANTENNA OK*35
$GNGGA,103233.000,5557.30668,N,03713.93680,E,1,07,4.7,223.1,M,0.0,M,,*7F
$GNGLL,5557.30668,N,03713.93680,E,103233.000,A,A*4C
$GPGSA,A,3,07,08,09,27,194,,,,,,,,5.6,4.7,3.0*0E
$BDGSA,A,3,09,40,,,,,,,,,,,5.6,4.7,3.0*2D
$GPGSV,3,1,12,05,40,283,,07,62,084,25,08,25,079,28,09,20,133,29*72
$GPGSV,3,2,12,13,30,295,,14,31,190,,18,10,341,,20,33,242,*73
$GPGSV,3,3,12,22,11,197,,27,20,044,21,30,80,234,,194,18,056,24*4F
$BDGSV,1,1,02,09,31,081,23,40,33,089,26*68
$GNRMC,103233.000,A,5557.30668,N,03713.93680,E,0.55,289.95,131124,,,A*70
$GNVTG,289.95,T,,M,0.55,N,1.02,K,A*2F
$GNZDA,103233.000,13,11,2024,00,00*4E
$GPTXT,01,01,01,ANTENNA OK*35
$GNGGA,103234.000,5557.30659,N,03713.93566,E,1,07,4.7,221.9,M,0.0,M,,*7B
$GNGLL,5557.30659,N,03713.93566,E,103234.000,A,A*42
$GPGSA,A,3,07,08,09,27,194,,,,,,,,5.6,4.7,3.0*0E
$BDGSA,A,3,09,40,,,,,,,,,,,5.6,4.7,3.0*2D
$GPGSV,3,1,12,05,40,283,,07,62,084,25,08,25,079,28,09,20,133,29*72
$GPGSV,3,2,12,13,30,295,,14,31,190,,18,10,341,,20,33,242,*73
$GPGSV,3,3,12,22,11,197,,27,20,044,21,30,80,234,,194,18,056,24*4F
$BDGSV,1,1,02,09,31,081,23,40,33,089,26*68
$GNRMC,103234.000,A,5557.30659,N,03713.93566,E,0.60,289.95,131124,,,A*78
$GNVTG,289.95,T,,M,0.60,N,1.11,K,A*2B
$GNZDA,103234.000,13,11,2024,00,00*49
$GPTXT,01,01,01,ANTENNA OK*35
$GNGGA,103235.000,5557.30670,N,03713.93578,E,1,07,4.7,222.2,M,0.0,M,,*76
$GNGLL,5557.30670,N,03713.93578,E,103235.000,A,A*47
$GPGSA,A,3,07,08,09,27,194,,,,,,,,5.6,4.7,3.0*0E
$BDGSA,A,3,09,40,,,,,,,,,,,5.6,4.7,3.0*2D
$GPGSV,3,1,12,05,40,283,,07,62,084,25,08,25,079,28,09,20,133,29*72
$GPGSV,3,2,12,13,30,295,,14,31,190,,18,10,341,,20,33,242,*73
$GPGSV,3,3,12,22,11,197,,27,20,044,21,30,80,234,,194,18,056,24*4F
$BDGSV,1,1,02,09,31,081,25,40,33,089,26*6E
$GNRMC,103235.000,A,5557.30670,N,03713.93578,E,0.00,289.95,131124,,,A*7B
$GNVTG,289.95,T,,M,0.00,N,0.00,K,A*2C
$GNZDA,103235.000,13,11,2024,00,00*48
$GPTXT,01,01,01,ANTENNA OK*35
$GNGGA,103236.000,5557.30682,N,03713.93584,E,1,07,4.7,222.4,M,0.0,M,,*7D
$GNGLL,5557.30682,N,03713.93584,E,103236.000,A,A*4A
$GPGSA,A,3,07,08,09,27,194,,,,,,,,5.6,4.7,3.0*0E
$BDGSA,A,3,09,40,,,,,,,,,,,5.6,4.7,3.0*2D
$GPGSV,3,1,12,05,40,283,,07,62,084,25,08,25,079,28,09,20,133,29*72
$GPGSV,3,2,12,13,30,295,,14,31,190,,18,10,341,,20,33,242,*73
$GPGSV,3,3,12,22,11,197,,27,20,044,21,30,80,234,,194,18,056,24*4F
$BDGSV,1,1,02,09,31,081,25,40,33,089,26*6E
$GNRMC,103236.000,A,5557.30682,N,03713.93584,E,0.00,289.95,131124,,,A*76
$GNVTG,289.95,T,,M,0.00,N,0.00,K,A*2C
$GNZDA,103236.000,13,11,2024,00,00*4B
$GPTXT,01,01,01,ANTENNA OK*35
$GNGGA,103237.000,5557.30662,N,03713.93587,E,1,07,4.7,222.8,M,0.0,M,,*7D
$GNGLL,5557.30662,N,03713.93587,E,103237.000,A,A*46
$GPGSA,A,3,07,08,09,27,194,,,,,,,,5.6,4.7,3.0*0E
$BDGSA,A,3,09,40,,,,,,,,,,,5.6,4.7,3.0*2D
$GPGSV,3,1,12,05,40,283,,07,62,084,25,08,25,079,28,09,20,133,28*73
$GPGSV,3,2,12,13,30,295,,14,31,190,,18,10,341,,20,33,242,*73
$GPGSV,3,3,12,22,11,197,,27,20,044,21,30,80,234,,194,18,056,24*4F
$BDGSV,1,1,02,09,31,081,25,40,33,089,27*6F
$GNRMC,103237.000,A,5557.30662,N,03713.93587,E,0.00,289.95,131124,,,A*7A
$GNVTG,289.95,T,,M,0.00,N,0.00,K,A*2C
$GNZDA,103237.000,13,11,2024,00,00*4A
$GPTXT,01,01,01,ANTENNA OK*35
,33,089,27*6F
$GNRMC,103238.000,A,5557.30664,N,03713.93527,E,0.98,289.95,131124,,,A*78
$GNVTG,289.95,T,,M,0.98,N,1.82,K,A*26
$GNZDA,103238.000,13,11,2024,00,00*45
$GPTXT,01,01,01,ANTENNA OK*35
$GNGGA,103239.000,5557.30682,N,03713.93421,E,1,07,4.7,222.9,M,0.0,M,,*71
$GNGLL,5557.30682,N,03713.93421,E,103239.000,A,A*4B
$GPGSA,A,3,07,08,09,27,194,,,,,,,,5.6,4.7,3.0*0E
$BDGSA,A,3,09,40,,,,,,,,,,,5.6,4.7,3.0*2D
$GPGSV,3,1,12,05,40,283,,07,62,084,25,08,25,079,28,09,20,133,28*73
$GPGSV,3,2,12,13,30,295,,14,31,190,,18,10,341,,20,33,242,*73
$GPGSV,3,3,12,22,11,197,,27,20,044,21,30,80,234,,194,18,056,24*4F
$BDGSV,1,1,02,09,31,081,25,40,33,089,27*6F
$GNRMC,103239.000,A,5557.30682,N,03713.93421,E,1.61,289.95,131124,,,A*71
$GNVTG,289.95,T,,M,1.61,N,2.99,K,A*28
$GNZDA,103239.000,13,11,2024,00,00*44
$GPTXT,01,01,01,ANTENNA OK*35
,33,089,27*6F
$GNRMC,103238.000,A,5557.30664,N,03713.93527,E,0.98,289.95,131124,,,A*78
$GNVTG,289.95,T,,M,0.98,N,1.82,K,A*26
$GNZDA,103238.000,13,11,2024,00,00*45
$GPTXT,01,01,01,ANTENNA OK*35
$GNGGA,103239.000,5557.30682,N,03713.93421,E,1,07,4.7,222.9,M,0.0,M,,*71
$GNGLL,5557.30682,N,03713.93421,E,103239.000,A,A*4B
$GPGSA,A,3,07,08,09,27,194,,,,,,,,5.6,4.7,3.0*0E
$BDGSA,A,3,09,40,,,,,,,,,,,5.6,4.7,3.0*2D
$GPGSV,3,1,12,05,40,283,,07,$GNGGA,103240.000,5557.30681,N,03713.93328,E,1,07,4.7,222.8,M,0.0,M,,*73
,40,33,089,27*6F
.9GNGLL,5557.30681,N,03713.93328,E,103240.000,A,A*48
$GPGSA,A,3,07,08,09,27,194,,,,,,,,5.6,4.7,3.0*0E
$BDGSA,A,3,09,40,,,,,,,,,,,5.6,4.7,3.0*2D
$GPGSV,3,1,12,05,40,283,,07,62,084,25,08,25,079,28,09,20,133,28*73
$GPGSV,3,2,12,13,30,295,,14,31,190,,18,10,341,,20,33,242,*73
$GPGSV,3,3,12,22,11,197,,27,20,044,21,30,80,234,,194,18,056,24*4F
$BDGSV,1,1,02,09,31,081,255,131124,,,A*76
$GNVTG,289.95,T,,M,1.65,N,3.05,K,A*28
$GNZDA,103240.000,13,11,2024,00,00*4A
$GPTXT,01,01,01,ANTENNA OK*35
$GNGGA,103241.000,5557.30679,N,03713.93246,E,1,07,4.7,222.9,M,0.0,M,,*7D
$GNGLL,5557.30679,N,03713.93246,E,103241.000,A,A*47
$GPGSA,A,3,07,08,09,27,194,,,,,,,,5.6,4.7,3.0*0E
$BDGSA,A,3,09,40,,,,,,,,,,,5.6,4.7,3.0*2D
$GPGSV,3,1,12,05,40,283,,07,62,084,25,08,25,079,28,09,20,133,28*73
$GPGSV,3,2,12,13,30,295,,14,31,190,,18,10,341,,20,33,242,*73
$GPGSV,3,3,12,22,11,197,,27,20,044,21,30,80,234,,194,18,056,24*4F
$BDGSV,1,1,02,09,31,081,24,40,33,089,27*6E
$GNRMC,103241.000,A,5557.30679,N,03713.93246,E,1.45,289.95,131124,,,A*7B
$GNVTG,289.95,T,,M,1.45,N,2.68,K,A*20
$GNZDA,103241.000,13,11,2024,00,00*4B
$GPTXT,01,01,01,ANTENNA OK*35
$GNGGA,103242.000,5557.30705,N,03713.93184,E,1,07,4.7,223.0,M,0.0,M,,*71
$GNGLL,5557.30705,N,03713.93184,E,103242.000,A,A*43
$GPGSA,A,3,07,08,09,27,194,,,,,,,,5.6,4.7,3.0*0E
$BDGSA,A,3,09,40,,,,,,,,,,,5.6,4.7,3.0*2D
$GPGSV,3,1,12,05,40,283,,07,62,084,25,08,25,079,29,09,20,133,28*72
$GPGSV,3,2,12,13,30,295,,14,31,190,,18,10,341,,20,33,242,*73
$GPGSV,3,3,12,22,11,197,,27,20,044,21,30,80,234,,194,18,056,23*48
$BDGSV,1,1,02,09,31,081,24,40,33,089,27*6E
$GNRMC,103242.000,A,5557.30705,N,03713.93184,E,1.13,289.95,131124,,,A*7C
$GNVTG,289.95,T,,M,1.13,N,2.10,K,A*2C
$GNZDA,103242.000,13,11,2024,00,00*48
$GPTXT,01,01,01,ANTENNA OK*35
$GNGGA,103243.000,5557.30742,N,03713.93138,E,1,07,4.7,223.9,M,0.0,M,,*7D
,18,10,341,,20,33,242,*73
$GPGSV,3,3,12,22,11,197,,27,20,044,21,30,80,234,,194,18,056,23*48
$BDGSV,1,1,02,09,31,081,24,40,33,089,27*6E
$GNRMC,103243.000,A,5557.30742,N,03713.93138,E,1.35,289.95,131124,,,A*7D
$GNVTG,289.95,T,,M,1.35,N,2.50,K,A*2C
$GNZDA,103243.000,13,11,2024,00,00*49
$GPTXT,01,01,01,ANTENNA OK*35
4,,194,18,056,23*48
$BDGSV,1,1,02,09,31,081,24,40,33,089,27*6E
$GNRMC,103243.000,A,5557.30742,N,03713.93138,E,1.35,289.95,131124,,,A*7D
$GNVTG,289.95,T,,M,1.35,N,2.50,K,A*2C
$GNZDA,103243.000,13,11,2024,00,00*49
$GPTXT,01,01,01,ANTENNA OK*35
0,$GNGGA,103244.000,5557.30775,N,03713.92996,E,1,07,4.7,224.0,M,0.0,M,,*7D
$GNGLL,5557.30775,N,03713.92996,E,103244.000,A,A*48
$GPGSA,A,3,07,08,09,27,194,,,,,,,,5.6,4.7,3.0*0E
$BDGSA,A,3,09,40,,,,,,,,,,,5.6,4.7,3.0*2D
$GPGSV,3,1,12,05,40,283,,07,62,084,25,08,25,079,29,09,20,133,28*72
$GPGSV,3,2,12,13,30,295,,14,31,190,,18,10,341,,20,33,242,*73
$GPGSV,3,3,12,22,11,197,,27,20,044,21,30,80,234,,194,18,056,23*48
$BDGSV,1,1,02,09,31,081,24,40,33,089,27*6E
$GNRMC,103244.000,A,5557.30775,N,03713.92996,E,1.95,296.50,131124,,,A*7E
$GNVTG,296.50,T,,M,1.95,N,3.61,K,A*22
$GNZDA,103244.000,13,11,2024,00,00*4E
$GPTXT,01,01,01,ANTENNA OK*35
0,N,03713.92879,E,1,07,4.7,224.5,M,0.0,M,,*73
$GNGLL,5557.30780,N,03713.92879,E,103245.000,A,A*43
0,A,5557.30780,N,03713.92879,E,1.93,296.50,131124,,,A*73
$GNVTG,296.50,T,,M,1.93,N,3.57,K,A*21
$GNZDA,103245.000,13,11,2024,00,00*4F
$GPTXT,01,01,01,ANTENNA OK*35
$GNGGA,103246.000,5557.30781,N,03713.92907,E,1,07,4.7,224.9,M,0.0,M,,*75
$GNGLL,5557.30781,N,03713.92907,E,103246.000,A,A*49
$GPGSA,A,3,07,08,09,27,194,,,,,,,,5.6,4.7,3.0*0E
$BDGSA,A,3,09,40,,,,,,,,,,,5.6,4.7,3.0*2D
$GPGSV,3,1,12,05,40,283,,07,62,084,25,08,25,079,29,09,20,133,28*72
$GPGSV,3,2,12,13,30,295,,14,31,190,,18,10,341,,20,33,242,*73
$GPGSV,3,3,12,22,11,197,,27,20,044,21,30,80,234,,194,18,056,24*4F
$BDGSV,1,1,02,09,31,081,24,40,33,089,27*6E
$GNRMC,103246.000,A,5557.30781,N,03713.92907,E,0.00,296.50,131124,,,A*72
$GNVTG,296.50,T,,M,0.00,N,0.00,K,A*2B
$GNZDA,103246.000,13,11,2024,00,00*4C
$GPTXT,01,01,01,ANTENNA OK*35
92879,E,1.93,296.50,131124,,,A*73
$GNVTG,296.50,T,,M,1.93,N,3.57,K,A*21
$GNZDA,103245.000,13,11,2024,00,00*4F
$GPTXT,01,01,01,ANTENNA OK*35
$GNGGA,103246.000,5557.30781,N,03713.92907,E,1,07,4.7,224.9,M,0.0,M,,*75
$GNGLL,5557.30781,N,03713.92907,E,103246.000,A,A*49
$GPGSA,A,3,07,08,09,27,194,,,,,,,,5.6,4.7,3.0*0E
$BDGSA,A,3,09,40,,,,,,,,,,,5.6$GNGGA,103247.000,5557.30783,N,03713.92922,E,1,07,4.7,225.2,M,0.0,M,,*7B
$GNGLL,5557.30783,N,03713.92922,E,103247.000,A,A*4D
$GPGSA,A,3,07,08,09,27,194,,,,,,,,5.6,4.7,3.0*0E
$BDGSA,A,3,09,40,,,,,,,,,,,5.6,4.7,3.0*2D
$GPGSV,3,1,12,05,40,283,,07,62,084,25,08,25,079,30,09,20,133,28*7A
$GPGSV,3,2,12,13,30,295,,14,31,190,,18,10,341,,20,33,242,*73
$GPGSV,3,3,12,22,11,197,,27,20,044,21,30,80,234,,194,18,056,24*4F
,133,28*7A
$GPGSV,3,2,12,13,30,295,,14,31,190,,18,10,341,,20,33,242,*73
$GPGSV,3,3,12,22,11,197,,27,20,044,21,30,80,234,,194,18,056,24*4F
$BDGSV,1,1,02,09,31,081,24,40,33,089,27*6E
$GNRMC,103248.000,A,5557.30783,N,03713.92923,E,0.00,296.50,131124,,,A*78
,3,2,12,13,30,295,,14,31,190,,18,10,341,,20,33,242,*73
$GPGSV,3,3,12,22,11,197,,27,20,044,21,30,80,234,,194,18,056,24*4F
$BDGSV,1,1,02,09,31,081,24,40,33,089,27*6E
$GNRMC,103248.000,A,5557.30783,N,03713.92923,E,0.00,296.50,131124,,,A*78
$GNVTG,296.0783,N,03713.92923,E,1,07,4.7,225.4,M,0.0,M,,*73
$GNGLL,5557.30783,N,03713.92923,E,103248.000,A,A*43
$GPGSA,A,3,07,08,09,27,194,,,,,,,,5.6,4.7,3.0*0E
$BDGSA,A,3,09,40,,,,,,,,,,,5.6,4.7,3.0*2D
$GPGSV,3,1,12,05,40,283,,07,62,084,25,08,25,079,30,09,2050,T,,M,0.00,N,0.00,K,A*2B
$GNZDA,103248.000,13,11,2024,00,00*42
$GPTXT,01,01,01,ANTENNA OK*35
$GNGGA,103249.000,5557.30783,N,03713.92904,E,1,07,4.7,225.5,M,0.0,M,,*76
$GNGLL,5557.30783,N,03713.92904,E,103249.000,A,A*47
$GPGSA,A,3,07,08,09,27,194,,,,,,,,5.6,4.7,3.0*0E
$BDGSA,A,3,09,40,,,,,,,,,,,5.6,4.7,3.0*2D
$GPGSV,3,1,12,05,40,283,,07,62,084,25,08,25,079,30,09,20,133,28*7A
$GPGSV,3,2,12,13,30,295,,14,31,190,,18,10,341,,20,33,242,*73
$GPGSV,3,3,12,22,11,197,,27,20,044,21,30,80,234,,194,18,056,24*4F
$BDGSV,1,1,02,09,31,081,23,40,33,089,27*69
$GNRMC,103249.000,A,5557.30783,N,03713.92904,E,0.00,296.50,131124,,,A*7C
$GNVTG,296.50,T,,M,0.00,N,0.00,K,A*2B
$GNZDA,103249.000,13,11,2024,00,00*43
$GPTXT,01,01,01,ANTENNA OK*35
$GNGGA,103250.000,5557.30787,N,03713.92863,E,1,07,4.7,225.6,M,0.0,M,,*79
$GNGLL,5557.30787,N,03713.92863,E,103250.000,A,A*4B
$GPGSA,A,3,07,08,09,27,194,,,,,,,,5.6,4.7,3.0*0E
$BDGSA,A,3,09,40,,,,,,,,,,,5.6,4.7,3.0*2D
$GPGSV,3,1,12,05,40,283,,07,62,084,25,08,25,079,30,09,20,133,28*7A
$GPGSV,3,2,12,13,30,295,,14,31,190,,18,10,341,,20,33,242,*73
$GPGSV,3,3,12,22,11,197,,27,20,044,21,30,80,234,,194,18,056,24*4F
$BDGSV,1,1,02,09,31,081,23,40,33,089,26*68
$GNRMC,103250.000,A,5557.30787,N,03713.92863,E,0.00,296.50,131124,,,A*70
$GNVTG,296.50,T,,M,0.00,N,0.00,K,A*2B
$GNZDA,103250.000,13,11,2024,00,00*4B
$GPTXT,01,01,01,ANTENNA OK*35
$GNGGA,103251.000,5557.30786,N,03713.92852,E,1,07,4.7,225.7,M,0.0,M,,*7A
$GNGLL,5557.30786,N,03713.92852,E,103251.000,A,A*49
$GPGSA,A,3,07,08,09,27,194,,,,,,,,5.6,4.7,3.0*0E
$BDGSA,A,3,09,40,,,,,,,,,,,5.6,4.7,3.0*2D
$GPGSV,3,1,12,05,40,283,,07,62,084,25,08,25,079,30,09,20,133,28*7A
$GPGSV,3,2,12,13,30,295,,14,31,190,,18,10,341,,20,33,242,*73
$GPGSV,3,3,12,22,11,197,,27,20,044,21,30,80,234,,194,18,056,24*4F
$BDGSV,1,1,02,09,31,081,23,40,33,089,26*68
$GNRMC,103251.000,A,5557.30786,N,03713.92852,E,0.00,296.50,131124,,,A*72
$GNVTG,296.50,T,,M,0.00,N,0.00,K,A*2B
$GNZDA,103251.000,13,11,2024,00,00*4A
$GPTXT,01,01,01,ANTENNA OK*35
$GNGGA,103252.000,5557.30783,N,03713.92854,E,1,06,6.7,225.9,M,0.0,M,,*77
$GNGLL,5557.30783,N,03713.92854,E,103252.000,A,A*49
$GPGSA,A,3,07,08,09,194,,,,,,,,,7.9,6.7,4.2*01
$BDGSA,A,3,09,40,,,,,,,,,,,7.9,6.7,4.2*27
$GPGSV,3,1,12,05,40,283,,07,62,084,25,08,25,079,30,09,20,133,28*7A
$GPGSV,3,2,12,13,30,295,,14,31,190,,18,10,341,,20,33,242,*73
$GPGSV,3,3,12,22,11,197,,27,20,044,20,30,80,234,,194,18,056,24*4E
$BDGSV,1,1,02,09,31,081,23,40,33,089,26*68
$GNRMC,103252.000,A,5557.30783,N,03713.92854,E,0.00,296.50,131124,,,A*72
$GNVTG,296.50,T,,M,0.00,N,0.00,K,A*2B
$GNZDA,103252.000,13,11,2024,00,00*49
$GPTXT,01,01,01,ANTENNA OK*35
$GNGGA,103253.000,5557.30766,N,03713.92844,E,1,06,6.7,226.1,M,0.0,M,,*77
$GNGLL,5557.30766,N,03713.92844,E,103253.000,A,A*42
$GPGSA,A,3,07,08,09,194,,,,,,,,,7.9,6.7,4.2*01
$BDGSA,A,3,09,40,,,,,,,,,,,7.9,6.7,4.2*27
$GPGSV,3,1,12,05,40,283,,07,62,084,25,08,25,079,30,09,20,133,28*7A
$GPGSV,3,2,12,13,30,295,,14,31,190,,18,10,341,,20,33,242,*73
$GPGSV,3,3,12,22,11,197,,27,20,044,20,30,80,234,,194,18,056,24*4E
$BDGSV,1,1,02,09,31,081,23,40,33,089,26*68
$GNRMC,103253.000,A,5557.30766,N,03713.92844,E,0.00,296.50,131124,,,A*79
$GNVTG,296.50,T,,M,0.00,N,0.00,K,A*2B
$GNZDA,103253.000,13,11,2024,00,00*48
$GPTXT,01,01,01,ANTENNA OK*35
$GNGGA,103254.000,5557.30777,N,03713.92746,E,1,06,6.7,227.0,M,0.0,M,,*7D
$GNGLL,5557.30777,N,03713.92746,E,103254.000,A,A*48
$GPGSA,A,3,07,08,09,194,,,,,,,,,7.9,6.7,4.2*01
$BDGSA,A,3,09,40,,,,,,,,,,,7.9,6.7,4.2*27
$GPGSV,3,1,12,05,40,283,,07,62,084,25,08,25,079,30,09,20,133,28*7A
$GPGSV,3,2,12,13,30,295,,14,31,190,,18,10,341,,20,33,242,*73
$GPGSV,3,3,12,22,11,197,,27,20,044,20,30,80,234,,194,18,056,24*4E
$BDGSV,1,1,02,09,31,081,23,40,33,089,26*68
$GNRMC,103254.000,A,5557.30777,N,03713.92746,E,1.98,283.53,131124,,,A*74
$GNVTG,283.53,T,,M,1.98,N,3.66,K,A*2F
$GNZDA,103254.000,13,11,2024,00,00*4F
$GPTXT,01,01,01,ANTENNA OK*35
$GNGGA,103255.000,5557.30776,N,03713.92751,E,1,06,6.7,227.1,M,0.0,M,,*7A
$GNGLL,5557.30776,N,03713.92751,E,103255.000,A,A*4E
$GPGSA,A,3,07,08,09,194,,,,,,,,,7.9,6.7,4.2*01
$BDGSA,A,3,09,40,,,,,,,,,,,7.9,6.7,4.2*27
$GPGSV,3,1,12,05,40,283,,07,62,084,25,08,25,079,30,09,20,133,28*7A
$GPGSV,3,2,12,13,30,295,,14,31,190,,18,10,341,,20,33,242,*73
$GPGSV,3,3,12,22,11,197,,27,20,044,20,30,80,234,,194,18,056,24*4E
$BDGSV,1,1,02,09,31,081,23,40,33,089,26*68
$GNRMC,103255.000,A,5557.30776,N,03713.92751,E,0.00,283.53,131124,,,A*72
$GNVTG,283.53,T,,M,0.00,N,0.00,K,A*2C
$GNZDA,103255.000,13,11,2024,00,00*4E
$GPTXT,01,01,01,ANTENNA OK*35
$GNGGA,103256.000,5557.30775,N,03713.92742,E,1,06,6.7,227.1,M,0.0,M,,*78
$GNGLL,5557.30775,N,03713.92742,E,103256.000,A,A*4C
$GPGSA,A,3,07,08,09,194,,,,,,,,,7.9,6.7,4.2*01
$BDGSA,A,3,09,40,,,,,,,,,,,7.9,6.7,4.2*27
$GPGSV,3,1,12,05,40,283,,07,62,084,25,08,25,079,30,09,20,133,28*7A
$GPGSV,3,2,12,13,30,295,,14,31,190,,18,10,341,,20,33,242,*73
$GPGSV,3,3,12,22,11,197,,27,20,043,20,30,80,234,,194,18,056,24*49
$BDGSV,1,1,02,09,31,081,23,40,33,089,26*68
$GNRMC,103256.000,A,5557.30775,N,03713.92742,E,0.00,283.53,131124,,,A*70
$GNVTG,283.53,T,,M,0.00,N,0.00,K,A*2C
$GNZDA,103256.000,13,11,2024,00,00*4D
$GPTXT,01,01,01,ANTENNA OK*35
3,089,26*68
NRMC,103257.000,A,5557.30775,N,03713.92716,E,0.00,283.53,131124,,,A*70
$GNVTG,283.53,T,,M,0.00,N,0.00,K,A*2C
$GNZDA,103257.000,13,11,2024,00,00*4C
$GPTXT,01,01,01,ANTENNA OK*35
000NRMC,103257.000,A,5557.30775,N,03713.92716,E,0.00,283.53,131124,,,A*70
$GNVTG,283.53,T,,M,0.00,N,0.00,K,A*2C
$GNZDA,103257.000,13,11,2024,00,00*4C
$GPTXT,01,01,01,ANTENNA OK*35
SV,3,1,12,05,40,283,,07,62,084,25,08,25,079,30,09,20,133,28*7A
$GPGSV,3,2,12,13,30,295,,14,31,190,,18,10,341,,20,33,242,*73
$GPGSV,3,3,12,22,11,197,,27,20,043,20,30,80,234,,194,18,056,24*49
$BDGSV,1,1,02,09,31,081,23,40,3NRMC,103257.000,A,5557.30775,N,03713.9271$GNGGA,103258.000,5557.30774,N,03713.92711,E,1,06,6.7,227.3,M,0.0,M,,*73
$GNGLL,5557.30774,N,03713.92711,E,103258.000,A,A*45
$GPGSA,A,3,07,08,09,194,,,,,,,,,7.9,6.7,4.2*01
$BDGSA,A,3,09,40,,,,,,,,,,,7.9,6.7,4.2*27
$GPGSV,3,1,12,05,40,283,,07,62,084,23,08,25,079,30,09,20,133,28*7C
$GPGSV,3,2,12,13,30,295,,14,31,190,,18,10,341,,20,33,242,*73
$GPGSV,3,3,12,22,11,197,,27,20,043,20,30,80,234,,194,18,056,24*49
$BDGSV,1,1,02,09,31,081,23,40,33,089,26*68
$GNRMC,103258.000,A,5557.30774,N,03713.92711,E,0.00,283.53,131124,,,A*79
$GNVTG,283.53,T,,M,0.00,N,0.00,K,A*2C
$GNZDA,103258.000,13,11,2024,00,00*43
$GPTXT,01,01,01,ANTENNA OK*35
$GNGGA,103259.000,5557.30773,N,03713.92698,E,1,06,6.7,227.4,M,0.0,M,,*72
$GNGLL,5557.30773,N,03713.92698,E,103259.000,A,A*43
$GPGSA,A,3,07,08,09,194,,,,,,,,,7.9,6.7,4.2*01
$BDGSA,A,3,09,40,,,,,,,,,,,7.9,6.7,4.2*27
$GPGSV,3,1,12,05,40,283,,07,62,084,23,08,25,079,30,09,20,133,28*7C
$GPGSV,3,2,12,13,30,295,,14,31,190,,18,10,341,,20,33,242,*73
$GPGSV,3,3,12,22,11,197,,27,20,043,20,30,80,234,,194,18,056,24*49
$BDGSV,1,1,02,09,31,081,23,40,33,089,26*68
$GNRMC,103259.000,A,5557.30773,N,03713.92698,E,0.00,283.53,131124,,,A*7F
$GNVTG,283.53,T,,M,0.00,N,0.00,K,A*2C
$GNZDA,103259.000,13,11,2024,00,00*42
$GPTXT,01,01,01,ANTENNA OK*35
$GNGGA,103300.000,5557.30772,N,03713.92685,E,1,06,6.7,227.4,M,0.0,M,,*72
$GNGLL,5557.30772,N,03713.92685,E,103300.000,A,A*43
$GPGSA,A,3,07,08,09,194,,,,,,,,,7.9,6.7,4.2*01
$BDGSA,A,3,09,40,,,,,,,,,,,7.9,6.7,4.2*27
$GPGSV,3,1,12,05,40,283,,07,62,084,23,08,25,078,30,09,20,133,28*7D
$GPGSV,3,2,12,13,31,295,,14,31,190,,18,10,341,,20,33,242,*72
$GPGSV,3,3,12,22,11,197,,27,20,043,20,30,80,234,,194,18,056,24*49
$BDGSV,1,1,02,09,31,081,23,40,33,089,26*68
$GNRMC,103300.000,A,5557.30772,N,03713.92685,E,0.00,283.53,131124,,,A*7F
$GNVTG,283.53,T,,M,0.00,N,0.00,K,A*2C
$GNZDA,103300.000,13,11,2024,00,00*4F
$GPTXT,01,01,01,ANTENNA OK*35
$GNGGA,103301.000,5557.30765,N,03713.92677,E,1,06,6.7,227.5,M,0.0,M,,*79
$GNGLL,5557.30765,N,03713.92677,E,103301.000,A,A*49
$GPGSA,A,3,07,08,09,194,,,,,,,,,7.9,6.7,4.2*01
$BDGSA,A,3,09,40,,,,,,,,,,,7.9,6.7,4.2*27
$GPGSV,3,1,12,05,40,283,,07,62,084,23,08,25,078,30,09,20,133,28*7D
$GPGSV,3,2,12,13,31,295,,14,31,190,,18,10,341,,20,33,242,*72
$GPGSV,3,3,12,22,11,197,,27,20,043,20,30,80,234,,194,18,056,24*49
$BDGSV,1,1,02,09,31,082,23,40,33,089,26*6B
$GNRMC,103301.000,A,5557.30765,N,03713.92677,E,0.00,283.53,131124,,,A*75
$GNVTG,283.53,T,,M,0.00,N,0.00,K,A*2C
$GNZDA,103301.000,13,11,2024,00,00*4E
$GPTXT,01,01,01,ANTENNA OK*35
$GNGGA,103302.000,5557.30761,N,03713.92673,E,1,06,6.7,227.6,M,0.0,M,,*79
$GNGLL,5557.30761,N,03713.92673,E,103302.000,A,A*4A
$GPGSA,A,3,07,08,09,194,,,,,,,,,7.9,6.7,4.1*02
$BDGSA,A,3,09,40,,,,,,,,,,,7.9,6.7,4.1*24
$GPGSV,3,1,12,05,40,283,,07,62,084,23,08,25,078,30,09,20,133,28*7D
$GPGSV,3,2,12,13,31,295,,14,31,190,,18,10,341,,20,33,242,*72
$GPGSV,3,3,12,22,11,197,,27,20,043,18,30,80,234,,194,18,056,24*42
$BDGSV,1,1,02,09,31,082,23,40,33,089,26*6B
$GNRMC,103302.000,A,5557.30761,N,03713.92673,E,0.00,283.53,131124,,,A*76
$GNVTG,283.53,T,,M,0.00,N,0.00,K,A*2C
$GNZDA,103302.000,13,11,2024,00,00*4D
$GPTXT,01,01,01,ANTENNA OK*35
$GNGGA,103303.000,5557.30768,N,03713.92593,E,1,06,6.7,228.9,M,0.0,M,,*7C
$GNGLL,5557.30768,N,03713.92593,E,103303.000,A,A*4F
$GPGSA,A,3,07,08,09,194,,,,,,,,,7.9,6.7,4.1*02
$BDGSA,A,3,09,40,,,,,,,,,,,7.9,6.7,4.1*24
$GPGSV,3,1,12,05,40,283,,07,62,084,23,08,25,078,30,09,20,133,28*7D
$GPGSV,3,2,12,13,31,295,,14,31,190,,18,10,341,,20,33,242,*72
$GPGSV,3,3,12,22,11,197,,27,20,043,18,30,80,234,,194,18,056,24*42
$BDGSV,1,1,02,09,30,082,23,40,33,089,26*6A
,M,1.41,N,2.61,K,A*2D
$GNRMC,103303.000,A,5557.30768,N,03713.92593,E,1.41,283.53,131124,,,A*77
$GNVTG,283.53,T,103303.000,13,11,2024,00,00*4C
$GPTXT,01,01,01,ANTENNA OK*35
$GNGGA,103304.000,5557.30767,N,03713.92530,E,1,06,6.7,229.6,M,0.0,M,,*73
$GNGLL,5557.30767,N,03713.92530,E,103304.000,A,A*4E
$GPGSA,A,3,07,08,09,194,,,,,,,,,7.9,6.7,4.1*02
$BDGSA,A,3,09,40,,,,,,,,,,,7.9,6.7,4.1*24
$GPGSV,3,1,12,05,40,283,,07,62,084,23,08,25,078,30,09,20,133,28*7D
$GPGSV,3,2,12,13,31,295,,14,31,190,,18,10,341,,20,33,242,*72
$GPGSV,3,3,12,22,11,197,,27,20,043,18,30,80,234,,194,18,056,24*42
$BDGSV,1,1,02,09,30,082,23,40,33,089,26*6A
$GNRMC,103304.000,A,5557.30767,N,03713.92530,E,1.18,283.53,131124,,,A*7A
$GNVTG,283.53,T,,M,1.18,N,2.19,K,A*2E
$GNZDA,103304.000,13,11,2024,00,00*4B
$GPTXT,01,01,01,ANTENNA OK*35
$GNGGA,103305.000,5557.30747,N,03713.92481,E,1,06,6.7,230.0,M,0.0,M,,*75
$GNGLL,5557.30747,N,03713.92481,E,103305.000,A,A*46
$GPGSA,A,3,07,08,09,194,,,,,,,,,7.9,6.7,4.1*02
$BDGSA,A,3,09,40,,,,,,,,,,,7.9,6.7,4.1*24
$GPGSV,3,1,12,05,40,283,,07,61,084,23,08,25,078,30,09,20,133,28*7E
$GPGSV,3,2,12,13,31,295,,14,31,190,,18,10,341,,20,33,242,*72
$GPGSV,3,3,12,22,11,197,,27,20,043,18,30,80,234,,194,18,056,24*42
$BDGSV,1,1,02,09,30,082,23,40,33,089,26*6A
$GNRMC,103305.000,A,5557.30747,N,03713.92481,E,1.14,283.53,131124,,,A*7E
$GNVTG,283.53,T,,M,1.14,N,2.12,K,A*29
$GNZDA,103305.000,13,11,2024,00,00*4A
$GPTXT,01,01,01,ANTENNA OK*35
$GNGGA,103306.000,5557.30725,N,03713.92445,E,1,06,6.7,230.8,M,0.0,M,,*72
$GNGLL,5557.30725,N,03713.92445,E,103306.000,A,A*49
$GPGSA,A,3,07,08,09,194,,,,,,,,,7.9,6.7,4.1*02
$BDGSA,A,3,09,40,,,,,,,,,,,7.9,6.7,4.1*24
$GPGSV,3,1,12,05,40,283,,07,61,084,23,08,25,078,30,09,20,133,28*7E
$GPGSV,3,2,12,13,31,295,,14,31,190,,18,10,341,,20,33,242,*72
$GPGSV,3,3,12,22,11,197,,27,20,043,18,30,80,234,,194,18,056,24*42
$BDGSV,1,1,02,09,30,082,23,40,33,089,26*6A
$GNRMC,103306.000,A,5557.30725,N,03713.92445,E,1.19,283.53,131124,,,A*7C
$GNVTG,283.53,T,,M,1.19,N,2.20,K,A*25
$GNZDA,103306.000,13,11,2024,00,00*49
$GPTXT,01,01,01,ANTENNA OK*35
$GNGGA,103307.000,5557.30696,N,03713.92397,E,1,06,6.7,231.6,M,0.0,M,,*7D
$GNGLL,5557.30696,N,03713.92397,E,103307.000,A,A*49
$GPGSA,A,3,07,08,09,194,,,,,,,,,7.9,6.7,4.1*02
$BDGSA,A,3,09,40,,,,,,,,,,,7.9,6.7,4.1*24
$GPGSV,3,1,12,05,40,283,,07,61,084,23,08,25,078,30,09,20,133,28*7E
$GPGSV,3,2,12,13,31,295,,14,31,190,,18,10,341,,20,33,242,*72
$GPGSV,3,3,12,22,11,197,,27,20,043,18,30,80,234,,194,18,056,24*42
$BDGSV,1,1,02,09,30,082,23,40,33,089,26*6A
$GNRMC,103307.000,A,5557.30696,N,03713.92397,E,1.29,283.53,131124,,,A*7F
$GNVTG,283.53,T,,M,1.29,N,2.38,K,A*2F
$GNZDA,103307.000,13,11,2024,00,00*48
$GPTXT,01,01,01,ANTENNA OK*35
$GNGGA,103308.000,5557.30676,N,03713.92394,E,1,06,6.7,232.4,M,0.0,M,,*7E
$GNGLL,5557.30676,N,03713.92394,E,103308.000,A,A*4B
$GPGSA,A,3,07,08,09,194,,,,,,,,,7.9,6.7,4.1*02
$BDGSA,A,3,09,40,,,,,,,,,,,7.9,6.7,4.1*24
$GPGSV,3,1,12,05,40,283,,07,61,084,22,08,25,078,30,09,20,133,28*7F
$GPGSV,3,2,12,13,31,295,,14,31,190,,18,10,341,,20,33,242,*72
$GPGSV,3,3,12,22,11,197,,27,20,043,18,30,80,234,,194,18,056,24*42
$BDGSV,1,1,02,09,30,082,23,40,33,089,26*6A
$GNRMC,103308.000,A,5557.30676,N,03713.92394,E,0.45,283.53,131124,,,A*76
$GNVTG,283.53,T,,M,0.45,N,0.82,K,A*27
$GNZDA,103308.000,13,11,2024,00,00*47
$GPTXT,01,01,01,ANTENNA OK*35
$GNGGA,103309.000,5557.30676,N,03713.92356,E,1,06,6.7,232.2,M,0.0,M,,*77
$GNGLL,5557.30676,N,03713.92356,E,103309.000,A,A*44
$GPGSA,A,3,07,08,09,194,,,,,,,,,7.9,6.7,4.1*02
$BDGSA,A,3,09,40,,,,,,,,,,,7.9,6.7,4.1*24
$GPGSV,3,1,12,05,40,283,,07,61,084,22,08,25,078,30,09,20,133,28*7F
$GPGSV,3,2,12,13,31,295,,14,31,190,,18,10,341,,20,33,242,*72
$GPGSV,3,3,12,22,12,197,,27,20,043,18,30,80,234,,194,18,056,24*41
$BDGSV,1,1,02,09,30,082,23,40,33,089,26*6A
$GNRMC,103309.000,A,5557.30676,N,03713.92356,E,0.00,283.53,131124,,,A*78
$GNVTG,283.53,T,,M,0.00,N,0.00,K,A*2C
$GNZDA,103309.000,13,11,2024,00,00*46
$GPTXT,01,01,01,ANTENNA OK*35
$GNGGA,103310.000,5557.30669,N,03713.92351,E,1,06,6.7,232.4,M,0.0,M,,*70
$GNGLL,5557.30669,N,03713.92351,E,103310.000,A,A*45
$GPGSA,A,3,07,08,09,194,,,,,,,,,7.9,6.7,4.1*02
$BDGSA,A,3,09,40,,,,,,,,,,,7.9,6.7,4.1*24
$GPGSV,3,1,12,05,40,283,,07,61,084,22,08,25,078,30,09,20,133,29*7E
$GPGSV,3,2,12,13,31,295,,14,31,190,,18,10,341,,20,33,242,*72
$GPGSV,3,3,12,22,12,197,,27,20,043,18,30,80,234,,194,18,056,24*41
$BDGSV,1,1,02,09,30,082,23,40,33,089,26*6A
$GNRMC,103310.000,A,5557.30669,N,03713.92351,E,0.00,283.53,131124,,,A*79
$GNVTG,283.53,T,,M,0.00,N,0.00,K,A*2C
$GNZDA,103310.000,13,11,2024,00,00*4E
$GPTXT,01,01,01,ANTENNA OK*35
$GNGGA,103311.000,5557.30661,N,03713.92358,E,1,06,6.7,232.5,M,0.0,M,,*71
$GNGLL,5557.30661,N,03713.92358,E,103311.000,A,A*45
$GPGSA,A,3,07,08,09,194,,,,,,,,,7.9,6.7,4.1*02
$BDGSA,A,3,09,40,,,,,,,,,,,7.9,6.7,4.1*24
$GPGSV,3,1,12,05,40,283,,07,61,084,22,08,25,078,30,09,20,133,29*7E
$GPGSV,3,2,12,13,31,295,,14,31,190,,18,10,341,,20,33,242,*72
$GPGSV,3,3,12,22,12,197,,27,20,043,18,30,80,234,,194,18,056,24*41
$BDGSV,1,1,02,09,30,082,23,40,33,089,26*6A
$GNRMC,103311.000,A,5557.30661,N,03713.92358,E,0.00,283.53,131124,,,A*79
$GNVTG,283.53,T,,M,0.00,N,0.00,K,A*2C
$GNZDA,103311.000,13,11,2024,00,00*4F
$GPTXT,01,01,01,ANTENNA OK*35
$GNGGA,103312.000,5557.30659,N,03713.92363,E,1,06,6.7,232.6,M,0.0,M,,*72
$GNGLL,5557.30659,N,03713.92363,E,103312.000,A,A*45
$GPGSA,A,3,07,08,09,194,,,,,,,,,7.9,6.7,4.1*02
$BDGSA,A,3,09,40,,,,,,,,,,,7.9,6.7,4.1*24
$GPGSV,3,1,12,05,40,283,,07,61,084,22,08,25,078,30,09,20,133,29*7E
$GPGSV,3,2,12,13,31,295,,14,31,190,,18,10,341,,20,33,242,*72
$GPGSV,3,3,12,22,12,197,,27,20,043,18,30,80,234,,194,18,056,24*41
$BDGSV,1,1,02,09,30,082,23,40,34,089,26*6D
$GNRMC,103312.000,A,5557.30659,N,03713.92363,E,0.00,283.53,131124,,,A*79
$GNVTG,283.53,T,,M,0.00,N,0.00,K,A*2C
$GNZDA,103312.000,13,11,2024,00,00*4C
$GPTXT,01,01,01,ANTENNA OK*35
$GNGGA,103313.000,5557.30656,N,03713.92364,E,1,06,6.7,232.6,M,0.0,M,,*7B
$GNGLL,5557.30656,N,03713.92364,E,103313.000,A,A*4C
$GPGSA,A,3,07,08,09,194,,,,,,,,,7.9,6.7,4.1*02
$BDGSA,A,3,09,40,,,,,,,,,,,7.9,6.7,4.1*24
$GPGSV,3,1,12,05,40,283,,07,61,084,22,08,25,078,30,09,20,133,29*7E
$GPGSV,3,2,12,13,31,295,,14,31,190,,18,10,341,,20,33,242,*72
$GPGSV,3,3,12,22,12,197,,27,20,043,18,30,80,234,,194,18,056,24*41
$BDGSV,1,1,02,09,30,082,23,40,34,089,26*6D
$GNRMC,103313.000,A,5557.30656,N,03713.92364,E,0.00,283.53,131124,,,A*70
$GNVTG,283.53,T,,M,0.00,N,0.00,K,A*2C
$GNZDA,103313.000,13,11,2024,00,00*4D
$GPTXT,01,01,01,ANTENNA OK*35
$GNGGA,103314.000,5557.30654,N,03713.92367,E,1,06,6.7,232.6,M,0.0,M,,*7D
$GNGLL,5557.30654,N,03713.92367,E,103314.000,A,A*4A
$GPGSA,A,3,07,08,09,194,,,,,,,,,7.9,6.7,4.1*02
$BDGSA,A,3,09,40,,,,,,,,,,,7.9,6.7,4.1*24
$GPGSV,3,1,12,05,40,283,,07,61,084,22,08,25,078,30,09,20,133,29*7E
$GPGSV,3,2,12,13,31,295,,14,31,190,,18,10,341,,20,33,242,*72
$GPGSV,3,3,12,22,12,197,,27,20,043,18,30,80,234,,194,18,056,24*41
$BDGSV,1,1,02,09,30,082,23,40,34,089,26*6D
$GNRMC,103314.000,A,5557.30654,N,03713.92367,E,0.00,283.53,131124,,,A*76
$GNVTG,283.53,T,,M,0.00,N,0.00,K,A*2C
$GNZDA,103314.000,13,11,2024,00,00*4A
$GPTXT,01,01,01,ANTENNA OK*35
$GNGGA,103315.000,5557.30652,N,03713.92370,E,1,06,6.7,232.6,M,0.0,M,,*7C
$GNGLL,5557.30652,N,03713.92370,E,103315.000,A,A*4B
$GPGSA,A,3,07,08,09,194,,,,,,,,,7.9,6.7,4.1*02
$BDGSA,A,3,09,40,,,,,,,,,,,7.9,6.7,4.1*24
$GPGSV,3,1,12,05,40,283,,07,61,084,20,08,25,078,30,09,20,133,28*7D
$GPGSV,3,2,12,13,31,295,,14,31,190,,18,10,341,,20,33,242,*72
$GPGSV,3,3,12,22,12,197,,27,20,043,18,30,80,234,,194,18,056,24*41
$BDGSV,1,1,02,09,30,082,23,40,34,089,26*6D
$GNRMC,103315.000,A,5557.30652,N,03713.92370,E,0.00,283.53,131124,,,A*77
$GNVTG,283.53,T,,M,0.00,N,0.00,K,A*2C
$GNZDA,103315.000,13,11,2024,00,00*4B
$GPTXT,01,01,01,ANTENNA OK*35
$GNGGA,103316.000,5557.30650,N,03713.92370,E,1,06,6.7,232.6,M,0.0,M,,*7D
$GNGLL,5557.30650,N,03713.92370,E,103316.000,A,A*4A
$GPGSA,A,3,07,08,09,194,,,,,,,,,7.9,6.7,4.1*02
$BDGSA,A,3,09,40,,,,,,,,,,,7.9,6.7,4.1*24
$GPGSV,3,1,12,05,40,283,,07,61,084,20,08,25,078,30,09,20,133,28*7D
$GPGSV,3,2,12,13,31,295,,14,31,190,,18,10,341,,20,33,242,*72
$GPGSV,3,3,12,22,12,197,,27,20,043,18,30,80,233,,194,18,056,24*46
$BDGSV,1,1,02,09,30,082,23,40,34,089,26*6D
$GNRMC,103316.000,A,5557.30650,N,03713.92370,E,0.00,283.53,131124,,,A*76
$GNVTG,283.53,T,,M,0.00,N,0.00,K,A*2C
$GNZDA,103316.000,13,11,2024,00,00*48
$GPTXT,01,01,01,ANTENNA OK*35

-----------------------------------------------
Date: 13.11.2024 - 13:35:23
End log file
