C51 COMPILER V9.00   ARKCHIP                                                               04/13/2015 11:40:39 PAGE 1   


C51 COMPILER V9.00, COMPILATION OF MODULE ARKCHIP
OBJECT MODULE PLACED IN ..\Hex\ArkChip.obj
COMPILER INVOKED BY: C:\Program Files\App Software\Keil V4\C51\BIN\C51.EXE ..\..\..\Device driver\ArkChip\ArkChip.c BROW
                    -SE INCDIR(..\..\..\OSD;..\..\..\OSD\Logo;../../../Inc;../../../UserConfig;../../../ARKLib;../../../UserConfig/Prj config
                    -;..\..\..\LCD Pannels;..\..\..\LCD Pannels\LCD parameter;..\..\..\GetUserInput;..\..\..\GetUserInput\Ir;..\..\..\GetUser
                    -Input\Key;..\..\..\GetUserInput\GPIO;..\..\..\Device driver\AMT;..\..\..\Device driver\ArkChip;..\..\..\Device driver\Mc
                    -u;..\..\..\Device driver\Flash;..\..\..\Device driver\I2C;..\..\..\Device driver\E2prom;..\..\..\Device driver\WT5700;..
                    -\..\..\Device driver\Kt0803l;..\..\..\Device driver\BT;..\..\..\Debug) DEBUG OBJECTEXTEND PRINT(..\List\ArkChip.lst) OBJ
                    -ECT(..\Hex\ArkChip.obj)

line level    source

   1          /***********************************************************************
   2          *Copyright (C) 2005 深圳艾科创新有限公司产品应用一部
   3          * All rights reserved.
   4          
   5          *File name: 　 ArkChip.c
   6          *Version:    　1.0
   7          *Author:       cjinzong
   8          *update:       2010-05-27
   9          
  10          *Description:
  11          *History:  
  12             
  13          ************************************************************************/
  14          
  15          #include "DataType.h"
  16          #include "SystemConfig.h"
  17          #include "Global.h"
  18          #include "Mcu.h"
  19          #include "Debug.h"
  20          #include "IrMap.h"
  21          #include "ConfigLcdPara.h"
  22          #include "MsgMap.h"
  23          #include "Osd_Menu.h"
  24          #include "Osd_MenuPage.h"
  25          #include "Ir.h"
  26          #include "Delay.h"
  27          
  28          
  29          
  30          #include "AMT_Drv.c"
  31          #include "AMT_OsdBootDrv.c"
  32          


MODULE INFORMATION:   STATIC OVERLAYABLE
   CODE SIZE        =   6500    ----
   CONSTANT SIZE    =   1651    ----
   XDATA SIZE       =     15     135
   PDATA SIZE       =   ----    ----
   DATA SIZE        =     24      90
   IDATA SIZE       =   ----    ----
   BIT SIZE         =   ----    ----
END OF MODULE INFORMATION.


C51 COMPILATION COMPLETE.  0 WARNING(S),  0 ERROR(S)
