C51 COMPILER V9.00   BATTERYADC                                                            04/13/2015 11:40:42 PAGE 1   


C51 COMPILER V9.00, COMPILATION OF MODULE BATTERYADC
OBJECT MODULE PLACED IN ..\Hex\BatteryAdc.obj
COMPILER INVOKED BY: C:\Program Files\App Software\Keil V4\C51\BIN\C51.EXE ..\..\..\Modules\BatteryAdc.c BROWSE INCDIR(.
                    -.\..\..\OSD;..\..\..\OSD\Logo;../../../Inc;../../../UserConfig;../../../ARKLib;../../../UserConfig/Prj config;..\..\..\L
                    -CD Pannels;..\..\..\LCD Pannels\LCD parameter;..\..\..\GetUserInput;..\..\..\GetUserInput\Ir;..\..\..\GetUserInput\Key;.
                    -.\..\..\GetUserInput\GPIO;..\..\..\Device driver\AMT;..\..\..\Device driver\ArkChip;..\..\..\Device driver\Mcu;..\..\..\
                    -Device driver\Flash;..\..\..\Device driver\I2C;..\..\..\Device driver\E2prom;..\..\..\Device driver\WT5700;..\..\..\Devi
                    -ce driver\Kt0803l;..\..\..\Device driver\BT;..\..\..\Debug) DEBUG OBJECTEXTEND PRINT(..\List\BatteryAdc.lst) OBJECT(..\H
                    -ex\BatteryAdc.obj)

line level    source

   1          /*******************************************************************************
   2          *Copyright (C) 2005 深圳艾科创新有限公司产品应用一部
   3          * All rights reserved.
   4          
   5          *File name: 　 BatteryAdc.c       
   6          *Version:      0.1
   7          *update:       2011-12-08
   8          *Description:
   9                             此文件是对电池电压ADC的采集与处理。
  10          
  11          *History:  yshuizhou  2012/10/30   0.1    build  this  moudle
  12          ******************************************************************************/
  13          #define _BATTERY_ADC_C_
  14          
  15          #include "DataType.h"
  16          #include "global.h"
  17          #include "MsgMap.h"
  18          #include "systemConfig.h"
  19          #include "Debug.h"
  20          #include "BatteryAdc.h"
  21          #include "AMT_Reg.h"
  22          #include "AMT_Drv.h"
  23          
  24          
  25          #ifdef LowBaterryDetecEn 
              
              /*************************************************************************
              name:    GetBestBatteryAdcVal(UCHAR* AdcBuf, UCHAR Length)
              input:   AdcBuf  //需滤波的数据指针。
                       Length  //需滤波的数据长度。
              output:  返回平均数据平均滤波后的数据。
              update： 2012-10-30
              state：  try out
              description: 返回平均数据平均滤波后的数据。
              
              *History:  yshuizhou  2012/10/30   0.1    build  this  moudle
              *************************************************************************/
              UINT POS_GetBestBatteryAdcVal( UINT * AdcBuf, UCHAR Length)
              {
                      UCHAR XDATA i,j,index;
                      UINT XDATA s_offset1 = 0,s_offset2 = 0;
                      
                       for(i=0; i<Length; i++)
                       {
                          s_offset1 += Abs(AdcBuf[i], AdcBuf[0]);
                       }
                      index = 0;
                      for(i=1; i<Length; i++)
                      {
C51 COMPILER V9.00   BATTERYADC                                                            04/13/2015 11:40:42 PAGE 2   

                          for(j=0; j<Length;j++)
                          {
                              s_offset2 += Abs(AdcBuf[i], AdcBuf[j]);
                          }
                          if(s_offset1 > s_offset2)
                          {
                              s_offset1 = s_offset2;
                                  index = i;
                          }
                          s_offset2 = 0;      
                      }       
                      return AdcBuf[index];
              }
              
              
              /*************************************************************************
              name:    FilterBatteryAdcVal(UINT * AdcValueBuf,UCHAR len)
              input:   AdcValueBuf、len。
              output:  返回平均数据平均滤波后的数据。
              update： 2012-10-30
              state：  try out
              description:  这个函数是ADC类型的按键滤波函数，经过限副滤波返回相应的按键值。 
              
              *History:  yshuizhou  2012/10/30   0.1    build  this  moudle
              *************************************************************************/
              UINT POS_FilterBatteryAdcVal(UINT * AdcValueBuf,UCHAR len)
              {   
              
              #define  BufferSize 4
              
                      static UCHAR XDATA Index = 0;
                      UINT  XDATA TheBetterBatteryAdcVal;
                      static UINT XDATA BatteryAdcBuffer[BufferSize];
              
                      if(Index < BufferSize)
                      {  
                      BatteryAdcBuffer[Index] = POS_GetBestBatteryAdcVal(AdcValueBuf,len);
                              Index ++;
                              return NULL_BATTERYADC;
                      }
              
                      Index = 0;
                      TheBetterBatteryAdcVal = POS_GetBestBatteryAdcVal(BatteryAdcBuffer, BufferSize);
                      return TheBetterBatteryAdcVal;  
              }
              
              
              
              /***********************************************************
              *name:     GetAdcKeyValue(void)
              *input:    non
              *return:   返回当前通道采集到得按键值。
              update： 2012-10-30
              *state:   try out
              *description:   
                       这个函数定时获取ADC各个通道的按键值。 
              
                       
              *History:  yshuizhou  2012/10/30   0.1    build  this  moudle
              ************************************************************/
              UINT POS_GetBatteryAdcValue(void)
              {   
C51 COMPILER V9.00   BATTERYADC                                                            04/13/2015 11:40:42 PAGE 3   

              
              #define BatteryAdcOffSet                2
              #define BatteryAdcChInit                0
              #define BatteryAdcChScan                1
              
              
                      static UINT     XDATA BatteryAdcValBuf[] = {0XFFFF,0XFFFF,0XFFFF,0XFFFF};
                      static UCHAR    XDATA Index = 0;
                      static UINT     XDATA PreBatteryAdcVal = 0XFFFF;
                      static UCHAR    XDATA BatteryChStatus = BatteryAdcChInit;
              
                      UINT  XDATA CurBatterAdcVal;
              
                      
                  BatteryAdcValBuf[Index] = POS_EnableChipAdc(BATTER_DETEC_CH)>>4;
                      Index++;
                      
                      if(Index >= (sizeof(BatteryAdcValBuf)/2)) //note:该数组类型为int 
                      {  
                         Index = 0; 
                         CurBatterAdcVal = POS_FilterBatteryAdcVal(BatteryAdcValBuf,sizeof(BatteryAdcValBuf)/2);
                     if(NULL_BATTERYADC == CurBatterAdcVal)
                         {
                                  return NULL_BATTERYADC;
                         }
                         else
                         {
                                CurBatterAdcVal >>=2;  //滤波后取高6位
                         }
                      }
                      else
                      {
                            return NULL_BATTERYADC;
                      }
              
                      switch(BatteryChStatus)
                      {
                        case  BatteryAdcChInit:
                                  PreBatteryAdcVal = CurBatterAdcVal;
                                      BatteryChStatus = BatteryAdcChScan;
                                      return CurBatterAdcVal;
                                      break;
              
                        case  BatteryAdcChScan:
                                  if(Abs(CurBatterAdcVal &0X00FF,PreBatteryAdcVal &0X00FF) > BatteryAdcOffSet)
                              {
                                   PreBatteryAdcVal = CurBatterAdcVal;
                                               return CurBatterAdcVal;
                              }
                                      break;
              
                        default:
                                  break;
                      }
                      return NULL_BATTERYADC; 
              }
              
              #endif   //#ifdef LowBaterryDetecEn 
 170          


MODULE INFORMATION:   STATIC OVERLAYABLE
C51 COMPILER V9.00   BATTERYADC                                                            04/13/2015 11:40:42 PAGE 4   

   CODE SIZE        =   ----    ----
   CONSTANT SIZE    =   ----    ----
   XDATA SIZE       =   ----    ----
   PDATA SIZE       =   ----    ----
   DATA SIZE        =   ----    ----
   IDATA SIZE       =   ----    ----
   BIT SIZE         =   ----    ----
END OF MODULE INFORMATION.


C51 COMPILATION COMPLETE.  0 WARNING(S),  0 ERROR(S)
