C51 COMPILER V9.00   DEBUG                                                                 04/13/2015 11:40:46 PAGE 1   


C51 COMPILER V9.00, COMPILATION OF MODULE DEBUG
OBJECT MODULE PLACED IN ..\Hex\Debug.obj
COMPILER INVOKED BY: C:\Program Files\App Software\Keil V4\C51\BIN\C51.EXE ..\..\..\Debug\Debug.c BROWSE INCDIR(..\..\..
                    -\OSD;..\..\..\OSD\Logo;../../../Inc;../../../UserConfig;../../../ARKLib;../../../UserConfig/Prj config;..\..\..\LCD Pann
                    -els;..\..\..\LCD Pannels\LCD parameter;..\..\..\GetUserInput;..\..\..\GetUserInput\Ir;..\..\..\GetUserInput\Key;..\..\..
                    -\GetUserInput\GPIO;..\..\..\Device driver\AMT;..\..\..\Device driver\ArkChip;..\..\..\Device driver\Mcu;..\..\..\Device 
                    -driver\Flash;..\..\..\Device driver\I2C;..\..\..\Device driver\E2prom;..\..\..\Device driver\WT5700;..\..\..\Device driv
                    -er\Kt0803l;..\..\..\Device driver\BT;..\..\..\Debug) DEBUG OBJECTEXTEND PRINT(..\List\Debug.lst) OBJECT(..\Hex\Debug.obj
                    -)

line level    source

   1          /*******************************************************************************
   2          *Copyright (C) 2005 深圳艾科创新有限公司产品应用一部
   3          * All rights reserved.
   4          
   5          *File name: 　 Debug.c    
   6          *Version:      1.0
   7          *update:       2011-12-16
   8          *Description:
   9                              调试打印文件。
  10                            
  11          *History:  Jordan.chen   2011/12/16    1.0    build  this  moudle
  12          ******************************************************************************/
  13          #define _DEBUG_C_
  14          
  15          #include "DataType.h"
  16          #include "systemConfig.h"
  17          #include "global.h"
  18          #include "AMT_Drv.h"
  19          #include "AMT_MCU.h"
  20          
  21          
  22          #ifdef UartPrintfEn
              
              #define _EOS_ '\0' 
              
              void putSIOChar(unsigned char sendData)
              {
                      TI = 0; 
                      SBUF = sendData; 
                      while(!TI);
              }
              
              
              void putchar(UCHAR ucVal)
              {
                      TI = 0;
                      SBUF = ucVal; 
                      while(!TI);
              }
              
              void IrqPutstr(UCHAR *pFmt)
              {
                  UCHAR XDATA ucBff; 
              
                      SetUartPrint();
              
                  while(1)
                  {
                       ucBff = *pFmt; 
C51 COMPILER V9.00   DEBUG                                                                 04/13/2015 11:40:46 PAGE 2   

                       if (ucBff == _EOS_)
                           break;
              
                       putchar(ucBff); 
              
                       pFmt++; 
                  } 
                      SetI2CDebug();
              }
              
              
              void printfStr(char *str)
              {
                  BYTE XDATA ucBff;
              
                      SetUartPrint();
              
                      putSIOChar((char)'\r');
                      putSIOChar((char)'\n');
              
                  while(1)
                  {
                       ucBff = *str;
                       if (ucBff == _EOS_)
                           break;
                       putSIOChar(ucBff);
                       str++;
                  }
                  SetI2CDebug();
              }
              void IrqPrintf(char *str, WORD value)
              {
                      char XDATA sendData;
              
                      SetUartPrint();
              
                      while(sendData=*(str++))
                  {
                      if (sendData==(char)'%') 
                      {
                              sendData=*(str++);
                              if (sendData==(char)'d' || sendData==(char)'x') 
                          {
                              if (value)
                              {
                                      BOOL noneZero=FALSE;
                                      WORD XDATA divider=10000;
                                      char XDATA dispValue;
              
                                      if (sendData==(char)'x')
                                                      divider=0x1000;
                                      while (divider)
                                                  {
                                                      dispValue=value/divider;
                                                      value-=dispValue*divider;
                                              if (dispValue)
                                                              noneZero=TRUE;
                                              if (noneZero)
                                              {
                                                      if (dispValue>9)
                                                                      dispValue+=55;
                                                                      else
C51 COMPILER V9.00   DEBUG                                                                 04/13/2015 11:40:46 PAGE 3   

                                                                      dispValue+=0x30;
                                                                      putSIOChar(dispValue);
                                                              }
                                                              if (sendData==(char)'d')
                                                              divider/=10;
                                                      else
                                                              divider/=0x10;
                                              }
                              }
                              else
                              {
                                      putSIOChar('0');
                              }       
                              }
                              }
                      else
                              putSIOChar(sendData);
                  }
                      SetI2CDebug();
              }
              
              void printf(char *str, WORD value)
              {
                      char XDATA sendData;
              
                      SetUartPrint();
              
                      putSIOChar((char)'\r');
                      putSIOChar((char)'\n');
                      
                      while(sendData=*(str++))
                  {
                      if (sendData==(char)'%') 
                      {
                              sendData=*(str++);
                              if (sendData==(char)'d' || sendData==(char)'x') 
                          {
                              if (value)
                              {
                                      BOOL noneZero=FALSE;
                                      WORD divider=10000;
                                      char dispValue;
              
                                      if (sendData==(char)'x')
                                                      divider=0x1000;
                                      while (divider)
                                                  {
                                                      dispValue=value/divider;
                                                      value-=dispValue*divider;
                                              if (dispValue)
                                                              noneZero=TRUE;
                                              if (noneZero)
                                              {
                                                      if (dispValue>9)
                                                                      dispValue+=55;
                                                                      else
                                                                      dispValue+=0x30;
                                                                      putSIOChar(dispValue);
                                                              }
                                                              if (sendData==(char)'d')
                                                              divider/=10;
                                                      else
C51 COMPILER V9.00   DEBUG                                                                 04/13/2015 11:40:46 PAGE 4   

                                                              divider/=0x10;
                                              }
                              }
                              else
                              {
                                      putSIOChar('0');
                              }       
                              }
                              }
                      else
                              putSIOChar(sendData);
                  }
                      SetI2CDebug();
              }
              #endif
 189          


MODULE INFORMATION:   STATIC OVERLAYABLE
   CODE SIZE        =   ----    ----
   CONSTANT SIZE    =   ----    ----
   XDATA SIZE       =   ----    ----
   PDATA SIZE       =   ----    ----
   DATA SIZE        =   ----    ----
   IDATA SIZE       =   ----    ----
   BIT SIZE         =   ----    ----
END OF MODULE INFORMATION.


C51 COMPILATION COMPLETE.  0 WARNING(S),  0 ERROR(S)
