C51 COMPILER V9.00   DELAY                                                                 04/13/2015 11:40:40 PAGE 1   


C51 COMPILER V9.00, COMPILATION OF MODULE DELAY
OBJECT MODULE PLACED IN ..\Hex\Delay.obj
COMPILER INVOKED BY: C:\Program Files\App Software\Keil V4\C51\BIN\C51.EXE ..\..\..\Kernel\Delay.c BROWSE INCDIR(..\..\.
                    -.\OSD;..\..\..\OSD\Logo;../../../Inc;../../../UserConfig;../../../ARKLib;../../../UserConfig/Prj config;..\..\..\LCD Pan
                    -nels;..\..\..\LCD Pannels\LCD parameter;..\..\..\GetUserInput;..\..\..\GetUserInput\Ir;..\..\..\GetUserInput\Key;..\..\.
                    -.\GetUserInput\GPIO;..\..\..\Device driver\AMT;..\..\..\Device driver\ArkChip;..\..\..\Device driver\Mcu;..\..\..\Device
                    - driver\Flash;..\..\..\Device driver\I2C;..\..\..\Device driver\E2prom;..\..\..\Device driver\WT5700;..\..\..\Device dri
                    -ver\Kt0803l;..\..\..\Device driver\BT;..\..\..\Debug) DEBUG OBJECTEXTEND PRINT(..\List\Delay.lst) OBJECT(..\Hex\Delay.ob
                    -j)

line level    source

   1          /*******************************************************************************
   2          *Copyright (C) 2005 深圳艾科创新有限公司产品应用一部
   3          * All rights reserved.
   4          
   5          *File name: 　 Delay.c    
   6          *Version:      1.0
   7          *update:       2011-12-16
   8          *Description:
   9                              延时时间函数的定义。
  10                            
  11          *History:  Jordan.chen   2011/12/16    1.0    build  this  moudle
  12          ******************************************************************************/
  13          #define _DELAY_C_
  14          
  15          #include "DataType.h"
  16          #include "systemConfig.h"
  17          #include "global.h"
  18          
  19          
  20          void Delay(UINT cont_time)
  21          {
  22   1          while(cont_time--)
  23   1              {
  24   2                _nop_();
  25   2              }
  26   1      }
  27          
  28          void DelayMs(UINT contTime)
  29          {
  30   1              while(contTime--)
  31   1              {
  32   2                Delay(400);
  33   2              }
  34   1      }
  35          


MODULE INFORMATION:   STATIC OVERLAYABLE
   CODE SIZE        =     38    ----
   CONSTANT SIZE    =   ----    ----
   XDATA SIZE       =   ----    ----
   PDATA SIZE       =   ----    ----
   DATA SIZE        =   ----    ----
   IDATA SIZE       =   ----    ----
   BIT SIZE         =   ----    ----
END OF MODULE INFORMATION.


C51 COMPILATION COMPLETE.  0 WARNING(S),  0 ERROR(S)
