C51 COMPILER V9.00   E2PROM                                                                04/13/2015 11:40:39 PAGE 1   


C51 COMPILER V9.00, COMPILATION OF MODULE E2PROM
OBJECT MODULE PLACED IN ..\Hex\E2prom.obj
COMPILER INVOKED BY: C:\Program Files\App Software\Keil V4\C51\BIN\C51.EXE ..\..\..\Device driver\E2prom\E2prom.c BROWSE
                    - INCDIR(..\..\..\OSD;..\..\..\OSD\Logo;../../../Inc;../../../UserConfig;../../../ARKLib;../../../UserConfig/Prj config;.
                    -.\..\..\LCD Pannels;..\..\..\LCD Pannels\LCD parameter;..\..\..\GetUserInput;..\..\..\GetUserInput\Ir;..\..\..\GetUserIn
                    -put\Key;..\..\..\GetUserInput\GPIO;..\..\..\Device driver\AMT;..\..\..\Device driver\ArkChip;..\..\..\Device driver\Mcu;
                    -..\..\..\Device driver\Flash;..\..\..\Device driver\I2C;..\..\..\Device driver\E2prom;..\..\..\Device driver\WT5700;..\.
                    -.\..\Device driver\Kt0803l;..\..\..\Device driver\BT;..\..\..\Debug) DEBUG OBJECTEXTEND PRINT(..\List\E2prom.lst) OBJECT
                    -(..\Hex\E2prom.obj)

line level    source

   1          /****************************************************************************************************
   2          *Copyright (C) 2005 深圳艾科创新有限公司产品应用一部
   3          * All rights reserved.
   4          
   5          *File name: 　 drv_E2prom.c
   6          *Version:    　0.01
   7          *Author:       cjinzong
   8          *Finish date:  2009-04-16
   9          
  10          *Description:
  11          *           这个文件是对系统的主要参数进行保存到E2PROM的函数定义。 
  12          
  13          *History:
  14          *
  15          ***************************************************************************************************/
  16          #define _E2P_C_
  17          #include "DataType.h"
  18          #include "systemConfig.h"
  19          #include "global.h"
  20          #include "E2prom.h"
  21          #include "debug.h"
  22          #include "AMT_REG.h"
  23          #include "AMT_Drv.h"
  24          #include "AMT_MCU.h"
  25          
  26          
  27          
  28          #ifdef E2promEn
              
              /***********************************************************
              *name:      E2promReadMultiple(UCHAR page, UCHAR subAddr, UCHAR rdNum, UCHAR * dataPt)
              *input:     UCHAR page
                          UCHAR subAddr 
                          UCHAR rdNum
                          UCHAR * dataPt
                               
              *output:    dataPt
              *return:     non    
              
              *description:   在e2prom中读出多个字节的数据 
              *history:
              ************************************************************/
              void ReadE2promMultiple(ULONG subAddr, UCHAR * dataPt, UINT rdNum)
              {
                UINT XDATA i=0;
              
              start:
              
                #if 1
C51 COMPILER V9.00   E2PROM                                                                04/13/2015 11:40:39 PAGE 2   

                E2pI2CStart(); 
                E2pI2CWrite(0xa0);
              #if 1
                      if(E2pACKCheck() == 1)
                      {
                          goto start;
                      }
              #endif
               
                E2pI2CWrite((subAddr>>8)&0xff);
                E2pACKCheck();
                E2pI2CWrite(subAddr&0xff);
                E2pACKCheck();
              
                E2pI2CStart(); 
                E2pI2CWrite(0xa1);
                E2pACKCheck();
               
                for(i=0; i<rdNum; i++)
                {
                  dataPt[i] = E2pI2CRead(); 
                  E2pACKSend();       
                }
                dataPt[i] = E2pI2CRead(); 
                E2pNACKSend();  
                E2pI2CStop();
                #endif
              
              }
              /***********************************************************
              *name:    E2WriteByte(WORD address,BYTE WrData)
              *input:            
              *output:    non
              *return:     tmpResult
              *description:   对e2prom 写入多个数据
              *history:
              ************************************************************/
              void WriteE2promMultByte(ULONG address, UCHAR * dataPt, WORD number)
              {        
                      UINT XDATA pos = 0;
              
                      while(number>0)
                      {
                          UCHAR j;
                              
              start:          
                          E2pI2CStart();
                          E2pI2CWrite(0xa0); 
                              #if 1
                              if(E2pACKCheck() == 1)
                              { 
                                  goto start;
                              }
                              #endif
                              
                              E2pI2CWrite((UCHAR)((address>>8)&0xff));
                              E2pACKCheck();
              
                              E2pI2CWrite((UCHAR)(address&0xff));
                              E2pACKCheck();
              
                              if(number >= 32)
C51 COMPILER V9.00   E2PROM                                                                04/13/2015 11:40:39 PAGE 3   

                              {
                                      for(j=0;j<32;j++,pos++)
                                      {
                                              E2pI2CWrite(dataPt[pos]);
                                      E2pACKCheck(); 
                                              number--;
                                      }
                                  E2pI2CStop();       
                                      address =  address + 32;
                              }
                              else
                              {
                                  for(;number>0;number--)
                                  {
              start1:
                                              E2pI2CStart();
                                              E2pI2CWrite(0xa0); 
              #if 1
                                              if(E2pACKCheck() == 1)
                                              { 
                                              goto start1;
                                              }
              #endif
                                              E2pI2CWrite((UCHAR)((address>>8)&0xff));
                                              E2pACKCheck();
              
                                              E2pI2CWrite((UCHAR)(address&0xff));
                                              E2pACKCheck();
                                              
                                              E2pI2CWrite(dataPt[pos]);
                                              E2pACKCheck(); 
                                          E2pI2CStop();
                                              
                                              address++;
                                              pos++;  
                                  }
                              }
                      }
              }
              
              
              BOOL VerifyE2promDate(ULONG stAddr)
              {
                  UCHAR XDATA i;
                      
                  for(i=0;i<3;i++)
                  {
                              ReadE2promMultiple(stAddr, (UCHAR *)&g_sysSetting, sizeof(SysWorkParaType)); 
                              if((g_sysSetting.OXAA == 0xaa) && (g_sysSetting.OX55 == 0x55))
                              {
                                   return TRUE;
                              }
                  }
                      return FALSE;
              }
              #endif
 168          


MODULE INFORMATION:   STATIC OVERLAYABLE
   CODE SIZE        =   ----    ----
   CONSTANT SIZE    =   ----    ----
C51 COMPILER V9.00   E2PROM                                                                04/13/2015 11:40:39 PAGE 4   

   XDATA SIZE       =   ----    ----
   PDATA SIZE       =   ----    ----
   DATA SIZE        =   ----    ----
   IDATA SIZE       =   ----    ----
   BIT SIZE         =   ----    ----
END OF MODULE INFORMATION.


C51 COMPILATION COMPLETE.  0 WARNING(S),  0 ERROR(S)
