C51 COMPILER V9.00   IR                                                                    04/13/2015 11:40:41 PAGE 1   


C51 COMPILER V9.00, COMPILATION OF MODULE IR
OBJECT MODULE PLACED IN ..\Hex\Ir.obj
COMPILER INVOKED BY: C:\Program Files\App Software\Keil V4\C51\BIN\C51.EXE ..\..\..\GetUserInput\Ir\Ir.c BROWSE INCDIR(.
                    -.\..\..\OSD;..\..\..\OSD\Logo;../../../Inc;../../../UserConfig;../../../ARKLib;../../../UserConfig/Prj config;..\..\..\L
                    -CD Pannels;..\..\..\LCD Pannels\LCD parameter;..\..\..\GetUserInput;..\..\..\GetUserInput\Ir;..\..\..\GetUserInput\Key;.
                    -.\..\..\GetUserInput\GPIO;..\..\..\Device driver\AMT;..\..\..\Device driver\ArkChip;..\..\..\Device driver\Mcu;..\..\..\
                    -Device driver\Flash;..\..\..\Device driver\I2C;..\..\..\Device driver\E2prom;..\..\..\Device driver\WT5700;..\..\..\Devi
                    -ce driver\Kt0803l;..\..\..\Device driver\BT;..\..\..\Debug) DEBUG OBJECTEXTEND PRINT(..\List\Ir.lst) OBJECT(..\Hex\Ir.ob
                    -j)

line level    source

   1          /***********************************************************************
   2          *Copyright (C) 2005 深圳艾科创新有限公司产品应用一部
   3          * All rights reserved.
   4          
   5          *File name: 　 IR.c
   6          *Version:    　0.1
   7          *Author:       cjinzong
   8          *update:       2011-12-10
   9          
  10          *Description:
  11          *History:
  12          ************************************************************************/
  13          #define _IR_C_
  14          
  15          #include "DataType.h"
  16          #include "systemConfig.h"
  17          #include "MsgMap.h"
  18          #include "Debug.h"
  19          #include "Ir.h"
  20          #include "AMT_REG.h"
  21          #include "AMT_MCU.h"
  22          
  23          
  24          
  25          
  26          #ifdef IrDetectEn
  27          #include "IrMap.h"
  28          
  29          
  30          /*********************Ir Msg Map******************/
  31          
  32          IrMsgMap CODE SysIrMsgMap[] =
  33          {
  34             IrKeyMsgMap
  35          };
  36          
  37          
  38          
  39          /***********************************************************
  40          *name:           GetRemoteKeyValue(UINT IrVal)
  41          *input:      IrValue
  42          *output:     返回当前Ir的值。
  43          *state:      allright
  44          *Update:     2011-12-30
  45          
  46          *description:   
  47                      查询当前Ir的值。
  48          *history:   yshuizhou   2011/12/30    0.2    build  this  function      
  49          ************************************************************/
C51 COMPILER V9.00   IR                                                                    04/13/2015 11:40:41 PAGE 2   

  50          UINT POS_GetRemoteKeyVal(UINT IrVal)
  51          {    
  52   1           UINT XDATA CurrentIr = IR_NULL_KEY;
  53   1      
  54   1           if(CheckReleaseFlg())
  55   1           {
  56   2                        ClrReleaseFlg();
  57   2           }
  58   1              
  59   1               if((IrVal != IR_NULL_KEY)&&(!g_bLogoFlg))
  60   1           {    
  61   2                g_ucRemoteKeyVal = IR_NULL_KEY;
  62   2                        
  63   2                if(CheckRepeatFlg())
  64   2                    {
  65   3                         //printfStr("repeat");
  66   3                         g_UserInputInfo.Status = inputHold;
  67   3                    }  
  68   2                        else
  69   2                        {
  70   3                             //printfStr("no repeat");
  71   3                             g_UserInputInfo.Status = inputPress;
  72   3                        }
  73   2                CurrentIr = IrVal;
  74   2                        //printf("boot current key val =%x", CurrentIr);
  75   2           }
  76   1               return CurrentIr;
  77   1      }
  78          
  79          
  80          
  81          /***********************************************************
  82          *name:           TransferIrKeyMsg(UINT IrKeyVal)
  83          *input:      IrKeyVal
  84          *output:     返回对应按键值的消息
  85          *update:     2011-12-22
  86          
  87          *description:   
  88                   这个函数是根据当前按键值在SysIrMap映射表中查找相应的按键消息。
  89          *history:yshuizhou   2011/12/30    0.2    build  this  function 
  90          ************************************************************/
  91          MSG POS_TransferIrKeyMsg(UINT IrKeyVal)
  92          {
  93   1           UCHAR XDATA i;
  94   1               MSG XDATA IrMsg =MSG_NULL;
  95   1               
  96   1              for(i = 0; i < sizeof(SysIrMsgMap)/sizeof(SysIrMsgMap[0]); i++)
  97   1          {
  98   2             if(SysIrMsgMap[i].IrVal == IrKeyVal)        
  99   2             {  
 100   3                   IrMsg = SysIrMsgMap[i].IrMsg;
 101   3             } 
 102   2          }
 103   1          return IrMsg;       
 104   1      }
 105          #endif
 106          
 107          


MODULE INFORMATION:   STATIC OVERLAYABLE
   CODE SIZE        =    151    ----
C51 COMPILER V9.00   IR                                                                    04/13/2015 11:40:41 PAGE 3   

   CONSTANT SIZE    =     18    ----
   XDATA SIZE       =      4       4
   PDATA SIZE       =   ----    ----
   DATA SIZE        =   ----    ----
   IDATA SIZE       =   ----    ----
   BIT SIZE         =   ----    ----
END OF MODULE INFORMATION.


C51 COMPILATION COMPLETE.  0 WARNING(S),  0 ERROR(S)
