C51 COMPILER V9.00   KEYI2C                                                                04/13/2015 11:40:39 PAGE 1   


C51 COMPILER V9.00, COMPILATION OF MODULE KEYI2C
OBJECT MODULE PLACED IN ..\Hex\KeyI2C.obj
COMPILER INVOKED BY: C:\Program Files\App Software\Keil V4\C51\BIN\C51.EXE ..\..\..\Device driver\I2C\KeyI2C.c BROWSE IN
                    -CDIR(..\..\..\OSD;..\..\..\OSD\Logo;../../../Inc;../../../UserConfig;../../../ARKLib;../../../UserConfig/Prj config;..\.
                    -.\..\LCD Pannels;..\..\..\LCD Pannels\LCD parameter;..\..\..\GetUserInput;..\..\..\GetUserInput\Ir;..\..\..\GetUserInput
                    -\Key;..\..\..\GetUserInput\GPIO;..\..\..\Device driver\AMT;..\..\..\Device driver\ArkChip;..\..\..\Device driver\Mcu;..\
                    -..\..\Device driver\Flash;..\..\..\Device driver\I2C;..\..\..\Device driver\E2prom;..\..\..\Device driver\WT5700;..\..\.
                    -.\Device driver\Kt0803l;..\..\..\Device driver\BT;..\..\..\Debug) DEBUG OBJECTEXTEND PRINT(..\List\KeyI2C.lst) OBJECT(..
                    -\Hex\KeyI2C.obj)

line level    source

   1          /**************************************************************
   2          *Copyright (C) 2005 深圳艾科创新有限公司产品应用一部
   3          * All rights reserved.
   4          
   5          *File name: 　 KeyI2C.C   
   6          *Version:    　0.01
   7          *Author:       cjinzong
   8          *Update:       2009-03-25
   9          *State：       try out
  10          * 
  11          *Description:
  12          *    这个文件是用来定义i2c 的一些基本的操作。
  13          
  14          *History:
  15          *
  16          ****************************************************************/
  17          
  18          #include "DataType.h"
  19          #include "systemConfig.h"
  20          #include "global.h"
  21          #include "AMT_Drv.h"
  22          
  23          
  24          #ifdef KeyDetectEn 
  25          
  26          #define SetSdaOutput() ;  
  27          #define SetSdaInput()  GetSda()
  28          #define SetSclOutput() ;
  29          
  30          #define GetSda()   hw_Key_getSDA_input()
  31          #define SetSda(x)  hw_Key_setSDA_output(x)
  32          #define SetScl(x)  hw_Key_setSCL_output(x)
  33          
  34          
  35          /***********************************************************
  36          *name:    DelayI2c()
  37          *input:   uchar delayTime   // 确定延时时间
  38          *output:  non
  39          *update:  2009-03-25
  40          
  41          *description:   iic 延时程序
  42          *history:
  43          ************************************************************/
  44          void DelayKeyI2c(UINT delayTime)        
  45          {
  46   1              while(delayTime) 
  47   1              {
  48   2                  delayTime = delayTime - 1;
  49   2          }   
C51 COMPILER V9.00   KEYI2C                                                                04/13/2015 11:40:39 PAGE 2   

  50   1      } 
  51          /**********************************************************
  52          *name:    KeyI2CStart(void)
  53          *input:   non
  54          *output:  发送START
  55          *update:  2009-03-25
  56          
  57          *description:   iic的start信号函数,表示将要开始进行数据传输
  58                    start : 14*1.085=15.9u
  59          
  60          *history:
  61          ***********************************************************/
  62          void KeyI2CStart(void)
  63          {  
  64   1              SetSdaOutput();
  65   1          SetSclOutput();
  66   1      
  67   1              DelayKeyI2c(5);
  68   1                                                      //___
  69   1              SetSda(1);                      //       |
  70   1              SetScl(1);                      //      |___SDA
  71   1              DelayKeyI2c(20);    //____      
  72   1              SetSda(0);                      //        |
  73   1              DelayKeyI2c(20);  //     |__SCL
  74   1              SetScl(0);      
  75   1              DelayKeyI2c(20);
  76   1      
  77   1      }
  78          /***********************************************************
  79          *name:    KeyI2CStop(void)
  80          *input:   non
  81          *output:  发送STOP
  82          *update:  2009-03-25
  83          
  84          *description:   iic的stop 信号函数，说明数据传输完毕
  85          
  86                      stop : 13*1.085 = 14.1u
  87          *history:
  88          ************************************************************/
  89          void KeyI2CStop(void)
  90          {   
  91   1          SetSdaOutput();
  92   1                            //    ___SDA
  93   1              SetSda(0);                //   |
  94   1              SetScl(1);                        //___|
  95   1              DelayKeyI2c(20);          //_______SCL
  96   1              SetSda(1);                //
  97   1              DelayKeyI2c(20);          //
  98   1      
  99   1      }
 100          /***********************************************************
 101          *name:    KeyACKCheck(void)
 102          *input:   non
 103          *output:  FLAG     
 104          *update:  2009-03-25
 105          
 106          *description:   iic的ack 信号检测函数  
 107                          ACKCheck = 14u
 108          *history:
 109          ************************************************************/
 110          FLAG KeyACKCheck(void)
 111          {
C51 COMPILER V9.00   KEYI2C                                                                04/13/2015 11:40:39 PAGE 3   

 112   1          UCHAR loop = 200;
 113   1              
 114   1          SetSdaInput();
 115   1              
 116   1              DelayKeyI2c(2);                                                            
 117   1              SetScl(1);
 118   1              do
 119   1              {
 120   2                  DelayKeyI2c(10);
 121   2                      if(GetSda() == 0)
 122   2                      {
 123   3                         SetScl(0);                                                                      
 124   3                     return(0);    //这里说明有ACK信号  
 125   3                      }
 126   2                      else
 127   2                      {
 128   3                         if(loop == 1)
 129   3                         {
 130   4                              SetScl(0);                                                                         
 131   4                          return(1);   
 132   4                         }
 133   3                      }
 134   2              }while(--loop) ;
 135   1          return 1;   
 136   1      }
 137          
 138          
 139          /***********************************************************
 140          *name:   KeyNACKSend(void)
 141          *input:  non
 142          *output: NACK send
 143          *update: 2009-03-25
 144          
 145          *description:   iic的nack 信号发送函数
 146          *history:
 147          ************************************************************/
 148          void KeyNACKSend(void)
 149          {
 150   1          SetSdaOutput();
 151   1              
 152   1              SetSda(1);           //"发送非应答位"
 153   1              DelayKeyI2c(10);
 154   1              SetScl(1);      
 155   1              DelayKeyI2c(10);
 156   1              SetScl(0);      
 157   1              DelayKeyI2c(10);
 158   1              SetSda(1);      
 159   1      }
 160          
 161          
 162          /***********************************************************
 163          *name:    KeyI2CWrite(UCHAR tempdata)
 164          *input:   UCHAR tempdata
 165          *output:  对相应的空间写一个字节数据
 166          *update:  2009-03-25
 167          
 168          *description:   iic的write一个字节函数 
 169                          100u
 170          *history:
 171          ************************************************************/
 172          void KeyI2CWrite(UCHAR tempdata)
 173          {
C51 COMPILER V9.00   KEYI2C                                                                04/13/2015 11:40:39 PAGE 4   

 174   1              UCHAR XDATA num;                           //"发送数据位数"
 175   1              
 176   1              SetSdaOutput();
 177   1              
 178   1              for(num = 0;num < 8;num ++)
 179   1              {
 180   2                      SetSda((tempdata >> (7-num)) & 1);      //"先发高位"
 181   2                      DelayKeyI2c(20);
 182   2                      SetScl(1);                        //下降缘 读取
 183   2                      DelayKeyI2c(20);
 184   2                      SetScl(0);
 185   2                      DelayKeyI2c(20);        
 186   2              }
 187   1              SetSda(1);
 188   1      }
 189          
 190          
 191          /***********************************************************
 192          *name:    KeyI2CRead(void)
 193          *input:   non
 194          *output:  返回读出的字节
 195          *update:  2009-03-25
 196          
 197          *description:   iic的read一个字节 数据函数
 198          *history:
 199          ************************************************************/
 200          UCHAR KeyI2CRead(void)
 201          {
 202   1      
 203   1              UCHAR XDATA temp = 0xff;
 204   1              UCHAR XDATA num;         //"接收数据位数"
 205   1      
 206   1              SetSdaInput();
 207   1      
 208   1              for(num = 0;num < 8;num ++)
 209   1              {
 210   2                
 211   2                      SetScl(1);
 212   2                      DelayKeyI2c(20);
 213   2                      temp = temp << 1;//"先接收高位"
 214   2      
 215   2                      if(GetSda() == 1)
 216   2                      {
 217   3                              temp = temp | 0x01;
 218   3                      }
 219   2      
 220   2                      if(GetSda() == 0)
 221   2                      {
 222   3                              temp = temp & 0xfe;
 223   3                      }
 224   2      
 225   2                      SetScl(0);
 226   2                      DelayKeyI2c(20);
 227   2              }
 228   1      
 229   1              return (temp);
 230   1      }
 231          #endif
 232          
 233          


C51 COMPILER V9.00   KEYI2C                                                                04/13/2015 11:40:39 PAGE 5   

MODULE INFORMATION:   STATIC OVERLAYABLE
   CODE SIZE        =    327    ----
   CONSTANT SIZE    =   ----    ----
   XDATA SIZE       =   ----       3
   PDATA SIZE       =   ----    ----
   DATA SIZE        =   ----       2
   IDATA SIZE       =   ----    ----
   BIT SIZE         =   ----    ----
END OF MODULE INFORMATION.


C51 COMPILATION COMPLETE.  0 WARNING(S),  0 ERROR(S)
