C51 COMPILER V9.00   MCU                                                                   04/13/2015 11:40:39 PAGE 1   


C51 COMPILER V9.00, COMPILATION OF MODULE MCU
OBJECT MODULE PLACED IN ..\Hex\Mcu.obj
COMPILER INVOKED BY: C:\Program Files\App Software\Keil V4\C51\BIN\C51.EXE ..\..\..\Device driver\Mcu\Mcu.c BROWSE INCDI
                    -R(..\..\..\OSD;..\..\..\OSD\Logo;../../../Inc;../../../UserConfig;../../../ARKLib;../../../UserConfig/Prj config;..\..\.
                    -.\LCD Pannels;..\..\..\LCD Pannels\LCD parameter;..\..\..\GetUserInput;..\..\..\GetUserInput\Ir;..\..\..\GetUserInput\Ke
                    -y;..\..\..\GetUserInput\GPIO;..\..\..\Device driver\AMT;..\..\..\Device driver\ArkChip;..\..\..\Device driver\Mcu;..\..\
                    -..\Device driver\Flash;..\..\..\Device driver\I2C;..\..\..\Device driver\E2prom;..\..\..\Device driver\WT5700;..\..\..\D
                    -evice driver\Kt0803l;..\..\..\Device driver\BT;..\..\..\Debug) DEBUG OBJECTEXTEND PRINT(..\List\Mcu.lst) OBJECT(..\Hex\M
                    -cu.obj)

line level    source

   1          /**************************************************************
   2          *Copyright (C) 2005 深圳艾科创新有限公司产品应用一部
   3          * All rights reserved.
   4          
   5          *File name: 　 MCU8052.c
   6          *Version:    　0.2
   7          *Author:       cjinzong
   8          *Update:       2010-05-28
   9          *State：       allright
  10           
  11          *Description:
  12          *          这个文件是系统单片机的设置，单片机的所有设置都在这个文件中设置，
  13               系统的中断服务程序也是在这个文件中。
  14                         1：单片机的I/O口初始化 
  15                     2：系统时钟的设置
  16                             3：串口设置
  17                             4：定时中断等
  18                             5: 看门狗。
  19          *History:
  20          *
  21          ****************************************************************/
  22          #define _MCU_C_
  23          
  24          #include "DataType.h"
  25          #include "systemConfig.h"
  26          #include "global.h"
  27          #include "Debug.h"
  28          #include "AMT_MCU.h"
  29          #include "AMT_Drv.h"
  30          #include "AMT_Reg.h"
  31          #include "mcu.h"
  32          #include "ConfigLcdPara.h"
  33          
  34          
  35          
  36          /***********************************************************
  37          *name:           InitialPPort()
  38          *input:      non
  39          *output:     系统IO的相应设置值
  40          *update:     2009-03-23
  41          *state:      allright
  42          
  43          *description:   
  44                      mcu805x 的IO 初始化函数:
  45                              1.输入输出的设置
  46                              2.开上拉和下拉或开漏的设置
  47                              3.系统上电默认值得设置
  48                              4.reserve
  49          
C51 COMPILER V9.00   MCU                                                                   04/13/2015 11:40:39 PAGE 2   

  50          *history:
  51          ************************************************************/
  52          void InitialPPort(void)
  53          {
  54   1              #ifdef BacklightEn
  55   1              #if BACKLIGHT_CTRL_MODE == DC_PWM0_CTRL
  56   1          SelPWM0 |= (_BIT0|_BIT1);    
  57   1          SelPWM0 &=~_BIT2;
  58   1              #endif
  59   1      
  60   1              #if BACKLIGHT_CTRL_MODE == DC_PWM1_CTRL
                  SelPWM1 |= (_BIT4|_BIT5);    
                  SelPWM1 &=~_BIT6;
                      #endif
  64   1      
  65   1              #if BACKLIGHT_CTRL_MODE == DC_PWM2_CTRL
                  SelPWM2 |= (_BIT0|_BIT1);    
                  SelPWM2 &=~_BIT2;
                      #endif
  69   1      
  70   1              #if BACKLIGHT_CTRL_MODE == DC_PWM3_CTRL
                  SelPWM3 |= (_BIT4|_BIT5);    
                  SelPWM3 &=~_BIT6;
                      #endif
  74   1      
  75   1              hw_clrBacklight(); 
  76   1          g_bBackLightFlg = OFF;
  77   1              hw_clrBIASEn();
  78   1          #endif
  79   1         
  80   1          #ifdef BuzzerEn
                  hw_turnOffBuzzer();
                  #endif
  83   1      
  84   1          #ifdef AudioCtrlEn
                  SetAudioMute();
                  #endif
  87   1      
  88   1          #ifdef UartPrintfEn  
                  SetUartPrint();
                  #endif
  91   1      }
  92          
  93          
  94          
  95          /***********************************************************
  96          *name:          Initial805xTimer()
  97          *input:      non
  98          *output:     设置TIMER的工作方式和初值
  99          *update:     2009-03-23  
 100          *state:      allright
 101          
 102          *description:   
 103                    mcu805x 的timer 的设置
 104                            1.timer 的工作方式
 105                            2.timer 的初值设置
 106                            3.波特率的设置
 107                            4.reserve
 108          
 109          mcu 晶振频率：11.0592MHz   1/11.0592= 0.09us
 110          mcu 频率：    11.0592MHz   T3 = 256 *(1/11.0592M)  =  23us    256分频     23us 加1
 111          mcu 频率：    11.0592MHz   T4 = 1024 *(1/11.0592M) =  92us    1024分频
C51 COMPILER V9.00   MCU                                                                   04/13/2015 11:40:39 PAGE 3   

 112          
 113          
 114          mcu 频率：25MHz   T3 = 1024 *(1/25M) = 40.96us    256*4分频        40.96us 加1
 115          mcu 频率：25MHz   T4 = 4096 *(1/25M) = 163.84us   1024*4分频       163.84us 加1
 116          
 117          mcu 频率：24MHz   T3 = 1024 *(1/24M) = 42.66us    256*4分频        42.66us 加1
 118          mcu 频率：24MHz   T4 = 4096 *(1/24M) = 170.66us   1024*4分频       170.66us 加1
 119          
 120          *history:
 121          ************************************************************/
 122          void InitialTimer(void)
 123          {
 124   1          /*关闭时钟*/
 125   1          TR0  = OFF;
 126   1              TR1  = OFF;
 127   1              
 128   1          /*T0 T1 模式设置*/
 129   1          TMOD = 0x11;              //定时器0方式1，16位计数 ,定时器1 方式1 16计数方式
 130   1              SetTimer0(_us(560));
 131   1              SetTimer1(_ms(5));
 132   1          SetTimer3(0);
 133   1              SetTimer4(0);
 134   1      
 135   1              /*T0 T1中断开关*/
 136   1          ET0  = OFF;           //TO中断允许
 137   1          ET1  = ON;               //T1中断允许
 138   1      
 139   1              /*定时器/计数器开关设置*/ 
 140   1          TR0  = OFF;
 141   1              TR1  = ON;
 142   1      }
 143          
 144          /***********************************************************
 145          *name:       SetT2BaudRate(Brate)
 146          *input:      Brate 波特率
 147          *output:     
 148          *update:     2009-03-23  
 149          *state:      allright
 150          
 151          *description:   
 152                               波特率的设置,注意 波特率时钟是由T2来产生。
 153          *history:
 154          ************************************************************/
 155          void SetT2BaudRate(ULONG Brate)  
 156          {
 157   1          T2CON   = 0x30;              //27MHZ  TF2,EXF2,RCLK,TCLK,EXEN2,TR2,C/T2,CP/RL2  
 158   1          SCON    = 0x50;
 159   1      
 160   1              #ifdef MCU_CLOCK_27M
 161   1              RCAP2H  = (UCHAR)(((65536-(MCU_CLK/(Brate*32)))>>8)&0xff);
 162   1              RCAP2L  = (UCHAR)((65536-(MCU_CLK/(Brate*32)))& 0xff);
 163   1              #endif
 164   1      }
 165          
 166          /***********************************************************
 167          *name:       InitialSerialPort()
 168          *input:      non
 169          *output:     
 170          *update:     2009-03-23  
 171          *state:      allright
 172          
 173          *description:   
C51 COMPILER V9.00   MCU                                                                   04/13/2015 11:40:39 PAGE 4   

 174                               波特率的设置,注意 波特率时钟是由T2来产生。
 175          *history:
 176          ************************************************************/
 177          void InitialSerialPort(void)
 178          {
 179   1          TR2  = OFF;
 180   1              
 181   1              SetT2BaudRate(57600); 
 182   1              TR2  = ON;  
 183   1          ET2  = OFF;              //T2中断禁止
 184   1          
 185   1              TI = 0;
 186   1              RI = 0;
 187   1              
 188   1              /*串口中断设置*/
 189   1              ES   = OFF;                  // Serial  interrupt disable
 190   1      }
 191          
 192          
 193          
 194          /***********************************************************
 195          *name:       DisableWatchdog()
 196          *input:      non
 197          *output:     
 198          *update:     2009-03-23  
 199          *state:      allright
 200          
 201          *description:   
 202                               禁止看门狗
 203          *history:
 204          ************************************************************/
 205          void DisableWatchdog(void)
 206          {
 207   1          /*watchdog Setting*/ 
 208   1              WDT_UPDATE_EN = 0X55;
 209   1          WDT_RSTEN   = DISABLE;   // reset mcu disable
 210   1          WDT_UPDATE_EN = 0XAA;
 211   1      }
 212          
 213          
 214          
 215          /***********************************************************
 216          *name:       InitialWatchdog()
 217          *input:      non
 218          *output:     
 219          *update:     2009-03-23  
 220          *state:      allright
 221          
 222          *description:   
 223                               看门狗设置
 224          *history:
 225          ************************************************************/
 226          void InitialWatchDog(void)
 227          {
 228   1          /*watchdog Setting*/ 
 229   1              WDT_UPDATE_EN = 0X55;
 230   1          MCU_CLK_REG = 0x03;      // 4分频  
 231   1          WDT_COUNTH  = 0xFF;     // 4分频  65535* 85.36us = 5.6s  
 232   1          WDT_COUNTL  = 0xFF; 
 233   1          WDT_RSTEN   = DISABLE;   // reset mcu enable
 234   1          WDT_UPDATE_EN = 0XAA;
 235   1      }
C51 COMPILER V9.00   MCU                                                                   04/13/2015 11:40:39 PAGE 5   

 236          
 237          
 238          
 239          /***********************************************************
 240          *name:       POS_ClearWatchDog()
 241          *input:      non
 242          *output:     
 243          *update:     2009-03-23  
 244          *state:      allright
 245          
 246          *description:   
 247                               清除看门狗设置
 248          *history:
 249          ************************************************************/
 250          void POS_ClearWatchDog(void)
 251          {
 252   1          WDT_UPDATE_EN = 0X55;
 253   1          WDT_CLR    = 0xbb;            // 清WatchDog，若不清，5.6s 复位。喂狗  
 254   1              WDT_CLR    =~WDT_CLR;
 255   1          WDT_CLR    = 0x00; 
 256   1              WDT_UPDATE_EN = 0XAA;
 257   1      }
 258          
 259          
 260          
 261          /***********************************************************
 262          *name:          Initial805xInterrupt()
 263          *input:      non
 264          *output:     设置系统的中断使能
 265          *update:     2009-03-23   
 266          *state:      allright
 267          
 268          *description:   
 269                      mcu805x 的中断设置初始化
 270                          1.外部中断设置 
 271                                  2.timer中断设置
 272                                  3.串口中断设置 
 273                                  4.reserve
 274          
 275          *history:
 276          ************************************************************/
 277          void InitialExtInterrupt(void)
 278          {
 279   1              IP = 0X00; 
 280   1                      
 281   1          /*外部中断0设置*/
 282   1          IT0 = 1;             //外部中断请求1边沿触发,此边沿触发会导致IE1 = 1.(8118 ERROR)
 283   1          IE0 = 0;             //一上电由IT0 引起 IE0 = 1
 284   1      
 285   1              /*外部中断2设置*/
 286   1              EXIF = EXIF&0xEF;       //IE2 = 0
 287   1      
 288   1              /*外部中断3设置*/
 289   1              EXIF = EXIF&0xDF; //IE3 = 0
 290   1      
 291   1              /*外部中断4设置*/
 292   1              EXIF = EXIF&0xBF;       //IE4 = 0
 293   1              
 294   1          /*外部中断5设置*/
 295   1              EXIF = EXIF&0x7F; //IE5 = 0
 296   1      
 297   1          /*设置外部中断2优先级*/
C51 COMPILER V9.00   MCU                                                                   04/13/2015 11:40:39 PAGE 6   

 298   1              PX2 = 0; //若要使用外部中断2，则要置为1
 299   1      
 300   1              /*设置外部中断3优先级*/
 301   1              PX3 = 0; //若要使用外部中断3，则要置为1
 302   1              
 303   1              /*设置外部中断4优先级*/
 304   1              PX4 = 0; //若要使用外部中断4，则要置为1
 305   1      
 306   1              /*设置外部中断5优先级*/
 307   1              PX5 = 0; //若要使用外部中断5，则要置为1
 308   1      
 309   1              
 310   1          /*外部中断开关*/
 311   1              #ifdef IrDetectEn
 312   1          EX0 = ON;          //IR  interrupt enable
 313   1          #else
                      EX0 = OFF;          //IR  interrupt disable
                      #endif
 316   1              
 317   1              EX2 = OFF;                 //ADC  interrupt enable
 318   1          EX3 = OFF;
 319   1              EX4 = OFF;
 320   1          EX5 = OFF;        //OSD VSYN interrupt enable
 321   1      
 322   1          /*总中断DISABLE*/
 323   1              EA  = OFF;          
 324   1      }
 325          
 326          
 327          
 328          /***********************************************************
 329          *name:       InitMcu(void);
 330          *input:      non
 331          *output:     初始化MCU 的IO TIMER INT
 332          *update:     2009-03-23   
 333          *state:      allright
 334          
 335          *description:   805x的初始化
 336                          1.IO初始化
 337                                          2.计数器/定时器，串口初始化
 338                                          3.中断使能初始化
 339                                          4.初始化串口
 340                                          4.reserve
 341          *history:
 342                                          
 343          ************************************************************/
 344          void InitMcu(void)
 345          {
 346   1              InitialPPort();
 347   1              InitialTimer();
 348   1              InitialSerialPort();
 349   1              InitialWatchDog();
 350   1              InitialExtInterrupt();
 351   1              printfStr("Mcu init ok!\n");
 352   1      }


MODULE INFORMATION:   STATIC OVERLAYABLE
   CODE SIZE        =    296    ----
   CONSTANT SIZE    =   ----    ----
   XDATA SIZE       =   ----    ----
   PDATA SIZE       =   ----    ----
C51 COMPILER V9.00   MCU                                                                   04/13/2015 11:40:39 PAGE 7   

   DATA SIZE        =   ----       4
   IDATA SIZE       =   ----    ----
   BIT SIZE         =   ----    ----
END OF MODULE INFORMATION.


C51 COMPILATION COMPLETE.  0 WARNING(S),  0 ERROR(S)
