C51 COMPILER V9.00   OSD_FACTORYSYSTEMMENU                                                 10/15/2014 09:45:55 PAGE 1   


C51 COMPILER V9.00, COMPILATION OF MODULE OSD_FACTORYSYSTEMMENU
OBJECT MODULE PLACED IN ..\Hex\Osd_FactorySystemMenu.obj
COMPILER INVOKED BY: C:\Program Files\App Software\Keil V4\C51\BIN\C51.EXE ..\..\..\OSD\Osd_FactorySystemMenu.c BROWSE I
                    -NCDIR(..\..\..\OSD;..\..\..\OSD\Logo;../../../Inc;../../../UserConfig;../../../ARKLib;../../../UserConfig/Prj config;..\
                    -..\..\LCD Pannels;..\..\..\LCD Pannels\LCD parameter;..\..\..\GetUserInput;..\..\..\GetUserInput\Ir;..\..\..\GetUserInpu
                    -t\Key;..\..\..\GetUserInput\GPIO;..\..\..\Device driver\AMT;..\..\..\Device driver\ArkChip;..\..\..\Device driver\Mcu;..
                    -\..\..\Device driver\Flash;..\..\..\Device driver\I2C;..\..\..\Device driver\E2prom;..\..\..\Device driver\WT5700;..\..\
                    -..\Device driver\Kt0803l;..\..\..\Device driver\BT;..\..\..\Debug) DEBUG OBJECTEXTEND PRINT(..\List\Osd_FactorySystemMen
                    -u.lst) OBJECT(..\Hex\Osd_FactorySystemMenu.obj)

line level    source

   1          #define _OSD_FACTORYSYSTEM_MENU_C_
   2          
   3          
   4          
   5          #include "DataType.h"
   6          #include "SystemConfig.h"
   7          #include "Global.h"
   8          #include "MsgMap.h"
   9          #include "sysWorkPara.h"
  10          #include "sysPower.h" 
  11          #include "videoProc.h"
  12          #include "configLCDPara.h"
  13          #include "Debug.h"
  14          #include "Delay.h"
  15          #include "AMT_REG.H"
  16          #include "AMT_Drv.h"
  17          #include "AMT_MCU.h"
  18          #include "Osd_Menu.h"
  19          #include "Osd_MenuPage.h"
  20          
  21          
  22          
  23          #ifdef FactoryEn
  24          
  25          /*****************************************************************
  26                                      Text
  27          *****************************************************************/
  28          UCHAR* CODE FactorySystemMenu_MulCoefStr[]=
  29          {
  30              "0XFE6C                      ",  //Decoder
  31          };
  32          
  33          UCHAR* CODE FactorySystemMenu_SubCoefStr[]=
  34          {
  35              "0XFE6D                      ",  //Decoder
  36          };
  37          
  38          
  39          UCHAR* CODE FactorySystemMenu_BiasRateStr[]=
  40          {
  41              "0XFC15                      ",  //Backlight
  42          };
  43          
  44          UCHAR* CODE FactorySystemMenu_LedRateStr[]=
  45          {
  46              "0XFC25                      ",  //Backlight
  47          };
  48          
  49          UCHAR* CODE FactorySystemMenu_0XStr[]=
C51 COMPILER V9.00   OSD_FACTORYSYSTEMMENU                                                 10/15/2014 09:45:55 PAGE 2   

  50          {
  51              "0X",  
  52          };
  53          
  54          /*****************************************************************
  55                                      String
  56          *****************************************************************/
  57          UCHAR * CODE FactorySystemMenu_MulCoefTitel(void)
  58          {
  59   1          return FactorySystemMenu_MulCoefStr[0];;
  60   1      }
  61          
  62          UCHAR * CODE FactorySystemMenu_SubCoefTitel(void)
  63          {
  64   1          return FactorySystemMenu_SubCoefStr[0];;
  65   1      }
  66          
  67          UCHAR * CODE FactorySystemMenu_BiasRateTitel(void)
  68          {
  69   1          return FactorySystemMenu_BiasRateStr[0];;
  70   1      }
  71          
  72          UCHAR * CODE FactorySystemMenu_LedRateTitel(void)
  73          {
  74   1          return FactorySystemMenu_LedRateStr[0];;
  75   1      }
  76          
  77          UCHAR * CODE FactorySystemMenu_0XTitel(void)
  78          {
  79   1          return FactorySystemMenu_0XStr[0];
  80   1      }
  81          
  82          /*****************************************************************
  83                                     Function
  84          *****************************************************************/
  85          AdjustType FactorySystemMenu_CheckCondition(void)
  86          {
  87   1              AdjustType XDATA adjust = {0,0,0};
  88   1              
  89   1          printfStr("FactorySystemMenu_CheckCondition");
  90   1              adjust.Flags |= osdVisible;
  91   1              return adjust;
  92   1      }
  93          
  94          
  95          BOOL AdjustVideoMulCoef(UCHAR opratComd)
  96          {
  97   1      #if 0
                  g_ucMulcoefVal = Normal_Y_Mulcoef;
                      
                  if(opratComd == COMD_IncValue)
                  {
                              if(g_ucMulcoefVal < 0XFF)
                              {
                                 g_ucMulcoefVal++;
                              }
                  }
                      if(opratComd == COMD_DecValue)
                      {
                          if(g_ucMulcoefVal > 0X00)
                              {
                                 g_ucMulcoefVal--;
C51 COMPILER V9.00   OSD_FACTORYSYSTEMMENU                                                 10/15/2014 09:45:55 PAGE 3   

                              }
                      }
              #endif
 115   1              return 1;
 116   1      }
*** WARNING C280 IN LINE 95 OF ..\..\..\OSD\OSD_FACTORYSYSTEMMENU.C: 'opratComd': unreferenced local variable
 117          
 118          
 119          BOOL AdjustVideoSubCoef(UCHAR opratComd)
 120          {
 121   1      #if 0
                  g_ucSubcoefVal  = Normal_Y_Subcoef;
                      
                  if(opratComd == COMD_IncValue)
                  {
                              if(g_ucSubcoefVal < 0XFF)
                              {
                                 g_ucSubcoefVal++;
                              }
                  }
                      if(opratComd == COMD_DecValue)
                      {
                          if(g_ucSubcoefVal > 0X00)
                              {
                                 g_ucSubcoefVal--;
                              }
                      }
              #endif
 139   1              return 1;
 140   1      }
*** WARNING C280 IN LINE 119 OF ..\..\..\OSD\OSD_FACTORYSYSTEMMENU.C: 'opratComd': unreferenced local variable
 141          
 142          
 143          
 144          BOOL AdjustVideoBiasRate(UCHAR opratComd)
 145          {
 146   1      #if 0
                   g_ucBaisrateVal  = Bias_Pwm_Rate;
              
                  if(opratComd == COMD_IncValue)
                  {
                              if(g_ucBaisrateVal < 0XFF)
                              {
                                 g_ucBaisrateVal++;
                              }
                  }
                      if(opratComd == COMD_DecValue)
                      {
                              if(g_ucBaisrateVal > 0X00)
                              {
                                 g_ucBaisrateVal--;
                              }
                  }
              #endif
 164   1              return 1;
 165   1      }
*** WARNING C280 IN LINE 144 OF ..\..\..\OSD\OSD_FACTORYSYSTEMMENU.C: 'opratComd': unreferenced local variable
 166          
 167          
 168          BOOL AdjustVideoLedRate(UCHAR opratComd)
 169          {
 170   1      #if 0
C51 COMPILER V9.00   OSD_FACTORYSYSTEMMENU                                                 10/15/2014 09:45:55 PAGE 4   

                   g_ucLedrateVal  = LED_Pwm_Rate;
              
                  if(opratComd == COMD_IncValue)
                  {
                              if(g_ucLedrateVal < 0XFF)
                              {
                                 g_ucLedrateVal++;
                              }
                  }
                      if(opratComd == COMD_DecValue)
                      {
                              if(g_ucLedrateVal > 0X00)
                              {
                                 g_ucLedrateVal--;
                              }
                  }
              #endif
 188   1              return 1;
 189   1      }
*** WARNING C280 IN LINE 168 OF ..\..\..\OSD\OSD_FACTORYSYSTEMMENU.C: 'opratComd': unreferenced local variable
 190          
 191          
 192          BOOL ExectVideoMulCoef(void)
 193          {
 194   1         //printfStr("ExectVideoMulCoef");
 195   1         //Normal_Y_Mulcoef = g_ucMulcoefVal;
 196   1         return 1;
 197   1      }
 198          
 199          
 200          BOOL ExectVideoSubCoef(void)
 201          {
 202   1         //printfStr("ExectVideoSubCoef");
 203   1         //Normal_Y_Subcoef =  g_ucSubcoefVal;
 204   1         return 1;
 205   1      }
 206          
 207          
 208          BOOL ExectVideoBiasRate(void)
 209          {
 210   1         //printfStr("ExectVideoBiasRate");
 211   1         //Bias_Pwm_Rate =  g_ucBaisrateVal;
 212   1         return 1;
 213   1      }
 214          
 215          
 216          BOOL ExectVideoLedRate(void)
 217          {
 218   1         //printfStr("ExectVideoLedRate");
 219   1         //LED_Pwm_Rate = g_ucLedrateVal;
 220   1         return 1;
 221   1      }
 222          
 223          
 224          SWORD FactorySystemMenu_GetMulCoefVal(void)
 225          {
 226   1           //printfStr("FactorySystemMenu_GetMulCoefVal");
 227   1           return g_ucMulcoefVal;
 228   1      }
 229          
 230          SWORD FactorySystemMenu_GetSubCoefVal(void)
 231          {
C51 COMPILER V9.00   OSD_FACTORYSYSTEMMENU                                                 10/15/2014 09:45:55 PAGE 5   

 232   1           //printfStr("FactorySystemMenu_GetSubCoefVal");
 233   1           return g_ucSubcoefVal;
 234   1      }
 235          
 236          
 237          SWORD FactorySystemMenu_GetBiasRateVal(void)
 238          {
 239   1           //printfStr("FactorySystemMenu_GetBiasRateVal");
 240   1           return g_ucBaisrateVal;
 241   1      }
 242          
 243          SWORD FactorySystemMenu_GetLedRateVal(void)
 244          {
 245   1           //printfStr("FactorySystemMenu_GetLedRateVal");
 246   1           return g_ucLedrateVal;
 247   1      }
 248          
 249          
 250          /*****************************************************************
 251                                    Item value table
 252          *****************************************************************/
 253          
 254          DrawNumberType CODE Number_FactorySystemMenu_MulCoefVal[]=
 255          {
 256              {2,29,GREEN,TRANSPARENCE,YELLOW,TRANSPARENCE, FactorySystemMenu_GetMulCoefVal,osdHexNum|osdEnd},
 257          };
 258          
 259          DrawNumberType CODE Number_FactorySystemMenu_SubCoefVal[]=
 260          {
 261              {3,29,GREEN,TRANSPARENCE,YELLOW,TRANSPARENCE, FactorySystemMenu_GetSubCoefVal,osdHexNum|osdEnd},
 262          };
 263          
 264          DrawNumberType CODE Number_FactorySystemMenu_BiasRateVal[]=
 265          {
 266              {4,29,GREEN,TRANSPARENCE,YELLOW,TRANSPARENCE, FactorySystemMenu_GetBiasRateVal,osdHexNum|osdEnd},
 267          };
 268          
 269          DrawNumberType CODE Number_FactorySystemMenu_LedRateVal[]=
 270          {
 271              {5,29,GREEN,TRANSPARENCE,YELLOW,TRANSPARENCE, FactorySystemMenu_GetLedRateVal,osdHexNum|osdEnd},
 272          };
 273          
 274          
 275          DrawOptionType CODE Option_FactorySystemMenu_MulCoef[]=
 276          {
 277              {2,27,GREEN,TRANSPARENCE,YELLOW,TRANSPARENCE, NULL,FactorySystemMenu_0XTitel,osdEnd},
 278          };
 279          
 280          DrawOptionType CODE Option_FactorySystemMenu_SubCoef[]=
 281          {
 282              {3,27,GREEN,TRANSPARENCE,YELLOW,TRANSPARENCE, NULL,FactorySystemMenu_0XTitel,osdEnd},
 283          };
 284          
 285          DrawOptionType CODE Option_FactorySystemMenu_BiasRate[]=
 286          {
 287              {4,27,GREEN,TRANSPARENCE,YELLOW,TRANSPARENCE, NULL,FactorySystemMenu_0XTitel,osdEnd},
 288          };
 289          
 290          DrawOptionType CODE Option_FactorySystemMenu_LedRate[]=
 291          {
 292              {5,27,GREEN,TRANSPARENCE,YELLOW,TRANSPARENCE, NULL,FactorySystemMenu_0XTitel,osdEnd},
 293          };
C51 COMPILER V9.00   OSD_FACTORYSYSTEMMENU                                                 10/15/2014 09:45:55 PAGE 6   

 294          
 295          ItemValueType CODE FactorySystemMenu_MulCoefVal[]=
 296          {
 297               {
 298                        Number_FactorySystemMenu_MulCoefVal,
 299                        NULL,
 300                        Option_FactorySystemMenu_MulCoef,   
 301                        osdEnd,
 302               },
 303          };
 304          
 305          ItemValueType CODE FactorySystemMenu_SubCoefVal[]=
 306          {
 307               {
 308                        Number_FactorySystemMenu_SubCoefVal,
 309                        NULL,
 310                        Option_FactorySystemMenu_SubCoef,   
 311                        osdEnd,
 312               },
 313          };
 314          
 315          
 316          ItemValueType CODE FactorySystemMenu_BiasRateVal[]=
 317          {
 318               {
 319                        Number_FactorySystemMenu_BiasRateVal,
 320                        NULL,
 321                        Option_FactorySystemMenu_BiasRate,   
 322                        osdEnd,
 323               },
 324          };
 325          
 326          
 327          ItemValueType CODE FactorySystemMenu_LedRateVal[]=
 328          {
 329               {
 330                        Number_FactorySystemMenu_LedRateVal,
 331                        NULL,
 332                        Option_FactorySystemMenu_LedRate,   
 333                        osdEnd,
 334               },
 335          };
 336          
 337          
 338          /*****************************************************************
 339                                    Item Icon table
 340          *****************************************************************/
 341          
 342          
 343          
 344          /*****************************************************************
 345                                   Item  Titel table
 346          *****************************************************************/
 347          TitelType CODE FactorySystemMenuItem_MulCoefTitelTab[]=
 348          {
 349             {2,0,GREEN,TRANSPARENCE,YELLOW,TRANSPARENCE,DWT_Text,FactorySystemMenu_MulCoefTitel,osdEnd},
 350          };
 351          
 352          TitelType CODE FactorySystemMenuItem_SubCoefTitelTab[]=
 353          {   
 354             {3,0,GREEN,TRANSPARENCE,YELLOW,TRANSPARENCE,DWT_Text,FactorySystemMenu_SubCoefTitel,osdEnd},
 355          };
C51 COMPILER V9.00   OSD_FACTORYSYSTEMMENU                                                 10/15/2014 09:45:55 PAGE 7   

 356          
 357          TitelType CODE FactorySystemMenuItem_BiasRateTitelTab[]=
 358          {
 359             {4,0,GREEN,TRANSPARENCE,YELLOW,TRANSPARENCE,DWT_Text,FactorySystemMenu_BiasRateTitel,osdEnd},
 360          };
 361          
 362          TitelType CODE FactorySystemMenuItem_LedRateTitelTab[]=
 363          {   
 364             {5,0,GREEN,TRANSPARENCE,YELLOW,TRANSPARENCE,DWT_Text,FactorySystemMenu_LedRateTitel,osdEnd},
 365          };
 366          /*****************************************************************
 367                                    Menu Icon table
 368          *****************************************************************/
 369          
 370          
 371          
 372          /*****************************************************************
 373                                   Menu  Titel table
 374          *****************************************************************/
 375          
 376          #endif


MODULE INFORMATION:   STATIC OVERLAYABLE
   CODE SIZE        =    173    ----
   CONSTANT SIZE    =    362    ----
   XDATA SIZE       =   ----       3
   PDATA SIZE       =   ----    ----
   DATA SIZE        =   ----       4
   IDATA SIZE       =   ----    ----
   BIT SIZE         =   ----    ----
END OF MODULE INFORMATION.


C51 COMPILATION COMPLETE.  4 WARNING(S),  0 ERROR(S)
