C51 COMPILER V9.00   OSD_FACTORYMENU                                                       04/13/2015 11:40:46 PAGE 1   


C51 COMPILER V9.00, COMPILATION OF MODULE OSD_FACTORYMENU
OBJECT MODULE PLACED IN ..\Hex\Osd_FactoryMenu.obj
COMPILER INVOKED BY: C:\Program Files\App Software\Keil V4\C51\BIN\C51.EXE ..\..\..\OSD\Osd_FactoryMenu.c BROWSE INCDIR(
                    -..\..\..\OSD;..\..\..\OSD\Logo;../../../Inc;../../../UserConfig;../../../ARKLib;../../../UserConfig/Prj config;..\..\..\
                    -LCD Pannels;..\..\..\LCD Pannels\LCD parameter;..\..\..\GetUserInput;..\..\..\GetUserInput\Ir;..\..\..\GetUserInput\Key;
                    -..\..\..\GetUserInput\GPIO;..\..\..\Device driver\AMT;..\..\..\Device driver\ArkChip;..\..\..\Device driver\Mcu;..\..\..
                    -\Device driver\Flash;..\..\..\Device driver\I2C;..\..\..\Device driver\E2prom;..\..\..\Device driver\WT5700;..\..\..\Dev
                    -ice driver\Kt0803l;..\..\..\Device driver\BT;..\..\..\Debug) DEBUG OBJECTEXTEND PRINT(..\List\Osd_FactoryMenu.lst) OBJEC
                    -T(..\Hex\Osd_FactoryMenu.obj)

line level    source

   1          #define _OSD_FACTORY_MENU_C_
   2          
   3          
   4          #include "DataType.h"
   5          #include "SystemConfig.h"
   6          #include "Global.h"
   7          #include "MsgMap.h"
   8          #include "sysWorkPara.h"
   9          #include "sysPower.h" 
  10          #include "videoProc.h"
  11          #include "configLCDPara.h"
  12          #include "Debug.h"
  13          #include "Delay.h"
  14          #include "AMT_REG.H"
  15          #include "AMT_Drv.h"
  16          #include "AMT_MCU.h"
  17          #include "Osd_Menu.h"
  18          #include "Osd_MenuPage.h"
  19          #include "Osd_LogoStr.h"
  20          
  21          
  22          #ifdef FactoryEn
  23          SWORD FactoryMenuSwitchItem_GetVolumeVal(void);
  24          SWORD FactoryMenuSwitchItem_GetScalerVal(void);
  25          SWORD FactoryMenuSwitchItem_GetFlipVal(void);
  26          SWORD FactoryMenuSwitchItem_GetResetVal(void);
  27          SWORD FactoryMenuSwitchItem_GetIRABVal(void);
  28          SWORD FactoryMenuSwitchItem_GetRadioFreqVal(void);
  29          SWORD FactoryMenuSwitchItem_GetPowerVal(void);
  30          SWORD FactoryMenuSwitchItem_GetLogoIdVal(void);
  31          
  32          
  33          /*****************************************************************
  34                                      Text
  35          *****************************************************************/
  36          
  37          UCHAR* CODE FactoryMenuVerStr[]=
  38          {
  39              " VER1.4: "__DATE__" " __TIME__" ",
  40          };
  41          
  42          
  43          UCHAR* CODE FactoryMenu_PicStr[]=
  44          {
  45              "PIC ",
  46          };
  47          
  48          
  49          UCHAR* CODE FactoryMenu_SwitchStr[]=
C51 COMPILER V9.00   OSD_FACTORYMENU                                                       04/13/2015 11:40:46 PAGE 2   

  50          {
  51              "SWITCH",
  52          };
  53          
  54          UCHAR* CODE Pic_VcomDcStr[]=
  55          {
  56              "VCOMDC                    ",
  57          };
  58          
  59          UCHAR* CODE Pic_BrightnessStr[]=
  60          {
  61              "BRIGHTNESS                  ",  
  62          };
  63          
  64          
  65          UCHAR* CODE Pic_ContrastStr[]=
  66          {
  67              "CONTRAST                    ",  
  68          };
  69          
  70          
  71          UCHAR* CODE Pic_SaturationStr[]=
  72          {
  73              "SATURATION                  ",  
  74          };
  75          
  76          
  77          UCHAR* CODE Pic_OsdPosXOffsetStr[]=
  78          {
  79              "OSDPOSXOFFSET              ",  
  80          };
  81          
  82          
  83          UCHAR* CODE Pic_OsdPosYOffsetStr[]=
  84          {
  85              "OSDPOSYOFFSET              ",  
  86          };
  87          
  88          
  89          UCHAR* CODE Switch_VolumeStr[]=
  90          {
  91              "VOLUME                     ",
  92          };
  93          
  94          
  95          UCHAR* CODE Switch_ScalerStr[]=
  96          {
  97              "SCALER                     ",
  98          };
  99          
 100          
 101          UCHAR* CODE Switch_FlipStr[]=
 102          {
 103              "FLIP                     ",
 104          };
 105          
 106          
 107          UCHAR* CODE Switch_ResetStr[]=
 108          {
 109              "RESET                      ",
 110          };
 111          
C51 COMPILER V9.00   OSD_FACTORYMENU                                                       04/13/2015 11:40:46 PAGE 3   

 112          
 113          UCHAR* CODE Switch_IRABStr[]=
 114          {
 115              "IRAB                       ",
 116          };
 117          
 118          
 119          UCHAR* CODE Switch_RadioFreqStr[]=
 120          {
 121              "RADIOFREQ                   ",
 122          };
 123          
 124          
 125          UCHAR* CODE Switch_PowerStr[]=
 126          {
 127              "POWER                      ",
 128          };
 129          
 130          
 131          UCHAR* CODE Switch_LogoIdStr[]=
 132          {
 133              "LOGOID                     ",
 134          };
 135          
 136          
 137          UCHAR* CODE Switch_SelectStr[]=
 138          {
 139              " OFF",
 140                  "  ON",
 141                  "SAVE"
 142          };
 143          
 144          UCHAR* CODE OX_Str[]=
 145          {
 146              "0X",  
 147          };
 148          
 149          UCHAR* CODE BLANK_Str[]=
 150          {
 151              "                               ",
 152          };
 153          
 154          
 155          /*****************************************************************
 156                                      String
 157          *****************************************************************/
 158          UCHAR * CODE FactoryMenu_VerStr(void)
 159          {
 160   1          return FactoryMenuVerStr[0];
 161   1      }
 162          
 163          UCHAR * CODE FactoryMenu_PicTitelStr(void)
 164          {
 165   1          return FactoryMenu_PicStr[0];
 166   1      }
 167          
 168          UCHAR * CODE FactoryMenu_SwitchTitelStr(void)
 169          {
 170   1          return FactoryMenu_SwitchStr[0];
 171   1      }
 172          
 173          UCHAR * CODE FactoryMenu_PicItem_VcomDcTitel(void)
C51 COMPILER V9.00   OSD_FACTORYMENU                                                       04/13/2015 11:40:46 PAGE 4   

 174          {
 175   1          return Pic_VcomDcStr[0];
 176   1      }
 177          
 178          UCHAR * CODE FactoryMenu_PicItem_BrightnessTitel(void)
 179          {
 180   1          return Pic_BrightnessStr[0];
 181   1      }
 182          
 183          UCHAR * CODE FactoryMenu_PicItem_ContrastTitel(void)
 184          {
 185   1          return Pic_ContrastStr[0];
 186   1      }
 187          
 188          UCHAR * CODE FactoryMenu_PicItem_SaturationTitel(void)
 189          {
 190   1          return Pic_SaturationStr[0];
 191   1      }
 192          
 193          
 194          UCHAR * CODE FactoryMenu_PicItem_OsdPosXOffsetTitel(void)
 195          {
 196   1          return Pic_OsdPosXOffsetStr[0];
 197   1      }
 198          
 199          
 200          UCHAR * CODE FactoryMenu_PicItem_OsdPosYOffsetTitel(void)
 201          {
 202   1          return Pic_OsdPosYOffsetStr[0];
 203   1      }
 204          
 205          
 206          UCHAR * CODE FactoryMenu_SwitchItem_VolumeStr(void)
 207          {
 208   1          return Switch_VolumeStr[0];
 209   1      }
 210          
 211          UCHAR * CODE FactoryMenu_SwitchItem_ScalerStr(void)
 212          {
 213   1          return Switch_ScalerStr[0];
 214   1      }
 215          
 216          UCHAR * CODE FactoryMenu_SwitchItem_FlipStr(void)
 217          {
 218   1          return Switch_FlipStr[0];
 219   1      }
 220          
 221          UCHAR * CODE FactoryMenu_SwitchItem_ResetStr(void)
 222          {
 223   1          return Switch_ResetStr[0];
 224   1      }
 225          
 226          UCHAR * CODE FactoryMenu_SwitchItem_IRABStr(void)
 227          {
 228   1          return Switch_IRABStr[0];
 229   1      }
 230          
 231          UCHAR * CODE FactoryMenu_SwitchItem_RadioFreqStr(void)
 232          {
 233   1          return Switch_RadioFreqStr[0];
 234   1      }
 235          
C51 COMPILER V9.00   OSD_FACTORYMENU                                                       04/13/2015 11:40:46 PAGE 5   

 236          UCHAR * CODE FactoryMenu_SwitchItem_PowerStr(void)
 237          {
 238   1          return Switch_PowerStr[0];
 239   1      }
 240          
 241          
 242          UCHAR * CODE FactoryMenu_SwitchItem_LogoIDStr(void)
 243          {
 244   1          return Switch_LogoIdStr[0];
 245   1      }
 246          
 247          UCHAR * CODE FactoryMenu_SwitchItem_VolumeSwitchStr(void)
 248          {
 249   1           return Switch_SelectStr[FactoryMenuSwitchItem_GetVolumeVal()];
 250   1      }
 251          
 252          UCHAR * CODE FactoryMenu_SwitchItem_ScalerSwitchStr(void)
 253          {
 254   1           return Switch_SelectStr[FactoryMenuSwitchItem_GetScalerVal()];
 255   1      }
 256          
 257          UCHAR * CODE FactoryMenu_SwitchItem_FlipSwitchStr(void)
 258          {
 259   1           return Switch_SelectStr[FactoryMenuSwitchItem_GetFlipVal()];
 260   1      }
 261          
 262          UCHAR * CODE FactoryMenu_SwitchItem_ResetSwitchStr(void)
 263          {
 264   1           return Switch_SelectStr[FactoryMenuSwitchItem_GetResetVal()];
 265   1      }
 266          
 267          UCHAR * CODE FactoryMenu_SwitchItem_IRABSwitchStr(void)
 268          {
 269   1           return Switch_SelectStr[FactoryMenuSwitchItem_GetIRABVal()];
 270   1      }
 271          
 272          UCHAR * CODE FactoryMenu_SwitchItem_RadioFreqSwitchStr(void)
 273          {
 274   1           return Switch_SelectStr[FactoryMenuSwitchItem_GetRadioFreqVal()];
 275   1      }
 276          
 277          UCHAR * CODE FactoryMenu_SwitchItem_PowerSwitchStr(void)
 278          {
 279   1           return Switch_SelectStr[FactoryMenuSwitchItem_GetPowerVal()];
 280   1      }
 281          
 282          UCHAR * CODE FactoryMenu_SwitchItem_LogoIdSwitchStr(void)
 283          {
 284   1           return Switch_SelectLogoIdStr[FactoryMenuSwitchItem_GetLogoIdVal()];
 285   1      }
 286          
 287          UCHAR * CODE FactoryMenu_OXStr(void)
 288          {
 289   1          return OX_Str[0];
 290   1      }
 291          
 292          UCHAR * CODE FactoryMenu_BlankStr(void)
 293          {
 294   1          return BLANK_Str[0];
 295   1      }
 296          
 297          /*****************************************************************
C51 COMPILER V9.00   OSD_FACTORYMENU                                                       04/13/2015 11:40:46 PAGE 6   

 298                                     Function
 299          *****************************************************************/
 300          AdjustType FactoryMenu_CheckCondition(void)
 301          {
 302   1              AdjustType XDATA adjust = {0,0,0};
 303   1              
 304   1          //printfStr("FactoryMenu_CheckCondition");
 305   1              adjust.Flags |= osdVisible;
 306   1              return adjust;
 307   1      }
 308          
 309          
 310          SWORD FactoryMenuPicItem_GetVcomDcVal(void)
 311          {
 312   1           //printfStr("FactoryMenuPicItem_GetVcomDcVal");
 313   1           return g_sysSetting.Video.vcomDC;
 314   1      }
 315          
 316          SWORD FactoryMenuPicItem_GetBrightnessVal(void)
 317          {
 318   1           //printfStr("FactoryMenuPicItem_GetBrightnessVal");
 319   1           return g_sysSetting.Video.brightnessOffset;
 320   1      }
 321          
 322          SWORD FactoryMenuPicItem_GetContrastVal(void)
 323          {
 324   1           //printfStr("FactoryMenuPicItem_GetContrastVal");
 325   1           return g_sysSetting.Video.contrastOffset;
 326   1      }
 327          
 328          
 329          SWORD FactoryMenuPicItem_GetSaturationVal(void)
 330          {
 331   1           //printfStr("FactoryMenuPicItem_GetSaturationVal");
 332   1           return g_sysSetting.Video.saturationOffset;
 333   1      }
 334          
 335          SWORD FactoryMenuPicItem_GetOsdXOffsetVal(void)
 336          {
 337   1           //printfStr("FactoryMenuPicItem_GetOsdXOffsetVal");
 338   1           return g_sysSetting.Osd.xOffset;
 339   1      }
 340          
 341          
 342          SWORD FactoryMenuPicItem_GetOsdYOffsetVal(void)
 343          {
 344   1           //printfStr("FactoryMenuPicItem_GetOsdYOffsetVal");
 345   1           return g_sysSetting.Osd.yOffset;
 346   1      }
 347          
 348          SWORD FactoryMenuSwitchItem_GetVolumeVal(void)
 349          {
 350   1           //printfStr("FactoryMenuSwitchItem_GetVolumeVal");
 351   1           return g_sysSetting.Factory.volumeswitch;
 352   1      }
 353          
 354          
 355          SWORD FactoryMenuSwitchItem_GetScalerVal(void)
 356          {
 357   1           //printfStr("FactoryMenuSwitchItem_GetScalerVal");
 358   1           return g_sysSetting.Factory.scalerswitch;
 359   1      }
C51 COMPILER V9.00   OSD_FACTORYMENU                                                       04/13/2015 11:40:46 PAGE 7   

 360          
 361          
 362          SWORD FactoryMenuSwitchItem_GetFlipVal(void)
 363          {
 364   1           //printfStr("FactoryMenuSwitchItem_GetHorizontalVal");
 365   1           return g_sysSetting.Factory.flipswitch; 
 366   1      }
 367          
 368          
 369          SWORD FactoryMenuSwitchItem_GetResetVal(void)
 370          {
 371   1           //printfStr("FactoryMenuSwitchItem_GetResetVal");
 372   1           return g_sysSetting.Factory.resetswitch; 
 373   1      }
 374          
 375          
 376          SWORD FactoryMenuSwitchItem_GetIRABVal(void)
 377          {
 378   1           //printfStr("FactoryMenuSwitchItem_GetIRABVal");
 379   1           return g_sysSetting.Factory.irabswitch; 
 380   1      }
 381          
 382          
 383          SWORD FactoryMenuSwitchItem_GetRadioFreqVal(void)
 384          {
 385   1           //printfStr("FactoryMenuSwitchItem_GetRadioFreqVal");
 386   1           return g_sysSetting.Factory.radiofreqswitch; 
 387   1      }
 388          
 389          SWORD FactoryMenuSwitchItem_GetPowerVal(void)
 390          {
 391   1           //printfStr("FactoryMenuSwitchItem_GetPowerVal");
 392   1           return g_sysSetting.Factory.powerswitch;
 393   1      }
 394          
 395          
 396          SWORD FactoryMenuSwitchItem_GetLogoIdVal(void)
 397          {
 398   1           //printfStr("FactoryMenuSwitchItem_GetLogoIdVal");
 399   1           return g_sysSetting.Logo.logoID;
 400   1      }
 401          
 402          
 403          
 404          /*****************************************************************
 405                                    Item value table
 406          *****************************************************************/
 407          DrawNumberType CODE Number_FactoryMenuPicItem_VcomDcVal[]=
 408          {
 409              {2,27,GREEN,TRANSPARENCE,GREEN,TRANSPARENCE, FactoryMenuPicItem_GetVcomDcVal,osdHexNum|osdEnd},
 410          };
 411          
 412          DrawOptionType CODE Option_FactoryMenuPicItem_VcomDc[]=
 413          {
 414              {2,25,GREEN,TRANSPARENCE,GREEN,TRANSPARENCE, NULL,FactoryMenu_OXStr,osdEnd},
 415          };
 416          
 417          DrawNumberType CODE Number_FactoryMenuPicItem_BrightnessVal[]=
 418          {
 419              {3,27,GREEN,TRANSPARENCE,GREEN,TRANSPARENCE, FactoryMenuPicItem_GetBrightnessVal,osdDecNum|osdEnd},
 420          };
 421          
C51 COMPILER V9.00   OSD_FACTORYMENU                                                       04/13/2015 11:40:46 PAGE 8   

 422          DrawNumberType CODE Number_FactoryMenuPicItem_ContrastVal[]=
 423          {
 424              {4,27,GREEN,TRANSPARENCE,GREEN,TRANSPARENCE, FactoryMenuPicItem_GetContrastVal,osdDecNum|osdEnd},
 425          };
 426          
 427          DrawNumberType CODE Number_FactoryMenuPicItem_SaturationVal[]=
 428          {
 429              {5,27,GREEN,TRANSPARENCE,GREEN,TRANSPARENCE, FactoryMenuPicItem_GetSaturationVal,osdDecNum|osdEnd},
 430          };
 431          
 432          DrawNumberType CODE Number_FactoryMenuPicItem_OsdPosXOffsetVal[]=
 433          {
 434              {6,27,GREEN,TRANSPARENCE,GREEN,TRANSPARENCE, FactoryMenuPicItem_GetOsdXOffsetVal,osdDecNum|osdEnd},
 435          };
 436          
 437          DrawNumberType CODE Number_FactoryMenuPicItem_OsdPosYOffsetVal[]=
 438          {
 439              {7,27,GREEN,TRANSPARENCE,GREEN,TRANSPARENCE, FactoryMenuPicItem_GetOsdYOffsetVal,osdDecNum|osdEnd},
 440          };
 441          
 442          
 443          
 444          ItemValueType CODE FactoryMenuPicItem_Val[]=
 445          {
 446               {
 447                        Number_FactoryMenuPicItem_VcomDcVal,
 448                        NULL,
 449                        Option_FactoryMenuPicItem_VcomDc,   
 450                        0,
 451               },
 452               
 453                  {
 454                        Number_FactoryMenuPicItem_BrightnessVal,
 455                        NULL,
 456                        NULL,   
 457                        0,
 458               },
 459          
 460                  {
 461                        Number_FactoryMenuPicItem_ContrastVal,
 462                        NULL,
 463                        NULL,   
 464                        0,
 465               },
 466          
 467                   {
 468                        Number_FactoryMenuPicItem_SaturationVal,
 469                        NULL,
 470                        NULL,   
 471                        0,
 472               },
 473          
 474                  {
 475                        Number_FactoryMenuPicItem_OsdPosXOffsetVal,
 476                        NULL,
 477                        NULL,   
 478                        0,
 479               },
 480               
 481                  {
 482                        Number_FactoryMenuPicItem_OsdPosYOffsetVal,
 483                        NULL,
C51 COMPILER V9.00   OSD_FACTORYMENU                                                       04/13/2015 11:40:46 PAGE 9   

 484                        NULL,   
 485                        osdEnd,
 486               },
 487          };
 488          
 489          
 490          DrawOptionType CODE Option_FactoryMenuSwitchItem_Volume[]=
 491          {
 492              {2,27,GREEN,TRANSPARENCE,GREEN,TRANSPARENCE, NULL,FactoryMenu_SwitchItem_VolumeSwitchStr,osdEnd},
 493          };
 494          
 495          
 496          DrawOptionType CODE Option_FactoryMenuSwitchItem_Scaler[]=
 497          {
 498              {3,27,GREEN,TRANSPARENCE,GREEN,TRANSPARENCE, NULL,FactoryMenu_SwitchItem_ScalerSwitchStr,osdEnd},
 499          };
 500          
 501          
 502          DrawOptionType CODE Option_FactoryMenuSwitchItem_Flip[]=
 503          {
 504              {4,27,GREEN,TRANSPARENCE,GREEN,TRANSPARENCE, NULL,FactoryMenu_SwitchItem_FlipSwitchStr,osdEnd},
 505          };
 506          
 507          
 508          DrawOptionType CODE Option_FactoryMenuSwitchItem_Reset[]=
 509          {
 510              {5,27,GREEN,TRANSPARENCE,GREEN,TRANSPARENCE, NULL,FactoryMenu_SwitchItem_ResetSwitchStr,osdEnd},
 511          };
 512          
 513          
 514          DrawOptionType CODE Option_FactoryMenuSwitchItem_IRAB[]=
 515          {
 516              {6,27,GREEN,TRANSPARENCE,GREEN,TRANSPARENCE, NULL,FactoryMenu_SwitchItem_IRABSwitchStr,osdEnd},
 517          };
 518          
 519          
 520          DrawOptionType CODE Option_FactoryMenuSwitchItem_RadioFreq[]=
 521          {
 522              {7,27,GREEN,TRANSPARENCE,GREEN,TRANSPARENCE, NULL,FactoryMenu_SwitchItem_RadioFreqSwitchStr,osdEnd},
 523          };
 524          
 525          
 526          DrawOptionType CODE Option_FactoryMenuSwitchItem_Power[]=
 527          {
 528              {8,27,GREEN,TRANSPARENCE,GREEN,TRANSPARENCE, NULL,FactoryMenu_SwitchItem_PowerSwitchStr,osdEnd},
 529          };
 530          
 531          
 532          DrawOptionType CODE Option_FactoryMenuSwitchItem_LogoID[]=
 533          {
 534              {9,23,GREEN,TRANSPARENCE,GREEN,TRANSPARENCE, NULL,FactoryMenu_SwitchItem_LogoIdSwitchStr,osdEnd},
 535          };
 536          
 537          ItemValueType CODE FactoryMenuSwitchItem_Val[]=
 538          {
 539               {
 540                        NULL,
 541                        NULL,
 542                        Option_FactoryMenuSwitchItem_Volume,   
 543                        0,
 544               },
 545               
C51 COMPILER V9.00   OSD_FACTORYMENU                                                       04/13/2015 11:40:46 PAGE 10  

 546              {
 547                        NULL,
 548                        NULL,
 549                        Option_FactoryMenuSwitchItem_Scaler,   
 550                        0,
 551              },
 552              
 553              {
 554                        NULL,
 555                        NULL,
 556                        Option_FactoryMenuSwitchItem_Flip,   
 557                        0,
 558              }, 
 559          
 560              {
 561                        NULL,
 562                        NULL,
 563                        Option_FactoryMenuSwitchItem_Reset,   
 564                        0,
 565              },
 566          
 567              {
 568                        NULL,
 569                        NULL,
 570                        Option_FactoryMenuSwitchItem_IRAB,   
 571                        0,
 572              },
 573          
 574              {
 575                        NULL,
 576                        NULL,
 577                        Option_FactoryMenuSwitchItem_RadioFreq,   
 578                        0,
 579              },
 580              
 581              {
 582                        NULL,
 583                        NULL,
 584                        Option_FactoryMenuSwitchItem_Power,   
 585                        0,
 586              },
 587          
 588              {
 589                        NULL,
 590                        NULL,
 591                        Option_FactoryMenuSwitchItem_LogoID,   
 592                        osdEnd,
 593              },
 594          };
 595          
 596          
 597          /*****************************************************************
 598                                    Item Icon table
 599          *****************************************************************/
 600          
 601          
 602          
 603          /*****************************************************************
 604                                   Item  Titel table
 605          *****************************************************************/
 606          TitelType CODE FactoryMenuItem_PicTab[]=
 607          {  
C51 COMPILER V9.00   OSD_FACTORYMENU                                                       04/13/2015 11:40:46 PAGE 11  

 608             {1,0,GREEN,TRANSPARENCE,YELLOW,TRANSPARENCE,DWT_Text,FactoryMenu_PicTitelStr,0},
 609             {2,0,GREEN,TRANSPARENCE,GREEN,TRANSPARENCE,DWT_Text,FactoryMenu_PicItem_VcomDcTitel,0},
 610             {3,0,GREEN,TRANSPARENCE,GREEN,TRANSPARENCE,DWT_Text,FactoryMenu_PicItem_BrightnessTitel,0},
 611             {4,0,GREEN,TRANSPARENCE,GREEN,TRANSPARENCE,DWT_Text,FactoryMenu_PicItem_ContrastTitel,0},
 612             {5,0,GREEN,TRANSPARENCE,GREEN,TRANSPARENCE,DWT_Text,FactoryMenu_PicItem_SaturationTitel,0},
 613             {6,0,GREEN,TRANSPARENCE,GREEN,TRANSPARENCE,DWT_Text,FactoryMenu_PicItem_OsdPosXOffsetTitel,0},
 614             {7,0,GREEN,TRANSPARENCE,GREEN,TRANSPARENCE,DWT_Text,FactoryMenu_PicItem_OsdPosYOffsetTitel,0},
 615             {8,0,TRANSPARENCE,TRANSPARENCE,TRANSPARENCE,TRANSPARENCE,DWT_Text,FactoryMenu_BlankStr,0},
 616             {9,0,TRANSPARENCE,TRANSPARENCE,TRANSPARENCE,TRANSPARENCE,DWT_Text,FactoryMenu_BlankStr,0},
 617             {10,0,TRANSPARENCE,TRANSPARENCE,TRANSPARENCE,TRANSPARENCE,DWT_Text,FactoryMenu_BlankStr,osdEnd},
 618          
 619          };
 620          
 621          TitelType CODE FactoryMenuItem_SwitchTab[]=
 622          {   
 623             {1,4,GREEN,TRANSPARENCE,YELLOW,TRANSPARENCE,DWT_Text,FactoryMenu_SwitchTitelStr,0},
 624             {2,0,GREEN,TRANSPARENCE,GREEN, TRANSPARENCE,DWT_Text,FactoryMenu_SwitchItem_VolumeStr,0},
 625             {3,0,GREEN,TRANSPARENCE,GREEN, TRANSPARENCE,DWT_Text,FactoryMenu_SwitchItem_ScalerStr,0},
 626             {4,0,GREEN,TRANSPARENCE,GREEN, TRANSPARENCE,DWT_Text,FactoryMenu_SwitchItem_FlipStr,0},
 627             {5,0,GREEN,TRANSPARENCE,GREEN, TRANSPARENCE,DWT_Text,FactoryMenu_SwitchItem_ResetStr,0},
 628             {6,0,GREEN,TRANSPARENCE,GREEN, TRANSPARENCE,DWT_Text,FactoryMenu_SwitchItem_IRABStr,0},
 629             {7,0,GREEN,TRANSPARENCE,GREEN, TRANSPARENCE,DWT_Text,FactoryMenu_SwitchItem_RadioFreqStr,0},
 630             {8,0,GREEN,TRANSPARENCE,GREEN, TRANSPARENCE,DWT_Text,FactoryMenu_SwitchItem_PowerStr,0},
 631             {9,0,GREEN,TRANSPARENCE,GREEN, TRANSPARENCE,DWT_Text,FactoryMenu_SwitchItem_LogoIDStr,0},
 632             {10,0,TRANSPARENCE,TRANSPARENCE,TRANSPARENCE,TRANSPARENCE,DWT_Text,FactoryMenu_BlankStr,osdEnd},
 633          };
 634          
 635          
 636          /*****************************************************************
 637                                    Menu Icon table
 638          *****************************************************************/
 639          
 640          
 641          
 642          /*****************************************************************
 643                                   Menu  Titel table
 644          *****************************************************************/
 645          TitelType CODE FactoryMenu_TitelTab[]=
 646          {   
 647             {0,0,RED,TRANSPARENCE,TRANSPARENCE,TRANSPARENCE,DWT_Text,FactoryMenu_VerStr,osdEnd},
 648          };
 649          #endif
 650          


MODULE INFORMATION:   STATIC OVERLAYABLE
   CODE SIZE        =    707    ----
   CONSTANT SIZE    =   1177    ----
   XDATA SIZE       =   ----       3
   PDATA SIZE       =   ----    ----
   DATA SIZE        =   ----    ----
   IDATA SIZE       =   ----    ----
   BIT SIZE         =   ----    ----
END OF MODULE INFORMATION.


C51 COMPILATION COMPLETE.  0 WARNING(S),  0 ERROR(S)
