C51 COMPILER V9.00   OSD_GENERALFONTDAT                                                    04/13/2015 11:40:42 PAGE 1   


C51 COMPILER V9.00, COMPILATION OF MODULE OSD_GENERALFONTDAT
OBJECT MODULE PLACED IN ..\Hex\Osd_GeneralFontDat.obj
COMPILER INVOKED BY: C:\Program Files\App Software\Keil V4\C51\BIN\C51.EXE ..\..\..\OSD\Osd_GeneralFontDat.c BROWSE INCD
                    -IR(..\..\..\OSD;..\..\..\OSD\Logo;../../../Inc;../../../UserConfig;../../../ARKLib;../../../UserConfig/Prj config;..\..\
                    -..\LCD Pannels;..\..\..\LCD Pannels\LCD parameter;..\..\..\GetUserInput;..\..\..\GetUserInput\Ir;..\..\..\GetUserInput\K
                    -ey;..\..\..\GetUserInput\GPIO;..\..\..\Device driver\AMT;..\..\..\Device driver\ArkChip;..\..\..\Device driver\Mcu;..\..
                    -\..\Device driver\Flash;..\..\..\Device driver\I2C;..\..\..\Device driver\E2prom;..\..\..\Device driver\WT5700;..\..\..\
                    -Device driver\Kt0803l;..\..\..\Device driver\BT;..\..\..\Debug) DEBUG OBJECTEXTEND PRINT(..\List\Osd_GeneralFontDat.lst)
                    - OBJECT(..\Hex\Osd_GeneralFontDat.obj)

line level    source

   1          #include "DataType.h"
   2          
   3           
   4          /*
   5          系统所有的普通字符资源数据
   6          */
   7          UCHAR CODE FontRam_Char[] =
   8          {
   9            /* 文字:"合" */
  10            0x00,0x00,
  11            0x00,0x00,
  12            0x00,0x00,
  13            0x01,0xC0,
  14            0x01,0xC0,
  15            0x03,0xC0,
  16            0x07,0x60,
  17            0x06,0x30,
  18            0x0C,0x1C,
  19            0x38,0x0F,
  20            0x60,0x1F,
  21            0xCF,0xF1,
  22            0x00,0x00,
  23            0x18,0x0C,
  24            0x1F,0xFC,
  25            0x18,0x0C,
  26            0x18,0x0C,
  27            0x18,0x0C,
  28            0x18,0x0C,
  29            0x1F,0xFC,
  30            0x00,0x00,
  31            0x00,0x00,
  32          
  33             /* 文字:"反" */
  34            0x00,0x00,
  35            0x00,0x00,
  36            0x00,0x00,
  37            0x00,0x0E,
  38            0x01,0xFF,
  39            0x3F,0x00,
  40            0x30,0x00,
  41            0x30,0x00,
  42            0x30,0x00,
  43            0x3F,0xFF,
  44            0x36,0x06,
  45            0x33,0x0E,
  46            0x33,0x0C,
  47            0x31,0x98,
  48            0x30,0xF8,
  49            0x30,0xF0,
C51 COMPILER V9.00   OSD_GENERALFONTDAT                                                    04/13/2015 11:40:42 PAGE 2   

  50            0x60,0x70,
  51            0x61,0xF8,
  52            0xC3,0x0F,
  53            0x9E,0x07,
  54            0xF0,0x01,
  55            0x00,0x00,
  56          
  57            /* 文字:"転" */
  58            0x00,0x00,
  59            0x00,0x00,
  60            0x00,0x00,
  61            0x1C,0x00,
  62            0x18,0x00,
  63            0xFF,0xFF,
  64            0x19,0x80,
  65            0x18,0x00,
  66            0xFF,0x00,
  67            0xDB,0x00,
  68            0xDB,0x01,
  69            0xFF,0xFF,
  70            0xDB,0x18,
  71            0xDB,0x38,
  72            0xFF,0x30,
  73            0x1B,0x66,
  74            0xFF,0xE3,
  75            0x18,0xC1,
  76            0x19,0xFF,
  77            0x18,0x01,
  78            0x18,0x00,
  79            0x00,0x00,
  80          
  81            /* 文字:"-" */
  82            0x00,0x00,
  83            0x00,0x00,
  84            0x00,0x00,
  85            0x00,0x00,
  86            0x00,0x00,
  87            0x00,0x00,
  88            0x00,0x00,
  89            0x00,0x00,
  90            0x00,0x00,
  91            0x00,0x00,
  92            0x3F,0xFC,
  93            0x3F,0xFC,
  94            0x00,0x00,
  95            0x00,0x00,
  96            0x00,0x00,
  97            0x00,0x00,
  98            0x00,0x00,
  99            0x00,0x00,
 100            0x00,0x00,
 101            0x00,0x00,
 102            0x00,0x00,
 103            0x00,0x00,
 104          };
 105          


MODULE INFORMATION:   STATIC OVERLAYABLE
   CODE SIZE        =   ----    ----
   CONSTANT SIZE    =    176    ----
   XDATA SIZE       =   ----    ----
C51 COMPILER V9.00   OSD_GENERALFONTDAT                                                    04/13/2015 11:40:42 PAGE 3   

   PDATA SIZE       =   ----    ----
   DATA SIZE        =   ----    ----
   IDATA SIZE       =   ----    ----
   BIT SIZE         =   ----    ----
END OF MODULE INFORMATION.


C51 COMPILATION COMPLETE.  0 WARNING(S),  0 ERROR(S)
