C51 COMPILER V9.00   OSD_QUICKLYMODEMENU                                                   10/14/2014 11:37:41 PAGE 1   


C51 COMPILER V9.00, COMPILATION OF MODULE OSD_QUICKLYMODEMENU
OBJECT MODULE PLACED IN ..\Hex\Osd_QuicklyModeMenu.obj
COMPILER INVOKED BY: C:\Program Files\App Software\Keil V4\C51\BIN\C51.EXE ..\..\..\OSD\Osd_QuicklyModeMenu.c BROWSE INC
                    -DIR(..\..\..\OSD;..\..\..\OSD\Logo;../../../Inc;../../../UserConfig;../../../ARKLib;../../../UserConfig/Prj config;..\..
                    -\..\LCD Pannels;..\..\..\LCD Pannels\LCD parameter;..\..\..\GetUserInput;..\..\..\GetUserInput\Ir;..\..\..\GetUserInput\
                    -Key;..\..\..\GetUserInput\GPIO;..\..\..\Device driver\AMT;..\..\..\Device driver\ArkChip;..\..\..\Device driver\Mcu;..\.
                    -.\..\Device driver\Flash;..\..\..\Device driver\I2C;..\..\..\Device driver\E2prom;..\..\..\Device driver\WT5700;..\..\..
                    -\Device driver\Kt0803l;..\..\..\Device driver\BT;..\..\..\Debug) DEBUG OBJECTEXTEND PRINT(..\List\Osd_QuicklyModeMenu.ls
                    -t) OBJECT(..\Hex\Osd_QuicklyModeMenu.obj)

line level    source

   1          #define _OSD_QUICKLY_MODE_MENU_C_
   2          
   3          
   4          
   5          #include "DataType.h"
   6          #include "SystemConfig.h"
   7          #include "Global.h"
   8          #include "MsgMap.h"
   9          #include "sysWorkPara.h"
  10          #include "sysPower.h" 
  11          #include "videoProc.h"
  12          #include "configLCDPara.h"
  13          #include "Debug.h"
  14          #include "Delay.h"
  15          #include "AMT_REG.H"
  16          #include "AMT_Drv.h"
  17          #include "AMT_MCU.h"
  18          #include "Osd_Menu.h"
  19          #include "Osd_MenuPage.h"
  20          #include "Osd_BitMapFontDat.h"
  21          
  22          
  23          SWORD GetQuicklyModeVal(void);
  24          
  25          
  26          
  27          /*****************************************************************
  28                                      Text
  29          *****************************************************************/
  30          UCHAR* CODE QuicklyModeMenuStr[]=
  31          {
  32              "ZOOM",
  33              "ZOOM",
  34              "ZOOM",
  35              "ZOOM",
  36              "ZOOM",
  37              "ZOOM",
  38              "ZOOM",
  39              "ZOOM",
  40              "ZOOM",
  41              "ZOOM",
  42              "ZOOM",
  43              "ZOOM",
  44              "ZOOM",
  45          };
  46          
  47          
  48          UCHAR* CODE  QuicklyModeStr[]=
  49          {
C51 COMPILER V9.00   OSD_QUICKLYMODEMENU                                                   10/14/2014 11:37:41 PAGE 2   

  50              "16:9", 
  51                  " 4:3"
  52          };
  53          
  54          
  55          
  56          /*****************************************************************
  57                                      String
  58          *****************************************************************/
  59          UCHAR * QuicklyModeMenu_TitelStr(void)
  60          {
  61   1          return QuicklyModeMenuStr[g_sysSetting.Osd.curlanguage];
  62   1      }
  63          
  64          
  65          UCHAR * CODE DispQuicklyModeStr(void)
  66          {
  67   1            return QuicklyModeStr[GetQuicklyModeVal()];  
  68   1      }
  69          
  70          
  71          
  72          /*****************************************************************
  73                                     Function
  74          *****************************************************************/
  75          AdjustType QuicklyModeMenu_CheckCondition(void)
  76          {
  77   1          AdjustType XDATA adjust = {0,0,0};
  78   1              if(g_ucOsdEixt & OsdMenu)
  79   1              {
  80   2                  adjust.Flags |= osdVisible;
  81   2              }
  82   1              else
  83   1              {
  84   2                  adjust.Flags |= osdInvisible;
  85   2              }
  86   1              g_ucOsdEixt &= ~OsdMenu;
  87   1              g_ucOsdEixt |= (OsdSource);
  88   1              adjust.XPos= g_sysSetting.Osd.xOffset;
  89   1              adjust.YPos= g_sysSetting.Osd.yOffset;
  90   1              //printfStr("QuicklyModeMenu_CheckCondition");
  91   1              return adjust;
  92   1      }
  93          
  94          
  95          
  96          BOOL QuicklyModeMenuItem_DrawStyle(void)
  97          {
  98   1          //printfStr("QuicklyModeMenuItem_DrawStyle");
  99   1              OsdWndClear(0X00, 0X00, 0X00, 0X11);
 100   1              OsdWndClear(0X01, 0X00, 0X01, 0X11);
 101   1          return 0;
 102   1      }
 103          
 104          
 105          SWORD GetQuicklyModeVal(void)
 106          {
 107   1           //printf("GetQuicklyModeVal= %x",g_sysSetting.Disp.zoomMode);
 108   1               return g_sysSetting.Disp.zoomMode;
 109   1      }
 110          
 111          
C51 COMPILER V9.00   OSD_QUICKLYMODEMENU                                                   10/14/2014 11:37:41 PAGE 3   

 112          BOOL AdjustQuicklyMode(UCHAR opratComd)
 113          {
 114   1          if(opratComd == COMD_SelMode)
 115   1          {     
 116   2             (g_sysSetting.Disp.zoomMode == DISP_16_9)?(g_sysSetting.Disp.zoomMode = DISP_4_3):(g_sysSetting.Dis
             -p.zoomMode = DISP_16_9);
 117   2                 //printf("AdjustQuicklyMode Value = %d",g_sysSetting.Disp.zoomMode);
 118   2          }
 119   1              return 1;
 120   1      }
 121          
 122          
 123          BOOL ExectQuicklyMode(void)
 124          {
 125   1         #ifdef ZoomBLOffEn 
                 TurnOffBackLight();
                 ConfigDispZoomDynPara(g_sysSetting.Disp.zoomMode); 
                 DelayMs(100);
                 
                 /*BUG_003*/
                 TurnOnBackLight();
                 #else
 133   1         ConfigDispZoomDynPara(g_sysSetting.Disp.zoomMode); 
 134   1         #endif
 135   1         return 1;
 136   1      }
 137          
 138          
 139          /*****************************************************************
 140                                    Item value table
 141          *****************************************************************/
 142          DrawOptionType CODE Option_QuicklyMode[]=
 143          {
 144              {1,7,RED,GRAY,RED,GRAY, GetQuicklyModeVal,DispQuicklyModeStr,osdEnd},
 145          };
 146          
 147          
 148          ItemValueType CODE QuicklyModeMenuItemVal_QuicklyMode[]=
 149          {
 150               {
 151                        NULL,
 152                        NULL,
 153                        Option_QuicklyMode,   
 154                        osdEnd,
 155               },
 156          };
 157          
 158          
 159          
 160          /*****************************************************************
 161                                    Item Icon table
 162          *****************************************************************/
 163          
 164          
 165          
 166          
 167          /*****************************************************************
 168                                   Item  Titel table
 169          *****************************************************************/
 170          TitelType CODE QuicklyModeMenuItem_QuicklyModeTitelTab[]=
 171          {
 172             {0,7,RED,GRAY,RED,GRAY,DWT_Text,QuicklyModeMenu_TitelStr,osdEnd},
C51 COMPILER V9.00   OSD_QUICKLYMODEMENU                                                   10/14/2014 11:37:41 PAGE 4   

 173          };
 174          
 175          
 176          /*****************************************************************
 177                                    Menu Icon table
 178          *****************************************************************/
 179          
 180          
 181          
 182          /*****************************************************************
 183                                   Menu  Titel table
 184          *****************************************************************/
 185          
 186          


MODULE INFORMATION:   STATIC OVERLAYABLE
   CODE SIZE        =    191    ----
   CONSTANT SIZE    =    100    ----
   XDATA SIZE       =   ----       3
   PDATA SIZE       =   ----    ----
   DATA SIZE        =   ----    ----
   IDATA SIZE       =   ----    ----
   BIT SIZE         =   ----    ----
END OF MODULE INFORMATION.


C51 COMPILATION COMPLETE.  0 WARNING(S),  0 ERROR(S)
