C51 COMPILER V9.00   OSD_IRABMENU                                                          04/13/2015 11:40:45 PAGE 1   


C51 COMPILER V9.00, COMPILATION OF MODULE OSD_IRABMENU
OBJECT MODULE PLACED IN ..\Hex\Osd_IRABMenu.obj
COMPILER INVOKED BY: C:\Program Files\App Software\Keil V4\C51\BIN\C51.EXE ..\..\..\OSD\Osd_IRABMenu.c BROWSE INCDIR(..\
                    -..\..\OSD;..\..\..\OSD\Logo;../../../Inc;../../../UserConfig;../../../ARKLib;../../../UserConfig/Prj config;..\..\..\LCD
                    - Pannels;..\..\..\LCD Pannels\LCD parameter;..\..\..\GetUserInput;..\..\..\GetUserInput\Ir;..\..\..\GetUserInput\Key;..\
                    -..\..\GetUserInput\GPIO;..\..\..\Device driver\AMT;..\..\..\Device driver\ArkChip;..\..\..\Device driver\Mcu;..\..\..\De
                    -vice driver\Flash;..\..\..\Device driver\I2C;..\..\..\Device driver\E2prom;..\..\..\Device driver\WT5700;..\..\..\Device
                    - driver\Kt0803l;..\..\..\Device driver\BT;..\..\..\Debug) DEBUG OBJECTEXTEND PRINT(..\List\Osd_IRABMenu.lst) OBJECT(..\H
                    -ex\Osd_IRABMenu.obj)

line level    source

   1          #define _OSD_IRAB_MENU_C_
   2          
   3          
   4          
   5          #include "DataType.h"
   6          #include "SystemConfig.h"
   7          #include "Global.h"
   8          #include "MsgMap.h"
   9          #include "sysWorkPara.h"
  10          #include "sysPower.h" 
  11          #include "videoProc.h"
  12          #include "configLCDPara.h"
  13          #include "Debug.h"
  14          #include "Delay.h"
  15          #include "AMT_REG.H"
  16          #include "AMT_Drv.h"
  17          #include "AMT_MCU.h"
  18          #include "Osd_Menu.h"
  19          #include "Osd_MenuPage.h"
  20          
  21          
  22          SWORD GetIRABVal(void);
  23          
  24          
  25          /*****************************************************************
  26                                      Text
  27          *****************************************************************/
  28          UCHAR* CODE IRABMenuStr[]=
  29          {
  30              "IR A&\x003B",
  31              "IR A&\x003B",
  32              "IR A&\x003B",
  33              "IR A&\x003B",
  34              "IR A&\x003B",
  35              "IR A&\x003B",
  36              "IR A&\x003B",
  37              "IR A&\x003B",
  38              "IR A&\x003B",
  39              "IR A&\x003B",
  40              "IR A&\x003B",
  41              "IR A&\x003B",
  42              "IR A&\x003B",
  43          };
  44          
  45          
  46          UCHAR* CODE IRABStr[3]=
  47          {
  48            "   IR OFF  ",
  49            "A:2.3M&\x0032.8M",
C51 COMPILER V9.00   OSD_IRABMENU                                                          04/13/2015 11:40:45 PAGE 2   

  50            "B:3.2M&\x0033.8M"
  51          };
  52          
  53          
  54          
  55          /*****************************************************************
  56                                      String
  57          *****************************************************************/
  58          UCHAR * IRABMenu_TitelStr(void)
  59          {
  60   1          return IRABMenuStr[g_sysSetting.Osd.curlanguage];
  61   1      }
  62          
  63          UCHAR * CODE DispIRABStr(void)
  64          {
  65   1            return IRABStr[GetIRABVal()];  
  66   1      }
  67          
  68          
  69          
  70          /*****************************************************************
  71                                     Function
  72          *****************************************************************/
  73          AdjustType IRABMenu_CheckCondition(void)
  74          {
  75   1              AdjustType XDATA adjust = {0,0,0};
  76   1              
  77   1              if(ON == g_sysSetting.Factory.irabswitch)
  78   1              {
  79   2                  adjust.Flags |= osdVisible; 
  80   2                      //printfStr("IRAB Visibla");
  81   2              }
  82   1              else
  83   1              {
  84   2                  adjust.Flags |= osdInvisible; 
  85   2                      //printfStr("IRAB Invisible");
  86   2              }
  87   1              //printfStr("IRABMenu_CheckCondition");
  88   1              return adjust;
  89   1      }
  90          
  91          
  92          
  93          SWORD GetIRABVal(void)
  94          {
  95   1           //printfStr("GetIRABVal");
  96   1           return g_sysSetting.IRAB.IRABVal;
  97   1      }
  98          
  99          
 100          
 101          
 102          
 103          BOOL IRABMenuItem_DrawStyle(void)
 104          {
 105   1          //printfStr("IRABMenuItem_DrawStyle");
 106   1              OsdWndClear(0X00, 0X00, 0X00, 0X11);
 107   1              OsdWndClear(0X01, 0X00, 0X01, 0X11);
 108   1          return 0;
 109   1      }
 110          
 111          
C51 COMPILER V9.00   OSD_IRABMENU                                                          04/13/2015 11:40:45 PAGE 3   

 112          BOOL AdjustIRAB(UCHAR opratComd)
 113          {    
 114   1      
 115   1              if((opratComd == COMD_IncValue) ||(opratComd == COMD_DecValue))
 116   1          {    
 117   2                      if(IROFF == g_sysSetting.IRAB.IRABVal)
 118   2              {
 119   3                 g_sysSetting.IRAB.IRABVal = IRA;
 120   3              }
 121   2                      else if(IRA == g_sysSetting.IRAB.IRABVal)
 122   2                      {
 123   3                         g_sysSetting.IRAB.IRABVal = IRB;
 124   3                      }
 125   2                      else if(IRB == g_sysSetting.IRAB.IRABVal)
 126   2                      {
 127   3                           g_sysSetting.IRAB.IRABVal = IROFF;
 128   3                      }
 129   2                 //printf("AdjustIRAB Value = %d",g_sysSetting.IRAB.IRABVal);
 130   2          }
 131   1              return 1;
 132   1      }
 133          
 134          
 135          BOOL ExectIRAB(void)
 136          {
 137   1              #ifdef IrABCtrlEn
                      SetIRABSwitch(g_sysSetting.IRAB.IRABVal);
                      #endif
 140   1              
 141   1         return 1;
 142   1      }
 143          
 144          
 145          /*****************************************************************
 146                                    Item value table
 147          *****************************************************************/
 148          
 149          DrawOptionType CODE Option_IRAB[]=
 150          {
 151              {1,3,RED,TRANSPARENCE,RED,TRANSPARENCE, GetIRABVal,DispIRABStr,osdEnd},
 152          };
 153          ItemValueType CODE IRABMenuItemVal_IRAB[]=
 154          {
 155               {
 156                        NULL,
 157                        NULL,
 158                        Option_IRAB,   
 159                        osdEnd,
 160               },
 161          };
 162          
 163          
 164          /*****************************************************************
 165                                    Item Icon table
 166          *****************************************************************/
 167          
 168          
 169          
 170          /*****************************************************************
 171                                   Item  Titel table
 172          *****************************************************************/
 173          TitelType CODE IRABMenuItem_IRABTitelTab[]=
C51 COMPILER V9.00   OSD_IRABMENU                                                          04/13/2015 11:40:45 PAGE 4   

 174          {
 175             {0,6,RED,TRANSPARENCE,RED,TRANSPARENCE,DWT_Text,IRABMenu_TitelStr,osdEnd},
 176          };
 177          
 178          
 179          
 180          /*****************************************************************
 181                                    Menu Icon table
 182          *****************************************************************/
 183          
 184          
 185          
 186          /*****************************************************************
 187                                   Menu  Titel table
 188          *****************************************************************/
 189          
 190          


MODULE INFORMATION:   STATIC OVERLAYABLE
   CODE SIZE        =    185    ----
   CONSTANT SIZE    =    134    ----
   XDATA SIZE       =   ----       3
   PDATA SIZE       =   ----    ----
   DATA SIZE        =   ----    ----
   IDATA SIZE       =   ----    ----
   BIT SIZE         =   ----    ----
END OF MODULE INFORMATION.


C51 COMPILATION COMPLETE.  0 WARNING(S),  0 ERROR(S)
