C51 COMPILER V9.00   OSD_POWERONMENU                                                       04/13/2015 11:40:42 PAGE 1   


C51 COMPILER V9.00, COMPILATION OF MODULE OSD_POWERONMENU
OBJECT MODULE PLACED IN ..\Hex\Osd_PowerOnMenu.obj
COMPILER INVOKED BY: C:\Program Files\App Software\Keil V4\C51\BIN\C51.EXE ..\..\..\OSD\Osd_PowerOnMenu.c BROWSE INCDIR(
                    -..\..\..\OSD;..\..\..\OSD\Logo;../../../Inc;../../../UserConfig;../../../ARKLib;../../../UserConfig/Prj config;..\..\..\
                    -LCD Pannels;..\..\..\LCD Pannels\LCD parameter;..\..\..\GetUserInput;..\..\..\GetUserInput\Ir;..\..\..\GetUserInput\Key;
                    -..\..\..\GetUserInput\GPIO;..\..\..\Device driver\AMT;..\..\..\Device driver\ArkChip;..\..\..\Device driver\Mcu;..\..\..
                    -\Device driver\Flash;..\..\..\Device driver\I2C;..\..\..\Device driver\E2prom;..\..\..\Device driver\WT5700;..\..\..\Dev
                    -ice driver\Kt0803l;..\..\..\Device driver\BT;..\..\..\Debug) DEBUG OBJECTEXTEND PRINT(..\List\Osd_PowerOnMenu.lst) OBJEC
                    -T(..\Hex\Osd_PowerOnMenu.obj)

line level    source

   1          #define _OSD_POWERON_MENU_C_
   2          
   3          
   4          
   5          #include "DataType.h"
   6          #include "SystemConfig.h"
   7          #include "Global.h"
   8          #include "MsgMap.h"
   9          #include "sysWorkPara.h"
  10          #include "sysPower.h" 
  11          #include "videoProc.h"
  12          #include "configLCDPara.h"
  13          #include "Debug.h"
  14          #include "Delay.h"
  15          #include "AMT_REG.H"
  16          #include "AMT_Drv.h"
  17          #include "AMT_MCU.h"
  18          #include "Osd_Menu.h"
  19          #include "Osd_MenuPage.h"
  20          
  21          
  22          
  23          SWORD GetPowerOnInputSource(void);
  24          
  25          
  26          /*****************************************************************
  27                                      Text
  28          *****************************************************************/
  29          
  30          UCHAR* CODE  PowerOnStr[]=
  31          {
  32            "AV1","AV2", "AV3"
  33          };
  34          
  35          
  36          
  37          
  38          /*****************************************************************
  39                                      String
  40          *****************************************************************/
  41          
  42          UCHAR * CODE DispPowerOnStr(void)
  43          {
  44   1            return PowerOnStr[GetPowerOnInputSource()];
  45   1      }
  46          
  47          
  48          
  49          /*****************************************************************
C51 COMPILER V9.00   OSD_POWERONMENU                                                       04/13/2015 11:40:42 PAGE 2   

  50                                     Function
  51          *****************************************************************/
  52          AdjustType PowerOnMenu_CheckCondition (void)
  53          {
  54   1              AdjustType XDATA adjust = {0,0,0};
  55   1              
  56   1              if(g_ucOsdEixt & OsdSource)
  57   1              {  
  58   2                 adjust.Flags |= osdVisible;
  59   2              }
  60   1              else
  61   1              {
  62   2                adjust.Flags |= osdInvisible;
  63   2              }
  64   1          g_ucOsdEixt &= ~OsdSource;
  65   1              g_ucOsdEixt |= OsdMenu;
  66   1      
  67   1              if(g_sysSetting.Disp.zoomMode == DISP_4_3)
  68   1              {
  69   2                 adjust.XPos -= SOURCE_43_START_X_SHIFT;
  70   2              }
  71   1              else
  72   1              {
  73   2                 adjust.XPos -= 0X00;
  74   2              }
  75   1              printfStr("PowerOnMenu_CheckCondition");
  76   1              return adjust;
  77   1      }
  78          
  79          
  80          
  81          SWORD GetPowerOnInputSource(void)
  82          {
  83   1           switch(g_sysSetting.Video.curSource)
  84   1           {
  85   2                       case INPUT_AV1:
  86   2                                return 0;
  87   2                                
  88   2                       case INPUT_AV2:
  89   2                       case INPUT_CAMERA_Car:
  90   2                                return 1;
  91   2                                 
  92   2                       default:
  93   2                                return 0;
  94   2           }
  95   1      }
  96          
  97          
  98          
  99          
 100          /*****************************************************************
 101                                    Item value table
 102          *****************************************************************/
 103          DrawOptionType CODE Option_PowerOn[]=
 104          {
 105              {0,0,GREEN,TRANSPARENCE,GREEN,TRANSPARENCE, GetPowerOnInputSource,DispPowerOnStr,osdEnd},
 106          };
 107          
 108          
 109          ItemValueType CODE PowerOnMenuItemVal_PowerOn[]=
 110          {
 111               {
C51 COMPILER V9.00   OSD_POWERONMENU                                                       04/13/2015 11:40:42 PAGE 3   

 112                        NULL,
 113                        NULL,
 114                        Option_PowerOn,   
 115                        osdEnd,
 116               },
 117          };
 118          
 119          
 120          /*****************************************************************
 121                                    Item Icon table
 122          *****************************************************************/
 123          
 124          
 125          /*****************************************************************
 126                                   Item  Titel table
 127          *****************************************************************/
 128          
 129          
 130          /*****************************************************************
 131                                    Menu Icon table
 132          *****************************************************************/
 133          
 134          
 135          
 136          /*****************************************************************
 137                                   Menu  Titel table
 138          *****************************************************************/
 139          
 140          
 141          /*****************************************************************
 142                                     Item table
 143          *****************************************************************/
 144          


MODULE INFORMATION:   STATIC OVERLAYABLE
   CODE SIZE        =    123    ----
   CONSTANT SIZE    =     49    ----
   XDATA SIZE       =   ----       3
   PDATA SIZE       =   ----    ----
   DATA SIZE        =   ----    ----
   IDATA SIZE       =   ----    ----
   BIT SIZE         =   ----    ----
END OF MODULE INFORMATION.


C51 COMPILATION COMPLETE.  0 WARNING(S),  0 ERROR(S)
