C51 COMPILER V9.00   OSD_BITMAPFONTDAT                                                     10/15/2014 09:21:11 PAGE 1   


C51 COMPILER V9.00, COMPILATION OF MODULE OSD_BITMAPFONTDAT
OBJECT MODULE PLACED IN ..\Hex\Osd_BitMapFontDat.obj
COMPILER INVOKED BY: C:\Program Files\App Software\Keil V4\C51\BIN\C51.EXE ..\..\..\OSD\Osd_BitMapFontDat.c BROWSE INCDI
                    -R(..\..\..\OSD;..\..\..\OSD\Logo;../../../Inc;../../../UserConfig;../../../ARKLib;../../../UserConfig/Prj config;..\..\.
                    -.\LCD Pannels;..\..\..\LCD Pannels\LCD parameter;..\..\..\GetUserInput;..\..\..\GetUserInput\Ir;..\..\..\GetUserInput\Ke
                    -y;..\..\..\GetUserInput\GPIO;..\..\..\Device driver\AMT;..\..\..\Device driver\ArkChip;..\..\..\Device driver\Mcu;..\..\
                    -..\Device driver\Flash;..\..\..\Device driver\I2C;..\..\..\Device driver\E2prom;..\..\..\Device driver\WT5700;..\..\..\D
                    -evice driver\Kt0803l;..\..\..\Device driver\BT;..\..\..\Debug) DEBUG OBJECTEXTEND PRINT(..\List\Osd_BitMapFontDat.lst) O
                    -BJECT(..\Hex\Osd_BitMapFontDat.obj)

line level    source

   1          /*
   2          系统所有的ICON资源数据
   3          */
   4          
   5          #include "DataType.h"
   6          
   7          
   8          


MODULE INFORMATION:   STATIC OVERLAYABLE
   CODE SIZE        =   ----    ----
   CONSTANT SIZE    =   ----    ----
   XDATA SIZE       =   ----    ----
   PDATA SIZE       =   ----    ----
   DATA SIZE        =   ----    ----
   IDATA SIZE       =   ----    ----
   BIT SIZE         =   ----    ----
END OF MODULE INFORMATION.


C51 COMPILATION COMPLETE.  0 WARNING(S),  0 ERROR(S)
