C51 COMPILER V9.00   OSD_QUICKLYSYSMENU                                                    10/14/2014 11:37:42 PAGE 1   


C51 COMPILER V9.00, COMPILATION OF MODULE OSD_QUICKLYSYSMENU
OBJECT MODULE PLACED IN ..\Hex\Osd_QuicklySysMenu.obj
COMPILER INVOKED BY: C:\Program Files\App Software\Keil V4\C51\BIN\C51.EXE ..\..\..\OSD\Osd_QuicklySysMenu.c BROWSE INCD
                    -IR(..\..\..\OSD;..\..\..\OSD\Logo;../../../Inc;../../../UserConfig;../../../ARKLib;../../../UserConfig/Prj config;..\..\
                    -..\LCD Pannels;..\..\..\LCD Pannels\LCD parameter;..\..\..\GetUserInput;..\..\..\GetUserInput\Ir;..\..\..\GetUserInput\K
                    -ey;..\..\..\GetUserInput\GPIO;..\..\..\Device driver\AMT;..\..\..\Device driver\ArkChip;..\..\..\Device driver\Mcu;..\..
                    -\..\Device driver\Flash;..\..\..\Device driver\I2C;..\..\..\Device driver\E2prom;..\..\..\Device driver\WT5700;..\..\..\
                    -Device driver\Kt0803l;..\..\..\Device driver\BT;..\..\..\Debug) DEBUG OBJECTEXTEND PRINT(..\List\Osd_QuicklySysMenu.lst)
                    - OBJECT(..\Hex\Osd_QuicklySysMenu.obj)

line level    source

   1          #define _OSD_QUICKLY_SYS_MENU_C_
   2          
   3          
   4          
   5          #include "DataType.h"
   6          #include "SystemConfig.h"
   7          #include "Global.h"
   8          #include "MsgMap.h"
   9          #include "sysWorkPara.h"
  10          #include "sysPower.h" 
  11          #include "videoProc.h"
  12          #include "configLCDPara.h"
  13          #include "Debug.h"
  14          #include "Delay.h"
  15          #include "AMT_REG.H"
  16          #include "AMT_Drv.h"
  17          #include "AMT_MCU.h"
  18          #include "Osd_Menu.h"
  19          #include "Osd_MenuPage.h"
  20          #include "Osd_BitMapFontDat.h"
  21          
  22          
  23          SWORD GetQuicklySysVal(void);
  24          
  25          
  26          
  27          /*****************************************************************
  28                                      Text
  29          *****************************************************************/
  30          UCHAR* CODE QuicklySysMenuStr[]=
  31          {
  32              "SYS",
  33              "SYS",
  34              "SYS",
  35              "SYS",
  36              "SYS",
  37              "SYS",
  38              "SYS",
  39              "SYS",
  40              "#\x075#\x076",
  41              "SYS",
  42              "SYS",
  43              "SYS",
  44              "SYS",
  45          };
  46          
  47          
  48          UCHAR* CODE  QuicklySysStr[]=
  49          {
C51 COMPILER V9.00   OSD_QUICKLYSYSMENU                                                    10/14/2014 11:37:42 PAGE 2   

  50                  "*DL  DR  UL  UR", 
  51                  " DL *DR  UL  UR", 
  52                  " DL  DR *UL  UR", 
  53                  " DL  DR  UL *UR"
  54          };
  55          
  56          
  57          
  58          
  59          /*****************************************************************
  60                                      String
  61          *****************************************************************/
  62          UCHAR * QuicklySysMenu_TitelStr(void)
  63          {
  64   1          return QuicklySysMenuStr[g_sysSetting.Osd.curlanguage];
  65   1      }
  66          
  67          
  68          UCHAR * CODE DispQuicklySysStr(void)
  69          {
  70   1            return QuicklySysStr[GetQuicklySysVal()];  
  71   1      }
  72          
  73          
  74          
  75          /*****************************************************************
  76                                     Function
  77          *****************************************************************/
  78          AdjustType QuicklySysMenu_CheckCondition(void)
  79          {
  80   1          AdjustType XDATA adjust = {0,0,0};
  81   1              if(g_ucOsdEixt & OsdMenu)
  82   1              {  
  83   2                 adjust.Flags |= osdVisible;
  84   2              }
  85   1              else
  86   1              {
  87   2                adjust.Flags |= osdInvisible;
  88   2              }
  89   1              g_ucOsdEixt &= ~OsdMenu;
  90   1              g_ucOsdEixt |= OsdSource;
  91   1              adjust.XPos= g_sysSetting.Osd.xOffset;
  92   1              adjust.YPos= g_sysSetting.Osd.yOffset;
  93   1              //printfStr("QuicklyModeMenu_CheckCondition");
  94   1              return adjust;
  95   1      }
  96          
  97          
  98          BOOL QuicklySysMenuItem_DrawStyle(void)
  99          {
 100   1          //printfStr("QuicklyModeMenuModeItem_DrawStyle");  
 101   1              OsdWndClear(0X00, 0X00, 0X00, 0X11);
 102   1              OsdWndClear(0X01, 0X00, 0X01, 0X11);
 103   1          return 0;
 104   1      }
 105          
 106          
 107          SWORD GetQuicklySysVal(void)
 108          {
 109   1           //printf("GetQuicklyModeVal= %x",g_sysSetting.Disp.zoomMode);
 110   1               return g_sysSetting.Disp.flipMode;
 111   1      }
C51 COMPILER V9.00   OSD_QUICKLYSYSMENU                                                    10/14/2014 11:37:42 PAGE 3   

 112          
 113          
 114          BOOL AdjustQuicklySys(UCHAR opratComd)
 115          {
 116   1          if(opratComd == COMD_SelSys)
 117   1          {     
 118   2             switch(g_sysSetting.Disp.flipMode)
 119   2             {
 120   3               case FilpLeft:
 121   3                                g_sysSetting.Disp.flipMode = FilpRight;
 122   3                                break;
 123   3                                
 124   3                       case FilpRight:
 125   3                               g_sysSetting.Disp.flipMode = FilpUp;
 126   3                                break;
 127   3                                
 128   3                       case FilpUp:
 129   3                                g_sysSetting.Disp.flipMode = FilpDown;
 130   3                                break;
 131   3                                
 132   3                       case FilpDown:
 133   3                                g_sysSetting.Disp.flipMode = FilpLeft;
 134   3                                break;
 135   3                                
 136   3                      default:
 137   3                                g_sysSetting.Disp.flipMode = FilpLeft;
 138   3                                break;
 139   3             }
 140   2                 //printf("AdjustQuicklySys Value = %d",g_sysSetting.Disp.flipMode);
 141   2          }
 142   1              return 1;
 143   1      }
 144          
 145          
 146          BOOL ExectQuicklySys(void)
 147          {
 148   1         ConfigPannelSfrDisp();
 149   1         return 1;
 150   1      }
 151          
 152          
 153          /*****************************************************************
 154                                    Item value table
 155          *****************************************************************/
 156          DrawOptionType CODE Option_QuicklySys[]=
 157          {
 158              {1,2,RED,GRAY,RED,GRAY, GetQuicklySysVal,DispQuicklySysStr,osdEnd},
 159          };
 160          
 161          
 162          ItemValueType CODE QuicklySysMenuItemVal_QuicklySys[]=
 163          {
 164               {
 165                        NULL,
 166                        NULL,
 167                        Option_QuicklySys,   
 168                        osdEnd,
 169               },
 170          };
 171          
 172          
 173          
C51 COMPILER V9.00   OSD_QUICKLYSYSMENU                                                    10/14/2014 11:37:42 PAGE 4   

 174          /*****************************************************************
 175                                    Item Icon table
 176          *****************************************************************/
 177          
 178          
 179          
 180          
 181          /*****************************************************************
 182                                   Item  Titel table
 183          *****************************************************************/
 184          TitelType CODE QuicklySysMenuItem_QuicklySysTitelTab[]=
 185          {
 186             {0,7,RED,GRAY,RED,GRAY,DWT_Text,QuicklySysMenu_TitelStr,osdEnd},
 187          };
 188          
 189          
 190          /*****************************************************************
 191                                    Menu Icon table
 192          *****************************************************************/
 193          
 194          
 195          
 196          /*****************************************************************
 197                                   Menu  Titel table
 198          *****************************************************************/
 199          
 200          


MODULE INFORMATION:   STATIC OVERLAYABLE
   CODE SIZE        =    217    ----
   CONSTANT SIZE    =    164    ----
   XDATA SIZE       =   ----       3
   PDATA SIZE       =   ----    ----
   DATA SIZE        =   ----    ----
   IDATA SIZE       =   ----    ----
   BIT SIZE         =   ----    ----
END OF MODULE INFORMATION.


C51 COMPILATION COMPLETE.  0 WARNING(S),  0 ERROR(S)
