C51 COMPILER V9.00   OSD_VERSIONMENU                                                       10/10/2014 13:55:39 PAGE 1   


C51 COMPILER V9.00, COMPILATION OF MODULE OSD_VERSIONMENU
OBJECT MODULE PLACED IN ..\Hex\Osd_VersionMenu.obj
COMPILER INVOKED BY: C:\Program Files\App Software\Keil V4\C51\BIN\C51.EXE ..\..\..\OSD\Osd_VersionMenu.c BROWSE INCDIR(
                    -..\..\..\OSD;..\..\..\OSD\Logo;../../../Inc;../../../UserConfig;../../../ARKLib;../../../UserConfig/Prj config;..\..\..\
                    -LCD Pannels;..\..\..\LCD Pannels\LCD parameter;..\..\..\GetUserInput;..\..\..\GetUserInput\Ir;..\..\..\GetUserInput\Key;
                    -..\..\..\GetUserInput\GPIO;..\..\..\Device driver\AMT;..\..\..\Device driver\ArkChip;..\..\..\Device driver\Mcu;..\..\..
                    -\Device driver\Flash;..\..\..\Device driver\I2C;..\..\..\Device driver\E2prom;..\..\..\Device driver\WT5700;..\..\..\Dev
                    -ice driver\Kt0803l;..\..\..\Device driver\BT;..\..\..\Debug) DEBUG OBJECTEXTEND PRINT(..\List\Osd_VersionMenu.lst) OBJEC
                    -T(..\Hex\Osd_VersionMenu.obj)

line level    source

   1          #define _OSD_NOSIGNAL_MENU_C_
   2          
   3          
   4          
   5          #include "DataType.h"
   6          #include "SystemConfig.h"
   7          #include "Global.h"
   8          #include "MsgMap.h"
   9          #include "sysWorkPara.h"
  10          #include "sysPower.h" 
  11          #include "videoProc.h"
  12          #include "configLCDPara.h"
  13          #include "Debug.h"
  14          #include "Delay.h"
  15          #include "AMT_REG.H"
  16          #include "AMT_Drv.h"
  17          #include "AMT_MCU.h"
  18          #include "Osd_Menu.h"
  19          #include "Osd_MenuPage.h"
  20          
  21          
  22          
  23          /*****************************************************************
  24                                      Text
  25          *****************************************************************/
  26          UCHAR* CODE VersionMenuStr[]=
  27          {
  28              "VER1.7: "__DATE__" " __TIME__,
  29          };
  30          
  31          
  32          
  33          /*****************************************************************
  34                                      String
  35          *****************************************************************/
  36          UCHAR * CODE VersionMenu_TitelStr(void)
  37          {
  38   1          return VersionMenuStr[0];
  39   1      }
  40          
  41          
  42          
  43          /*****************************************************************
  44                                     Function
  45          *****************************************************************/
  46          AdjustType VersionMenu_CheckCondition (void)
  47          {
  48   1              AdjustType XDATA adjust = {0,0,0};
  49   1      
C51 COMPILER V9.00   OSD_VERSIONMENU                                                       10/10/2014 13:55:39 PAGE 2   

  50   1              adjust.Flags |= osdVisible;
  51   1              
  52   1              //printfStr("VersionMenu_CheckCondition");
  53   1              return adjust;
  54   1      }
  55          
  56          
  57          
  58          /*****************************************************************
  59                                    Item value table
  60          *****************************************************************/
  61          
  62          
  63          
  64          /*****************************************************************
  65                                    Item Icon table
  66          *****************************************************************/
  67          
  68          
  69          
  70          /*****************************************************************
  71                                   Item  Titel table
  72          *****************************************************************/
  73          TitelType CODE VersionMenuItem_VersionTitelTab[]=
  74          {
  75             {0,0,RED,TRANSPARENCE,RED,TRANSPARENCE,DWT_Text,VersionMenu_TitelStr,osdEnd},
  76          };
  77          
  78          
  79          
  80          /*****************************************************************
  81                                    Menu Icon table
  82          *****************************************************************/
  83          
  84          
  85          
  86          /*****************************************************************
  87                                   Menu  Titel table
  88          *****************************************************************/
  89          
  90          
  91          
  92          /*****************************************************************
  93                                     Item table
  94          *****************************************************************/
  95          
  96          


MODULE INFORMATION:   STATIC OVERLAYABLE
   CODE SIZE        =     48    ----
   CONSTANT SIZE    =     47    ----
   XDATA SIZE       =   ----       3
   PDATA SIZE       =   ----    ----
   DATA SIZE        =   ----    ----
   IDATA SIZE       =   ----    ----
   BIT SIZE         =   ----    ----
END OF MODULE INFORMATION.


C51 COMPILATION COMPLETE.  0 WARNING(S),  0 ERROR(S)
