C51 COMPILER V9.00   OSD_FACTORYPOSITIONMENU                                               10/15/2014 09:45:24 PAGE 1   


C51 COMPILER V9.00, COMPILATION OF MODULE OSD_FACTORYPOSITIONMENU
OBJECT MODULE PLACED IN ..\Hex\Osd_FactoryPositionMenu.obj
COMPILER INVOKED BY: C:\Program Files\App Software\Keil V4\C51\BIN\C51.EXE ..\..\..\OSD\Osd_FactoryPositionMenu.c BROWSE
                    - INCDIR(..\..\..\OSD;..\..\..\OSD\Logo;../../../Inc;../../../UserConfig;../../../ARKLib;../../../UserConfig/Prj config;.
                    -.\..\..\LCD Pannels;..\..\..\LCD Pannels\LCD parameter;..\..\..\GetUserInput;..\..\..\GetUserInput\Ir;..\..\..\GetUserIn
                    -put\Key;..\..\..\GetUserInput\GPIO;..\..\..\Device driver\AMT;..\..\..\Device driver\ArkChip;..\..\..\Device driver\Mcu;
                    -..\..\..\Device driver\Flash;..\..\..\Device driver\I2C;..\..\..\Device driver\E2prom;..\..\..\Device driver\WT5700;..\.
                    -.\..\Device driver\Kt0803l;..\..\..\Device driver\BT;..\..\..\Debug) DEBUG OBJECTEXTEND PRINT(..\List\Osd_FactoryPositio
                    -nMenu.lst) OBJECT(..\Hex\Osd_FactoryPositionMenu.obj)

line level    source

   1          #define _OSD_FACTORYPOSITION_MENU_C_
   2          
   3          
   4          
   5          #include "DataType.h"
   6          #include "SystemConfig.h"
   7          #include "Global.h"
   8          #include "MsgMap.h"
   9          #include "sysWorkPara.h"
  10          #include "sysPower.h" 
  11          #include "videoProc.h"
  12          #include "configLCDPara.h"
  13          #include "Debug.h"
  14          #include "Delay.h"
  15          #include "AMT_REG.H"
  16          #include "AMT_Drv.h"
  17          #include "AMT_MCU.h"
  18          #include "Osd_Menu.h"
  19          #include "Osd_MenuPage.h"
  20          
  21          
  22          #ifdef FactoryEn
  23          
  24          /*****************************************************************
  25                                      Text
  26          *****************************************************************/
  27          
  28          UCHAR* CODE FactoryPositionMenu_UpStr[]=
  29          {
  30              "UP",
  31          };
  32          
  33             
  34          UCHAR* CODE FactoryPositionMenu_UpArrowsStr[]=
  35          {
  36             "\x0F2",
  37          };
  38          
  39          UCHAR* CODE FactoryPositionMenu_UpVerticalStr[]=
  40          {
  41              "\x0F0",
  42          };
  43          
  44          
  45          UCHAR* CODE FactoryPositionMenu_UpPlusSignStr[]=
  46          {
  47              "\x0F1",
  48          };
  49          
C51 COMPILER V9.00   OSD_FACTORYPOSITIONMENU                                               10/15/2014 09:45:24 PAGE 2   

  50          
  51          UCHAR* CODE FactoryPositionMenu_DownStr[]=
  52          {
  53              "DOWN",
  54          };
  55          
  56          
  57          UCHAR* CODE FactoryPositionMenu_DownArrowsStr[]=
  58          {
  59              "\x0F3",
  60          };
  61          
  62          UCHAR* CODE FactoryPositionMenu_DownVerticalStr[]=
  63          {
  64              "\x0F0",
  65          };
  66          
  67          UCHAR* CODE FactoryPositionMenu_LeftStr[]=
  68          {
  69              "LEFT",
  70          };
  71          
  72          
  73          UCHAR* CODE FactoryPositionMenu_LeftArrowsStr[]=
  74          {
  75              "\x0F4",
  76          };
  77          
  78          UCHAR* CODE FactoryPositionMenu_LeftLineStr[]=
  79          {
  80              "\x0EF",
  81          };
  82          
  83          
  84          UCHAR* CODE FactoryPositionMenu_RightStr[]=
  85          {
  86              "RIGHT",
  87          };
  88          
  89          
  90          UCHAR* CODE FactoryPositionMenu_RightArrowsStr[]=
  91          {
  92              "\x0F5",
  93          };
  94          
  95          UCHAR* CODE FactoryPositionMenu_RightLineStr[]=
  96          {
  97              "\x0EF",
  98          };
  99          
 100          /*****************************************************************
 101                                      String
 102          *****************************************************************/
 103          UCHAR * CODE FactoryPositionMenu_UpTitel(void)
 104          {
 105   1          return FactoryPositionMenu_UpStr[0];
 106   1      }
 107          
 108          UCHAR * CODE FactoryPositionMenu_UpArrowsTitel(void)
 109          {
 110   1          return FactoryPositionMenu_UpArrowsStr[0];
 111   1      }
C51 COMPILER V9.00   OSD_FACTORYPOSITIONMENU                                               10/15/2014 09:45:24 PAGE 3   

 112          
 113          UCHAR * CODE FactoryPositionMenu_UpVerticalTitel(void)
 114          {
 115   1          return FactoryPositionMenu_UpVerticalStr[0];
 116   1      }
 117          
 118          UCHAR * CODE FactoryPositionMenu_DownTitel(void)
 119          {
 120   1          return FactoryPositionMenu_DownStr[0];
 121   1      }
 122          UCHAR * CODE FactoryPositionMenu_DownArrowsTitel(void)
 123          {
 124   1          return FactoryPositionMenu_DownArrowsStr[0];
 125   1      }
 126          
 127          UCHAR * CODE FactoryPositionMenu_DownVerticalTitel(void)
 128          {
 129   1          return FactoryPositionMenu_DownVerticalStr[0];
 130   1      }
 131          
 132          UCHAR * CODE FactoryPositionMenu_UpPlusSignTitel(void)
 133          {
 134   1          return FactoryPositionMenu_UpPlusSignStr[0];
 135   1      }
 136          
 137          
 138          UCHAR * CODE FactoryPositionMenu_LeftTitel(void)
 139          {
 140   1          return FactoryPositionMenu_LeftStr[0];
 141   1      }
 142          
 143          UCHAR * CODE FactoryPositionMenu_LeftArrowsTitel(void)
 144          {
 145   1          return FactoryPositionMenu_LeftArrowsStr[0];
 146   1      }
 147          
 148          UCHAR * CODE FactoryPositionMenu_LeftLineTitel(void)
 149          {
 150   1          return FactoryPositionMenu_LeftLineStr[0];
 151   1      }
 152          
 153          UCHAR * CODE FactoryPositionMenu_RightTitel(void)
 154          {
 155   1          return FactoryPositionMenu_RightStr[0];
 156   1      }
 157          UCHAR * CODE FactoryPositionMenu_RightArrowsTitel(void)
 158          {
 159   1          return FactoryPositionMenu_RightArrowsStr[0];
 160   1      }
 161          
 162          UCHAR * CODE FactoryPositionMenu_RightLineTitel(void)
 163          {
 164   1          return FactoryPositionMenu_RightLineStr[0];
 165   1      }
 166          
 167          
 168          
 169          /*****************************************************************
 170                                     Function
 171          *****************************************************************/
 172          AdjustType FactoryPositionMenu_CheckCondition(void)
 173          {
C51 COMPILER V9.00   OSD_FACTORYPOSITIONMENU                                               10/15/2014 09:45:24 PAGE 4   

 174   1              AdjustType XDATA adjust = {0,0,0};
 175   1              
 176   1          printfStr("FactoryPositionMenu_CheckCondition");
 177   1              adjust.Flags |= osdVisible;
 178   1              return adjust;
 179   1      }
 180          
 181          
 182          BOOL AdjustVideoUpPosition(UCHAR opratComd)
 183          {
 184   1          //printfStr("AdjustVideoUpPosition");
 185   1              opratComd = opratComd;
 186   1              return 1;
 187   1      }
 188          
 189          
 190          BOOL AdjustVideoDownPosition(UCHAR opratComd)
 191          {
 192   1          //printfStr("AdjustVideoDownPosition");
 193   1              opratComd = opratComd;
 194   1              return 1;
 195   1      }
 196          
 197          
 198          BOOL AdjustVideoLeftPosition(UCHAR opratComd)
 199          {
 200   1          //printfStr("AdjustVideoLeftPosition");
 201   1          opratComd = opratComd;
 202   1              return 1;
 203   1      }
 204          
 205          
 206          BOOL AdjustVideoRightPosition(UCHAR opratComd)
 207          {
 208   1          //printfStr("AdjustVideoRightPosition");
 209   1              opratComd = opratComd;
 210   1              return 1;
 211   1      }
 212          
 213          
 214          /*****************************************************************
 215                                    Item value table
 216          *****************************************************************/
 217          
 218          
 219          /*****************************************************************
 220                                    Item Icon table
 221          *****************************************************************/
 222          
 223          
 224          /*****************************************************************
 225                                   Item  Titel table
 226          *****************************************************************/
 227          TitelType CODE FactoryPositionMenuItem_UpTitelTab[]=
 228          {
 229             {3,10,GREEN,TRANSPARENCE,YELLOW,TRANSPARENCE,DWT_Text,FactoryPositionMenu_UpTitel,0},
 230             {4,10,GREEN,TRANSPARENCE,YELLOW,TRANSPARENCE,DWT_Text,FactoryPositionMenu_UpArrowsTitel,0},
 231             {5,10,GREEN,TRANSPARENCE,GREEN,TRANSPARENCE,DWT_Text,FactoryPositionMenu_UpVerticalTitel,0},
 232             {6,10,GREEN,TRANSPARENCE,GREEN,TRANSPARENCE,DWT_Text,FactoryPositionMenu_UpVerticalTitel,0},
 233             {7,10,GREEN,TRANSPARENCE,GREEN,TRANSPARENCE,DWT_Text,FactoryPositionMenu_UpPlusSignTitel,0},
 234             {8,10,GREEN,TRANSPARENCE,GREEN,TRANSPARENCE,DWT_Text,FactoryPositionMenu_DownVerticalTitel,0},
 235             {9,10,GREEN,TRANSPARENCE,GREEN,TRANSPARENCE,DWT_Text,FactoryPositionMenu_DownVerticalTitel,0},
C51 COMPILER V9.00   OSD_FACTORYPOSITIONMENU                                               10/15/2014 09:45:24 PAGE 5   

 236             {10,10,GREEN,TRANSPARENCE,GREEN,TRANSPARENCE,DWT_Text,FactoryPositionMenu_DownArrowsTitel,0},
 237             {11,10,GREEN,TRANSPARENCE,GREEN,TRANSPARENCE,DWT_Text,FactoryPositionMenu_DownTitel,0},
 238             
 239             {7,3, GREEN,TRANSPARENCE,GREEN,TRANSPARENCE,DWT_Text,FactoryPositionMenu_LeftTitel,0},
 240             {7,7, GREEN,TRANSPARENCE,GREEN,TRANSPARENCE,DWT_Text,FactoryPositionMenu_LeftArrowsTitel,0},
 241             {7,8, GREEN,TRANSPARENCE,GREEN,TRANSPARENCE,DWT_Text,FactoryPositionMenu_LeftLineTitel,0},
 242             {7,9, GREEN,TRANSPARENCE,GREEN,TRANSPARENCE,DWT_Text,FactoryPositionMenu_LeftLineTitel,0},
 243             {7,11,GREEN,TRANSPARENCE,GREEN,TRANSPARENCE,DWT_Text,FactoryPositionMenu_RightLineTitel,0},
 244             {7,12,GREEN,TRANSPARENCE,GREEN,TRANSPARENCE,DWT_Text,FactoryPositionMenu_RightLineTitel,0},
 245             {7,13,GREEN,TRANSPARENCE,GREEN,TRANSPARENCE,DWT_Text,FactoryPositionMenu_RightArrowsTitel,0},
 246             {7,14,GREEN,TRANSPARENCE,GREEN,TRANSPARENCE,DWT_Text,FactoryPositionMenu_RightTitel,osdEnd},
 247          };
 248          
 249          TitelType CODE FactoryPositionMenuItem_DownTitelTab[]=
 250          {
 251             {3,10,GREEN,TRANSPARENCE,GREEN,TRANSPARENCE,DWT_Text,FactoryPositionMenu_UpTitel,0},
 252             {4,10,GREEN,TRANSPARENCE,GREEN,TRANSPARENCE,DWT_Text,FactoryPositionMenu_UpArrowsTitel,0},
 253             {5,10,GREEN,TRANSPARENCE,GREEN,TRANSPARENCE,DWT_Text,FactoryPositionMenu_UpVerticalTitel,0},
 254             {6,10,GREEN,TRANSPARENCE,GREEN,TRANSPARENCE,DWT_Text,FactoryPositionMenu_UpVerticalTitel,0},
 255             {7,10,GREEN,TRANSPARENCE,GREEN,TRANSPARENCE,DWT_Text,FactoryPositionMenu_UpPlusSignTitel,0},
 256             {8,10,GREEN,TRANSPARENCE,GREEN,TRANSPARENCE,DWT_Text,FactoryPositionMenu_DownVerticalTitel,0},
 257             {9,10,GREEN,TRANSPARENCE,GREEN,TRANSPARENCE,DWT_Text,FactoryPositionMenu_DownVerticalTitel,0},
 258             {10,10,GREEN,TRANSPARENCE,YELLOW,TRANSPARENCE,DWT_Text,FactoryPositionMenu_DownArrowsTitel,0},
 259             {11,10,GREEN,TRANSPARENCE,YELLOW,TRANSPARENCE,DWT_Text,FactoryPositionMenu_DownTitel,0},
 260             
 261             {7,3, GREEN,TRANSPARENCE,GREEN,TRANSPARENCE,DWT_Text,FactoryPositionMenu_LeftTitel,0},
 262             {7,7, GREEN,TRANSPARENCE,GREEN,TRANSPARENCE,DWT_Text,FactoryPositionMenu_LeftArrowsTitel,0},
 263             {7,8, GREEN,TRANSPARENCE,GREEN,TRANSPARENCE,DWT_Text,FactoryPositionMenu_LeftLineTitel,0},
 264             {7,9, GREEN,TRANSPARENCE,GREEN,TRANSPARENCE,DWT_Text,FactoryPositionMenu_LeftLineTitel,0},
 265             {7,11, GREEN,TRANSPARENCE,GREEN,TRANSPARENCE,DWT_Text,FactoryPositionMenu_RightLineTitel,0},
 266             {7,12, GREEN,TRANSPARENCE,GREEN,TRANSPARENCE,DWT_Text,FactoryPositionMenu_RightLineTitel,0},
 267             {7,13, GREEN,TRANSPARENCE,GREEN,TRANSPARENCE,DWT_Text,FactoryPositionMenu_RightArrowsTitel,0},
 268             {7,14, GREEN,TRANSPARENCE,GREEN,TRANSPARENCE,DWT_Text,FactoryPositionMenu_RightTitel,osdEnd},
 269          };
 270          
 271          TitelType CODE FactoryPositionMenuItem_LeftTitelTab[]=
 272          {
 273             {3,10,GREEN,TRANSPARENCE,GREEN,TRANSPARENCE,DWT_Text,FactoryPositionMenu_UpTitel,0},
 274             {4,10,GREEN,TRANSPARENCE,GREEN,TRANSPARENCE,DWT_Text,FactoryPositionMenu_UpArrowsTitel,0},
 275             {5,10,GREEN,TRANSPARENCE,GREEN,TRANSPARENCE,DWT_Text,FactoryPositionMenu_UpVerticalTitel,0},
 276             {6,10,GREEN,TRANSPARENCE,GREEN,TRANSPARENCE,DWT_Text,FactoryPositionMenu_UpVerticalTitel,0},
 277             {7,10,GREEN,TRANSPARENCE,GREEN,TRANSPARENCE,DWT_Text,FactoryPositionMenu_UpPlusSignTitel,0},
 278             {8,10, GREEN,TRANSPARENCE,GREEN,TRANSPARENCE,DWT_Text,FactoryPositionMenu_DownVerticalTitel,0},
 279             {9,10, GREEN,TRANSPARENCE,GREEN,TRANSPARENCE,DWT_Text,FactoryPositionMenu_DownVerticalTitel,0},
 280             {10,10, GREEN,TRANSPARENCE,GREEN,TRANSPARENCE,DWT_Text,FactoryPositionMenu_DownArrowsTitel,0},
 281             {11,10, GREEN,TRANSPARENCE,GREEN,TRANSPARENCE,DWT_Text,FactoryPositionMenu_DownTitel,0},
 282             
 283             {7,3, GREEN,TRANSPARENCE,YELLOW,TRANSPARENCE,DWT_Text,FactoryPositionMenu_LeftTitel,0},
 284             {7,7, GREEN,TRANSPARENCE,YELLOW,TRANSPARENCE,DWT_Text,FactoryPositionMenu_LeftArrowsTitel,0},
 285             {7,8, GREEN,TRANSPARENCE,GREEN,TRANSPARENCE,DWT_Text,FactoryPositionMenu_LeftLineTitel,0},
 286             {7,9, GREEN,TRANSPARENCE,GREEN,TRANSPARENCE,DWT_Text,FactoryPositionMenu_LeftLineTitel,0},
 287             {7,11, GREEN,TRANSPARENCE,GREEN,TRANSPARENCE,DWT_Text,FactoryPositionMenu_RightLineTitel,0},
 288             {7,12, GREEN,TRANSPARENCE,GREEN,TRANSPARENCE,DWT_Text,FactoryPositionMenu_RightLineTitel,0},
 289             {7,13, GREEN,TRANSPARENCE,GREEN,TRANSPARENCE,DWT_Text,FactoryPositionMenu_RightArrowsTitel,0},
 290             {7,14, GREEN,TRANSPARENCE,GREEN,TRANSPARENCE,DWT_Text,FactoryPositionMenu_RightTitel,osdEnd},
 291          };
 292          
 293          TitelType CODE FactoryPositionMenuItem_RightTitelTab[]=
 294          {
 295             {3,10,GREEN,TRANSPARENCE,GREEN,TRANSPARENCE,DWT_Text,FactoryPositionMenu_UpTitel,0},
 296             {4,10,GREEN,TRANSPARENCE,GREEN,TRANSPARENCE,DWT_Text,FactoryPositionMenu_UpArrowsTitel,0},
 297             {5,10,GREEN,TRANSPARENCE,GREEN,TRANSPARENCE,DWT_Text,FactoryPositionMenu_UpVerticalTitel,0},
C51 COMPILER V9.00   OSD_FACTORYPOSITIONMENU                                               10/15/2014 09:45:24 PAGE 6   

 298             {6,10,GREEN,TRANSPARENCE,GREEN,TRANSPARENCE,DWT_Text,FactoryPositionMenu_UpVerticalTitel,0},
 299             {7,10,GREEN,TRANSPARENCE,GREEN,TRANSPARENCE,DWT_Text,FactoryPositionMenu_UpPlusSignTitel,0},
 300             {8,10, GREEN,TRANSPARENCE,GREEN,TRANSPARENCE,DWT_Text,FactoryPositionMenu_DownVerticalTitel,0},
 301             {9,10, GREEN,TRANSPARENCE,GREEN,TRANSPARENCE,DWT_Text,FactoryPositionMenu_DownVerticalTitel,0},
 302             {10,10, GREEN,TRANSPARENCE,GREEN,TRANSPARENCE,DWT_Text,FactoryPositionMenu_DownArrowsTitel,0},
 303             {11,10, GREEN,TRANSPARENCE,GREEN,TRANSPARENCE,DWT_Text,FactoryPositionMenu_DownTitel,0},
 304             
 305             {7,3, GREEN,TRANSPARENCE,GREEN,TRANSPARENCE,DWT_Text,FactoryPositionMenu_LeftTitel,0},
 306             {7,7, GREEN,TRANSPARENCE,GREEN,TRANSPARENCE,DWT_Text,FactoryPositionMenu_LeftArrowsTitel,0},
 307             {7,8, GREEN,TRANSPARENCE,GREEN,TRANSPARENCE,DWT_Text,FactoryPositionMenu_LeftLineTitel,0},
 308             {7,9, GREEN,TRANSPARENCE,GREEN,TRANSPARENCE,DWT_Text,FactoryPositionMenu_LeftLineTitel,0},
 309             {7,11, GREEN,TRANSPARENCE,GREEN,TRANSPARENCE,DWT_Text,FactoryPositionMenu_RightLineTitel,0},
 310             {7,12, GREEN,TRANSPARENCE,GREEN,TRANSPARENCE,DWT_Text,FactoryPositionMenu_RightLineTitel,0},
 311             {7,13, GREEN,TRANSPARENCE,YELLOW,TRANSPARENCE,DWT_Text,FactoryPositionMenu_RightArrowsTitel,0},
 312             {7,14, GREEN,TRANSPARENCE,YELLOW,TRANSPARENCE,DWT_Text,FactoryPositionMenu_RightTitel,osdEnd},
 313          };
 314          
 315          
 316          
 317          /*****************************************************************
 318                                    Menu Icon table
 319          *****************************************************************/
 320          
 321          
 322          
 323          /*****************************************************************
 324                                   Menu  Titel table
 325          *****************************************************************/
 326          
 327          #endif


MODULE INFORMATION:   STATIC OVERLAYABLE
   CODE SIZE        =    245    ----
   CONSTANT SIZE    =    926    ----
   XDATA SIZE       =   ----       3
   PDATA SIZE       =   ----    ----
   DATA SIZE        =   ----    ----
   IDATA SIZE       =   ----    ----
   BIT SIZE         =   ----    ----
END OF MODULE INFORMATION.


C51 COMPILATION COMPLETE.  0 WARNING(S),  0 ERROR(S)
