C51 COMPILER V9.00   OSD_NOSIGNALMENU                                                      04/13/2015 11:40:43 PAGE 1   


C51 COMPILER V9.00, COMPILATION OF MODULE OSD_NOSIGNALMENU
OBJECT MODULE PLACED IN ..\Hex\Osd_NoSignalMenu.obj
COMPILER INVOKED BY: C:\Program Files\App Software\Keil V4\C51\BIN\C51.EXE ..\..\..\OSD\Osd_NoSignalMenu.c BROWSE INCDIR
                    -(..\..\..\OSD;..\..\..\OSD\Logo;../../../Inc;../../../UserConfig;../../../ARKLib;../../../UserConfig/Prj config;..\..\..
                    -\LCD Pannels;..\..\..\LCD Pannels\LCD parameter;..\..\..\GetUserInput;..\..\..\GetUserInput\Ir;..\..\..\GetUserInput\Key
                    -;..\..\..\GetUserInput\GPIO;..\..\..\Device driver\AMT;..\..\..\Device driver\ArkChip;..\..\..\Device driver\Mcu;..\..\.
                    -.\Device driver\Flash;..\..\..\Device driver\I2C;..\..\..\Device driver\E2prom;..\..\..\Device driver\WT5700;..\..\..\De
                    -vice driver\Kt0803l;..\..\..\Device driver\BT;..\..\..\Debug) DEBUG OBJECTEXTEND PRINT(..\List\Osd_NoSignalMenu.lst) OBJ
                    -ECT(..\Hex\Osd_NoSignalMenu.obj)

line level    source

   1          #define _OSD_NOSIGNAL_MENU_C_
   2          
   3          
   4          
   5          #include "DataType.h"
   6          #include "SystemConfig.h"
   7          #include "Global.h"
   8          #include "MsgMap.h"
   9          #include "sysWorkPara.h"
  10          #include "sysPower.h" 
  11          #include "videoProc.h"
  12          #include "configLCDPara.h"
  13          #include "Debug.h"
  14          #include "Delay.h"
  15          #include "AMT_REG.H"
  16          #include "AMT_Drv.h"
  17          #include "AMT_MCU.h"
  18          #include "Osd_Menu.h"
  19          #include "Osd_MenuPage.h"
  20          
  21          
  22          
  23          
  24          #ifdef NoSignalEn
              /*****************************************************************
                                          Text
              *****************************************************************/
              UCHAR* CODE NoSignalMenuStr[]=
              {
                  "NO SIGNAL",
              };
              
              
              
              /*****************************************************************
                                          String
              *****************************************************************/
              UCHAR * CODE NoSignalMenu_TitelStr(void)
              {
                  return NoSignalMenuStr[0];
              }
              
              
              
              /*****************************************************************
                                         Function
              *****************************************************************/
              AdjustType NoSignalMenu_CheckCondition (void)
              {
C51 COMPILER V9.00   OSD_NOSIGNALMENU                                                      04/13/2015 11:40:43 PAGE 2   

                      AdjustType XDATA adjust = {0,0,0};
                      adjust.Flags |= osdVisible;
                      //printfStr("NoSignalMenu_CheckCondition");
                      return adjust;
              }
              
              
              
              /*****************************************************************
                                        Item value table
              *****************************************************************/
              
              
              
              /*****************************************************************
                                        Item Icon table
              *****************************************************************/
              
              
              
              /*****************************************************************
                                       Item  Titel table
              *****************************************************************/
              TitelType CODE NoSignalMenuItem_NoSignalTitelTab[]=
              {
                 {0,0,RED,TRANSPARENCE,RED,TRANSPARENCE,DWT_Text,NoSignalMenu_TitelStr,osdEnd},
              };
              
              
              
              /*****************************************************************
                                        Menu Icon table
              *****************************************************************/
              
              
              
              /*****************************************************************
                                       Menu  Titel table
              *****************************************************************/
              
              
              
              /*****************************************************************
                                         Item table
              *****************************************************************/
              #endif
  96          
  97          


MODULE INFORMATION:   STATIC OVERLAYABLE
   CODE SIZE        =   ----    ----
   CONSTANT SIZE    =   ----    ----
   XDATA SIZE       =   ----    ----
   PDATA SIZE       =   ----    ----
   DATA SIZE        =   ----    ----
   IDATA SIZE       =   ----    ----
   BIT SIZE         =   ----    ----
END OF MODULE INFORMATION.


C51 COMPILATION COMPLETE.  0 WARNING(S),  0 ERROR(S)
