C51 COMPILER V9.00   OSD_POWEROFFMENU                                                      04/13/2015 11:40:42 PAGE 1   


C51 COMPILER V9.00, COMPILATION OF MODULE OSD_POWEROFFMENU
OBJECT MODULE PLACED IN ..\Hex\Osd_PowerOffMenu.obj
COMPILER INVOKED BY: C:\Program Files\App Software\Keil V4\C51\BIN\C51.EXE ..\..\..\OSD\Osd_PowerOffMenu.c BROWSE INCDIR
                    -(..\..\..\OSD;..\..\..\OSD\Logo;../../../Inc;../../../UserConfig;../../../ARKLib;../../../UserConfig/Prj config;..\..\..
                    -\LCD Pannels;..\..\..\LCD Pannels\LCD parameter;..\..\..\GetUserInput;..\..\..\GetUserInput\Ir;..\..\..\GetUserInput\Key
                    -;..\..\..\GetUserInput\GPIO;..\..\..\Device driver\AMT;..\..\..\Device driver\ArkChip;..\..\..\Device driver\Mcu;..\..\.
                    -.\Device driver\Flash;..\..\..\Device driver\I2C;..\..\..\Device driver\E2prom;..\..\..\Device driver\WT5700;..\..\..\De
                    -vice driver\Kt0803l;..\..\..\Device driver\BT;..\..\..\Debug) DEBUG OBJECTEXTEND PRINT(..\List\Osd_PowerOffMenu.lst) OBJ
                    -ECT(..\Hex\Osd_PowerOffMenu.obj)

line level    source

   1          #define _OSD_POWEROFF_MENU_C_
   2          
   3          
   4          
   5          #include "DataType.h"
   6          #include "SystemConfig.h"
   7          #include "Global.h"
   8          #include "MsgMap.h"
   9          #include "sysWorkPara.h"
  10          #include "sysPower.h" 
  11          #include "videoProc.h"
  12          #include "configLCDPara.h"
  13          #include "Debug.h"
  14          #include "Delay.h"
  15          #include "AMT_REG.H"
  16          #include "AMT_Drv.h"
  17          #include "AMT_MCU.h"
  18          #include "Osd_Menu.h"
  19          #include "Osd_MenuPage.h"
  20          
  21          
  22          
  23          /*****************************************************************
  24                                     comd map
  25          *****************************************************************/
  26          
  27          
  28          /*****************************************************************
  29                                      Text
  30          *****************************************************************/
  31          
  32          
  33          
  34          /*****************************************************************
  35                                      String
  36          *****************************************************************/
  37          
  38          
  39          /*****************************************************************
  40                                     Function
  41          *****************************************************************/
  42          
  43          
  44          
  45          /*****************************************************************
  46                                    Item value table
  47          *****************************************************************/
  48          
  49          
C51 COMPILER V9.00   OSD_POWEROFFMENU                                                      04/13/2015 11:40:42 PAGE 2   

  50          /*****************************************************************
  51                                    Item Icon table
  52          *****************************************************************/
  53          
  54          
  55          /*****************************************************************
  56                                   Item  Titel table
  57          *****************************************************************/
  58          
  59          
  60          /*****************************************************************
  61                                    Menu Icon table
  62          *****************************************************************/
  63          
  64          
  65          
  66          /*****************************************************************
  67                                   Menu  Titel table
  68          *****************************************************************/
  69          
  70          
  71          
  72          /*****************************************************************
  73                                     Item table
  74          *****************************************************************/
  75          


MODULE INFORMATION:   STATIC OVERLAYABLE
   CODE SIZE        =   ----    ----
   CONSTANT SIZE    =   ----    ----
   XDATA SIZE       =   ----    ----
   PDATA SIZE       =   ----    ----
   DATA SIZE        =   ----    ----
   IDATA SIZE       =   ----    ----
   BIT SIZE         =   ----    ----
END OF MODULE INFORMATION.


C51 COMPILATION COMPLETE.  0 WARNING(S),  0 ERROR(S)
