C51 COMPILER V9.00   OSD_QUICKLYVOLUMEMENU                                                 10/14/2014 11:37:41 PAGE 1   


C51 COMPILER V9.00, COMPILATION OF MODULE OSD_QUICKLYVOLUMEMENU
OBJECT MODULE PLACED IN ..\Hex\Osd_QuicklyVolumeMenu.obj
COMPILER INVOKED BY: C:\Program Files\App Software\Keil V4\C51\BIN\C51.EXE ..\..\..\OSD\Osd_QuicklyVolumeMenu.c BROWSE I
                    -NCDIR(..\..\..\OSD;..\..\..\OSD\Logo;../../../Inc;../../../UserConfig;../../../ARKLib;../../../UserConfig/Prj config;..\
                    -..\..\LCD Pannels;..\..\..\LCD Pannels\LCD parameter;..\..\..\GetUserInput;..\..\..\GetUserInput\Ir;..\..\..\GetUserInpu
                    -t\Key;..\..\..\GetUserInput\GPIO;..\..\..\Device driver\AMT;..\..\..\Device driver\ArkChip;..\..\..\Device driver\Mcu;..
                    -\..\..\Device driver\Flash;..\..\..\Device driver\I2C;..\..\..\Device driver\E2prom;..\..\..\Device driver\WT5700;..\..\
                    -..\Device driver\Kt0803l;..\..\..\Device driver\BT;..\..\..\Debug) DEBUG OBJECTEXTEND PRINT(..\List\Osd_QuicklyVolumeMen
                    -u.lst) OBJECT(..\Hex\Osd_QuicklyVolumeMenu.obj)

line level    source

   1          #define _OSD_QUICKLY_VOLUME_MENU_C_
   2          
   3          
   4          
   5          #include "DataType.h"
   6          #include "SystemConfig.h"
   7          #include "Global.h"
   8          #include "MsgMap.h"
   9          #include "sysWorkPara.h"
  10          #include "sysPower.h" 
  11          #include "videoProc.h"
  12          #include "configLCDPara.h"
  13          #include "Debug.h"
  14          #include "Delay.h"
  15          #include "AMT_REG.H"
  16          #include "AMT_Drv.h"
  17          #include "AMT_MCU.h"
  18          #include "Osd_Menu.h"
  19          #include "Osd_MenuPage.h"
  20          #include "Osd_BitMapFontDat.h"
  21          
  22          
  23          
  24          /*****************************************************************
  25                                      Text
  26          *****************************************************************/
  27          UCHAR* CODE QuicklyVolumeMenuStr[]=
  28          {
  29              "VOLUME",
  30                  "VOLUME",
  31                  "VOLUME",
  32                  "VOLUME",
  33              "VOLUME",
  34                  "VOLUME",
  35                  "VOLUME",
  36                  "VOLUME",
  37                  "#\x0A2#\x0A3",
  38                  "VOLUME",
  39                  "VOLUME",
  40                  "VOLUME",
  41                  "VOLUME",
  42                  
  43          };
  44          
  45          
  46          
  47          /*****************************************************************
  48                                      String
  49          *****************************************************************/
C51 COMPILER V9.00   OSD_QUICKLYVOLUMEMENU                                                 10/14/2014 11:37:41 PAGE 2   

  50          UCHAR * QuicklyVolumeMenu_TitelStr(void)
  51          {
  52   1          return QuicklyVolumeMenuStr[g_sysSetting.Osd.curlanguage];
  53   1      }
  54          
  55          
  56          
  57          
  58          /*****************************************************************
  59                                     Function
  60          *****************************************************************/
  61          AdjustType QuicklyVolumeMenu_CheckCondition(void)
  62          {
  63   1          AdjustType XDATA adjust = {0,0,0};
  64   1              if(g_ucOsdEixt & OsdMenu)
  65   1              {  
  66   2                 adjust.Flags |= osdVisible;
  67   2              }
  68   1              else
  69   1              {
  70   2                adjust.Flags |= osdInvisible;
  71   2              }
  72   1              g_ucOsdEixt &= ~OsdMenu;
  73   1              g_ucOsdEixt |= OsdSource;
  74   1              adjust.XPos= g_sysSetting.Osd.xOffset;
  75   1              adjust.YPos= g_sysSetting.Osd.yOffset;
  76   1              //printfStr("VolumeMenu_CheckCondition");
  77   1              return adjust;
  78   1      }
  79          
  80          
  81          BOOL QuicklyVolumeMenuItem_DrawStyle(void)
  82          {
  83   1          //printfStr("QuicklyModeMenuModeItem_DrawStyle");
  84   1          OsdWndClear(0X00, 0X00, 0X00, 0X11);
  85   1          return 0;
  86   1      }
  87          
  88          
  89          SWORD GetQuicklyVolumeVal(void)
  90          {
  91   1           //printfStr("GetQuicklyVolumeVal");
  92   1           return g_sysSetting.Audio.volVal;
  93   1      }
  94          
  95          
  96          BOOL AdjustQuicklyVolume(UCHAR opratComd)
  97          {
  98   1          if(opratComd == COMD_IncValue)
  99   1          {
 100   2                        if(g_sysSetting.Audio.volVal<MAX_VALUE)
 101   2                        {
 102   3                            g_sysSetting.Audio.volVal++;
 103   3                        } 
 104   2                        //printf("volVal Inc Value ++ = %d",g_sysSetting.Audio.volVal);
 105   2          }
 106   1              if(opratComd == COMD_DecValue)
 107   1              {
 108   2                  
 109   2                        if(g_sysSetting.Audio.volVal>0)
 110   2                        {
 111   3                            g_sysSetting.Audio.volVal--;
C51 COMPILER V9.00   OSD_QUICKLYVOLUMEMENU                                                 10/14/2014 11:37:41 PAGE 3   

 112   3                        } 
 113   2                       //printf("volVal Dec Value -- =%d",g_sysSetting.Audio.volVal);
 114   2              }
 115   1              return 1;
 116   1      }
 117          
 118          
 119          BOOL ExectQuicklyVolume(void)
 120          {
 121   1         //printfStr("ExectQuicklyVolume");
 122   1         #ifdef AudioCtrlEn
                 #if AUDIO_CTRL == VOLUME_PWM_CTRL
                 CtrlVolumeByPWM(g_sysSetting.Audio.volVal);
                 #endif
                 #endif
 127   1         
 128   1         return 1;
 129   1      }
 130          
 131          
 132          /*****************************************************************
 133                                    Item value table
 134          *****************************************************************/
 135          DrawNumberType CODE Number_QuicklyVolume[]=
 136          {
 137              {0,14,RED,GRAY,RED,GRAY, GetQuicklyVolumeVal,osdDecNum|osdEnd},
 138          };
 139          
 140          DrawGuageType CODE Gugae_QuicklyVolume[]=
 141          {
 142              {1,0,CYAN,GRAY,CYAN,GRAY, 100,GetQuicklyVolumeVal,osdEnd},
 143          };
 144          
 145          ItemValueType CODE QuicklyVolumeMenuItemVal_QuicklyVolume[]=
 146          {
 147               {
 148                        Number_QuicklyVolume,
 149                        Gugae_QuicklyVolume,
 150                        NULL,   
 151                        osdEnd,
 152               },
 153          };
 154          
 155          
 156          /*****************************************************************
 157                                    Item Icon table
 158          *****************************************************************/
 159          
 160          
 161          
 162          /*****************************************************************
 163                                   Item  Titel table
 164          *****************************************************************/
 165          TitelType CODE QuicklyVolumeMenuItem_QuicklyVolumeTitelTab[]=
 166          {
 167             {0,0,RED,GRAY,RED,GRAY,DWT_Text,QuicklyVolumeMenu_TitelStr,osdEnd},
 168          };
 169          
 170          
 171          /*****************************************************************
 172                                    Menu Icon table
 173          *****************************************************************/
C51 COMPILER V9.00   OSD_QUICKLYVOLUMEMENU                                                 10/14/2014 11:37:41 PAGE 4   

 174          
 175          
 176          
 177          /*****************************************************************
 178                                   Menu  Titel table
 179          *****************************************************************/
 180          
 181          


MODULE INFORMATION:   STATIC OVERLAYABLE
   CODE SIZE        =    149    ----
   CONSTANT SIZE    =    100    ----
   XDATA SIZE       =   ----       3
   PDATA SIZE       =   ----    ----
   DATA SIZE        =   ----    ----
   IDATA SIZE       =   ----    ----
   BIT SIZE         =   ----    ----
END OF MODULE INFORMATION.


C51 COMPILATION COMPLETE.  0 WARNING(S),  0 ERROR(S)
