C51 COMPILER V9.00   OSD_VOLUMEMENU                                                        04/13/2015 11:40:44 PAGE 1   


C51 COMPILER V9.00, COMPILATION OF MODULE OSD_VOLUMEMENU
OBJECT MODULE PLACED IN ..\Hex\Osd_VolumeMenu.obj
COMPILER INVOKED BY: C:\Program Files\App Software\Keil V4\C51\BIN\C51.EXE ..\..\..\OSD\Osd_VolumeMenu.c BROWSE INCDIR(.
                    -.\..\..\OSD;..\..\..\OSD\Logo;../../../Inc;../../../UserConfig;../../../ARKLib;../../../UserConfig/Prj config;..\..\..\L
                    -CD Pannels;..\..\..\LCD Pannels\LCD parameter;..\..\..\GetUserInput;..\..\..\GetUserInput\Ir;..\..\..\GetUserInput\Key;.
                    -.\..\..\GetUserInput\GPIO;..\..\..\Device driver\AMT;..\..\..\Device driver\ArkChip;..\..\..\Device driver\Mcu;..\..\..\
                    -Device driver\Flash;..\..\..\Device driver\I2C;..\..\..\Device driver\E2prom;..\..\..\Device driver\WT5700;..\..\..\Devi
                    -ce driver\Kt0803l;..\..\..\Device driver\BT;..\..\..\Debug) DEBUG OBJECTEXTEND PRINT(..\List\Osd_VolumeMenu.lst) OBJECT(
                    -..\Hex\Osd_VolumeMenu.obj)

line level    source

   1          #define _OSD_VOLUME_MENU_C_
   2          
   3          
   4          
   5          #include "DataType.h"
   6          #include "SystemConfig.h"
   7          #include "Global.h"
   8          #include "MsgMap.h"
   9          #include "sysWorkPara.h"
  10          #include "sysPower.h" 
  11          #include "videoProc.h"
  12          #include "configLCDPara.h"
  13          #include "Debug.h"
  14          #include "Delay.h"
  15          #include "AMT_REG.H"
  16          #include "AMT_Drv.h"
  17          #include "AMT_MCU.h"
  18          #include "Osd_Menu.h"
  19          #include "Osd_MenuPage.h"
  20          
  21          
  22          
  23          
  24          /*****************************************************************
  25                                      Text
  26          *****************************************************************/
  27          UCHAR* CODE VolumeMenuStr[]=
  28          {
  29              "VOLUME",
  30                  "VOLUME",
  31                  "VOLUME",
  32                  "VOLUME",
  33              "LAUTST\x093RKE",
  34                  "VOLUME",
  35                  "VOLUME",
  36                  "\x00A\x024\x0B7\x012\x010\x0B7\x025\x0B8\x028",
  37                  "#\x056#\x063",
  38                  "#\x056#\x063",
  39                  "VOLUME",
  40                  "VOLUME",
  41                  "VOLUME",
  42          };
  43          
  44          
  45          
  46          
  47          /*****************************************************************
  48                                      String
  49          *****************************************************************/
C51 COMPILER V9.00   OSD_VOLUMEMENU                                                        04/13/2015 11:40:44 PAGE 2   

  50          UCHAR * VolumeMenu_TitelStr(void)
  51          {
  52   1          return VolumeMenuStr[g_sysSetting.Osd.curlanguage];
  53   1      }
  54          
  55          
  56          
  57          /*****************************************************************
  58                                     Function
  59          *****************************************************************/
  60          AdjustType VolumeMenu_CheckCondition(void)
  61          {
  62   1              AdjustType XDATA adjust = {0,0,0};
  63   1      
  64   1              if(ON == g_sysSetting.Factory.volumeswitch)
  65   1              {   
  66   2                      adjust.Flags |= osdVisible;
  67   2                      //printfStr("Volume Visibla");
  68   2              }
  69   1              else
  70   1              {
  71   2                  adjust.Flags |= osdInvisible; 
  72   2                      //printfStr("Volume Invisible");
  73   2              }
  74   1              adjust.XPos= g_sysSetting.Osd.xOffset;
  75   1              adjust.YPos= g_sysSetting.Osd.yOffset;
  76   1              
  77   1              //printfStr("VolumeMenu_CheckCondition");
  78   1              return adjust;
  79   1      }
  80          
  81          
  82          
  83          
  84          BOOL VolumeMenuItem_DrawStyle(void)
  85          {
  86   1          //printfStr("VolumeMenuItem_DrawStyle");
  87   1          OsdWndClear(0X00, 0X00, 0X00, 0X11);
  88   1          return 0;
  89   1      }
  90          
  91          
  92          SWORD GetVolumeVal(void)
  93          {
  94   1           //printfStr("GetVolumeVal");
  95   1           return g_sysSetting.Audio.volVal;
  96   1      }
  97          
  98          
  99          BOOL AdjustVolume(UCHAR opratComd)
 100          {
 101   1          if((opratComd == COMD_IncValue)||(opratComd == COMD_IncVolume))
 102   1          {
 103   2                        if(g_sysSetting.Audio.volVal<MAX_VALUE)
 104   2                        {
 105   3                            g_sysSetting.Audio.volVal++;
 106   3                        } 
 107   2                        //printf("volVal Inc Value ++ = %d",g_sysSetting.Audio.volVal);
 108   2          }
 109   1              if((opratComd == COMD_DecValue)||(opratComd == COMD_DecVolume))
 110   1              {
 111   2                  
C51 COMPILER V9.00   OSD_VOLUMEMENU                                                        04/13/2015 11:40:44 PAGE 3   

 112   2                        if(g_sysSetting.Audio.volVal>0)
 113   2                        {
 114   3                            g_sysSetting.Audio.volVal--;
 115   3                        } 
 116   2                       //printf("volVal Dec Value -- =%d",g_sysSetting.Audio.volVal);
 117   2              }
 118   1              return 1;
 119   1      }
 120          
 121          
 122          BOOL ExectVolume(void)
 123          {
 124   1         //printfStr("ExectVolume");
 125   1         #ifdef AudioCtrlEn
                 #if AUDIO_CTRL == VOLUME_PWM_CTRL
                 CtrlVolumeByPWM(g_sysSetting.Audio.volVal);
                 #endif
                 #endif
 130   1         
 131   1         return 1;
 132   1      }
 133          
 134          
 135          /*****************************************************************
 136                                    Item value table
 137          *****************************************************************/
 138          DrawNumberType CODE Number_Volume[]=
 139          {
 140              {0,14,RED,TRANSPARENCE,RED,TRANSPARENCE, GetVolumeVal,osdDecNum|osdEnd},
 141          };
 142          
 143          DrawGuageType CODE Gugae_Volume[]=
 144          {
 145              {1,0,WHITE,TRANSPARENCE,WHITE,TRANSPARENCE, MAX_VALUE,GetVolumeVal,osdEnd},
 146          };
 147          
 148          
 149          ItemValueType CODE VolumeMenuItemVal_Volume[]=
 150          {
 151               {
 152                        Number_Volume,
 153                        Gugae_Volume,
 154                        NULL,   
 155                        osdEnd,
 156               },
 157          };
 158          
 159          
 160          /*****************************************************************
 161                                    Item Icon table
 162          *****************************************************************/
 163          
 164          
 165          
 166          /*****************************************************************
 167                                   Item  Titel table
 168          *****************************************************************/
 169          TitelType CODE VolumeMenuItem_VolumeTitelTab[]=
 170          {
 171             {0,0,RED,TRANSPARENCE,RED,TRANSPARENCE,DWT_Text,VolumeMenu_TitelStr,osdEnd},
 172          };
 173          
C51 COMPILER V9.00   OSD_VOLUMEMENU                                                        04/13/2015 11:40:44 PAGE 4   

 174          
 175          /*****************************************************************
 176                                    Menu Icon table
 177          *****************************************************************/
 178          
 179          
 180          
 181          /*****************************************************************
 182                                   Menu  Titel table
 183          *****************************************************************/
 184          


MODULE INFORMATION:   STATIC OVERLAYABLE
   CODE SIZE        =    155    ----
   CONSTANT SIZE    =    121    ----
   XDATA SIZE       =   ----       3
   PDATA SIZE       =   ----    ----
   DATA SIZE        =   ----    ----
   IDATA SIZE       =   ----    ----
   BIT SIZE         =   ----    ----
END OF MODULE INFORMATION.


C51 COMPILATION COMPLETE.  0 WARNING(S),  0 ERROR(S)
