C51 COMPILER V9.00   OSD_AMT630FONTLIB                                                     04/13/2015 11:40:42 PAGE 1   


C51 COMPILER V9.00, COMPILATION OF MODULE OSD_AMT630FONTLIB
OBJECT MODULE PLACED IN ..\Hex\Osd_AMT630FontLib.obj
COMPILER INVOKED BY: C:\Program Files\App Software\Keil V4\C51\BIN\C51.EXE ..\..\..\OSD\Osd_AMT630FontLib.c BROWSE INCDI
                    -R(..\..\..\OSD;..\..\..\OSD\Logo;../../../Inc;../../../UserConfig;../../../ARKLib;../../../UserConfig/Prj config;..\..\.
                    -.\LCD Pannels;..\..\..\LCD Pannels\LCD parameter;..\..\..\GetUserInput;..\..\..\GetUserInput\Ir;..\..\..\GetUserInput\Ke
                    -y;..\..\..\GetUserInput\GPIO;..\..\..\Device driver\AMT;..\..\..\Device driver\ArkChip;..\..\..\Device driver\Mcu;..\..\
                    -..\Device driver\Flash;..\..\..\Device driver\I2C;..\..\..\Device driver\E2prom;..\..\..\Device driver\WT5700;..\..\..\D
                    -evice driver\Kt0803l;..\..\..\Device driver\BT;..\..\..\Debug) DEBUG OBJECTEXTEND PRINT(..\List\Osd_AMT630FontLib.lst) O
                    -BJECT(..\Hex\Osd_AMT630FontLib.obj)

line level    source

   1          #include "DataType.h"
   2          #include "systemConfig.h"
   3          
   4          /*
   5          AMT630 Font Rom 资源12*16
   6          */
   7          #if(ICON_SIZE == SIZE_12X16)
   8          UCHAR CODE AMT630FontLib[] =
   9          {
  10            /*空的BITMAP */
  11            0x00,0x00,
  12            0x00,0x00,
  13            0x00,0x00,
  14            0x00,0x00,
  15            0x00,0x00,
  16            0x00,0x00,
  17            0x00,0x00,
  18            0x00,0x00,
  19            0x00,0x00,
  20            0x00,0x00,
  21            0x00,0x00,
  22            0x00,0x00,
  23            0x00,0x00,
  24            0x00,0x00,
  25            0x00,0x00,
  26            0x00,0x00,
  27          
  28          
  29            0x00,0x00,
  30            0x00,0x00,
  31            0x00,0x00,
  32            0x0F,0x00,
  33            0x19,0x80,
  34            0x19,0x80,
  35            0x19,0x80,
  36            0x19,0x80,
  37            0x19,0x80,
  38            0x19,0x80,
  39            0x19,0x80,
  40            0x19,0x80,
  41            0x0F,0x00,
  42            0x00,0x00,
  43            0x00,0x00,
  44            0x00,0x00,
  45          
  46          
  47            0x00,0x00,
  48            0x00,0x00,
  49            0x00,0x00,
C51 COMPILER V9.00   OSD_AMT630FONTLIB                                                     04/13/2015 11:40:42 PAGE 2   

  50            0x06,0x00,
  51            0x1E,0x00,
  52            0x06,0x00,
  53            0x06,0x00,
  54            0x06,0x00,
  55            0x06,0x00,
  56            0x06,0x00,
  57            0x06,0x00,
  58            0x06,0x00,
  59            0x1F,0x80,
  60            0x00,0x00,
  61            0x00,0x00,
  62            0x00,0x00,
  63          
  64          
  65            0x00,0x00,
  66            0x00,0x00,
  67            0x00,0x00,
  68            0x0F,0x00,
  69            0x19,0x80,
  70            0x19,0x80,
  71            0x19,0x80,
  72            0x01,0x80,
  73            0x03,0x00,
  74            0x06,0x00,
  75            0x0C,0x00,
  76            0x19,0x80,
  77            0x1F,0x80,
  78            0x00,0x00,
  79            0x00,0x00,
  80            0x00,0x00,
  81          
  82          
  83            0x00,0x00,
  84            0x00,0x00,
  85            0x00,0x00,
  86            0x0F,0x00,
  87            0x19,0x80,
  88            0x19,0x80,
  89            0x01,0x80,
  90            0x0F,0x00,
  91            0x01,0x80,
  92            0x01,0x80,
  93            0x19,0x80,
  94            0x19,0x80,
  95            0x0F,0x00,
  96            0x00,0x00,
  97            0x00,0x00,
  98            0x00,0x00,
  99          
 100          
 101            0x00,0x00,
 102            0x00,0x00,
 103            0x00,0x00,
 104            0x03,0x00,
 105            0x03,0x00,
 106            0x07,0x00,
 107            0x07,0x00,
 108            0x0F,0x00,
 109            0x1B,0x00,
 110            0x33,0x00,
 111            0x3F,0xC0,
C51 COMPILER V9.00   OSD_AMT630FONTLIB                                                     04/13/2015 11:40:42 PAGE 3   

 112            0x03,0x00,
 113            0x07,0x80,
 114            0x00,0x00,
 115            0x00,0x00,
 116            0x00,0x00,
 117          
 118          
 119            0x00,0x00,
 120            0x00,0x00,
 121            0x00,0x00,
 122            0x1F,0x80,
 123            0x18,0x00,
 124            0x18,0x00,
 125            0x18,0x00,
 126            0x1F,0x00,
 127            0x19,0x80,
 128            0x01,0x80,
 129            0x01,0x80,
 130            0x19,0x80,
 131            0x0F,0x00,
 132            0x00,0x00,
 133            0x00,0x00,
 134            0x00,0x00,
 135          
 136          
 137            0x00,0x00,
 138            0x00,0x00,
 139            0x00,0x00,
 140            0x0F,0x00,
 141            0x19,0x80,
 142            0x19,0x80,
 143            0x18,0x00,
 144            0x1F,0x00,
 145            0x19,0x80,
 146            0x19,0x80,
 147            0x19,0x80,
 148            0x19,0x80,
 149            0x0F,0x00,
 150            0x00,0x00,
 151            0x00,0x00,
 152            0x00,0x00,
 153          
 154          
 155            0x00,0x00,
 156            0x00,0x00,
 157            0x00,0x00,
 158            0x3F,0x80,
 159            0x31,0x80,
 160            0x31,0x80,
 161            0x03,0x00,
 162            0x06,0x00,
 163            0x06,0x00,
 164            0x0C,0x00,
 165            0x0C,0x00,
 166            0x0C,0x00,
 167            0x0C,0x00,
 168            0x00,0x00,
 169            0x00,0x00,
 170            0x00,0x00,
 171          
 172          
 173            0x00,0x00,
C51 COMPILER V9.00   OSD_AMT630FONTLIB                                                     04/13/2015 11:40:42 PAGE 4   

 174            0x00,0x00,
 175            0x00,0x00,
 176            0x0F,0x00,
 177            0x19,0x80,
 178            0x19,0x80,
 179            0x19,0x80,
 180            0x0F,0x00,
 181            0x19,0x80,
 182            0x19,0x80,
 183            0x19,0x80,
 184            0x19,0x80,
 185            0x0F,0x00,
 186            0x00,0x00,
 187            0x00,0x00,
 188            0x00,0x00,
 189          
 190          
 191            0x00,0x00,
 192            0x00,0x00,
 193            0x00,0x00,
 194            0x0F,0x00,
 195            0x19,0x80,
 196            0x19,0x80,
 197            0x19,0x80,
 198            0x19,0x80,
 199            0x0F,0x80,
 200            0x01,0x80,
 201            0x01,0x80,
 202            0x19,0x80,
 203            0x0F,0x00,
 204            0x00,0x00,
 205            0x00,0x00,
 206            0x00,0x00,
 207          
 208          
 209            0x00,0x00,
 210            0x00,0x00,
 211            0x00,0x00,
 212            0x06,0x00,
 213            0x06,0x00,
 214            0x06,0x00,
 215            0x0F,0x00,
 216            0x0F,0x00,
 217            0x19,0x80,
 218            0x1F,0x80,
 219            0x30,0xC0,
 220            0x30,0xC0,
 221            0x79,0xE0,
 222            0x00,0x00,
 223            0x00,0x00,
 224            0x00,0x00,
 225          
 226          
 227            0x00,0x00,
 228            0x00,0x00,
 229            0x00,0x00,
 230            0x3F,0x80,
 231            0x18,0xC0,
 232            0x18,0xC0,
 233            0x18,0xC0,
 234            0x1F,0x80,
 235            0x18,0xC0,
C51 COMPILER V9.00   OSD_AMT630FONTLIB                                                     04/13/2015 11:40:42 PAGE 5   

 236            0x18,0xC0,
 237            0x18,0xC0,
 238            0x18,0xC0,
 239            0x3F,0x80,
 240            0x00,0x00,
 241            0x00,0x00,
 242            0x00,0x00,
 243          
 244          
 245            0x00,0x00,
 246            0x00,0x00,
 247            0x00,0x00,
 248            0x0F,0x80,
 249            0x19,0xC0,
 250            0x30,0xC0,
 251            0x30,0x00,
 252            0x30,0x00,
 253            0x30,0x00,
 254            0x30,0x00,
 255            0x30,0xC0,
 256            0x18,0xC0,
 257            0x0F,0x80,
 258            0x00,0x00,
 259            0x00,0x00,
 260            0x00,0x00,
 261          
 262          
 263            0x00,0x00,
 264            0x00,0x00,
 265            0x00,0x00,
 266            0x3F,0x00,
 267            0x19,0x80,
 268            0x18,0xC0,
 269            0x18,0xC0,
 270            0x18,0xC0,
 271            0x18,0xC0,
 272            0x18,0xC0,
 273            0x18,0xC0,
 274            0x19,0x80,
 275            0x3F,0x00,
 276            0x00,0x00,
 277            0x00,0x00,
 278            0x00,0x00,
 279          
 280          
 281            0x00,0x00,
 282            0x00,0x00,
 283            0x00,0x00,
 284            0x3F,0xC0,
 285            0x18,0xC0,
 286            0x18,0x00,
 287            0x19,0x80,
 288            0x1F,0x80,
 289            0x19,0x80,
 290            0x18,0x00,
 291            0x18,0x00,
 292            0x18,0xC0,
 293            0x3F,0xC0,
 294            0x00,0x00,
 295            0x00,0x00,
 296            0x00,0x00,
 297          
C51 COMPILER V9.00   OSD_AMT630FONTLIB                                                     04/13/2015 11:40:42 PAGE 6   

 298          
 299            0x00,0x00,
 300            0x00,0x00,
 301            0x00,0x00,
 302            0x3F,0xC0,
 303            0x18,0xC0,
 304            0x18,0x00,
 305            0x19,0x80,
 306            0x1F,0x80,
 307            0x19,0x80,
 308            0x18,0x00,
 309            0x18,0x00,
 310            0x18,0x00,
 311            0x3C,0x00,
 312            0x00,0x00,
 313            0x00,0x00,
 314            0x00,0x00,
 315          
 316          
 317            0x00,0x00,
 318            0x00,0x00,
 319            0x00,0x00,
 320            0x1F,0x80,
 321            0x31,0xC0,
 322            0x60,0xC0,
 323            0x60,0x00,
 324            0x60,0x00,
 325            0x61,0xE0,
 326            0x60,0xC0,
 327            0x60,0xC0,
 328            0x31,0xC0,
 329            0x1F,0x80,
 330            0x00,0x00,
 331            0x00,0x00,
 332            0x00,0x00,
 333          
 334          
 335            0x00,0x00,
 336            0x00,0x00,
 337            0x00,0x00,
 338            0x79,0xE0,
 339            0x30,0xC0,
 340            0x30,0xC0,
 341            0x30,0xC0,
 342            0x30,0xC0,
 343            0x3F,0xC0,
 344            0x30,0xC0,
 345            0x30,0xC0,
 346            0x30,0xC0,
 347            0x79,0xE0,
 348            0x00,0x00,
 349            0x00,0x00,
 350            0x00,0x00,
 351          
 352          
 353            0x00,0x00,
 354            0x00,0x00,
 355            0x00,0x00,
 356            0x0F,0x00,
 357            0x06,0x00,
 358            0x06,0x00,
 359            0x06,0x00,
C51 COMPILER V9.00   OSD_AMT630FONTLIB                                                     04/13/2015 11:40:42 PAGE 7   

 360            0x06,0x00,
 361            0x06,0x00,
 362            0x06,0x00,
 363            0x06,0x00,
 364            0x06,0x00,
 365            0x0F,0x00,
 366            0x00,0x00,
 367            0x00,0x00,
 368            0x00,0x00,
 369          
 370          
 371            0x00,0x00,
 372            0x00,0x00,
 373            0x00,0x00,
 374            0x1F,0x80,
 375            0x06,0x00,
 376            0x06,0x00,
 377            0x06,0x00,
 378            0x06,0x00,
 379            0x06,0x00,
 380            0x06,0x00,
 381            0x66,0x00,
 382            0x66,0x00,
 383            0x3C,0x00,
 384            0x00,0x00,
 385            0x00,0x00,
 386            0x00,0x00,
 387          
 388          
 389            0x00,0x00,
 390            0x00,0x00,
 391            0x00,0x00,
 392            0x7B,0xC0,
 393            0x31,0x80,
 394            0x33,0x00,
 395            0x36,0x00,
 396            0x3C,0x00,
 397            0x3C,0x00,
 398            0x36,0x00,
 399            0x33,0x00,
 400            0x31,0x80,
 401            0x7B,0xC0,
 402            0x00,0x00,
 403            0x00,0x00,
 404            0x00,0x00,
 405          
 406          
 407            0x00,0x00,
 408            0x00,0x00,
 409            0x00,0x00,
 410            0x3C,0x00,
 411            0x18,0x00,
 412            0x18,0x00,
 413            0x18,0x00,
 414            0x18,0x00,
 415            0x18,0x00,
 416            0x18,0x00,
 417            0x18,0x60,
 418            0x18,0xC0,
 419            0x3F,0xC0,
 420            0x00,0x00,
 421            0x00,0x00,
C51 COMPILER V9.00   OSD_AMT630FONTLIB                                                     04/13/2015 11:40:42 PAGE 8   

 422            0x00,0x00,
 423          
 424          
 425            0x00,0x00,
 426            0x00,0x00,
 427            0x00,0x00,
 428            0xE0,0x70,
 429            0x60,0x60,
 430            0x70,0xE0,
 431            0x70,0xE0,
 432            0x79,0xE0,
 433            0x79,0xE0,
 434            0x6F,0x60,
 435            0x6F,0x60,
 436            0x66,0x60,
 437            0xF6,0xF0,
 438            0x00,0x00,
 439            0x00,0x00,
 440            0x00,0x00,
 441          
 442          
 443            0x00,0x00,
 444            0x00,0x00,
 445            0x00,0x00,
 446            0x71,0xE0,
 447            0x30,0xC0,
 448            0x38,0xC0,
 449            0x3C,0xC0,
 450            0x36,0xC0,
 451            0x33,0xC0,
 452            0x31,0xC0,
 453            0x30,0xC0,
 454            0x30,0xC0,
 455            0x78,0xC0,
 456            0x00,0x00,
 457            0x00,0x00,
 458            0x00,0x00,
 459          
 460          
 461            0x00,0x00,
 462            0x00,0x00,
 463            0x00,0x00,
 464            0x0F,0x80,
 465            0x18,0xC0,
 466            0x30,0x60,
 467            0x30,0x60,
 468            0x30,0x60,
 469            0x30,0x60,
 470            0x30,0x60,
 471            0x30,0x60,
 472            0x18,0xC0,
 473            0x0F,0x80,
 474            0x00,0x00,
 475            0x00,0x00,
 476            0x00,0x00,
 477          
 478          
 479            0x00,0x00,
 480            0x00,0x00,
 481            0x00,0x00,
 482            0x3F,0x80,
 483            0x18,0xC0,
C51 COMPILER V9.00   OSD_AMT630FONTLIB                                                     04/13/2015 11:40:42 PAGE 9   

 484            0x18,0x60,
 485            0x18,0x60,
 486            0x18,0xC0,
 487            0x1F,0x80,
 488            0x18,0x00,
 489            0x18,0x00,
 490            0x18,0x00,
 491            0x3C,0x00,
 492            0x00,0x00,
 493            0x00,0x00,
 494            0x00,0x00,
 495          
 496          
 497            0x00,0x00,
 498            0x00,0x00,
 499            0x00,0x00,
 500            0x0F,0x00,
 501            0x19,0x80,
 502            0x30,0xC0,
 503            0x30,0xC0,
 504            0x30,0xC0,
 505            0x30,0xC0,
 506            0x30,0xC0,
 507            0x3F,0xC0,
 508            0x19,0xC0,
 509            0x0F,0x80,
 510            0x01,0xE0,
 511            0x00,0xC0,
 512            0x00,0x00,
 513          
 514          
 515            0x00,0x00,
 516            0x00,0x00,
 517            0x00,0x00,
 518            0x3F,0x80,
 519            0x18,0xC0,
 520            0x18,0xC0,
 521            0x18,0xC0,
 522            0x18,0xC0,
 523            0x1F,0x80,
 524            0x19,0x80,
 525            0x18,0xC0,
 526            0x18,0xC0,
 527            0x3C,0xE0,
 528            0x00,0x00,
 529            0x00,0x00,
 530            0x00,0x00,
 531          
 532          
 533            0x00,0x00,
 534            0x00,0x00,
 535            0x00,0x00,
 536            0x1F,0x80,
 537            0x31,0xC0,
 538            0x30,0xC0,
 539            0x30,0x00,
 540            0x1C,0x00,
 541            0x07,0x80,
 542            0x00,0xC0,
 543            0x30,0xC0,
 544            0x38,0xC0,
 545            0x1F,0x80,
C51 COMPILER V9.00   OSD_AMT630FONTLIB                                                     04/13/2015 11:40:42 PAGE 10  

 546            0x00,0x00,
 547            0x00,0x00,
 548            0x00,0x00,
 549          
 550          
 551            0x00,0x00,
 552            0x00,0x00,
 553            0x00,0x00,
 554            0x3F,0xC0,
 555            0x36,0xC0,
 556            0x66,0x60,
 557            0x06,0x00,
 558            0x06,0x00,
 559            0x06,0x00,
 560            0x06,0x00,
 561            0x06,0x00,
 562            0x06,0x00,
 563            0x0F,0x00,
 564            0x00,0x00,
 565            0x00,0x00,
 566            0x00,0x00,
 567          
 568          
 569            0x00,0x00,
 570            0x00,0x00,
 571            0x00,0x00,
 572            0x79,0xE0,
 573            0x30,0xC0,
 574            0x30,0xC0,
 575            0x30,0xC0,
 576            0x30,0xC0,
 577            0x30,0xC0,
 578            0x30,0xC0,
 579            0x30,0xC0,
 580            0x30,0xC0,
 581            0x1F,0x80,
 582            0x00,0x00,
 583            0x00,0x00,
 584            0x00,0x00,
 585          
 586          
 587            0x00,0x00,
 588            0x00,0x00,
 589            0x00,0x00,
 590            0x79,0xE0,
 591            0x30,0xC0,
 592            0x30,0xC0,
 593            0x19,0x80,
 594            0x19,0x80,
 595            0x19,0x80,
 596            0x0F,0x00,
 597            0x0F,0x00,
 598            0x06,0x00,
 599            0x06,0x00,
 600            0x00,0x00,
 601            0x00,0x00,
 602            0x00,0x00,
 603          
 604          
 605            0x00,0x00,
 606            0x00,0x00,
 607            0x00,0x00,
C51 COMPILER V9.00   OSD_AMT630FONTLIB                                                     04/13/2015 11:40:42 PAGE 11  

 608            0xF6,0xF0,
 609            0x66,0x60,
 610            0x66,0x60,
 611            0x66,0x60,
 612            0x3F,0xC0,
 613            0x3F,0xC0,
 614            0x3F,0xC0,
 615            0x19,0x80,
 616            0x19,0x80,
 617            0x19,0x80,
 618            0x00,0x00,
 619            0x00,0x00,
 620            0x00,0x00,
 621          
 622          
 623            0x00,0x00,
 624            0x00,0x00,
 625            0x00,0x00,
 626            0x79,0xE0,
 627            0x30,0xC0,
 628            0x19,0x80,
 629            0x0F,0x00,
 630            0x06,0x00,
 631            0x06,0x00,
 632            0x0F,0x00,
 633            0x19,0x80,
 634            0x30,0xC0,
 635            0x79,0xE0,
 636            0x00,0x00,
 637            0x00,0x00,
 638            0x00,0x00,
 639          
 640          
 641            0x00,0x00,
 642            0x00,0x00,
 643            0x00,0x00,
 644            0x79,0xE0,
 645            0x30,0xC0,
 646            0x19,0x80,
 647            0x19,0x80,
 648            0x0F,0x00,
 649            0x06,0x00,
 650            0x06,0x00,
 651            0x06,0x00,
 652            0x06,0x00,
 653            0x0F,0x00,
 654            0x00,0x00,
 655            0x00,0x00,
 656            0x00,0x00,
 657          
 658          
 659            0x00,0x00,
 660            0x00,0x00,
 661            0x00,0x00,
 662            0x3F,0xC0,
 663            0x30,0xC0,
 664            0x30,0xC0,
 665            0x01,0x80,
 666            0x03,0x00,
 667            0x06,0x00,
 668            0x0C,0x00,
 669            0x18,0x00,
C51 COMPILER V9.00   OSD_AMT630FONTLIB                                                     04/13/2015 11:40:42 PAGE 12  

 670            0x30,0xC0,
 671            0x3F,0xC0,
 672            0x00,0x00,
 673            0x00,0x00,
 674            0x00,0x00,
 675          
 676          
 677            0x00,0x00,
 678            0x00,0x00,
 679            0x06,0x00,
 680            0x00,0x00,
 681            0x3F,0xC0,
 682            0x30,0xC0,
 683            0x30,0xC0,
 684            0x01,0x80,
 685            0x03,0x00,
 686            0x06,0x00,
 687            0x0C,0x00,
 688            0x18,0x00,
 689            0x30,0xC0,
 690            0x3F,0xC0,
 691            0x00,0x00,
 692            0x00,0x00,
 693          
 694          
 695            0x00,0x00,
 696            0x00,0x00,
 697            0x03,0x00,
 698            0x06,0x00,
 699            0x1F,0x80,
 700            0x31,0xC0,
 701            0x30,0xC0,
 702            0x30,0x00,
 703            0x1C,0x00,
 704            0x07,0x80,
 705            0x00,0xC0,
 706            0x30,0xC0,
 707            0x38,0xC0,
 708            0x1F,0x80,
 709            0x00,0x00,
 710            0x00,0x00,
 711          
 712          
 713            0x00,0x00,
 714            0x00,0x00,
 715            0x01,0x80,
 716            0x03,0x00,
 717            0x0F,0x80,
 718            0x19,0xC0,
 719            0x30,0xC0,
 720            0x30,0x00,
 721            0x30,0x00,
 722            0x30,0x00,
 723            0x30,0x00,
 724            0x30,0xC0,
 725            0x18,0xC0,
 726            0x0F,0x80,
 727            0x00,0x00,
 728            0x00,0x00,
 729          
 730          
 731            0x00,0x00,
C51 COMPILER V9.00   OSD_AMT630FONTLIB                                                     04/13/2015 11:40:42 PAGE 13  

 732            0x00,0x00,
 733            0x01,0x80,
 734            0x03,0x00,
 735            0x38,0xF0,
 736            0x18,0x60,
 737            0x1C,0x60,
 738            0x1E,0x60,
 739            0x1B,0x60,
 740            0x19,0xE0,
 741            0x18,0xE0,
 742            0x18,0x60,
 743            0x18,0x60,
 744            0x3C,0x60,
 745            0x00,0x00,
 746            0x00,0x00,
 747          
 748          
 749            0x00,0x00,
 750            0x00,0x00,
 751            0x00,0x00,
 752            0x00,0x00,
 753            0x3C,0x00,
 754            0x18,0x00,
 755            0x1E,0x00,
 756            0x1C,0x00,
 757            0x18,0x00,
 758            0x38,0x00,
 759            0x18,0x00,
 760            0x18,0x60,
 761            0x18,0xC0,
 762            0x3F,0xC0,
 763            0x00,0x00,
 764            0x00,0x00,
 765          
 766          
 767            0x00,0x00,
 768            0x00,0x00,
 769            0x06,0x00,
 770            0x0C,0x00,
 771            0x7F,0x80,
 772            0x61,0x80,
 773            0x61,0x80,
 774            0x03,0x00,
 775            0x06,0x00,
 776            0x0C,0x00,
 777            0x18,0x00,
 778            0x30,0x00,
 779            0x61,0x80,
 780            0x7F,0x80,
 781            0x00,0x00,
 782            0x00,0x00,
 783          
 784          
 785            0x00,0x00,
 786            0x00,0x00,
 787            0x00,0x00,
 788            0x00,0x00,
 789            0x3F,0xC0,
 790            0x18,0xC0,
 791            0x18,0x00,
 792            0x19,0x80,
 793            0x1F,0x80,
C51 COMPILER V9.00   OSD_AMT630FONTLIB                                                     04/13/2015 11:40:42 PAGE 14  

 794            0x19,0x80,
 795            0x18,0x00,
 796            0x18,0x00,
 797            0x18,0xC0,
 798            0x3F,0xC0,
 799            0x03,0x00,
 800            0x01,0xC0,
 801          
 802          
 803            0x00,0x00,
 804            0x00,0x00,
 805            0x00,0x00,
 806            0x00,0x00,
 807            0x00,0x00,
 808            0x06,0x00,
 809            0x06,0x00,
 810            0x0F,0x00,
 811            0x0D,0x80,
 812            0x0F,0x80,
 813            0x18,0xC0,
 814            0x18,0xC0,
 815            0x39,0xE0,
 816            0x00,0x00,
 817            0x00,0x00,
 818            0x00,0x00,
 819          
 820          
 821            0x00,0x00,
 822            0x00,0x00,
 823            0x00,0x00,
 824            0x00,0x00,
 825            0x3F,0xC0,
 826            0x18,0xC0,
 827            0x18,0x00,
 828            0x18,0x00,
 829            0x1F,0x80,
 830            0x18,0xC0,
 831            0x18,0xC0,
 832            0x18,0xC0,
 833            0x3F,0x80,
 834            0x00,0x00,
 835            0x00,0x00,
 836            0x00,0x00,
 837          
 838          
 839            0x00,0x00,
 840            0x00,0x00,
 841            0x00,0x00,
 842            0x00,0x00,
 843            0x3F,0x80,
 844            0x18,0xC0,
 845            0x18,0xC0,
 846            0x18,0xC0,
 847            0x1F,0x80,
 848            0x18,0xC0,
 849            0x18,0xC0,
 850            0x18,0xC0,
 851            0x3F,0x80,
 852            0x00,0x00,
 853            0x00,0x00,
 854            0x00,0x00,
 855          
C51 COMPILER V9.00   OSD_AMT630FONTLIB                                                     04/13/2015 11:40:42 PAGE 15  

 856          
 857            0x00,0x00,
 858            0x00,0x00,
 859            0x00,0x00,
 860            0x00,0x00,
 861            0x3F,0xC0,
 862            0x18,0xC0,
 863            0x18,0x00,
 864            0x18,0x00,
 865            0x18,0x00,
 866            0x18,0x00,
 867            0x18,0x00,
 868            0x18,0x00,
 869            0x3C,0x00,
 870            0x00,0x00,
 871            0x00,0x00,
 872            0x00,0x00,
 873          
 874          
 875            0x00,0x00,
 876            0x00,0x00,
 877            0x00,0x00,
 878            0x00,0x00,
 879            0x1F,0xE0,
 880            0x0C,0xC0,
 881            0x0C,0xC0,
 882            0x0C,0xC0,
 883            0x0C,0xC0,
 884            0x0C,0xC0,
 885            0x0C,0xC0,
 886            0x18,0xC0,
 887            0x3F,0xE0,
 888            0x30,0x60,
 889            0x00,0x00,
 890            0x00,0x00,
 891          
 892          
 893            0x00,0x00,
 894            0x00,0x00,
 895            0x00,0x00,
 896            0x00,0x00,
 897            0x3F,0xE0,
 898            0x18,0x60,
 899            0x18,0x00,
 900            0x19,0x80,
 901            0x1F,0x80,
 902            0x19,0x80,
 903            0x18,0x60,
 904            0x18,0x60,
 905            0x3F,0xE0,
 906            0x00,0x00,
 907            0x00,0x00,
 908            0x00,0x00,
 909          
 910          
 911            0x00,0x00,
 912            0x00,0x00,
 913            0x00,0x00,
 914            0x00,0x00,
 915            0x1F,0x80,
 916            0x1C,0xC0,
 917            0x18,0xC0,
C51 COMPILER V9.00   OSD_AMT630FONTLIB                                                     04/13/2015 11:40:42 PAGE 16  

 918            0x00,0xC0,
 919            0x07,0x80,
 920            0x00,0xC0,
 921            0x18,0xC0,
 922            0x18,0xC0,
 923            0x0F,0x80,
 924            0x00,0x00,
 925            0x00,0x00,
 926            0x00,0x00,
 927          
 928          
 929            0x00,0x00,
 930            0x00,0x00,
 931            0x00,0x00,
 932            0x00,0x00,
 933            0x3D,0xE0,
 934            0x18,0xC0,
 935            0x18,0xC0,
 936            0x19,0xC0,
 937            0x1B,0xC0,
 938            0x1E,0xC0,
 939            0x1C,0xC0,
 940            0x18,0xC0,
 941            0x3D,0xE0,
 942            0x00,0x00,
 943            0x00,0x00,
 944            0x00,0x00,
 945          
 946          
 947            0x00,0x00,
 948            0x00,0x00,
 949            0x00,0x00,
 950            0x0D,0x80,
 951            0x07,0x00,
 952            0x3D,0xE0,
 953            0x18,0xC0,
 954            0x19,0xC0,
 955            0x1B,0xC0,
 956            0x1E,0xC0,
 957            0x1C,0xC0,
 958            0x18,0xC0,
 959            0x3D,0xE0,
 960            0x00,0x00,
 961            0x00,0x00,
 962            0x00,0x00,
 963          
 964          
 965            0x00,0x00,
 966            0x00,0x00,
 967            0x00,0x00,
 968            0x00,0x00,
 969            0x3D,0x80,
 970            0x1B,0xC0,
 971            0x1B,0x00,
 972            0x1B,0x00,
 973            0x1E,0x00,
 974            0x1B,0x00,
 975            0x1B,0x00,
 976            0x1B,0xC0,
 977            0x3D,0x80,
 978            0x00,0x00,
 979            0x00,0x00,
C51 COMPILER V9.00   OSD_AMT630FONTLIB                                                     04/13/2015 11:40:42 PAGE 17  

 980            0x00,0x00,
 981          
 982          
 983            0x00,0x00,
 984            0x00,0x00,
 985            0x00,0x00,
 986            0x00,0x00,
 987            0x1F,0xE0,
 988            0x0C,0xC0,
 989            0x0C,0xC0,
 990            0x0C,0xC0,
 991            0x0C,0xC0,
 992            0x0C,0xC0,
 993            0x0C,0xC0,
 994            0x3C,0xC0,
 995            0x39,0xE0,
 996            0x00,0x00,
 997            0x00,0x00,
 998            0x00,0x00,
 999          
1000          
1001            0x00,0x00,
1002            0x00,0x00,
1003            0x00,0x00,
1004            0x00,0x00,
1005            0x70,0xE0,
1006            0x30,0xC0,
1007            0x39,0xC0,
1008            0x39,0xC0,
1009            0x3F,0xC0,
1010            0x3F,0xC0,
1011            0x36,0xC0,
1012            0x36,0xC0,
1013            0x79,0xE0,
1014            0x00,0x00,
1015            0x00,0x00,
1016            0x00,0x00,
1017          
1018          
1019            0x00,0x00,
1020            0x00,0x00,
1021            0x00,0x00,
1022            0x00,0x00,
1023            0x3D,0xE0,
1024            0x18,0xC0,
1025            0x18,0xC0,
1026            0x18,0xC0,
1027            0x1F,0xC0,
1028            0x18,0xC0,
1029            0x18,0xC0,
1030            0x18,0xC0,
1031            0x3D,0xE0,
1032            0x00,0x00,
1033            0x00,0x00,
1034            0x00,0x00,
1035          
1036          
1037            0x00,0x00,
1038            0x00,0x00,
1039            0x00,0x00,
1040            0x00,0x00,
1041            0x3F,0xE0,
C51 COMPILER V9.00   OSD_AMT630FONTLIB                                                     04/13/2015 11:40:42 PAGE 18  

1042            0x18,0xC0,
1043            0x18,0xC0,
1044            0x18,0xC0,
1045            0x18,0xC0,
1046            0x18,0xC0,
1047            0x18,0xC0,
1048            0x18,0xC0,
1049            0x3D,0xE0,
1050            0x00,0x00,
1051            0x00,0x00,
1052            0x00,0x00,
1053          
1054          
1055            0x00,0x00,
1056            0x00,0x00,
1057            0x00,0x00,
1058            0x00,0x00,
1059            0x3D,0xE0,
1060            0x18,0xC0,
1061            0x19,0x80,
1062            0x0D,0x80,
1063            0x0F,0x00,
1064            0x07,0x00,
1065            0x06,0x00,
1066            0x36,0x00,
1067            0x1C,0x00,
1068            0x00,0x00,
1069            0x00,0x00,
1070            0x00,0x00,
1071          
1072          
1073            0x00,0x00,
1074            0x00,0x00,
1075            0x00,0x00,
1076            0x00,0x00,
1077            0x3D,0xE0,
1078            0x18,0xC0,
1079            0x0D,0x80,
1080            0x07,0x80,
1081            0x03,0x00,
1082            0x07,0x00,
1083            0x0D,0x80,
1084            0x18,0xC0,
1085            0x3D,0xE0,
1086            0x00,0x00,
1087            0x00,0x00,
1088            0x00,0x00,
1089          
1090          
1091            0x00,0x00,
1092            0x00,0x00,
1093            0x00,0x00,
1094            0x00,0x00,
1095            0x3D,0xE0,
1096            0x18,0xC0,
1097            0x18,0xC0,
1098            0x18,0xC0,
1099            0x18,0xC0,
1100            0x18,0xC0,
1101            0x18,0xC0,
1102            0x18,0xC0,
1103            0x3F,0xF0,
C51 COMPILER V9.00   OSD_AMT630FONTLIB                                                     04/13/2015 11:40:42 PAGE 19  

1104            0x00,0x30,
1105            0x00,0x00,
1106            0x00,0x00,
1107          
1108          
1109            0x00,0x00,
1110            0x00,0x00,
1111            0x00,0x00,
1112            0x00,0x00,
1113            0x3D,0xE0,
1114            0x18,0xC0,
1115            0x18,0xC0,
1116            0x18,0xC0,
1117            0x19,0xC0,
1118            0x0F,0xC0,
1119            0x00,0xC0,
1120            0x00,0xC0,
1121            0x01,0xE0,
1122            0x00,0x00,
1123            0x00,0x00,
1124            0x00,0x00,
1125          
1126          
1127            0x00,0x00,
1128            0x00,0x00,
1129            0x00,0x00,
1130            0x00,0x00,
1131            0xF7,0xF0,
1132            0x63,0x30,
1133            0x63,0x30,
1134            0x63,0x30,
1135            0x63,0x30,
1136            0x63,0x30,
1137            0x63,0x30,
1138            0x63,0x30,
1139            0xFF,0xF0,
1140            0x00,0x00,
1141            0x00,0x00,
1142            0x00,0x00,
1143          
1144          
1145            0x00,0x00,
1146            0x00,0x00,
1147            0x00,0x00,
1148            0x00,0x00,
1149            0x7F,0xF0,
1150            0x33,0x30,
1151            0x33,0x30,
1152            0x33,0x30,
1153            0x33,0x30,
1154            0x33,0x30,
1155            0x33,0x30,
1156            0x33,0x30,
1157            0x7F,0xF0,
1158            0x00,0x10,
1159            0x00,0x00,
1160            0x00,0x00,
1161          
1162          
1163            0x00,0x00,
1164            0x00,0x00,
1165            0x00,0x00,
C51 COMPILER V9.00   OSD_AMT630FONTLIB                                                     04/13/2015 11:40:42 PAGE 20  

1166            0x00,0x00,
1167            0x7E,0x00,
1168            0x6C,0x00,
1169            0x0C,0x00,
1170            0x0C,0x00,
1171            0x0F,0xC0,
1172            0x0C,0x60,
1173            0x0C,0x60,
1174            0x0C,0x60,
1175            0x1F,0xC0,
1176            0x00,0x00,
1177            0x00,0x00,
1178            0x00,0x00,
1179          
1180          
1181            0x00,0x00,
1182            0x00,0x00,
1183            0x00,0x00,
1184            0x00,0x00,
1185            0x78,0xF0,
1186            0x30,0x60,
1187            0x30,0x60,
1188            0x30,0x60,
1189            0x3F,0x60,
1190            0x31,0xE0,
1191            0x31,0xE0,
1192            0x31,0xE0,
1193            0x7F,0xF0,
1194            0x00,0x00,
1195            0x00,0x00,
1196            0x00,0x00,
1197          
1198          
1199            0x00,0x00,
1200            0x00,0x00,
1201            0x00,0x00,
1202            0x00,0x00,
1203            0x1F,0x00,
1204            0x1D,0x80,
1205            0x18,0xC0,
1206            0x00,0xC0,
1207            0x07,0xC0,
1208            0x00,0xC0,
1209            0x18,0xC0,
1210            0x19,0x80,
1211            0x0F,0x00,
1212            0x00,0x00,
1213            0x00,0x00,
1214            0x00,0x00,
1215          
1216          
1217            0x00,0x00,
1218            0x00,0x00,
1219            0x00,0x00,
1220            0x00,0x00,
1221            0xF3,0xC0,
1222            0x66,0x60,
1223            0x6C,0x30,
1224            0x6C,0x30,
1225            0x7C,0x30,
1226            0x6C,0x30,
1227            0x6C,0x30,
C51 COMPILER V9.00   OSD_AMT630FONTLIB                                                     04/13/2015 11:40:42 PAGE 21  

1228            0x66,0x60,
1229            0xF3,0xC0,
1230            0x00,0x00,
1231            0x00,0x00,
1232            0x00,0x00,
1233          
1234          
1235            0x00,0x00,
1236            0x00,0x00,
1237            0x00,0x00,
1238            0x00,0x00,
1239            0x0F,0xE0,
1240            0x18,0xC0,
1241            0x18,0xC0,
1242            0x18,0xC0,
1243            0x0C,0xC0,
1244            0x07,0xC0,
1245            0x0C,0xC0,
1246            0x3C,0xC0,
1247            0x19,0xE0,
1248            0x00,0x00,
1249            0x00,0x00,
1250            0x00,0x00,
1251          
1252          
1253            0x00,0x00,
1254            0x00,0x00,
1255            0x00,0x00,
1256            0x1B,0x00,
1257            0x3F,0xC0,
1258            0x18,0xC0,
1259            0x18,0x00,
1260            0x1B,0x00,
1261            0x1F,0x00,
1262            0x1B,0x00,
1263            0x18,0x00,
1264            0x18,0xC0,
1265            0x3F,0xC0,
1266            0x00,0x00,
1267            0x00,0x00,
1268            0x00,0x00,
1269          
1270          
1271            0x00,0x00,
1272            0x00,0x00,
1273            0x00,0x00,
1274            0x00,0x00,
1275            0x6F,0x60,
1276            0x36,0xC0,
1277            0x36,0xC0,
1278            0x36,0xC0,
1279            0x1F,0x80,
1280            0x36,0xC0,
1281            0x36,0xC0,
1282            0x36,0xC0,
1283            0x6F,0x60,
1284            0x00,0x00,
1285            0x00,0x00,
1286            0x00,0x00,
1287          
1288          
1289            0x00,0x00,
C51 COMPILER V9.00   OSD_AMT630FONTLIB                                                     04/13/2015 11:40:42 PAGE 22  

1290            0x00,0x00,
1291            0x00,0x00,
1292            0x00,0x00,
1293            0x0F,0x00,
1294            0x19,0x80,
1295            0x30,0xC0,
1296            0x30,0xC0,
1297            0x30,0xC0,
1298            0x30,0xC0,
1299            0x30,0xC0,
1300            0x19,0x80,
1301            0x0F,0x00,
1302            0x00,0x00,
1303            0x00,0x00,
1304            0x00,0x00,
1305          
1306          
1307            0x00,0x00,
1308            0x00,0x00,
1309            0x00,0x00,
1310            0x00,0x00,
1311            0x3F,0x80,
1312            0x18,0xC0,
1313            0x18,0xC0,
1314            0x18,0xC0,
1315            0x1F,0x80,
1316            0x18,0x00,
1317            0x18,0x00,
1318            0x18,0x00,
1319            0x3C,0x00,
1320            0x00,0x00,
1321            0x00,0x00,
1322            0x00,0x00,
1323          
1324          
1325            0x00,0x00,
1326            0x00,0x00,
1327            0x00,0x00,
1328            0x00,0x00,
1329            0x0F,0xC0,
1330            0x19,0xC0,
1331            0x30,0xC0,
1332            0x30,0xC0,
1333            0x30,0x00,
1334            0x30,0x00,
1335            0x30,0xC0,
1336            0x19,0x80,
1337            0x0F,0x00,
1338            0x00,0x00,
1339            0x00,0x00,
1340            0x00,0x00,
1341          
1342          
1343            0x00,0x00,
1344            0x00,0x00,
1345            0x00,0x00,
1346            0x00,0x00,
1347            0x3F,0xC0,
1348            0x36,0xC0,
1349            0x06,0x00,
1350            0x06,0x00,
1351            0x06,0x00,
C51 COMPILER V9.00   OSD_AMT630FONTLIB                                                     04/13/2015 11:40:42 PAGE 23  

1352            0x06,0x00,
1353            0x06,0x00,
1354            0x06,0x00,
1355            0x0F,0x00,
1356            0x00,0x00,
1357            0x00,0x00,
1358            0x00,0x00,
1359          
1360          
1361            0x00,0x00,
1362            0x00,0x00,
1363            0x00,0x00,
1364            0x00,0x00,
1365            0x0F,0x00,
1366            0x06,0x00,
1367            0x3F,0xC0,
1368            0x66,0x60,
1369            0x66,0x60,
1370            0x66,0x60,
1371            0x3F,0xC0,
1372            0x06,0x00,
1373            0x0F,0x00,
1374            0x00,0x00,
1375            0x00,0x00,
1376            0x00,0x00,
1377          
1378          
1379            0x00,0x00,
1380            0x00,0x00,
1381            0x00,0x00,
1382            0x00,0x00,
1383            0x3C,0x00,
1384            0x18,0x00,
1385            0x18,0x00,
1386            0x18,0x00,
1387            0x1F,0x80,
1388            0x18,0xC0,
1389            0x18,0xC0,
1390            0x18,0xC0,
1391            0x3F,0x80,
1392            0x00,0x00,
1393            0x00,0x00,
1394            0x00,0x00,
1395          
1396          
1397            0x00,0x00,
1398            0x00,0x00,
1399            0x00,0x00,
1400            0x00,0x00,
1401            0x00,0x00,
1402            0x00,0x00,
1403            0x00,0x00,
1404            0x00,0x00,
1405            0x00,0x00,
1406            0x00,0x00,
1407            0x0C,0x00,
1408            0x0C,0x00,
1409            0x00,0x00,
1410            0x00,0x00,
1411            0x00,0x00,
1412            0x00,0x00,
1413          
C51 COMPILER V9.00   OSD_AMT630FONTLIB                                                     04/13/2015 11:40:42 PAGE 24  

1414          
1415            0x00,0x00,
1416            0x00,0x00,
1417            0x00,0x00,
1418            0x00,0x00,
1419            0x0C,0x00,
1420            0x0C,0x00,
1421            0x00,0x00,
1422            0x00,0x00,
1423            0x00,0x00,
1424            0x0C,0x00,
1425            0x0C,0x00,
1426            0x00,0x00,
1427            0x00,0x00,
1428            0x00,0x00,
1429            0x00,0x00,
1430            0x00,0x00,
1431          
1432          
1433            0x00,0x00,
1434            0x00,0x00,
1435            0x00,0x00,
1436            0x3E,0x00,
1437            0x63,0x00,
1438            0x63,0x00,
1439            0x06,0x00,
1440            0x0C,0x00,
1441            0x0C,0x00,
1442            0x00,0x00,
1443            0x0C,0x00,
1444            0x0C,0x00,
1445            0x00,0x00,
1446            0x00,0x00,
1447            0x00,0x00,
1448            0x00,0x00,
1449          
1450          
1451            0x00,0x00,
1452            0x00,0x00,
1453            0x00,0x00,
1454            0x30,0x00,
1455            0x78,0x00,
1456            0x78,0x00,
1457            0x78,0x00,
1458            0x30,0x00,
1459            0x30,0x00,
1460            0x00,0x00,
1461            0x30,0x00,
1462            0x30,0x00,
1463            0x00,0x00,
1464            0x00,0x00,
1465            0x00,0x00,
1466            0x00,0x00,
1467          
1468          
1469            0x00,0xC0,
1470            0x81,0xC0,
1471            0xC3,0x50,
1472            0x66,0x70,
1473            0x3C,0x60,
1474            0xF8,0xC0,
1475            0xCD,0xC0,
C51 COMPILER V9.00   OSD_AMT630FONTLIB                                                     04/13/2015 11:40:42 PAGE 25  

1476            0xCF,0x40,
1477            0xCF,0x40,
1478            0xCD,0xC0,
1479            0xF8,0xC0,
1480            0x3C,0x60,
1481            0x66,0x70,
1482            0xC3,0x50,
1483            0x81,0xC0,
1484            0x00,0xC0,
1485          
1486          
1487            0x0C,0x00,
1488            0x07,0x00,
1489            0x31,0x80,
1490            0x38,0xC0,
1491            0x1C,0x60,
1492            0xC6,0x60,
1493            0xE6,0x60,
1494            0x26,0x60,
1495            0x26,0x60,
1496            0xE6,0x60,
1497            0xC6,0x60,
1498            0x1C,0x60,
1499            0x38,0xC0,
1500            0x31,0x80,
1501            0x07,0x00,
1502            0x0C,0x00,
1503          
1504          
1505            0x0C,0x00,
1506            0x06,0x00,
1507            0x00,0x00,
1508            0x06,0x00,
1509            0x06,0x00,
1510            0x06,0x00,
1511            0x0F,0x00,
1512            0x0F,0x00,
1513            0x19,0x80,
1514            0x1F,0x80,
1515            0x30,0xC0,
1516            0x30,0xC0,
1517            0x79,0xE0,
1518            0x00,0x00,
1519            0x00,0x00,
1520            0x00,0x00,
1521          
1522          
1523            0x03,0x00,
1524            0x06,0x00,
1525            0x00,0x00,
1526            0x06,0x00,
1527            0x06,0x00,
1528            0x06,0x00,
1529            0x0F,0x00,
1530            0x0F,0x00,
1531            0x19,0x80,
1532            0x1F,0x80,
1533            0x30,0xC0,
1534            0x30,0xC0,
1535            0x79,0xE0,
1536            0x00,0x00,
1537            0x00,0x00,
C51 COMPILER V9.00   OSD_AMT630FONTLIB                                                     04/13/2015 11:40:42 PAGE 26  

1538            0x00,0x00,
1539          
1540          
1541            0x02,0x00,
1542            0x05,0x00,
1543            0x08,0x80,
1544            0x06,0x00,
1545            0x06,0x00,
1546            0x06,0x00,
1547            0x0F,0x00,
1548            0x0F,0x00,
1549            0x19,0x80,
1550            0x1F,0x80,
1551            0x30,0xC0,
1552            0x30,0xC0,
1553            0x79,0xE0,
1554            0x00,0x00,
1555            0x00,0x00,
1556            0x00,0x00,
1557          
1558          
1559            0x0C,0x80,
1560            0x13,0x00,
1561            0x00,0x00,
1562            0x06,0x00,
1563            0x06,0x00,
1564            0x06,0x00,
1565            0x0F,0x00,
1566            0x0F,0x00,
1567            0x19,0x80,
1568            0x1F,0x80,
1569            0x30,0xC0,
1570            0x30,0xC0,
1571            0x79,0xE0,
1572            0x00,0x00,
1573            0x00,0x00,
1574            0x00,0x00,
1575          
1576          
1577            0x0D,0x80,
1578            0x0D,0x80,
1579            0x00,0x00,
1580            0x06,0x00,
1581            0x06,0x00,
1582            0x06,0x00,
1583            0x0F,0x00,
1584            0x0F,0x00,
1585            0x19,0x80,
1586            0x1F,0x80,
1587            0x30,0xC0,
1588            0x30,0xC0,
1589            0x79,0xE0,
1590            0x00,0x00,
1591            0x00,0x00,
1592            0x00,0x00,
1593          
1594          
1595            0x06,0x00,
1596            0x09,0x00,
1597            0x06,0x00,
1598            0x00,0x00,
1599            0x06,0x00,
C51 COMPILER V9.00   OSD_AMT630FONTLIB                                                     04/13/2015 11:40:42 PAGE 27  

1600            0x06,0x00,
1601            0x0F,0x00,
1602            0x0F,0x00,
1603            0x19,0x80,
1604            0x1F,0x80,
1605            0x30,0xC0,
1606            0x30,0xC0,
1607            0x79,0xE0,
1608            0x00,0x00,
1609            0x00,0x00,
1610            0x00,0x00,
1611          
1612          
1613            0x00,0x00,
1614            0x00,0x00,
1615            0x00,0x00,
1616            0x0F,0xC0,
1617            0x1E,0xC0,
1618            0x16,0x00,
1619            0x26,0x00,
1620            0x26,0xC0,
1621            0x67,0xC0,
1622            0x7E,0xC0,
1623            0x66,0x00,
1624            0x66,0xC0,
1625            0x67,0xC0,
1626            0x00,0x00,
1627            0x00,0x00,
1628            0x00,0x00,
1629          
1630          
1631            0x0C,0x00,
1632            0x06,0x00,
1633            0x00,0x00,
1634            0x3F,0xC0,
1635            0x18,0xC0,
1636            0x18,0x00,
1637            0x19,0x80,
1638            0x1F,0x80,
1639            0x19,0x80,
1640            0x18,0x00,
1641            0x18,0x00,
1642            0x18,0xC0,
1643            0x3F,0xC0,
1644            0x00,0x00,
1645            0x00,0x00,
1646            0x00,0x00,
1647          
1648          
1649            0x03,0x00,
1650            0x06,0x00,
1651            0x00,0x00,
1652            0x3F,0xC0,
1653            0x18,0xC0,
1654            0x18,0x00,
1655            0x19,0x80,
1656            0x1F,0x80,
1657            0x19,0x80,
1658            0x18,0x00,
1659            0x18,0x00,
1660            0x18,0xC0,
1661            0x3F,0xC0,
C51 COMPILER V9.00   OSD_AMT630FONTLIB                                                     04/13/2015 11:40:42 PAGE 28  

1662            0x00,0x00,
1663            0x00,0x00,
1664            0x00,0x00,
1665          
1666          
1667            0x06,0x00,
1668            0x09,0x00,
1669            0x00,0x00,
1670            0x3F,0xC0,
1671            0x18,0xC0,
1672            0x18,0x00,
1673            0x19,0x80,
1674            0x1F,0x80,
1675            0x19,0x80,
1676            0x18,0x00,
1677            0x18,0x00,
1678            0x18,0xC0,
1679            0x3F,0xC0,
1680            0x00,0x00,
1681            0x00,0x00,
1682            0x00,0x00,
1683          
1684          
1685            0x19,0x80,
1686            0x19,0x80,
1687            0x00,0x00,
1688            0x3F,0xC0,
1689            0x18,0xC0,
1690            0x18,0x00,
1691            0x19,0x80,
1692            0x1F,0x80,
1693            0x19,0x80,
1694            0x18,0x00,
1695            0x18,0x00,
1696            0x18,0xC0,
1697            0x3F,0xC0,
1698            0x00,0x00,
1699            0x00,0x00,
1700            0x00,0x00,
1701          
1702          
1703            0x0C,0x00,
1704            0x06,0x00,
1705            0x00,0x00,
1706            0x79,0xE0,
1707            0x30,0xC0,
1708            0x30,0xC0,
1709            0x30,0xC0,
1710            0x30,0xC0,
1711            0x30,0xC0,
1712            0x30,0xC0,
1713            0x30,0xC0,
1714            0x30,0xC0,
1715            0x1F,0x80,
1716            0x00,0x00,
1717            0x00,0x00,
1718            0x00,0x00,
1719          
1720          
1721            0x02,0x00,
1722            0x05,0x00,
1723            0x00,0x00,
C51 COMPILER V9.00   OSD_AMT630FONTLIB                                                     04/13/2015 11:40:42 PAGE 29  

1724            0x79,0xE0,
1725            0x30,0xC0,
1726            0x30,0xC0,
1727            0x30,0xC0,
1728            0x30,0xC0,
1729            0x30,0xC0,
1730            0x30,0xC0,
1731            0x30,0xC0,
1732            0x30,0xC0,
1733            0x1F,0x80,
1734            0x00,0x00,
1735            0x00,0x00,
1736            0x00,0x00,
1737          
1738          
1739            0x03,0x00,
1740            0x06,0x00,
1741            0x00,0x00,
1742            0x79,0xE0,
1743            0x30,0xC0,
1744            0x30,0xC0,
1745            0x30,0xC0,
1746            0x30,0xC0,
1747            0x30,0xC0,
1748            0x30,0xC0,
1749            0x30,0xC0,
1750            0x30,0xC0,
1751            0x1F,0x80,
1752            0x00,0x00,
1753            0x00,0x00,
1754            0x00,0x00,
1755          
1756          
1757            0x18,0xC0,
1758            0x18,0xC0,
1759            0x00,0x00,
1760            0x79,0xE0,
1761            0x30,0xC0,
1762            0x30,0xC0,
1763            0x30,0xC0,
1764            0x30,0xC0,
1765            0x30,0xC0,
1766            0x30,0xC0,
1767            0x30,0xC0,
1768            0x30,0xC0,
1769            0x1F,0x80,
1770            0x00,0x00,
1771            0x00,0x00,
1772            0x00,0x00,
1773          
1774          
1775            0x03,0x00,
1776            0x06,0x00,
1777            0x00,0x00,
1778            0x79,0xE0,
1779            0x30,0xC0,
1780            0x19,0x80,
1781            0x19,0x80,
1782            0x0F,0x00,
1783            0x06,0x00,
1784            0x06,0x00,
1785            0x06,0x00,
C51 COMPILER V9.00   OSD_AMT630FONTLIB                                                     04/13/2015 11:40:42 PAGE 30  

1786            0x06,0x00,
1787            0x0F,0x00,
1788            0x00,0x00,
1789            0x00,0x00,
1790            0x00,0x00,
1791          
1792          
1793            0x00,0x00,
1794            0x00,0x00,
1795            0x00,0x00,
1796            0x3C,0x00,
1797            0x18,0x00,
1798            0x1F,0x80,
1799            0x18,0xC0,
1800            0x18,0xC0,
1801            0x18,0xC0,
1802            0x1F,0x80,
1803            0x18,0x00,
1804            0x18,0x00,
1805            0x18,0x00,
1806            0x3C,0x00,
1807            0x00,0x00,
1808            0x00,0x00,
1809          
1810          
1811            0x00,0x00,
1812            0x00,0x00,
1813            0x1E,0x00,
1814            0x33,0x00,
1815            0x33,0x00,
1816            0x33,0x00,
1817            0x36,0x00,
1818            0x33,0x00,
1819            0x33,0x00,
1820            0x33,0x00,
1821            0x33,0x00,
1822            0x36,0x00,
1823            0x30,0x00,
1824            0x00,0x00,
1825            0x00,0x00,
1826            0x00,0x00,
1827          
1828          
1829            0x30,0x00,
1830            0x18,0x00,
1831            0x00,0x00,
1832            0x1E,0x00,
1833            0x0C,0x00,
1834            0x0C,0x00,
1835            0x0C,0x00,
1836            0x0C,0x00,
1837            0x0C,0x00,
1838            0x0C,0x00,
1839            0x0C,0x00,
1840            0x0C,0x00,
1841            0x1E,0x00,
1842            0x00,0x00,
1843            0x00,0x00,
1844            0x00,0x00,
1845          
1846          
1847            0x0C,0x00,
C51 COMPILER V9.00   OSD_AMT630FONTLIB                                                     04/13/2015 11:40:42 PAGE 31  

1848            0x18,0x00,
1849            0x00,0x00,
1850            0x1E,0x00,
1851            0x0C,0x00,
1852            0x0C,0x00,
1853            0x0C,0x00,
1854            0x0C,0x00,
1855            0x0C,0x00,
1856            0x0C,0x00,
1857            0x0C,0x00,
1858            0x0C,0x00,
1859            0x1E,0x00,
1860            0x00,0x00,
1861            0x00,0x00,
1862            0x00,0x00,
1863          
1864          
1865            0x0C,0x00,
1866            0x12,0x00,
1867            0x00,0x00,
1868            0x1E,0x00,
1869            0x0C,0x00,
1870            0x0C,0x00,
1871            0x0C,0x00,
1872            0x0C,0x00,
1873            0x0C,0x00,
1874            0x0C,0x00,
1875            0x0C,0x00,
1876            0x0C,0x00,
1877            0x1E,0x00,
1878            0x00,0x00,
1879            0x00,0x00,
1880            0x00,0x00,
1881          
1882          
1883            0x66,0x00,
1884            0x66,0x00,
1885            0x00,0x00,
1886            0x3C,0x00,
1887            0x18,0x00,
1888            0x18,0x00,
1889            0x18,0x00,
1890            0x18,0x00,
1891            0x18,0x00,
1892            0x18,0x00,
1893            0x18,0x00,
1894            0x18,0x00,
1895            0x3C,0x00,
1896            0x00,0x00,
1897            0x00,0x00,
1898            0x00,0x00,
1899          
1900          
1901            0x00,0x00,
1902            0x00,0x00,
1903            0x00,0x00,
1904            0x3F,0x00,
1905            0x19,0x80,
1906            0x18,0xC0,
1907            0x18,0xC0,
1908            0x3C,0xC0,
1909            0x18,0xC0,
C51 COMPILER V9.00   OSD_AMT630FONTLIB                                                     04/13/2015 11:40:42 PAGE 32  

1910            0x18,0xC0,
1911            0x18,0xC0,
1912            0x19,0x80,
1913            0x3F,0x00,
1914            0x00,0x00,
1915            0x00,0x00,
1916            0x00,0x00,
1917          
1918          
1919            0x32,0x00,
1920            0x4C,0x00,
1921            0x00,0x00,
1922            0x3C,0x00,
1923            0x18,0x00,
1924            0x18,0x00,
1925            0x18,0x00,
1926            0x18,0x00,
1927            0x18,0x00,
1928            0x18,0x00,
1929            0x18,0x00,
1930            0x18,0x00,
1931            0x3C,0x00,
1932            0x00,0x00,
1933            0x00,0x00,
1934            0x00,0x00,
1935          
1936          
1937            0x18,0x00,
1938            0x0C,0x00,
1939            0x00,0x00,
1940            0x1F,0x00,
1941            0x31,0x80,
1942            0x60,0xC0,
1943            0x60,0xC0,
1944            0x60,0xC0,
1945            0x60,0xC0,
1946            0x60,0xC0,
1947            0x60,0xC0,
1948            0x31,0x80,
1949            0x1F,0x00,
1950            0x00,0x00,
1951            0x00,0x00,
1952            0x00,0x00,
1953          
1954          
1955            0x06,0x00,
1956            0x0C,0x00,
1957            0x00,0x00,
1958            0x1F,0x00,
1959            0x31,0x80,
1960            0x60,0xC0,
1961            0x60,0xC0,
1962            0x60,0xC0,
1963            0x60,0xC0,
1964            0x60,0xC0,
1965            0x60,0xC0,
1966            0x31,0x80,
1967            0x1F,0x00,
1968            0x00,0x00,
1969            0x00,0x00,
1970            0x00,0x00,
1971          
C51 COMPILER V9.00   OSD_AMT630FONTLIB                                                     04/13/2015 11:40:42 PAGE 33  

1972          
1973            0x04,0x00,
1974            0x0A,0x00,
1975            0x00,0x00,
1976            0x1F,0x00,
1977            0x31,0x80,
1978            0x60,0xC0,
1979            0x60,0xC0,
1980            0x60,0xC0,
1981            0x60,0xC0,
1982            0x60,0xC0,
1983            0x60,0xC0,
1984            0x31,0x80,
1985            0x1F,0x00,
1986            0x00,0x00,
1987            0x00,0x00,
1988            0x00,0x00,
1989          
1990          
1991            0x0C,0x80,
1992            0x13,0x00,
1993            0x00,0x00,
1994            0x1F,0x00,
1995            0x31,0x80,
1996            0x60,0xC0,
1997            0x60,0xC0,
1998            0x60,0xC0,
1999            0x60,0xC0,
2000            0x60,0xC0,
2001            0x60,0xC0,
2002            0x31,0x80,
2003            0x1F,0x00,
2004            0x00,0x00,
2005            0x00,0x00,
2006            0x00,0x00,
2007          
2008          
2009            0x1B,0x00,
2010            0x1B,0x00,
2011            0x00,0x00,
2012            0x1F,0x00,
2013            0x31,0x80,
2014            0x60,0xC0,
2015            0x60,0xC0,
2016            0x60,0xC0,
2017            0x60,0xC0,
2018            0x60,0xC0,
2019            0x60,0xC0,
2020            0x31,0x80,
2021            0x1F,0x00,
2022            0x00,0x00,
2023            0x00,0x00,
2024            0x00,0x00,
2025          
2026          
2027            0x00,0x00,
2028            0x00,0x00,
2029            0x00,0x20,
2030            0x1F,0x40,
2031            0x31,0x80,
2032            0x61,0xC0,
2033            0x61,0xC0,
C51 COMPILER V9.00   OSD_AMT630FONTLIB                                                     04/13/2015 11:40:42 PAGE 34  

2034            0x62,0xC0,
2035            0x64,0xC0,
2036            0x68,0xC0,
2037            0x70,0xC0,
2038            0x31,0x80,
2039            0x5F,0x00,
2040            0x80,0x00,
2041            0x00,0x00,
2042            0x00,0x00,
2043          
2044          
2045            0x00,0x00,
2046            0x00,0x00,
2047            0x00,0x00,
2048            0x70,0x00,
2049            0x30,0x00,
2050            0x3F,0x00,
2051            0x31,0x80,
2052            0x31,0x80,
2053            0x31,0x80,
2054            0x31,0x80,
2055            0x3F,0x00,
2056            0x30,0x00,
2057            0x30,0x00,
2058            0x30,0x00,
2059            0x00,0x00,
2060            0x00,0x00,
2061          
2062          
2063            0x00,0x00,
2064            0x09,0x00,
2065            0x06,0x00,
2066            0x00,0x00,
2067            0x1F,0x00,
2068            0x31,0x80,
2069            0x31,0x80,
2070            0x18,0x00,
2071            0x0E,0x00,
2072            0x03,0x00,
2073            0x31,0x80,
2074            0x31,0x80,
2075            0x1F,0x00,
2076            0x00,0x00,
2077            0x00,0x00,
2078            0x00,0x00,
2079          
2080          
2081            0x00,0x00,
2082            0x00,0x00,
2083            0x00,0x00,
2084            0x00,0x00,
2085            0xF1,0xE0,
2086            0x60,0xC0,
2087            0x60,0xC0,
2088            0x60,0xC0,
2089            0x7E,0xC0,
2090            0x62,0xC0,
2091            0x62,0xC0,
2092            0x62,0xC0,
2093            0xFF,0xE0,
2094            0x00,0x00,
2095            0x00,0x00,
C51 COMPILER V9.00   OSD_AMT630FONTLIB                                                     04/13/2015 11:40:42 PAGE 35  

2096            0x00,0x00,
2097          
2098          
2099            0x00,0x00,
2100            0x00,0x00,
2101            0x00,0x00,
2102            0x00,0x00,
2103            0x00,0x00,
2104            0x00,0x00,
2105            0x00,0x00,
2106            0x00,0x00,
2107            0x00,0x00,
2108            0x00,0x00,
2109            0x00,0x00,
2110            0x00,0x00,
2111            0x00,0x00,
2112            0x00,0x00,
2113            0xDB,0x60,
2114            0xDB,0x60,
2115          
2116          
2117            0x00,0x00,
2118            0xC0,0x00,
2119            0xC0,0x00,
2120            0xC0,0x00,
2121            0xC0,0x00,
2122            0xC0,0x00,
2123            0xC0,0x00,
2124            0xC0,0x00,
2125            0xC0,0x00,
2126            0xC0,0x00,
2127            0xC0,0x00,
2128            0xC0,0x00,
2129            0xC0,0x00,
2130            0x00,0x00,
2131            0xDB,0x60,
2132            0xDB,0x60,
2133          
2134          
2135            0x00,0x00,
2136            0xD8,0x00,
2137            0xD8,0x00,
2138            0xD8,0x00,
2139            0xD8,0x00,
2140            0xD8,0x00,
2141            0xD8,0x00,
2142            0xD8,0x00,
2143            0xD8,0x00,
2144            0xD8,0x00,
2145            0xD8,0x00,
2146            0xD8,0x00,
2147            0xD8,0x00,
2148            0x00,0x00,
2149            0xDB,0x60,
2150            0xDB,0x60,
2151          
2152          
2153            0x00,0x00,
2154            0xDB,0x00,
2155            0xDB,0x00,
2156            0xDB,0x00,
2157            0xDB,0x00,
C51 COMPILER V9.00   OSD_AMT630FONTLIB                                                     04/13/2015 11:40:42 PAGE 36  

2158            0xDB,0x00,
2159            0xDB,0x00,
2160            0xDB,0x00,
2161            0xDB,0x00,
2162            0xDB,0x00,
2163            0xDB,0x00,
2164            0xDB,0x00,
2165            0xDB,0x00,
2166            0x00,0x00,
2167            0xDB,0x60,
2168            0xDB,0x60,
2169          
2170          
2171            0x00,0x00,
2172            0xDB,0x60,
2173            0xDB,0x60,
2174            0xDB,0x60,
2175            0xDB,0x60,
2176            0xDB,0x60,
2177            0xDB,0x60,
2178            0xDB,0x60,
2179            0xDB,0x60,
2180            0xDB,0x60,
2181            0xDB,0x60,
2182            0xDB,0x60,
2183            0xDB,0x60,
2184            0x00,0x00,
2185            0xDB,0x60,
2186            0xDB,0x60,
2187          
2188          
2189            0x00,0x00,
2190            0x00,0x00,
2191            0x00,0x00,
2192            0x18,0x00,
2193            0x27,0xE0,
2194            0x40,0x10,
2195            0xC3,0xE0,
2196            0xC2,0x00,
2197            0xC2,0x00,
2198            0xC2,0x00,
2199            0xC4,0x00,
2200            0x28,0x00,
2201            0x10,0x00,
2202            0x00,0x00,
2203            0x00,0x00,
2204            0x00,0x00,
2205          
2206          
2207            0x00,0x00,
2208            0x00,0x00,
2209            0x00,0x00,
2210            0x0F,0x80,
2211            0x19,0xC0,
2212            0x30,0xC0,
2213            0x30,0x00,
2214            0x30,0x00,
2215            0x30,0x00,
2216            0x30,0x00,
2217            0x30,0xC0,
2218            0x18,0xC0,
2219            0x0F,0x80,
C51 COMPILER V9.00   OSD_AMT630FONTLIB                                                     04/13/2015 11:40:42 PAGE 37  

2220            0x02,0x00,
2221            0x01,0x00,
2222            0x07,0x00,
2223          
2224          
2225            0x0C,0x80,
2226            0x13,0x00,
2227            0x00,0x00,
2228            0x71,0xE0,
2229            0x30,0xC0,
2230            0x38,0xC0,
2231            0x3C,0xC0,
2232            0x36,0xC0,
2233            0x33,0xC0,
2234            0x31,0xC0,
2235            0x30,0xC0,
2236            0x30,0xC0,
2237            0x78,0xC0,
2238            0x00,0x00,
2239            0x00,0x00,
2240            0x00,0x00,
2241          
2242          
2243            0x00,0x00,
2244            0x00,0x00,
2245            0x1B,0x00,
2246            0x0E,0x00,
2247            0x1E,0x00,
2248            0x03,0x00,
2249            0x1F,0x80,
2250            0x31,0x80,
2251            0x31,0x80,
2252            0x31,0x80,
2253            0x31,0x80,
2254            0x31,0x80,
2255            0x1F,0x00,
2256            0x00,0x00,
2257            0x00,0x00,
2258            0x00,0x00,
2259          
2260          
2261            0x00,0x00,
2262            0x00,0x00,
2263            0x38,0x00,
2264            0x18,0x00,
2265            0x1F,0x00,
2266            0x19,0x80,
2267            0x19,0x80,
2268            0x19,0x80,
2269            0x19,0x80,
2270            0x1F,0x00,
2271            0x18,0x00,
2272            0x18,0x00,
2273            0x18,0x00,
2274            0x3C,0x00,
2275            0x00,0x00,
2276            0x00,0x00,
2277          
2278          
2279            0x00,0x00,
2280            0x00,0x00,
2281            0x00,0x00,
C51 COMPILER V9.00   OSD_AMT630FONTLIB                                                     04/13/2015 11:40:42 PAGE 38  

2282            0x00,0x00,
2283            0x37,0xC0,
2284            0x6E,0xC0,
2285            0x66,0x40,
2286            0x66,0x80,
2287            0x67,0x80,
2288            0x66,0x80,
2289            0x66,0x40,
2290            0x6E,0xC0,
2291            0x37,0xC0,
2292            0x00,0x00,
2293            0x00,0x00,
2294            0x00,0x00,
2295          
2296          
2297            0x11,0x00,
2298            0x0A,0x00,
2299            0x04,0x00,
2300            0x3F,0xC0,
2301            0x30,0xC0,
2302            0x30,0xC0,
2303            0x01,0x80,
2304            0x03,0x00,
2305            0x06,0x00,
2306            0x0C,0x00,
2307            0x18,0x00,
2308            0x30,0xC0,
2309            0x3F,0xC0,
2310            0x00,0x00,
2311            0x00,0x00,
2312            0x00,0x00,
2313          
2314          
2315            0x19,0x80,
2316            0x19,0x80,
2317            0x00,0x00,
2318            0x79,0xE0,
2319            0x30,0xC0,
2320            0x19,0x80,
2321            0x19,0x80,
2322            0x0F,0x00,
2323            0x06,0x00,
2324            0x06,0x00,
2325            0x06,0x00,
2326            0x06,0x00,
2327            0x0F,0x00,
2328            0x00,0x00,
2329            0x00,0x00,
2330            0x00,0x00,
2331          
2332          
2333            0x00,0x00,
2334            0x00,0x00,
2335            0x00,0x00,
2336            0x60,0x00,
2337            0x78,0x00,
2338            0x7E,0x00,
2339            0x7F,0x80,
2340            0x7F,0xE0,
2341            0x7F,0x80,
2342            0x7E,0x00,
2343            0x78,0x00,
C51 COMPILER V9.00   OSD_AMT630FONTLIB                                                     04/13/2015 11:40:42 PAGE 39  

2344            0x60,0x00,
2345            0x00,0x00,
2346            0x00,0x00,
2347            0x00,0x00,
2348            0x00,0x00,
2349          
2350          
2351            0x00,0x00,
2352            0x00,0x00,
2353            0x00,0x00,
2354            0x00,0x60,
2355            0x01,0xE0,
2356            0x07,0xE0,
2357            0x1F,0xE0,
2358            0x7F,0xE0,
2359            0x1F,0xE0,
2360            0x07,0xE0,
2361            0x01,0xE0,
2362            0x00,0x60,
2363            0x00,0x00,
2364            0x00,0x00,
2365            0x00,0x00,
2366            0x00,0x00,
2367          
2368          
2369            0x00,0x00,
2370            0x00,0x00,
2371            0x10,0x00,
2372            0x1F,0x00,
2373            0x22,0x00,
2374            0x7F,0x80,
2375            0xC4,0x80,
2376            0x44,0x80,
2377            0x7F,0x80,
2378            0x40,0x00,
2379            0x40,0x20,
2380            0x40,0x20,
2381            0x3F,0xE0,
2382            0x00,0x00,
2383            0x00,0x00,
2384            0x00,0x00,
2385          
2386          
2387            0x00,0x00,
2388            0x00,0x00,
2389            0x04,0x00,
2390            0xFF,0xE0,
2391            0x00,0x00,
2392            0x3F,0x80,
2393            0x20,0x80,
2394            0xFF,0xE0,
2395            0x80,0x20,
2396            0x1F,0x00,
2397            0x11,0x20,
2398            0x21,0x20,
2399            0xC1,0xE0,
2400            0x00,0x00,
2401            0x00,0x00,
2402            0x00,0x00,
2403          
2404          
2405            0x00,0x00,
C51 COMPILER V9.00   OSD_AMT630FONTLIB                                                     04/13/2015 11:40:42 PAGE 40  

2406            0x00,0x00,
2407            0x00,0x40,
2408            0xF8,0x40,
2409            0x08,0x40,
2410            0x4F,0xE0,
2411            0x28,0x40,
2412            0x12,0x40,
2413            0x11,0x40,
2414            0x29,0x40,
2415            0x48,0x40,
2416            0x88,0x40,
2417            0x01,0xC0,
2418            0x00,0x00,
2419            0x00,0x00,
2420            0x00,0x00,
2421          
2422          
2423            0x00,0x00,
2424            0x00,0x00,
2425            0x42,0x00,
2426            0x42,0x00,
2427            0x42,0x20,
2428            0x42,0x40,
2429            0x7B,0x80,
2430            0x42,0x00,
2431            0x42,0x00,
2432            0x42,0x20,
2433            0x4A,0x20,
2434            0x72,0x20,
2435            0x43,0xE0,
2436            0x00,0x00,
2437            0x00,0x00,
2438            0x00,0x00,
2439          
2440          
2441            0x00,0x00,
2442            0x00,0x00,
2443            0x18,0x00,
2444            0xE7,0xE0,
2445            0xA9,0x20,
2446            0xFD,0x20,
2447            0x73,0x60,
2448            0xA9,0x20,
2449            0xFB,0x60,
2450            0xAD,0xA0,
2451            0xF9,0x20,
2452            0xA9,0x20,
2453            0xFB,0x60,
2454            0x00,0x00,
2455            0x00,0x00,
2456            0x00,0x00,
2457          
2458          
2459            0x00,0x00,
2460            0x00,0x00,
2461            0x21,0x00,
2462            0xF9,0x00,
2463            0x47,0xE0,
2464            0x61,0x00,
2465            0xA7,0xE0,
2466            0xFA,0x00,
2467            0x23,0xC0,
C51 COMPILER V9.00   OSD_AMT630FONTLIB                                                     04/13/2015 11:40:42 PAGE 41  

2468            0x38,0x40,
2469            0xE0,0x80,
2470            0x23,0x00,
2471            0x20,0x80,
2472            0x00,0x00,
2473            0x00,0x00,
2474            0x00,0x00,
2475          
2476          
2477            0x00,0x00,
2478            0x00,0x00,
2479            0x9F,0xE0,
2480            0x42,0x00,
2481            0x0F,0x80,
2482            0x04,0x80,
2483            0xC4,0x80,
2484            0x5F,0xE0,
2485            0x40,0x00,
2486            0x4F,0xC0,
2487            0x58,0x40,
2488            0x68,0x40,
2489            0x4F,0xC0,
2490            0x00,0x00,
2491            0x00,0x00,
2492            0x00,0x00,
2493          
2494          
2495            0x00,0x00,
2496            0x00,0x00,
2497            0x04,0x00,
2498            0xFF,0xE0,
2499            0x00,0x00,
2500            0x3F,0x80,
2501            0x00,0x00,
2502            0x3F,0x80,
2503            0x00,0x00,
2504            0x3F,0x80,
2505            0x20,0x80,
2506            0x20,0x80,
2507            0x3F,0x80,
2508            0x00,0x00,
2509            0x00,0x00,
2510            0x00,0x00,
2511          
2512          
2513            0x00,0x00,
2514            0x00,0x00,
2515            0x3F,0x80,
2516            0x20,0x80,
2517            0x20,0x80,
2518            0x3F,0x80,
2519            0x00,0x00,
2520            0xFF,0xE0,
2521            0x10,0x00,
2522            0x1F,0x80,
2523            0x00,0x80,
2524            0x00,0x80,
2525            0x07,0x00,
2526            0x00,0x00,
2527            0x00,0x00,
2528            0x00,0x00,
2529          
C51 COMPILER V9.00   OSD_AMT630FONTLIB                                                     04/13/2015 11:40:42 PAGE 42  

2530          
2531            0x00,0x00,
2532            0x00,0x00,
2533            0x21,0x00,
2534            0x7B,0xE0,
2535            0x94,0x80,
2536            0x2F,0xC0,
2537            0x50,0x40,
2538            0x4F,0x40,
2539            0x49,0x40,
2540            0x4F,0x40,
2541            0x49,0x40,
2542            0x4F,0x40,
2543            0x40,0xC0,
2544            0x00,0x00,
2545            0x00,0x00,
2546            0x00,0x00,
2547          
2548          
2549            0x00,0x00,
2550            0x00,0x00,
2551            0x04,0x00,
2552            0x04,0x00,
2553            0x7F,0xC0,
2554            0x44,0x40,
2555            0x44,0x40,
2556            0x44,0x40,
2557            0x7F,0xC0,
2558            0x04,0x00,
2559            0x04,0x00,
2560            0x04,0x00,
2561            0x04,0x00,
2562            0x00,0x00,
2563            0x00,0x00,
2564            0x00,0x00,
2565          
2566          
2567            0x00,0x00,
2568            0x00,0x00,
2569            0x08,0x00,
2570            0x04,0x40,
2571            0xFF,0xE0,
2572            0x11,0x00,
2573            0x11,0x00,
2574            0x11,0x00,
2575            0x0A,0x00,
2576            0x0A,0x00,
2577            0x04,0x00,
2578            0x1B,0x00,
2579            0xE0,0xE0,
2580            0x00,0x00,
2581            0x00,0x00,
2582            0x00,0x00,
2583          
2584          
2585            0x00,0x00,
2586            0x00,0x00,
2587            0x4F,0xE0,
2588            0x29,0x20,
2589            0x0B,0xA0,
2590            0x09,0x20,
2591            0xCF,0xE0,
C51 COMPILER V9.00   OSD_AMT630FONTLIB                                                     04/13/2015 11:40:42 PAGE 43  

2592            0x48,0x20,
2593            0x4B,0xA0,
2594            0x5A,0xA0,
2595            0x6B,0xA0,
2596            0x48,0x20,
2597            0x10,0xE0,
2598            0x00,0x00,
2599            0x00,0x00,
2600            0x00,0x00,
2601          
2602          
2603            0x00,0x00,
2604            0x00,0x00,
2605            0x2F,0xE0,
2606            0x22,0x80,
2607            0xF7,0xC0,
2608            0x24,0x40,
2609            0x67,0xC0,
2610            0x74,0x40,
2611            0xA7,0xC0,
2612            0xA1,0x00,
2613            0x2F,0xE0,
2614            0x22,0x80,
2615            0x2C,0x60,
2616            0x00,0x00,
2617            0x00,0x00,
2618            0x00,0x00,
2619          
2620          
2621            0x00,0x00,
2622            0x00,0x00,
2623            0x02,0x80,
2624            0x02,0x40,
2625            0xFF,0xE0,
2626            0x02,0x00,
2627            0x02,0x00,
2628            0xFE,0x00,
2629            0x12,0x00,
2630            0x11,0x00,
2631            0x11,0x20,
2632            0x1C,0xA0,
2633            0xE0,0x60,
2634            0x00,0x00,
2635            0x00,0x00,
2636            0x00,0x00,
2637          
2638          
2639            0x00,0x00,
2640            0x00,0x00,
2641            0x7F,0xC0,
2642            0x04,0x00,
2643            0x04,0x00,
2644            0x04,0x00,
2645            0xFF,0xE0,
2646            0x0A,0x00,
2647            0x0A,0x00,
2648            0x12,0x00,
2649            0x12,0x20,
2650            0x22,0x20,
2651            0xC3,0xE0,
2652            0x00,0x00,
2653            0x00,0x00,
C51 COMPILER V9.00   OSD_AMT630FONTLIB                                                     04/13/2015 11:40:42 PAGE 44  

2654            0x00,0x00,
2655          
2656          
2657            0x00,0x00,
2658            0x00,0x00,
2659            0x21,0x00,
2660            0x3F,0xE0,
2661            0x20,0x00,
2662            0x4F,0xC0,
2663            0x40,0x00,
2664            0xCF,0xC0,
2665            0x40,0x00,
2666            0x4F,0xC0,
2667            0x48,0x40,
2668            0x4F,0xC0,
2669            0x48,0x40,
2670            0x00,0x00,
2671            0x00,0x00,
2672            0x00,0x00,
2673          
2674          
2675            0x00,0x00,
2676            0x00,0x00,
2677            0x11,0x00,
2678            0x11,0x00,
2679            0x2F,0xE0,
2680            0x21,0x00,
2681            0x63,0x00,
2682            0xA5,0x80,
2683            0x29,0x40,
2684            0x31,0x20,
2685            0x2F,0xC0,
2686            0x21,0x00,
2687            0x21,0x00,
2688            0x00,0x00,
2689            0x00,0x00,
2690            0x00,0x00,
2691          
2692          
2693            0x00,0x00,
2694            0x00,0x00,
2695            0x10,0x40,
2696            0x3F,0xE0,
2697            0x60,0x80,
2698            0xBF,0x80,
2699            0x20,0x80,
2700            0x3F,0x80,
2701            0x10,0x00,
2702            0x1F,0x80,
2703            0x69,0x00,
2704            0x06,0x00,
2705            0xF9,0xE0,
2706            0x00,0x00,
2707            0x00,0x00,
2708            0x00,0x00,
2709          
2710          
2711            0x00,0x00,
2712            0x00,0x00,
2713            0x24,0x00,
2714            0x22,0x00,
2715            0x5F,0xE0,
C51 COMPILER V9.00   OSD_AMT630FONTLIB                                                     04/13/2015 11:40:42 PAGE 45  

2716            0x40,0x00,
2717            0xC8,0x80,
2718            0x48,0x80,
2719            0x44,0x80,
2720            0x45,0x00,
2721            0x45,0x00,
2722            0x41,0x00,
2723            0x5F,0xE0,
2724            0x00,0x00,
2725            0x00,0x00,
2726            0x00,0x00,
2727          
2728          
2729            0x00,0x00,
2730            0x00,0x00,
2731            0x02,0x00,
2732            0x7F,0xE0,
2733            0x48,0x80,
2734            0x7F,0xE0,
2735            0x48,0x80,
2736            0x4F,0x80,
2737            0x40,0x00,
2738            0x5F,0x80,
2739            0x45,0x00,
2740            0x87,0x00,
2741            0xB8,0xE0,
2742            0x00,0x00,
2743            0x00,0x00,
2744            0x00,0x00,
2745          
2746          
2747            0x00,0x00,
2748            0x00,0x00,
2749            0x4F,0xE0,
2750            0x29,0x00,
2751            0x0B,0xE0,
2752            0xAA,0x20,
2753            0x6B,0xE0,
2754            0x2A,0x20,
2755            0x4B,0xE0,
2756            0x50,0x80,
2757            0xD2,0xC0,
2758            0x64,0xA0,
2759            0x4B,0xA0,
2760            0x00,0x00,
2761            0x00,0x00,
2762            0x00,0x00,
2763          
2764          
2765            0x00,0x00,
2766            0x00,0x00,
2767            0x00,0x00,
2768            0x4F,0xE0,
2769            0xF2,0x00,
2770            0x07,0xC0,
2771            0xF2,0x40,
2772            0x02,0x40,
2773            0xFF,0xE0,
2774            0x00,0x00,
2775            0xF7,0xC0,
2776            0x94,0x40,
2777            0x94,0x40,
C51 COMPILER V9.00   OSD_AMT630FONTLIB                                                     04/13/2015 11:40:42 PAGE 46  

2778            0xF7,0xC0,
2779            0x00,0x00,
2780            0x00,0x00,
2781          
2782          
2783            0x00,0x00,
2784            0x00,0x00,
2785            0x07,0xC0,
2786            0xF4,0x40,
2787            0x94,0x40,
2788            0x97,0xC0,
2789            0xF4,0x40,
2790            0x94,0x40,
2791            0x97,0xC0,
2792            0xF4,0x40,
2793            0x04,0x40,
2794            0x08,0x40,
2795            0x31,0xC0,
2796            0x00,0x00,
2797            0x00,0x00,
2798            0x00,0x00,
2799          
2800          
2801            0x00,0x00,
2802            0x00,0x00,
2803            0x00,0x00,
2804            0x00,0x00,
2805            0x1E,0x00,
2806            0x02,0x00,
2807            0x04,0x00,
2808            0x0F,0x00,
2809            0x10,0x80,
2810            0x2C,0x80,
2811            0x13,0x00,
2812            0x0E,0x00,
2813            0x00,0x00,
2814            0x00,0x00,
2815            0x00,0x00,
2816            0x00,0x00,
2817          
2818          
2819            0x00,0x00,
2820            0x00,0x00,
2821            0x00,0x00,
2822            0x04,0x00,
2823            0x08,0x00,
2824            0x05,0x00,
2825            0x1E,0x00,
2826            0x01,0x00,
2827            0x0F,0x80,
2828            0x10,0x00,
2829            0x10,0x00,
2830            0x0F,0x80,
2831            0x00,0x00,
2832            0x00,0x00,
2833            0x00,0x00,
2834            0x00,0x00,
2835          
2836          
2837            0x00,0x00,
2838            0x00,0x00,
2839            0x00,0x00,
C51 COMPILER V9.00   OSD_AMT630FONTLIB                                                     04/13/2015 11:40:42 PAGE 47  

2840            0x00,0x00,
2841            0x00,0x00,
2842            0x00,0x00,
2843            0x03,0x80,
2844            0x0C,0x80,
2845            0x00,0x80,
2846            0x00,0x80,
2847            0x03,0x80,
2848            0x1C,0x00,
2849            0x00,0x00,
2850            0x00,0x00,
2851            0x00,0x00,
2852            0x00,0x00,
2853          
2854          
2855            0x00,0x00,
2856            0x00,0x00,
2857            0x00,0x00,
2858            0x00,0x00,
2859            0x00,0x00,
2860            0x08,0x00,
2861            0x04,0x00,
2862            0x04,0x20,
2863            0x00,0x40,
2864            0x00,0x80,
2865            0x13,0x00,
2866            0x0C,0x00,
2867            0x00,0x00,
2868            0x00,0x00,
2869            0x00,0x00,
2870            0x00,0x00,
2871          
2872          
2873            0x00,0x00,
2874            0x00,0x00,
2875            0x00,0x00,
2876            0x00,0x00,
2877            0x08,0x00,
2878            0x08,0x00,
2879            0x0C,0x00,
2880            0x0A,0x00,
2881            0x09,0x00,
2882            0x08,0x00,
2883            0x08,0x00,
2884            0x08,0x00,
2885            0x00,0x00,
2886            0x00,0x00,
2887            0x00,0x00,
2888            0x00,0x00,
2889          
2890          
2891            0x00,0x00,
2892            0x00,0x00,
2893            0x00,0x00,
2894            0x00,0x00,
2895            0x0E,0x00,
2896            0x30,0x00,
2897            0x0E,0x00,
2898            0x72,0x00,
2899            0x02,0x00,
2900            0x04,0x00,
2901            0x08,0x00,
C51 COMPILER V9.00   OSD_AMT630FONTLIB                                                     04/13/2015 11:40:42 PAGE 48  

2902            0x30,0x00,
2903            0x00,0x00,
2904            0x00,0x00,
2905            0x00,0x00,
2906            0x00,0x00,
2907          
2908          
2909            0x00,0x00,
2910            0x00,0x00,
2911            0x00,0x00,
2912            0x00,0x00,
2913            0x00,0x00,
2914            0x0E,0x00,
2915            0x32,0x00,
2916            0x04,0x00,
2917            0x04,0x00,
2918            0x0A,0x00,
2919            0x11,0x00,
2920            0x60,0x00,
2921            0x00,0x00,
2922            0x00,0x00,
2923            0x00,0x00,
2924            0x00,0x00,
2925          
2926          
2927            0x00,0x00,
2928            0x00,0x00,
2929            0x0E,0x20,
2930            0xF4,0x40,
2931            0x54,0x80,
2932            0x2B,0x00,
2933            0x10,0x20,
2934            0xFE,0x40,
2935            0x11,0x80,
2936            0x38,0x20,
2937            0x54,0x40,
2938            0x91,0x80,
2939            0x16,0x00,
2940            0x00,0x00,
2941            0x00,0x00,
2942            0x00,0x00,
2943          
2944          
2945            0x00,0x00,
2946            0x00,0x00,
2947            0x00,0x00,
2948            0x00,0x00,
2949            0x00,0x00,
2950            0x00,0x00,
2951            0x11,0x00,
2952            0x10,0x80,
2953            0x10,0x40,
2954            0x12,0xC0,
2955            0x14,0x00,
2956            0x0C,0x00,
2957            0x00,0x00,
2958            0x00,0x00,
2959            0x00,0x00,
2960            0x00,0x00,
2961          
2962          
2963            0x00,0x00,
C51 COMPILER V9.00   OSD_AMT630FONTLIB                                                     04/13/2015 11:40:42 PAGE 49  

2964            0x00,0x00,
2965            0x3F,0xC0,
2966            0x20,0x40,
2967            0x20,0x40,
2968            0x20,0x40,
2969            0x3F,0xC0,
2970            0x20,0x40,
2971            0x20,0x40,
2972            0x20,0x40,
2973            0x20,0x40,
2974            0x3F,0xC0,
2975            0x20,0x40,
2976            0x00,0x00,
2977            0x00,0x00,
2978            0x00,0x00,
2979          
2980          
2981            0x00,0x00,
2982            0x00,0x00,
2983            0x04,0x00,
2984            0x04,0x40,
2985            0xFF,0xE0,
2986            0x04,0x00,
2987            0x0E,0x00,
2988            0x15,0x00,
2989            0x24,0x80,
2990            0x44,0x40,
2991            0xBF,0xA0,
2992            0x04,0x00,
2993            0x04,0x00,
2994            0x00,0x00,
2995            0x00,0x00,
2996            0x00,0x00,
2997          
2998          
2999            0x00,0x00,
3000            0x00,0x00,
3001            0x00,0x00,
3002            0x00,0x00,
3003            0x00,0x00,
3004            0x08,0x00,
3005            0x0B,0x80,
3006            0x0C,0x80,
3007            0x39,0x00,
3008            0x08,0x00,
3009            0x08,0x00,
3010            0x07,0x80,
3011            0x00,0x00,
3012            0x00,0x00,
3013            0x00,0x00,
3014            0x00,0x00,
3015          
3016          
3017            0x00,0x00,
3018            0x00,0x00,
3019            0x00,0x00,
3020            0x00,0x00,
3021            0x00,0x00,
3022            0x00,0x00,
3023            0x00,0x00,
3024            0x83,0xE0,
3025            0x7C,0x00,
C51 COMPILER V9.00   OSD_AMT630FONTLIB                                                     04/13/2015 11:40:42 PAGE 50  

3026            0x00,0x00,
3027            0x00,0x00,
3028            0x00,0x00,
3029            0x00,0x00,
3030            0x00,0x00,
3031            0x00,0x00,
3032            0x00,0x00,
3033          
3034          
3035            0x00,0x00,
3036            0x00,0x00,
3037            0x00,0x00,
3038            0x01,0x00,
3039            0x09,0x00,
3040            0x09,0x00,
3041            0x09,0x00,
3042            0x09,0x00,
3043            0x01,0x00,
3044            0x01,0x00,
3045            0x02,0x00,
3046            0x04,0x00,
3047            0x00,0x00,
3048            0x00,0x00,
3049            0x00,0x00,
3050            0x00,0x00,
3051          
3052          
3053            0x00,0x00,
3054            0x00,0x00,
3055            0x00,0x00,
3056            0x00,0x00,
3057            0x00,0x00,
3058            0x14,0x80,
3059            0x0A,0x80,
3060            0x01,0x00,
3061            0x02,0x00,
3062            0x04,0x00,
3063            0x08,0x00,
3064            0x00,0x00,
3065            0x00,0x00,
3066            0x00,0x00,
3067            0x00,0x00,
3068            0x00,0x00,
3069          };
3070          
3071          
3072          UCHAR CODE AMT630Font_Char[] =
3073          {
3074            /* 文字:"合" */
3075            0x00,0x00,
3076            0x00,0x00,
3077            0x04,0x00,
3078            0x0A,0x00,
3079            0x11,0x00,
3080            0x20,0x80,
3081            0xDF,0x60,
3082            0x00,0x00,
3083            0x00,0x00,
3084            0x3F,0x80,
3085            0x20,0x80,
3086            0x20,0x80,
3087            0x3F,0x80,
C51 COMPILER V9.00   OSD_AMT630FONTLIB                                                     04/13/2015 11:40:42 PAGE 51  

3088            0x00,0x00,
3089            0x00,0x00,
3090            0x00,0x00, 
3091          
3092            /* 文字:"反" */
3093            0x00,0x00,
3094            0x00,0x00,
3095            0x00,0x3C,
3096            0x07,0xC0,
3097            0x04,0x00,
3098            0x04,0x00,
3099            0x07,0xFC,
3100            0x05,0x04,
3101            0x05,0x04,
3102            0x04,0x88,
3103            0x04,0x50,
3104            0x04,0x20,
3105            0x04,0xD8,
3106            0x0B,0x06,
3107            0x00,0x00,
3108            0x00,0x00,
3109          
3110            /* 文字:"転" */
3111            0x00,0x00,
3112            0x00,0x00,
3113            0x20,0x00,
3114            0xFB,0xC0,
3115            0x20,0x00,
3116            0xF8,0x00,
3117            0xAF,0xE0,
3118            0xF9,0x00,
3119            0xA9,0x00,
3120            0xFA,0x00,
3121            0x22,0x40,
3122            0xFC,0xE0,
3123            0x27,0x20,
3124            0x00,0x00,
3125            0x00,0x00,
3126            0x00,0x00,
3127          
3128            /* 文字:"-" */
3129            0x00,0x00,
3130            0x00,0x00,
3131            0x00,0x00,
3132            0x00,0x00,
3133            0x00,0x00,
3134            0x00,0x00,
3135            0x00,0x00,
3136            0x3F,0xFC,
3137            0x3F,0xFC,
3138            0x00,0x00,
3139            0x00,0x00,
3140            0x00,0x00,
3141            0x00,0x00,
3142            0x00,0x00,
3143            0x00,0x00,
3144            0x00,0x00,
3145          };
3146          #endif
3147          


C51 COMPILER V9.00   OSD_AMT630FONTLIB                                                     04/13/2015 11:40:42 PAGE 52  

MODULE INFORMATION:   STATIC OVERLAYABLE
   CODE SIZE        =   ----    ----
   CONSTANT SIZE    =   5568    ----
   XDATA SIZE       =   ----    ----
   PDATA SIZE       =   ----    ----
   DATA SIZE        =   ----    ----
   IDATA SIZE       =   ----    ----
   BIT SIZE         =   ----    ----
END OF MODULE INFORMATION.


C51 COMPILATION COMPLETE.  0 WARNING(S),  0 ERROR(S)
