C51 COMPILER V9.00   TOUCHKEYPAD                                                           04/13/2015 11:40:41 PAGE 1   


C51 COMPILER V9.00, COMPILATION OF MODULE TOUCHKEYPAD
OBJECT MODULE PLACED IN ..\Hex\TouchKeyPad.obj
COMPILER INVOKED BY: C:\Program Files\App Software\Keil V4\C51\BIN\C51.EXE ..\..\..\GetUserInput\Key\TouchKeyPad.c BROWS
                    -E INCDIR(..\..\..\OSD;..\..\..\OSD\Logo;../../../Inc;../../../UserConfig;../../../ARKLib;../../../UserConfig/Prj config;
                    -..\..\..\LCD Pannels;..\..\..\LCD Pannels\LCD parameter;..\..\..\GetUserInput;..\..\..\GetUserInput\Ir;..\..\..\GetUserI
                    -nput\Key;..\..\..\GetUserInput\GPIO;..\..\..\Device driver\AMT;..\..\..\Device driver\ArkChip;..\..\..\Device driver\Mcu
                    -;..\..\..\Device driver\Flash;..\..\..\Device driver\I2C;..\..\..\Device driver\E2prom;..\..\..\Device driver\WT5700;..\
                    -..\..\Device driver\Kt0803l;..\..\..\Device driver\BT;..\..\..\Debug) DEBUG OBJECTEXTEND PRINT(..\List\TouchKeyPad.lst) 
                    -OBJECT(..\Hex\TouchKeyPad.obj)

line level    source

   1          /*******************************************************************************
   2          *Copyright (C) 2005 深圳艾科创新有限公司产品应用一部
   3          * All rights reserved.
   4          
   5          *File name: 　 AdcKeyPad.c        
   6          *Version:      1.0
   7          *update:       2011-12-08
   8          *Description:
   9                             此文件是对ADC 按键的采集与处理。
  10          
  11          *History:  Jordan.chen   2011/12/08    1.0    build  this  moudle
  12          ******************************************************************************/
  13          #define _I2C_KEY_PAD_C_
  14          
  15          #include "DataType.h"
  16          #include "systemConfig.h"
  17          #include "global.h"
  18          #include "MsgMap.h"
  19          #include "Debug.h"
  20          #include "WT5700.h"
  21          #include "TouchKeyPad.h"
  22          
  23          
  24          
  25          #ifdef KeyDetectEn 
  26          
  27          /***********************************************************
  28          *name:           GetI2CKeyValue(void)
  29          *input:      void
  30          *output:     返回当前采集到按键值。
  31          *update:     2012-01-06
  32          
  33          *description: 返回当前采集到按键值。
  34          *history:yshuizhou   2012/01/012   0.2    build  this  function 
  35          ************************************************************/
  36          KeyInfor POS_GetI2CKeyValue(void)
  37          {   
  38   1              UINT  XDATA CurrentKeyVal;
  39   1              UCHAR XDATA tmpKeyVal;
  40   1              KeyInfor XDATA tmpKey = {NULL_KEY,MSG_NULL,NULL_TIME,KEYRELEASE};
  41   1      
  42   1              tmpKeyVal = ReadWT5700(0X08)&0X0F;
  43   1              CurrentKeyVal = ((UINT)tmpKeyVal)<<8;
  44   1              CurrentKeyVal |=ReadWT5700(0X09);
  45   1               
  46   1              if(CurrentKeyVal == 0x0000)
  47   1          {
  48   2                      CurrentKey.KeyVal = NULL_KEY;
  49   2                      if(CurrentKey.KeyVal != PreKey.KeyVal)
C51 COMPILER V9.00   TOUCHKEYPAD                                                           04/13/2015 11:40:41 PAGE 2   

  50   2                      {
  51   3                         //printfStr("Release I2C Key");
  52   3                         tmpKey.KeyVal = PreKey.KeyVal;
  53   3                         tmpKey.Holdtime = CurrentKey.Holdtime;
  54   3                         tmpKey.Status = KEYPRESS;
  55   3                      }
  56   2                      CurrentKey.Holdtime = NULL_TIME;
  57   2                      PreKey.KeyVal = NULL_KEY;
  58   2                      
  59   2          }
  60   1              else
  61   1              {   
  62   2                  //printfStr("InputPress I2C Key");
  63   2                      CurrentKey.KeyVal = CurrentKeyVal;
  64   2                      PreKey.KeyVal = CurrentKeyVal;
  65   2      
  66   2                      if(CurrentKey.Holdtime <= 0XFF)
  67   2                      {
  68   3                         CurrentKey.Holdtime++;
  69   3                      }
  70   2      
  71   2                      tmpKey.KeyVal = CurrentKey.KeyVal;
  72   2                      tmpKey.Holdtime = CurrentKey.Holdtime;
  73   2                      tmpKey.Status = KEYHOLD;
  74   2              }
  75   1              return tmpKey;
  76   1      }
  77          
  78          
  79          #endif   //#ifdef KeyDetectEn 


MODULE INFORMATION:   STATIC OVERLAYABLE
   CODE SIZE        =    192    ----
   CONSTANT SIZE    =      5    ----
   XDATA SIZE       =   ----       8
   PDATA SIZE       =   ----    ----
   DATA SIZE        =   ----    ----
   IDATA SIZE       =   ----    ----
   BIT SIZE         =   ----    ----
END OF MODULE INFORMATION.


C51 COMPILATION COMPLETE.  0 WARNING(S),  0 ERROR(S)
