C51 COMPILER V9.00   VIDEOPROC                                                             04/13/2015 11:40:42 PAGE 1   


C51 COMPILER V9.00, COMPILATION OF MODULE VIDEOPROC
OBJECT MODULE PLACED IN ..\Hex\VideoProc.obj
COMPILER INVOKED BY: C:\Program Files\App Software\Keil V4\C51\BIN\C51.EXE ..\..\..\Modules\VideoProc.c BROWSE INCDIR(..
                    -\..\..\OSD;..\..\..\OSD\Logo;../../../Inc;../../../UserConfig;../../../ARKLib;../../../UserConfig/Prj config;..\..\..\LC
                    -D Pannels;..\..\..\LCD Pannels\LCD parameter;..\..\..\GetUserInput;..\..\..\GetUserInput\Ir;..\..\..\GetUserInput\Key;..
                    -\..\..\GetUserInput\GPIO;..\..\..\Device driver\AMT;..\..\..\Device driver\ArkChip;..\..\..\Device driver\Mcu;..\..\..\D
                    -evice driver\Flash;..\..\..\Device driver\I2C;..\..\..\Device driver\E2prom;..\..\..\Device driver\WT5700;..\..\..\Devic
                    -e driver\Kt0803l;..\..\..\Device driver\BT;..\..\..\Debug) DEBUG OBJECTEXTEND PRINT(..\List\VideoProc.lst) OBJECT(..\Hex
                    -\VideoProc.obj)

line level    source

   1          /*******************************************************************************
   2          *Copyright (C) 2005 深圳艾科创新有限公司产品应用一部
   3          * All rights reserved.
   4          
   5          *File name: 　 VideoProc.c        
   6          *Version:      1.0
   7          *update:       2011-12-16
   8          *Description:
   9                             视频处理文件
  10                            
  11          *History:  Jordan.chen   2011/12/16    1.0    build  this  moudle
  12          ******************************************************************************/
  13          #define _VIDEO_CHIP_C_
  14          
  15          #include "DataType.h"
  16          #include "systemConfig.h"
  17          #include "global.h"
  18          #include "configlcdpara.h"
  19          #include "Videoproc.h"
  20          #include "Debug.h"
  21          #include "interrupt.h"
  22          #include "Delay.h"
  23          #include "MsgMap.h"
  24          #include "Osd_Menu.h"
  25          #include "Osd_MenuPage.h"
  26          #include "AMT_Drv.h"
  27          #include "AMT_Reg.h"
  28          #include "AMT_MCU.h"
  29          
  30          
  31          
  32          /****************************************************************************
  33          *name:   ConfigVideoInputSource(InputSourceType curSource)
  34          *input:  curSource      
  35          *output: void
  36          
  37          *description:
  38                此函数选择视频通道并配置此通道的静态参数。
  39          
  40          *history: yshuizhou   2011/12/06    1.0    buil   this  function
  41          *****************************************************************************/
  42          void ConfigVideoInputSource(InputSourceType curSource)
  43          {
  44   1           ConfigStaticPara(curSource);
  45   1      }
  46          
  47          /****************************************************************************
  48          *name:  CheckColorSys(void)
  49          *input:   void      
C51 COMPILER V9.00   VIDEOPROC                                                             04/13/2015 11:40:42 PAGE 2   

  50          *output: void
  51          
  52          *description:
  53          
  54          *history: Jordan.chen   2011/12/06    1.0    buil   this  function
  55          *****************************************************************************/
  56          BOOL CheckColorSys(void)
  57          {
  58   1          UCHAR XDATA i;
  59   1              
  60   1              g_ucColorSys = 0XFF;
  61   1          g_ucStableTime = 0X00;
  62   1      
  63   1              for(i=0;i<40;i++)
  64   1              {   
  65   2                  DelayMs(5);
  66   2                      if(g_ucColorSys != 0XFF)
  67   2                      {  
  68   3                              return TRUE;
  69   3                              break;
  70   3                      }
  71   2                      
  72   2              }
  73   1              return FALSE;
  74   1      }
  75          
  76          
  77          UCHAR SelNextVideoSource(UCHAR curSource)
  78          {
  79   1          UCHAR XDATA ucSourceIndex;
  80   1              UCHAR CODE  ucSourceInputBuf[]= SourceOrderBuf;
  81   1      
  82   1              for(ucSourceIndex = 0; ucSourceIndex < MAX_VIDEO_CHANNEL;ucSourceIndex++)
  83   1              {
  84   2                  if(ucSourceInputBuf[ucSourceIndex] == curSource)
  85   2                  {
  86   3                      break;
  87   3                  }
  88   2              }
  89   1      
  90   1          return(ucSourceInputBuf[(++ucSourceIndex)%sizeof(ucSourceInputBuf)]);
  91   1      }
  92          
  93          /****************************************************************************
  94          *name:   SelVideoInputSource(InputSourceType curSource)
  95          *input:     
  96          *output: void
  97          
  98          *description:
  99                此函数对选择通道进行相应的视频处理和相应IO处理。
 100          
 101          *history: Jordan.chen   2011/12/07    1.0    buil   this  function
 102          *****************************************************************************/  
 103          void SelVideoInputSource(InputSourceType curSource)
 104          { 
 105   1          TurnOnDevicePower(curSource);
 106   1              
 107   1              //ConfigVideoInputSource(curSource);
 108   1      
 109   1              SelVideoDevice(curSource);
 110   1      
 111   1              g_bVideoChSelOk = TRUE;
C51 COMPILER V9.00   VIDEOPROC                                                             04/13/2015 11:40:42 PAGE 3   

 112   1                      
 113   1          ConfigDispZoomDynPara(g_sysSetting.Disp.zoomMode);  
 114   1              
 115   1          ConfigPannelSfrDisp();
 116   1      
 117   1              DelayMs(200);
 118   1              
 119   1              if(CheckColorSys())
 120   1              {   
 121   2                  g_ucPreColorSys = g_ucColorSys;
 122   2                      ConfigColorSysDynPara(g_ucColorSys); 
 123   2              }
 124   1      }
 125          
 126          
 127          /****************************************************************************
 128          *name:   InitARKChip(void)
 129          *input:  void      
 130          *output: void
 131          
 132          *description:
 133                初始化ARK CHIP 函数。
 134          
 135          *history: Jordan.chen   2011/12/07    1.0    buil   this  function
 136          *****************************************************************************/  
 137          void InitARKChip(void)
 138          {
 139   1              printfStr("**********InitARKChip*********\n");
 140   1              
 141   1              InitGlobalPara();
 142   1              
 143   1              InitOsdBlock();
 144   1                      
 145   1              InitOSD();
 146   1      
 147   1              #ifdef IrDetectEn
 148   1              InitRemote();
 149   1              #endif
 150   1              
 151   1              InitAdc();
 152   1      
 153   1              #ifdef CarBackEn
 154   1              #ifdef CarReversingSignalDetectEn 
 155   1              InitCarReversing();
 156   1              #endif
 157   1              #endif
 158   1      }
 159          
 160          
 161          


MODULE INFORMATION:   STATIC OVERLAYABLE
   CODE SIZE        =    159    ----
   CONSTANT SIZE    =      2    ----
   XDATA SIZE       =   ----       2
   PDATA SIZE       =   ----    ----
   DATA SIZE        =   ----       1
   IDATA SIZE       =   ----    ----
   BIT SIZE         =   ----    ----
END OF MODULE INFORMATION.


C51 COMPILATION COMPLETE.  0 WARNING(S),  0 ERROR(S)
